step 0: lam=0.5964240430 p=1.9858500215 min_den=1.460e-01 eta_min=-1.426 dlam/ds=-0.1781 ds=2.00e-02 t=0s
step 10: lam=0.4955214179 p=1.9552478761 min_den=5.572e-02 eta_min=-1.161 dlam/ds=-0.2559 ds=2.45e-02 t=3s
step 20: lam=0.4709237325 p=1.9981479674 min_den=3.558e-02 eta_min=-1.097 dlam/ds=-0.1604 ds=1.15e-02 t=6s
*** CROSSING 1: lam=0.4703583035741 ok=True min_den=0.03275 (between λ=0.470924 p=1.998148 and λ=0.470481 p=2.001415)
step 30: lam=0.4698572106 p=2.0050815377 min_den=3.188e-02 eta_min=-1.097 dlam/ds=-0.3564 ds=1.86e-03 t=37s
step 40: lam=0.5172513667 p=2.0366445369 min_den=1.373e-02 eta_min=-1.088 dlam/ds=+0.2768 ds=5.38e-02 t=39s
*** CROSSING 2: lam=0.5660598030254 ok=True min_den=0.01111 (between λ=0.555115 p=2.012945 and λ=0.572250 p=1.991672)
step 50: lam=0.6842729391 p=1.7702686421 min_den=7.891e-03 eta_min=-1.088 dlam/ds=+0.1793 ds=1.00e-01 t=66s
step 60: lam=0.8725360509 p=1.3972687517 min_den=3.888e-03 eta_min=-1.088 dlam/ds=+0.0846 ds=1.00e-01 t=67s
step 70: lam=0.9176894498 p=1.3674450888 min_den=2.508e-03 eta_min=-1.088 dlam/ds=+0.0248 ds=1.00e-01 t=68s
step 80: lam=0.9350789660 p=1.3975611535 min_den=1.862e-03 eta_min=-1.088 dlam/ds=+0.0119 ds=1.00e-01 t=69s
step 90: lam=0.9429003734 p=1.4432750787 min_den=1.486e-03 eta_min=-1.088 dlam/ds=+0.0040 ds=1.00e-01 t=70s
step 100: lam=0.9433193272 p=1.4947054503 min_den=1.235e-03 eta_min=-1.088 dlam/ds=-0.0030 ds=1.00e-01 t=70s
step 110: lam=0.9372769331 p=1.5478186105 min_den=1.051e-03 eta_min=-1.088 dlam/ds=-0.0088 ds=1.00e-01 t=71s
step 120: lam=0.9261567033 p=1.5999497545 min_den=9.089e-04 eta_min=-1.088 dlam/ds=-0.0131 ds=1.00e-01 t=71s
step 130: lam=0.9115219698 p=1.6492634243 min_den=7.943e-04 eta_min=-1.088 dlam/ds=-0.0159 ds=1.00e-01 t=72s
step 140: lam=0.8946830026 p=1.6946976858 min_den=7.001e-04 eta_min=-1.088 dlam/ds=-0.0176 ds=1.00e-01 t=73s
step 150: lam=0.8765346900 p=1.7357541963 min_den=6.213e-04 eta_min=-1.088 dlam/ds=-0.0186 ds=1.00e-01 t=74s
step 160: lam=0.8575987708 p=1.7722380471 min_den=5.547e-04 eta_min=-1.088 dlam/ds=-0.0192 ds=1.00e-01 t=74s
step 170: lam=0.8381221588 p=1.8040561421 min_den=4.977e-04 eta_min=-1.088 dlam/ds=-0.0197 ds=1.00e-01 t=75s
step 180: lam=0.8181560928 p=1.8310819551 min_den=4.484e-04 eta_min=-1.088 dlam/ds=-0.0202 ds=1.00e-01 t=76s
step 190: lam=0.7975955089 p=1.8530513357 min_den=4.053e-04 eta_min=-1.088 dlam/ds=-0.0209 ds=1.00e-01 t=77s
step 200: lam=0.7761710331 p=1.8694396262 min_den=3.672e-04 eta_min=-1.088 dlam/ds=-0.0220 ds=1.00e-01 t=79s
step 210: lam=0.7533659560 p=1.8792333359 min_den=3.329e-04 eta_min=-1.088 dlam/ds=-0.0238 ds=1.00e-01 t=80s
step 220: lam=0.7281385465 p=1.8803394768 min_den=3.013e-04 eta_min=-1.088 dlam/ds=-0.0271 ds=1.00e-01 t=82s
step 230: lam=0.6977902660 p=1.8673407362 min_den=2.707e-04 eta_min=-1.088 dlam/ds=-0.0351 ds=1.00e-01 t=83s
step 240: lam=0.6410794347 p=1.7994396830 min_den=2.321e-04 eta_min=-1.088 dlam/ds=-0.1798 ds=1.00e-01 t=86s
step 250: lam=0.6065848521 p=1.7317147689 min_den=2.195e-04 eta_min=-1.088 dlam/ds=-0.0582 ds=1.22e-02 t=160s
step 260: lam=0.5944069604 p=1.7038127224 min_den=2.172e-04 eta_min=-1.088 dlam/ds=-0.0390 ds=1.68e-02 t=162s
step 270: lam=0.5756489558 p=1.6577753297 min_den=2.161e-04 eta_min=-1.088 dlam/ds=-0.0249 ds=1.00e-01 t=164s
step 280: lam=0.5597707832 p=1.6169374993 min_den=2.180e-04 eta_min=-1.088 dlam/ds=-0.0187 ds=2.45e-02 t=167s
step 290: lam=0.5470294562 p=1.5838462662 min_den=2.219e-04 eta_min=-1.088 dlam/ds=-0.0153 ds=1.00e-01 t=168s
step 300: lam=0.5352557489 p=1.5538285015 min_den=2.279e-04 eta_min=-1.088 dlam/ds=-0.0131 ds=1.00e-01 t=170s
step 310: lam=0.5231102807 p=1.5243791457 min_den=2.372e-04 eta_min=-1.088 dlam/ds=-0.0113 ds=1.00e-01 t=172s
step 320: lam=0.5123928621 p=1.5006226460 min_den=2.490e-04 eta_min=-1.088 dlam/ds=-0.0102 ds=1.00e-01 t=174s
step 330: lam=0.5026332557 p=1.4816959940 min_den=2.634e-04 eta_min=-1.088 dlam/ds=-0.0094 ds=1.00e-01 t=176s
step 340: lam=0.4934410158 p=1.4670839124 min_den=2.811e-04 eta_min=-1.088 dlam/ds=-0.0091 ds=1.00e-01 t=177s
step 350: lam=0.4842991394 p=1.4565506081 min_den=3.028e-04 eta_min=-1.088 dlam/ds=-0.0094 ds=1.00e-01 t=178s
step 360: lam=0.4748024864 p=1.4508910314 min_den=3.299e-04 eta_min=-1.088 dlam/ds=-0.0087 ds=1.00e-01 t=180s
step 370: lam=0.4791790093 p=1.4678394065 min_den=3.778e-04 eta_min=-1.088 dlam/ds=+0.0150 ds=1.00e-01 t=181s
step 380: lam=0.4868792000 p=1.4690209336 min_den=4.394e-04 eta_min=-1.088 dlam/ds=+0.0037 ds=1.00e-01 t=183s
step 390: lam=0.4886439257 p=1.4573803722 min_den=5.123e-04 eta_min=-1.088 dlam/ds=+0.0002 ds=1.00e-01 t=183s
step 400: lam=0.4877708696 p=1.4406716751 min_den=6.086e-04 eta_min=-1.088 dlam/ds=-0.0019 ds=1.00e-01 t=184s
step 410: lam=0.4849967724 p=1.4213376998 min_den=7.465e-04 eta_min=-1.088 dlam/ds=-0.0036 ds=1.00e-01 t=185s
step 420: lam=0.4804292788 p=1.4025045604 min_den=9.651e-04 eta_min=-1.088 dlam/ds=-0.0056 ds=1.00e-01 t=186s
step 430: lam=0.4732919037 p=1.3949169589 min_den=1.373e-03 eta_min=-1.088 dlam/ds=-0.0094 ds=1.00e-01 t=187s
step 440: lam=0.4558611789 p=1.4496137819 min_den=2.438e-03 eta_min=-1.088 dlam/ds=-0.0354 ds=1.00e-01 t=188s
step 450: lam=0.3789077672 p=1.7514881702 min_den=5.430e-03 eta_min=0.002 dlam/ds=-0.2451 ds=6.12e-03 t=192s
step 460: lam=0.3851847087 p=1.7031481178 min_den=5.575e-03 eta_min=0.002 dlam/ds=+0.0959 ds=3.16e-02 t=222s
step 470: lam=0.4489703495 p=1.4073175244 min_den=2.397e-03 eta_min=-1.088 dlam/ds=+0.0310 ds=1.00e-01 t=224s
step 480: lam=0.4644367680 p=1.3584361394 min_den=1.359e-03 eta_min=-1.088 dlam/ds=+0.0068 ds=1.00e-01 t=225s
step 490: lam=0.4679446623 p=1.3505267225 min_den=9.540e-04 eta_min=-1.088 dlam/ds=+0.0014 ds=1.00e-01 t=226s
step 500: lam=0.4684465423 p=1.3477288161 min_den=7.357e-04 eta_min=-1.088 dlam/ds=-0.0001 ds=1.00e-01 t=226s
step 510: lam=0.4680573361 p=1.3452230476 min_den=5.986e-04 eta_min=-1.088 dlam/ds=-0.0006 ds=1.00e-01 t=227s
step 520: lam=0.4673913106 p=1.3425422109 min_den=5.044e-04 eta_min=-1.088 dlam/ds=-0.0007 ds=1.00e-01 t=228s
step 530: lam=0.4666522294 p=1.3398151785 min_den=4.356e-04 eta_min=-1.088 dlam/ds=-0.0007 ds=1.00e-01 t=229s
step 540: lam=0.4659084826 p=1.3371442897 min_den=3.832e-04 eta_min=-1.088 dlam/ds=-0.0007 ds=1.00e-01 t=229s
step 550: lam=0.4651799628 p=1.3345633871 min_den=3.419e-04 eta_min=-1.088 dlam/ds=-0.0007 ds=1.00e-01 t=230s
step 560: lam=0.4644692694 p=1.3320702299 min_den=3.086e-04 eta_min=-1.088 dlam/ds=-0.0007 ds=1.00e-01 t=231s
step 570: lam=0.4637733876 p=1.3296497155 min_den=2.812e-04 eta_min=-1.088 dlam/ds=-0.0007 ds=1.00e-01 t=232s
step 580: lam=0.4630879898 p=1.3272845089 min_den=2.581e-04 eta_min=-1.088 dlam/ds=-0.0007 ds=1.00e-01 t=232s
step 590: lam=0.4624088931 p=1.3249588400 min_den=2.385e-04 eta_min=-1.088 dlam/ds=-0.0007 ds=1.00e-01 t=234s
step 600: lam=0.4617324436 p=1.3226593665 min_den=2.216e-04 eta_min=-1.088 dlam/ds=-0.0007 ds=1.00e-01 t=235s
step 610: lam=0.4611063672 p=1.3205459922 min_den=2.080e-04 eta_min=-1.088 dlam/ds=-0.0007 ds=2.50e-02 t=237s
step 620: lam=0.4610779696 p=1.3204504672 min_den=2.074e-04 eta_min=-1.088 dlam/ds=-0.0007 ds=2.06e-03 t=241s
step 630: lam=0.4610662456 p=1.3204110376 min_den=2.071e-04 eta_min=-1.088 dlam/ds=-0.0007 ds=2.71e-03 t=244s
step 640: lam=0.4609377671 p=1.3199792670 min_den=2.046e-04 eta_min=-1.088 dlam/ds=-0.0007 ds=5.61e-02 t=245s
step 650: lam=0.4604623922 p=1.3183867571 min_den=1.956e-04 eta_min=-1.088 dlam/ds=-0.0007 ds=1.71e-02 t=248s
step 660: lam=0.4604008578 p=1.3181811937 min_den=1.945e-04 eta_min=-1.088 dlam/ds=-0.0007 ds=7.91e-03 t=252s
step 670: lam=0.4603509708 p=1.3180146361 min_den=1.936e-04 eta_min=-1.088 dlam/ds=-0.0007 ds=1.04e-02 t=254s
step 680: lam=0.4602061110 p=1.3175314812 min_den=1.911e-04 eta_min=-1.088 dlam/ds=-0.0007 ds=6.87e-03 t=257s
step 690: lam=0.4601609715 p=1.3173810739 min_den=1.903e-04 eta_min=-1.088 dlam/ds=-0.0007 ds=6.33e-03 t=260s
step 700: lam=0.4599161992 p=1.3165666959 min_den=1.862e-04 eta_min=-1.088 dlam/ds=-0.0007 ds=6.54e-02 t=262s
step 710: lam=0.4597852485 p=1.3161318509 min_den=1.841e-04 eta_min=-1.088 dlam/ds=-0.0007 ds=8.40e-03 t=266s
step 720: lam=0.4597151155 p=1.3158992010 min_den=1.830e-04 eta_min=-1.088 dlam/ds=-0.0007 ds=7.75e-03 t=269s
step 730: lam=0.4596462501 p=1.3156709175 min_den=1.819e-04 eta_min=-1.088 dlam/ds=-0.0007 ds=1.43e-02 t=272s
