start True 1.9912253450442496
step 0: lam=0.5964240430 p=1.9858500215 min_den=0.146013 eta_min=-1.426 dlam/ds=-0.1781 ds=2.00e-02
step 1: lam=0.5914569990 p=1.9785442814 min_den=0.141784 eta_min=-1.408 dlam/ds=-0.1767 ds=2.80e-02
step 2: lam=0.5845489709 p=1.9687774816 min_den=0.135830 eta_min=-1.390 dlam/ds=-0.1759 ds=3.92e-02
step 3: lam=0.5748742695 p=1.9561173449 min_den=0.127382 eta_min=-1.371 dlam/ds=-0.1771 ds=5.49e-02
step 4: lam=0.5610020001 p=1.9408353461 min_den=0.115207 eta_min=-1.335 dlam/ds=-0.1852 ds=7.68e-02
step 5: lam=0.5410457820 p=1.9274429736 min_den=0.097362 eta_min=-1.280 dlam/ds=-0.2187 ds=1.00e-01
   corrector failed, ds -> 5.00e-02
step 6: lam=0.5291006179 p=1.9259571301 min_den=0.086671 eta_min=-1.243 dlam/ds=-0.2608 ds=5.00e-02
   corrector failed, ds -> 3.50e-02
step 7: lam=0.5190041394 p=1.9293534922 min_den=0.077521 eta_min=-1.216 dlam/ds=-0.3100 ds=3.50e-02
   corrector failed, ds -> 2.45e-02
step 8: lam=0.5108405818 p=1.9354988777 min_den=0.069626 eta_min=-1.198 dlam/ds=-0.3348 ds=2.45e-02
step 9: lam=0.5025606990 p=1.9448946829 min_den=0.062258 eta_min=-1.179 dlam/ds=-0.3075 ds=2.45e-02
step 10: lam=0.4955214179 p=1.9552478761 min_den=0.055718 eta_min=-1.161 dlam/ds=-0.2559 ds=2.45e-02
   corrector failed, ds -> 1.22e-02
step 11: lam=0.4925183418 p=1.9602490062 min_den=0.052433 eta_min=-1.152 dlam/ds=-0.2344 ds=1.22e-02
step 12: lam=0.4887140932 p=1.9669961436 min_den=0.048984 eta_min=-1.143 dlam/ds=-0.2112 ds=1.71e-02
step 13: lam=0.4852878180 p=1.9734012540 min_den=0.045510 eta_min=-1.133 dlam/ds=-0.1951 ds=1.71e-02
step 14: lam=0.4821567933 p=1.9794471447 min_den=0.042166 eta_min=-1.124 dlam/ds=-0.1701 ds=1.71e-02
   corrector failed, ds -> 8.57e-03
step 15: lam=0.4805465593 p=1.9823441816 min_den=0.042887 eta_min=-1.124 dlam/ds=-0.1966 ds=8.57e-03
step 16: lam=0.4786193117 p=1.9862141499 min_den=0.038896 eta_min=-1.115 dlam/ds=-0.1258 ds=1.20e-02
   corrector failed, ds -> 8.40e-03
step 17: lam=0.4772241393 p=1.9890538903 min_den=0.038841 eta_min=-1.115 dlam/ds=-0.2323 ds=8.40e-03
step 18: lam=0.4749733792 p=1.9922554411 min_den=0.036796 eta_min=-1.106 dlam/ds=-0.1023 ds=1.18e-02
   corrector failed, ds -> 8.24e-03
step 19: lam=0.4744614713 p=1.9949497844 min_den=0.034454 eta_min=-1.106 dlam/ds=-0.0473 ds=8.24e-03
step 20: lam=0.4709237325 p=1.9981479674 min_den=0.035581 eta_min=-1.097 dlam/ds=-0.1604 ds=1.15e-02
step 21: lam=0.4704814412 p=2.0014152248 min_den=0.031392 eta_min=-1.097 dlam/ds=+0.0556 ds=1.15e-02
   corrector failed, ds -> 8.07e-03
step 22: lam=0.4712695705 p=2.0040808273 min_den=0.029600 eta_min=-1.097 dlam/ds=+0.1317 ds=8.07e-03
   corrector failed, ds -> 5.65e-03
   corrector failed, ds -> 2.82e-03
step 23: lam=0.4716543450 p=2.0051348569 min_den=0.029150 eta_min=-1.097 dlam/ds=+0.1305 ds=2.82e-03
   corrector failed, ds -> 1.98e-03
   corrector failed, ds -> 9.89e-04
step 24: lam=0.4717599774 p=2.0055706700 min_den=0.029090 eta_min=-1.097 dlam/ds=+0.0473 ds=9.89e-04
   corrector failed, ds -> 6.92e-04
   corrector failed, ds -> 3.46e-04
step 25: lam=0.4717338562 p=2.0057684549 min_den=0.029181 eta_min=-1.097 dlam/ds=-0.2606 ds=3.46e-04
step 26: lam=0.4714955249 p=2.0058334223 min_den=0.029552 eta_min=-1.097 dlam/ds=-0.3407 ds=4.84e-04
step 27: lam=0.4712671950 p=2.0057669716 min_den=0.029873 eta_min=-1.097 dlam/ds=-0.3327 ds=6.78e-04
step 28: lam=0.4709516368 p=2.0056314399 min_den=0.030310 eta_min=-1.097 dlam/ds=-0.3327 ds=9.50e-04
step 29: lam=0.4705049784 p=2.0054108430 min_den=0.030935 eta_min=-1.097 dlam/ds=-0.3399 ds=1.33e-03
step 30: lam=0.4698572106 p=2.0050815377 min_den=0.031876 eta_min=-1.097 dlam/ds=-0.3564 ds=1.86e-03
step 31: lam=0.4688849925 p=2.0046274709 min_den=0.033404 eta_min=-1.097 dlam/ds=-0.3864 ds=2.61e-03
step 32: lam=0.4673607013 p=2.0041549009 min_den=0.035942 eta_min=-1.088 dlam/ds=-0.3904 ds=3.65e-03
step 33: lam=0.4657210400 p=2.0046275903 min_den=0.032535 eta_min=-1.088 dlam/ds=-0.1191 ds=5.11e-03
step 34: lam=0.4655025257 p=2.0061894983 min_den=0.030047 eta_min=-1.088 dlam/ds=+0.0370 ds=7.15e-03
step 35: lam=0.4664443528 p=2.0087799285 min_den=0.027595 eta_min=-1.088 dlam/ds=+0.1383 ds=1.00e-02
step 36: lam=0.4689982013 p=2.0125563229 min_den=0.024870 eta_min=-1.088 dlam/ds=+0.2145 ds=1.40e-02
step 37: lam=0.4738182523 p=2.0176996411 min_den=0.021799 eta_min=-1.088 dlam/ds=+0.2708 ds=1.96e-02
step 38: lam=0.4824617220 p=2.0251531754 min_den=0.018609 eta_min=-1.088 dlam/ds=+0.3494 ds=2.75e-02
step 39: lam=0.4987695617 p=2.0345202765 min_den=0.015579 eta_min=-1.088 dlam/ds=+0.3757 ds=3.85e-02
step 40: lam=0.5172513667 p=2.0366445369 min_den=0.013725 eta_min=-1.088 dlam/ds=+0.2768 ds=5.38e-02
step 41: lam=0.5355962152 p=2.0295999716 min_den=0.012513 eta_min=-1.088 dlam/ds=+0.2140 ds=7.54e-02
step 42: lam=0.5551149170 p=2.0129454512 min_den=0.011556 eta_min=-1.088 dlam/ds=+0.1799 ds=1.00e-01
step 43: lam=0.5722497456 p=1.9916716337 min_den=0.010877 eta_min=-1.088 dlam/ds=+0.1643 ds=1.00e-01
step 44: lam=0.5882583162 p=1.9671880924 min_den=0.010331 eta_min=-1.088 dlam/ds=+0.1567 ds=1.00e-01
step 45: lam=0.6037456346 p=1.9401046712 min_den=0.009859 eta_min=-1.088 dlam/ds=+0.1536 ds=1.00e-01
step 46: lam=0.6190862159 p=1.9107052415 min_den=0.009433 eta_min=-1.088 dlam/ds=+0.1536 ds=1.00e-01
step 47: lam=0.6345597739 p=1.8790958171 min_den=0.009034 eta_min=-1.088 dlam/ds=+0.1562 ds=1.00e-01
step 48: lam=0.6504117321 p=1.8452579780 min_den=0.008650 eta_min=-1.088 dlam/ds=+0.1612 ds=1.00e-01
step 49: lam=0.6668895884 p=1.8090636511 min_den=0.008272 eta_min=-1.088 dlam/ds=+0.1687 ds=1.00e-01
step 50: lam=0.6842729391 p=1.7702686421 min_den=0.007891 eta_min=-1.088 dlam/ds=+0.1793 ds=1.00e-01
step 51: lam=0.7029048150 p=1.7284941840 min_den=0.007497 eta_min=-1.088 dlam/ds=+0.1936 ds=1.00e-01
step 52: lam=0.7232215517 p=1.6832221280 min_den=0.007080 eta_min=-1.088 dlam/ds=+0.2126 ds=1.00e-01
step 53: lam=0.7457322527 p=1.6339314734 min_den=0.006627 eta_min=-1.088 dlam/ds=+0.2356 ds=1.00e-01
step 54: lam=0.7706744087 p=1.5809532649 min_den=0.006128 eta_min=-1.088 dlam/ds=+0.2544 ds=1.00e-01
step 55: lam=0.7965797366 p=1.5283449710 min_den=0.005603 eta_min=-1.088 dlam/ds=+0.2442 ds=1.00e-01
step 56: lam=0.8195193307 p=1.4843651487 min_den=0.005124 eta_min=-1.088 dlam/ds=+0.2020 ds=1.00e-01
step 57: lam=0.8376619241 p=1.4517835567 min_den=0.004727 eta_min=-1.088 dlam/ds=+0.1588 ds=1.00e-01
step 58: lam=0.8518668462 p=1.4280201629 min_den=0.004401 eta_min=-1.088 dlam/ds=+0.1260 ds=1.00e-01
step 59: lam=0.8632312923 p=1.4104390028 min_den=0.004126 eta_min=-1.088 dlam/ds=+0.1022 ds=1.00e-01
step 60: lam=0.8725360509 p=1.3972687517 min_den=0.003888 eta_min=-1.088 dlam/ds=+0.0846 ds=1.00e-01
step 61: lam=0.8803052531 p=1.3873575787 min_den=0.003680 eta_min=-1.088 dlam/ds=+0.0713 ds=1.00e-01
step 62: lam=0.8868982998 p=1.3799331970 min_den=0.003496 eta_min=-1.088 dlam/ds=+0.0610 ds=1.00e-01
step 63: lam=0.8925701159 p=1.3744572135 min_den=0.003330 eta_min=-1.088 dlam/ds=+0.0528 ds=1.00e-01
step 64: lam=0.8975073092 p=1.3705407395 min_den=0.003180 eta_min=-1.088 dlam/ds=+0.0462 ds=1.00e-01
step 65: lam=0.9018500684 p=1.3678943447 min_den=0.003043 eta_min=-1.088 dlam/ds=+0.0408 ds=1.00e-01
step 66: lam=0.9057058629 p=1.3662972103 min_den=0.002918 eta_min=-1.088 dlam/ds=+0.0364 ds=1.00e-01
step 67: lam=0.9091583461 p=1.3655773463 min_den=0.002803 eta_min=-1.088 dlam/ds=+0.0327 ds=1.00e-01
step 68: lam=0.9122733663 p=1.3655984363 min_den=0.002697 eta_min=-1.088 dlam/ds=+0.0296 ds=1.00e-01
step 69: lam=0.9151031717 p=1.3662508109 min_den=0.002599 eta_min=-1.088 dlam/ds=+0.0270 ds=1.00e-01
step 70: lam=0.9176894498 p=1.3674450888 min_den=0.002508 eta_min=-1.088 dlam/ds=+0.0248 ds=1.00e-01
step 71: lam=0.9200655851 p=1.3691075969 min_den=0.002423 eta_min=-1.088 dlam/ds=+0.0228 ds=1.00e-01
step 72: lam=0.9222583769 p=1.3711770096 min_den=0.002344 eta_min=-1.088 dlam/ds=+0.0211 ds=1.00e-01
step 73: lam=0.9242893694 p=1.3736018415 min_den=0.002270 eta_min=-1.088 dlam/ds=+0.0196 ds=1.00e-01
step 74: lam=0.9261758962 p=1.3763385490 min_den=0.002201 eta_min=-1.088 dlam/ds=+0.0182 ds=1.00e-01
step 75: lam=0.9279319084 p=1.3793500704 min_den=0.002136 eta_min=-1.088 dlam/ds=+0.0169 ds=1.00e-01
step 76: lam=0.9295686355 p=1.3826046891 min_den=0.002075 eta_min=-1.088 dlam/ds=+0.0158 ds=1.00e-01
step 77: lam=0.9310951154 p=1.3860751335 min_den=0.002017 eta_min=-1.088 dlam/ds=+0.0147 ds=1.00e-01
step 78: lam=0.9325186206 p=1.3897378561 min_den=0.001963 eta_min=-1.088 dlam/ds=+0.0137 ds=1.00e-01
step 79: lam=0.9338450019 p=1.3935724473 min_den=0.001911 eta_min=-1.088 dlam/ds=+0.0128 ds=1.00e-01
step 80: lam=0.9350789660 p=1.3975611535 min_den=0.001862 eta_min=-1.088 dlam/ds=+0.0119 ds=1.00e-01
step 81: lam=0.9362243001 p=1.4016884772 min_den=0.001816 eta_min=-1.088 dlam/ds=+0.0110 ds=1.00e-01
step 82: lam=0.9372840548 p=1.4059408404 min_den=0.001772 eta_min=-1.088 dlam/ds=+0.0102 ds=1.00e-01
step 83: lam=0.9382606924 p=1.4103063016 min_den=0.001731 eta_min=-1.088 dlam/ds=+0.0094 ds=1.00e-01
step 84: lam=0.9391562083 p=1.4147743145 min_den=0.001691 eta_min=-1.088 dlam/ds=+0.0086 ds=1.00e-01
step 85: lam=0.9399722302 p=1.4193355221 min_den=0.001653 eta_min=-1.088 dlam/ds=+0.0078 ds=1.00e-01
step 86: lam=0.9407101003 p=1.4239815812 min_den=0.001616 eta_min=-1.088 dlam/ds=+0.0070 ds=1.00e-01
step 87: lam=0.9413709425 p=1.4287050113 min_den=0.001582 eta_min=-1.088 dlam/ds=+0.0062 ds=1.00e-01
step 88: lam=0.9419557182 p=1.4334990656 min_den=0.001548 eta_min=-1.088 dlam/ds=+0.0055 ds=1.00e-01
step 89: lam=0.9424652726 p=1.4383576201 min_den=0.001517 eta_min=-1.088 dlam/ds=+0.0047 ds=1.00e-01
step 90: lam=0.9429003734 p=1.4432750787 min_den=0.001486 eta_min=-1.088 dlam/ds=+0.0040 ds=1.00e-01
step 91: lam=0.9432617421 p=1.4482462928 min_den=0.001457 eta_min=-1.088 dlam/ds=+0.0032 ds=1.00e-01
step 92: lam=0.9435500806 p=1.4532664921 min_den=0.001428 eta_min=-1.088 dlam/ds=+0.0025 ds=1.00e-01
step 93: lam=0.9437660932 p=1.4583312266 min_den=0.001401 eta_min=-1.088 dlam/ds=+0.0018 ds=1.00e-01
step 94: lam=0.9439105037 p=1.4634363171 min_den=0.001375 eta_min=-1.088 dlam/ds=+0.0011 ds=1.00e-01
step 95: lam=0.9439840698 p=1.4685778145 min_den=0.001349 eta_min=-1.088 dlam/ds=+0.0004 ds=1.00e-01
step 96: lam=0.9439875944 p=1.4737519654 min_den=0.001325 eta_min=-1.088 dlam/ds=-0.0003 ds=1.00e-01
step 97: lam=0.9439219339 p=1.4789551840 min_den=0.001301 eta_min=-1.088 dlam/ds=-0.0010 ds=1.00e-01
step 98: lam=0.9437880046 p=1.4841840290 min_den=0.001278 eta_min=-1.088 dlam/ds=-0.0017 ds=1.00e-01
step 99: lam=0.9435867868 p=1.4894351855 min_den=0.001256 eta_min=-1.088 dlam/ds=-0.0023 ds=1.00e-01
step 100: lam=0.9433193272 p=1.4947054503 min_den=0.001235 eta_min=-1.088 dlam/ds=-0.0030 ds=1.00e-01
step 101: lam=0.9429867392 p=1.4999917205 min_den=0.001214 eta_min=-1.088 dlam/ds=-0.0036 ds=1.00e-01
step 102: lam=0.9425902029 p=1.5052909854 min_den=0.001194 eta_min=-1.088 dlam/ds=-0.0043 ds=1.00e-01
step 103: lam=0.9421309627 p=1.5106003199 min_den=0.001174 eta_min=-1.088 dlam/ds=-0.0049 ds=1.00e-01
step 104: lam=0.9416103246 p=1.5159168807 min_den=0.001155 eta_min=-1.088 dlam/ds=-0.0055 ds=1.00e-01
step 105: lam=0.9410296523 p=1.5212379034 min_den=0.001137 eta_min=-1.088 dlam/ds=-0.0061 ds=1.00e-01
step 106: lam=0.9403903629 p=1.5265607010 min_den=0.001119 eta_min=-1.088 dlam/ds=-0.0067 ds=1.00e-01
step 107: lam=0.9396939211 p=1.5318826639 min_den=0.001101 eta_min=-1.088 dlam/ds=-0.0072 ds=1.00e-01
step 108: lam=0.9389418345 p=1.5372012596 min_den=0.001084 eta_min=-1.088 dlam/ds=-0.0078 ds=1.00e-01
step 109: lam=0.9381356471 p=1.5425140335 min_den=0.001068 eta_min=-1.088 dlam/ds=-0.0083 ds=1.00e-01
step 110: lam=0.9372769331 p=1.5478186105 min_den=0.001051 eta_min=-1.088 dlam/ds=-0.0088 ds=1.00e-01
step 111: lam=0.9363672912 p=1.5531126956 min_den=0.001036 eta_min=-1.088 dlam/ds=-0.0093 ds=1.00e-01
step 112: lam=0.9354083378 p=1.5583940754 min_den=0.001020 eta_min=-1.088 dlam/ds=-0.0098 ds=1.00e-01
step 113: lam=0.9344017013 p=1.5636606191 min_den=0.001005 eta_min=-1.088 dlam/ds=-0.0103 ds=1.00e-01
step 114: lam=0.9333490156 p=1.5689102797 min_den=0.000990 eta_min=-1.088 dlam/ds=-0.0108 ds=1.00e-01
step 115: lam=0.9322519149 p=1.5741410949 min_den=0.000976 eta_min=-1.088 dlam/ds=-0.0112 ds=1.00e-01
step 116: lam=0.9311120274 p=1.5793511871 min_den=0.000962 eta_min=-1.088 dlam/ds=-0.0116 ds=1.00e-01
step 117: lam=0.9299309709 p=1.5845387641 min_den=0.000948 eta_min=-1.088 dlam/ds=-0.0120 ds=1.00e-01
step 118: lam=0.9287103475 p=1.5897021187 min_den=0.000935 eta_min=-1.088 dlam/ds=-0.0124 ds=1.00e-01
step 119: lam=0.9274517391 p=1.5948396283 min_den=0.000922 eta_min=-1.088 dlam/ds=-0.0128 ds=1.00e-01
step 120: lam=0.9261567033 p=1.5999497545 min_den=0.000909 eta_min=-1.088 dlam/ds=-0.0131 ds=1.00e-01
step 121: lam=0.9248267699 p=1.6050310413 min_den=0.000896 eta_min=-1.088 dlam/ds=-0.0135 ds=1.00e-01
step 122: lam=0.9234634374 p=1.6100821144 min_den=0.000884 eta_min=-1.088 dlam/ds=-0.0138 ds=1.00e-01
step 123: lam=0.9220681703 p=1.6151016790 min_den=0.000872 eta_min=-1.088 dlam/ds=-0.0141 ds=1.00e-01
step 124: lam=0.9206423961 p=1.6200885185 min_den=0.000860 eta_min=-1.088 dlam/ds=-0.0144 ds=1.00e-01
step 125: lam=0.9191875039 p=1.6250414919 min_den=0.000849 eta_min=-1.088 dlam/ds=-0.0147 ds=1.00e-01
step 126: lam=0.9177048420 p=1.6299595314 min_den=0.000837 eta_min=-1.088 dlam/ds=-0.0150 ds=1.00e-01
step 127: lam=0.9161957165 p=1.6348416403 min_den=0.000826 eta_min=-1.088 dlam/ds=-0.0152 ds=1.00e-01
step 128: lam=0.9146613907 p=1.6396868903 min_den=0.000815 eta_min=-1.088 dlam/ds=-0.0155 ds=1.00e-01
step 129: lam=0.9131030836 p=1.6444944184 min_den=0.000805 eta_min=-1.088 dlam/ds=-0.0157 ds=1.00e-01
step 130: lam=0.9115219698 p=1.6492634243 min_den=0.000794 eta_min=-1.088 dlam/ds=-0.0159 ds=1.00e-01
step 131: lam=0.9099191790 p=1.6539931675 min_den=0.000784 eta_min=-1.088 dlam/ds=-0.0161 ds=1.00e-01
step 132: lam=0.9082957960 p=1.6586829646 min_den=0.000774 eta_min=-1.088 dlam/ds=-0.0163 ds=1.00e-01
step 133: lam=0.9066528608 p=1.6633321857 min_den=0.000764 eta_min=-1.088 dlam/ds=-0.0165 ds=1.00e-01
step 134: lam=0.9049913687 p=1.6679402522 min_den=0.000754 eta_min=-1.088 dlam/ds=-0.0167 ds=1.00e-01
step 135: lam=0.9033122712 p=1.6725066334 min_den=0.000745 eta_min=-1.088 dlam/ds=-0.0169 ds=1.00e-01
step 136: lam=0.9016164763 p=1.6770308436 min_den=0.000736 eta_min=-1.088 dlam/ds=-0.0170 ds=1.00e-01
step 137: lam=0.8999048491 p=1.6815124397 min_den=0.000727 eta_min=-1.088 dlam/ds=-0.0172 ds=1.00e-01
step 138: lam=0.8981782128 p=1.6859510177 min_den=0.000718 eta_min=-1.088 dlam/ds=-0.0173 ds=1.00e-01
step 139: lam=0.8964373499 p=1.6903462107 min_den=0.000709 eta_min=-1.088 dlam/ds=-0.0175 ds=1.00e-01
step 140: lam=0.8946830026 p=1.6946976858 min_den=0.000700 eta_min=-1.088 dlam/ds=-0.0176 ds=1.00e-01
step 141: lam=0.8929158739 p=1.6990051414 min_den=0.000692 eta_min=-1.088 dlam/ds=-0.0177 ds=1.00e-01
step 142: lam=0.8911366294 p=1.7032683053 min_den=0.000683 eta_min=-1.088 dlam/ds=-0.0179 ds=1.00e-01
step 143: lam=0.8893458973 p=1.7074869317 min_den=0.000675 eta_min=-1.088 dlam/ds=-0.0180 ds=1.00e-01
step 144: lam=0.8875442704 p=1.7116607993 min_den=0.000667 eta_min=-1.088 dlam/ds=-0.0181 ds=1.00e-01
step 145: lam=0.8857323067 p=1.7157897088 min_den=0.000659 eta_min=-1.088 dlam/ds=-0.0182 ds=1.00e-01
step 146: lam=0.8839105310 p=1.7198734809 min_den=0.000651 eta_min=-1.088 dlam/ds=-0.0183 ds=1.00e-01
step 147: lam=0.8820794354 p=1.7239119542 min_den=0.000644 eta_min=-1.088 dlam/ds=-0.0184 ds=1.00e-01
step 148: lam=0.8802394809 p=1.7279049833 min_den=0.000636 eta_min=-1.088 dlam/ds=-0.0184 ds=1.00e-01
step 149: lam=0.8783910985 p=1.7318524370 min_den=0.000629 eta_min=-1.088 dlam/ds=-0.0185 ds=1.00e-01
step 150: lam=0.8765346900 p=1.7357541963 min_den=0.000621 eta_min=-1.088 dlam/ds=-0.0186 ds=1.00e-01
step 151: lam=0.8746706291 p=1.7396101528 min_den=0.000614 eta_min=-1.088 dlam/ds=-0.0187 ds=1.00e-01
step 152: lam=0.8727992625 p=1.7434202073 min_den=0.000607 eta_min=-1.088 dlam/ds=-0.0187 ds=1.00e-01
step 153: lam=0.8709209111 p=1.7471842679 min_den=0.000600 eta_min=-1.088 dlam/ds=-0.0188 ds=1.00e-01
step 154: lam=0.8690358704 p=1.7509022485 min_den=0.000593 eta_min=-1.088 dlam/ds=-0.0189 ds=1.00e-01
step 155: lam=0.8671444119 p=1.7545740678 min_den=0.000587 eta_min=-1.088 dlam/ds=-0.0189 ds=1.00e-01
step 156: lam=0.8652467839 p=1.7581996475 min_den=0.000580 eta_min=-1.088 dlam/ds=-0.0190 ds=1.00e-01
step 157: lam=0.8633432121 p=1.7617789114 min_den=0.000574 eta_min=-1.088 dlam/ds=-0.0191 ds=1.00e-01
step 158: lam=0.8614339005 p=1.7653117837 min_den=0.000567 eta_min=-1.088 dlam/ds=-0.0191 ds=1.00e-01
step 159: lam=0.8595190324 p=1.7687981882 min_den=0.000561 eta_min=-1.088 dlam/ds=-0.0192 ds=1.00e-01
step 160: lam=0.8575987708 p=1.7722380471 min_den=0.000555 eta_min=-1.088 dlam/ds=-0.0192 ds=1.00e-01
step 161: lam=0.8556732591 p=1.7756312794 min_den=0.000549 eta_min=-1.088 dlam/ds=-0.0193 ds=1.00e-01
step 162: lam=0.8537426220 p=1.7789778007 min_den=0.000543 eta_min=-1.088 dlam/ds=-0.0193 ds=1.00e-01
step 163: lam=0.8518069658 p=1.7822775214 min_den=0.000537 eta_min=-1.088 dlam/ds=-0.0194 ds=1.00e-01
step 164: lam=0.8498663791 p=1.7855303461 min_den=0.000531 eta_min=-1.088 dlam/ds=-0.0194 ds=1.00e-01
step 165: lam=0.8479209331 p=1.7887361724 min_den=0.000525 eta_min=-1.088 dlam/ds=-0.0195 ds=1.00e-01
step 166: lam=0.8459706825 p=1.7918948902 min_den=0.000519 eta_min=-1.088 dlam/ds=-0.0195 ds=1.00e-01
step 167: lam=0.8440156653 p=1.7950063803 min_den=0.000514 eta_min=-1.088 dlam/ds=-0.0196 ds=1.00e-01
step 168: lam=0.8420559039 p=1.7980705139 min_den=0.000508 eta_min=-1.088 dlam/ds=-0.0196 ds=1.00e-01
step 169: lam=0.8400914046 p=1.8010871516 min_den=0.000503 eta_min=-1.088 dlam/ds=-0.0197 ds=1.00e-01
step 170: lam=0.8381221588 p=1.8040561421 min_den=0.000498 eta_min=-1.088 dlam/ds=-0.0197 ds=1.00e-01
step 171: lam=0.8361481425 p=1.8069773217 min_den=0.000492 eta_min=-1.088 dlam/ds=-0.0198 ds=1.00e-01
step 172: lam=0.8341693169 p=1.8098505132 min_den=0.000487 eta_min=-1.088 dlam/ds=-0.0198 ds=1.00e-01
step 173: lam=0.8321856284 p=1.8126755248 min_den=0.000482 eta_min=-1.088 dlam/ds=-0.0199 ds=1.00e-01
step 174: lam=0.8301970089 p=1.8154521492 min_den=0.000477 eta_min=-1.088 dlam/ds=-0.0199 ds=1.00e-01
step 175: lam=0.8282033757 p=1.8181801628 min_den=0.000472 eta_min=-1.088 dlam/ds=-0.0200 ds=1.00e-01
step 176: lam=0.8262046317 p=1.8208593245 min_den=0.000467 eta_min=-1.088 dlam/ds=-0.0200 ds=1.00e-01
step 177: lam=0.8242006650 p=1.8234893745 min_den=0.000462 eta_min=-1.088 dlam/ds=-0.0201 ds=1.00e-01
step 178: lam=0.8221913495 p=1.8260700333 min_den=0.000458 eta_min=-1.088 dlam/ds=-0.0201 ds=1.00e-01
step 179: lam=0.8201765440 p=1.8286010010 min_den=0.000453 eta_min=-1.088 dlam/ds=-0.0202 ds=1.00e-01
step 180: lam=0.8181560928 p=1.8310819551 min_den=0.000448 eta_min=-1.088 dlam/ds=-0.0202 ds=1.00e-01
step 181: lam=0.8161298248 p=1.8335125503 min_den=0.000444 eta_min=-1.088 dlam/ds=-0.0203 ds=1.00e-01
step 182: lam=0.8140975537 p=1.8358924163 min_den=0.000439 eta_min=-1.088 dlam/ds=-0.0204 ds=1.00e-01
step 183: lam=0.8120590775 p=1.8382211570 min_den=0.000435 eta_min=-1.088 dlam/ds=-0.0204 ds=1.00e-01
step 184: lam=0.8100141780 p=1.8404983487 min_den=0.000431 eta_min=-1.088 dlam/ds=-0.0205 ds=1.00e-01
step 185: lam=0.8079626205 p=1.8427235384 min_den=0.000426 eta_min=-1.088 dlam/ds=-0.0205 ds=1.00e-01
step 186: lam=0.8059041530 p=1.8448962423 min_den=0.000422 eta_min=-1.088 dlam/ds=-0.0206 ds=1.00e-01
step 187: lam=0.8038385059 p=1.8470159439 min_den=0.000418 eta_min=-1.088 dlam/ds=-0.0207 ds=1.00e-01
step 188: lam=0.8017653912 p=1.8490820919 min_den=0.000414 eta_min=-1.088 dlam/ds=-0.0208 ds=1.00e-01
step 189: lam=0.7996845013 p=1.8510940983 min_den=0.000409 eta_min=-1.088 dlam/ds=-0.0208 ds=1.00e-01
step 190: lam=0.7975955089 p=1.8530513357 min_den=0.000405 eta_min=-1.088 dlam/ds=-0.0209 ds=1.00e-01
step 191: lam=0.7954980651 p=1.8549531352 min_den=0.000401 eta_min=-1.088 dlam/ds=-0.0210 ds=1.00e-01
step 192: lam=0.7933917990 p=1.8567987833 min_den=0.000397 eta_min=-1.088 dlam/ds=-0.0211 ds=1.00e-01
step 193: lam=0.7912763160 p=1.8585875193 min_den=0.000393 eta_min=-1.088 dlam/ds=-0.0212 ds=1.00e-01
step 194: lam=0.7891511965 p=1.8603185318 min_den=0.000390 eta_min=-1.088 dlam/ds=-0.0213 ds=1.00e-01
step 195: lam=0.7870159943 p=1.8619909552 min_den=0.000386 eta_min=-1.088 dlam/ds=-0.0214 ds=1.00e-01
step 196: lam=0.7848702351 p=1.8636038660 min_den=0.000382 eta_min=-1.088 dlam/ds=-0.0215 ds=1.00e-01
step 197: lam=0.7827134142 p=1.8651562782 min_den=0.000378 eta_min=-1.088 dlam/ds=-0.0216 ds=1.00e-01
step 198: lam=0.7805449945 p=1.8666471388 min_den=0.000374 eta_min=-1.088 dlam/ds=-0.0217 ds=1.00e-01
step 199: lam=0.7783644040 p=1.8680753225 min_den=0.000371 eta_min=-1.088 dlam/ds=-0.0219 ds=1.00e-01
step 200: lam=0.7761710331 p=1.8694396262 min_den=0.000367 eta_min=-1.088 dlam/ds=-0.0220 ds=1.00e-01
step 201: lam=0.7739642316 p=1.8707387622 min_den=0.000364 eta_min=-1.088 dlam/ds=-0.0221 ds=1.00e-01
step 202: lam=0.7717433051 p=1.8719713512 min_den=0.000360 eta_min=-1.088 dlam/ds=-0.0223 ds=1.00e-01
step 203: lam=0.7695075114 p=1.8731359145 min_den=0.000357 eta_min=-1.088 dlam/ds=-0.0224 ds=1.00e-01
step 204: lam=0.7672560558 p=1.8742308650 min_den=0.000353 eta_min=-1.088 dlam/ds=-0.0226 ds=1.00e-01
step 205: lam=0.7649880867 p=1.8752544970 min_den=0.000350 eta_min=-1.088 dlam/ds=-0.0228 ds=1.00e-01
step 206: lam=0.7627026897 p=1.8762049752 min_den=0.000346 eta_min=-1.088 dlam/ds=-0.0229 ds=1.00e-01
step 207: lam=0.7603988810 p=1.8770803217 min_den=0.000343 eta_min=-1.088 dlam/ds=-0.0231 ds=1.00e-01
step 208: lam=0.7580756010 p=1.8778784016 min_den=0.000339 eta_min=-1.088 dlam/ds=-0.0233 ds=1.00e-01
step 209: lam=0.7557317054 p=1.8785969066 min_den=0.000336 eta_min=-1.088 dlam/ds=-0.0235 ds=1.00e-01
step 210: lam=0.7533659560 p=1.8792333359 min_den=0.000333 eta_min=-1.088 dlam/ds=-0.0238 ds=1.00e-01
step 211: lam=0.7509770098 p=1.8797849747 min_den=0.000330 eta_min=-1.088 dlam/ds=-0.0240 ds=1.00e-01
step 212: lam=0.7485634063 p=1.8802488689 min_den=0.000326 eta_min=-1.088 dlam/ds=-0.0243 ds=1.00e-01
step 213: lam=0.7461235532 p=1.8806217965 min_den=0.000323 eta_min=-1.088 dlam/ds=-0.0245 ds=1.00e-01
step 214: lam=0.7436557088 p=1.8809002334 min_den=0.000320 eta_min=-1.088 dlam/ds=-0.0248 ds=1.00e-01
step 215: lam=0.7411579622 p=1.8810803142 min_den=0.000317 eta_min=-1.088 dlam/ds=-0.0251 ds=1.00e-01
step 216: lam=0.7386282093 p=1.8811577849 min_den=0.000314 eta_min=-1.088 dlam/ds=-0.0255 ds=1.00e-01
step 217: lam=0.7360641248 p=1.8811279482 min_den=0.000311 eta_min=-1.088 dlam/ds=-0.0258 ds=1.00e-01
step 218: lam=0.7334631283 p=1.8809855968 min_den=0.000307 eta_min=-1.088 dlam/ds=-0.0262 ds=1.00e-01
step 219: lam=0.7308223430 p=1.8807249339 min_den=0.000304 eta_min=-1.088 dlam/ds=-0.0266 ds=1.00e-01
step 220: lam=0.7281385465 p=1.8803394768 min_den=0.000301 eta_min=-1.088 dlam/ds=-0.0271 ds=1.00e-01
step 221: lam=0.7254081098 p=1.8798219386 min_den=0.000298 eta_min=-1.088 dlam/ds=-0.0276 ds=1.00e-01
step 222: lam=0.7226269216 p=1.8791640816 min_den=0.000295 eta_min=-1.088 dlam/ds=-0.0281 ds=1.00e-01
step 223: lam=0.7197902936 p=1.8783565354 min_den=0.000292 eta_min=-1.088 dlam/ds=-0.0287 ds=1.00e-01
step 224: lam=0.7168928412 p=1.8773885657 min_den=0.000289 eta_min=-1.088 dlam/ds=-0.0293 ds=1.00e-01
step 225: lam=0.7139283292 p=1.8762477792 min_den=0.000286 eta_min=-1.088 dlam/ds=-0.0300 ds=1.00e-01
step 226: lam=0.7108894716 p=1.8749197387 min_den=0.000283 eta_min=-1.088 dlam/ds=-0.0308 ds=1.00e-01
step 227: lam=0.7077676665 p=1.8733874564 min_den=0.000280 eta_min=-1.088 dlam/ds=-0.0317 ds=1.00e-01
step 228: lam=0.7045526375 p=1.8716307099 min_den=0.000277 eta_min=-1.088 dlam/ds=-0.0327 ds=1.00e-01
step 229: lam=0.7012319406 p=1.8696251023 min_den=0.000274 eta_min=-1.088 dlam/ds=-0.0338 ds=1.00e-01
step 230: lam=0.6977902660 p=1.8673407362 min_den=0.000271 eta_min=-1.088 dlam/ds=-0.0351 ds=1.00e-01
step 231: lam=0.6942084231 p=1.8647402886 min_den=0.000268 eta_min=-1.088 dlam/ds=-0.0366 ds=1.00e-01
step 232: lam=0.6904618108 p=1.8617761170 min_den=0.000264 eta_min=-1.088 dlam/ds=-0.0384 ds=1.00e-01
step 233: lam=0.6865180171 p=1.8583857249 min_den=0.000261 eta_min=-1.088 dlam/ds=-0.0406 ds=1.00e-01
step 234: lam=0.6823328490 p=1.8544842817 min_den=0.000258 eta_min=-1.088 dlam/ds=-0.0432 ds=1.00e-01
step 235: lam=0.6778433329 p=1.8499514517 min_den=0.000255 eta_min=-1.088 dlam/ds=-0.0467 ds=1.00e-01
step 236: lam=0.6729542689 p=1.8446061408 min_den=0.000251 eta_min=-1.088 dlam/ds=-0.0513 ds=1.00e-01
step 237: lam=0.6675091928 p=1.8381520345 min_den=0.000247 eta_min=-1.088 dlam/ds=-0.0580 ds=1.00e-01
step 238: lam=0.6612157360 p=1.8300377552 min_den=0.000243 eta_min=-1.088 dlam/ds=-0.0688 ds=1.00e-01
step 239: lam=0.6533876787 p=1.8189738331 min_den=0.000239 eta_min=-1.088 dlam/ds=-0.0907 ds=1.00e-01
step 240: lam=0.6410794347 p=1.7994396830 min_den=0.000232 eta_min=-1.088 dlam/ds=-0.1798 ds=1.00e-01
   corrector failed, ds -> 5.00e-02
   corrector failed, ds -> 2.50e-02
step 241: lam=0.6354443508 p=1.7896456525 min_den=0.000229 eta_min=-1.088 dlam/ds=-0.2568 ds=2.50e-02
step 242: lam=0.6279226574 p=1.7757676093 min_den=0.000226 eta_min=-1.088 dlam/ds=-0.2011 ds=2.50e-02
step 243: lam=0.6236196672 p=1.7674264979 min_den=0.000225 eta_min=-1.088 dlam/ds=-0.1442 ds=2.50e-02
step 244: lam=0.6203974655 p=1.7609946649 min_den=0.000224 eta_min=-1.088 dlam/ds=-0.1155 ds=2.50e-02
step 245: lam=0.6167798849 p=1.7535888981 min_den=0.000222 eta_min=-1.088 dlam/ds=-0.0931 ds=3.50e-02
step 246: lam=0.6137745936 p=1.7472917532 min_den=0.000221 eta_min=-1.088 dlam/ds=-0.0796 ds=3.50e-02
step 247: lam=0.6111593848 p=1.7417078094 min_den=0.000221 eta_min=-1.088 dlam/ds=-0.0704 ds=3.50e-02
step 248: lam=0.6088194924 p=1.7366315878 min_den=0.000220 eta_min=-1.088 dlam/ds=-0.0636 ds=3.50e-02
   corrector failed, ds -> 2.45e-02
step 249: lam=0.6073078766 p=1.7333128887 min_den=0.000220 eta_min=-1.088 dlam/ds=-0.0599 ds=2.45e-02
   corrector failed, ds -> 1.22e-02
step 250: lam=0.6065848521 p=1.7317147689 min_den=0.000220 eta_min=-1.088 dlam/ds=-0.0582 ds=1.22e-02
step 251: lam=0.6056052624 p=1.7295385978 min_den=0.000219 eta_min=-1.088 dlam/ds=-0.0561 ds=1.71e-02
step 252: lam=0.6046603767 p=1.7274276971 min_den=0.000219 eta_min=-1.088 dlam/ds=-0.0541 ds=1.71e-02
step 253: lam=0.6033897942 p=1.7245711085 min_den=0.000219 eta_min=-1.088 dlam/ds=-0.0517 ds=2.40e-02
step 254: lam=0.6017010095 p=1.7207427312 min_den=0.000218 eta_min=-1.088 dlam/ds=-0.0488 ds=3.36e-02
step 255: lam=0.6001031159 p=1.7170878862 min_den=0.000218 eta_min=-1.088 dlam/ds=-0.0463 ds=3.36e-02
step 256: lam=0.5985837093 p=1.7135838862 min_den=0.000218 eta_min=-1.088 dlam/ds=-0.0441 ds=3.36e-02
step 257: lam=0.5971329499 p=1.7102126844 min_den=0.000218 eta_min=-1.088 dlam/ds=-0.0422 ds=3.36e-02
step 258: lam=0.5957428792 p=1.7069596457 min_den=0.000217 eta_min=-1.088 dlam/ds=-0.0405 ds=3.36e-02
   corrector failed, ds -> 1.68e-02
step 259: lam=0.5950685152 p=1.7053735930 min_den=0.000217 eta_min=-1.088 dlam/ds=-0.0397 ds=1.68e-02
step 260: lam=0.5944069604 p=1.7038127224 min_den=0.000217 eta_min=-1.088 dlam/ds=-0.0390 ds=1.68e-02
step 261: lam=0.5935010741 p=1.7016675353 min_den=0.000217 eta_min=-1.088 dlam/ds=-0.0380 ds=2.35e-02
step 262: lam=0.5926174129 p=1.6995663725 min_den=0.000217 eta_min=-1.088 dlam/ds=-0.0371 ds=2.35e-02
step 263: lam=0.5914149060 p=1.6966936588 min_den=0.000217 eta_min=-1.088 dlam/ds=-0.0359 ds=3.29e-02
step 264: lam=0.5902496747 p=1.6938955595 min_den=0.000217 eta_min=-1.088 dlam/ds=-0.0348 ds=3.29e-02
step 265: lam=0.5886752978 p=1.6900929945 min_den=0.000217 eta_min=-1.088 dlam/ds=-0.0335 ds=4.61e-02
step 266: lam=0.5865708430 p=1.6849720445 min_den=0.000216 eta_min=-1.088 dlam/ds=-0.0318 ds=6.46e-02
step 267: lam=0.5837935356 p=1.6781503272 min_den=0.000216 eta_min=-1.088 dlam/ds=-0.0297 ds=9.04e-02
step 268: lam=0.5809152989 p=1.6710094384 min_den=0.000216 eta_min=-1.088 dlam/ds=-0.0279 ds=1.00e-01
step 269: lam=0.5782089045 p=1.6642338989 min_den=0.000216 eta_min=-1.088 dlam/ds=-0.0263 ds=1.00e-01
step 270: lam=0.5756489558 p=1.6577753297 min_den=0.000216 eta_min=-1.088 dlam/ds=-0.0249 ds=1.00e-01
step 271: lam=0.5732156989 p=1.6515958872 min_den=0.000216 eta_min=-1.088 dlam/ds=-0.0238 ds=1.00e-01
step 272: lam=0.5708934127 p=1.6456652899 min_den=0.000216 eta_min=-1.088 dlam/ds=-0.0227 ds=1.00e-01
step 273: lam=0.5686693452 p=1.6399588450 min_den=0.000217 eta_min=-1.088 dlam/ds=-0.0218 ds=1.00e-01
step 274: lam=0.5665329841 p=1.6344560936 min_den=0.000217 eta_min=-1.088 dlam/ds=-0.0210 ds=1.00e-01
step 275: lam=0.5644755430 p=1.6291398525 min_den=0.000217 eta_min=-1.088 dlam/ds=-0.0202 ds=1.00e-01
   corrector failed, ds -> 5.00e-02
step 276: lam=0.5634740515 p=1.6265470275 min_den=0.000217 eta_min=-1.088 dlam/ds=-0.0199 ds=5.00e-02
step 277: lam=0.5621004046 p=1.6229861512 min_den=0.000218 eta_min=-1.088 dlam/ds=-0.0194 ds=7.00e-02
   corrector failed, ds -> 4.90e-02
step 278: lam=0.5611576078 p=1.6205395393 min_den=0.000218 eta_min=-1.088 dlam/ds=-0.0191 ds=4.90e-02
step 279: lam=0.5602295103 p=1.6181293306 min_den=0.000218 eta_min=-1.088 dlam/ds=-0.0188 ds=4.90e-02
   corrector failed, ds -> 2.45e-02
step 280: lam=0.5597707832 p=1.6169374993 min_den=0.000218 eta_min=-1.088 dlam/ds=-0.0187 ds=2.45e-02
step 281: lam=0.5593155073 p=1.6157543245 min_den=0.000218 eta_min=-1.088 dlam/ds=-0.0185 ds=2.45e-02
step 282: lam=0.5586837872 p=1.6141121600 min_den=0.000218 eta_min=-1.088 dlam/ds=-0.0183 ds=3.43e-02
step 283: lam=0.5578101673 p=1.6118404865 min_den=0.000218 eta_min=-1.088 dlam/ds=-0.0181 ds=4.80e-02
step 284: lam=0.5566074219 p=1.6087121202 min_den=0.000219 eta_min=-1.088 dlam/ds=-0.0177 ds=6.72e-02
step 285: lam=0.5549613204 p=1.6044300979 min_den=0.000219 eta_min=-1.088 dlam/ds=-0.0173 ds=9.41e-02
step 286: lam=0.5533565408 p=1.6002566087 min_den=0.000220 eta_min=-1.088 dlam/ds=-0.0168 ds=9.41e-02
step 287: lam=0.5517903797 p=1.5961862110 min_den=0.000220 eta_min=-1.088 dlam/ds=-0.0164 ds=9.41e-02
step 288: lam=0.5501659609 p=1.5919689612 min_den=0.000221 eta_min=-1.088 dlam/ds=-0.0160 ds=1.00e-01
step 289: lam=0.5485797743 p=1.5878572458 min_den=0.000221 eta_min=-1.088 dlam/ds=-0.0157 ds=1.00e-01
step 290: lam=0.5470294562 p=1.5838462662 min_den=0.000222 eta_min=-1.088 dlam/ds=-0.0153 ds=1.00e-01
step 291: lam=0.5455128671 p=1.5799316688 min_den=0.000223 eta_min=-1.088 dlam/ds=-0.0150 ds=1.00e-01
   corrector failed, ds -> 5.00e-02
step 292: lam=0.5447666068 p=1.5780092616 min_den=0.000223 eta_min=-1.088 dlam/ds=-0.0148 ds=5.00e-02
step 293: lam=0.5437347581 p=1.5753558212 min_den=0.000223 eta_min=-1.088 dlam/ds=-0.0146 ds=7.00e-02
   corrector failed, ds -> 4.90e-02
step 294: lam=0.5430211479 p=1.5735241665 min_den=0.000224 eta_min=-1.088 dlam/ds=-0.0145 ds=4.90e-02
step 295: lam=0.5420336967 p=1.5709946393 min_den=0.000224 eta_min=-1.088 dlam/ds=-0.0143 ds=6.86e-02
step 296: lam=0.5406731436 p=1.5675197209 min_den=0.000225 eta_min=-1.088 dlam/ds=-0.0140 ds=9.60e-02
step 297: lam=0.5392823743 p=1.5639813257 min_den=0.000226 eta_min=-1.088 dlam/ds=-0.0138 ds=1.00e-01
step 298: lam=0.5379166939 p=1.5605216474 min_den=0.000226 eta_min=-1.088 dlam/ds=-0.0135 ds=1.00e-01
step 299: lam=0.5365748671 p=1.5571381546 min_den=0.000227 eta_min=-1.088 dlam/ds=-0.0133 ds=1.00e-01
step 300: lam=0.5352557489 p=1.5538285015 min_den=0.000228 eta_min=-1.088 dlam/ds=-0.0131 ds=1.00e-01
step 301: lam=0.5339582747 p=1.5505905092 min_den=0.000229 eta_min=-1.088 dlam/ds=-0.0129 ds=1.00e-01
step 302: lam=0.5326814526 p=1.5474221505 min_den=0.000230 eta_min=-1.088 dlam/ds=-0.0127 ds=1.00e-01
step 303: lam=0.5314243560 p=1.5443215357 min_den=0.000230 eta_min=-1.088 dlam/ds=-0.0125 ds=1.00e-01
step 304: lam=0.5301861175 p=1.5412869002 min_den=0.000231 eta_min=-1.088 dlam/ds=-0.0123 ds=1.00e-01
step 305: lam=0.5289659229 p=1.5383165938 min_den=0.000232 eta_min=-1.088 dlam/ds=-0.0121 ds=1.00e-01
step 306: lam=0.5277630069 p=1.5354090715 min_den=0.000233 eta_min=-1.088 dlam/ds=-0.0119 ds=1.00e-01
step 307: lam=0.5265766480 p=1.5325628844 min_den=0.000234 eta_min=-1.088 dlam/ds=-0.0118 ds=1.00e-01
step 308: lam=0.5254061648 p=1.5297766731 min_den=0.000235 eta_min=-1.088 dlam/ds=-0.0116 ds=1.00e-01
step 309: lam=0.5242509128 p=1.5270491603 min_den=0.000236 eta_min=-1.088 dlam/ds=-0.0115 ds=1.00e-01
step 310: lam=0.5231102807 p=1.5243791457 min_den=0.000237 eta_min=-1.088 dlam/ds=-0.0113 ds=1.00e-01
step 311: lam=0.5219836880 p=1.5217655000 min_den=0.000238 eta_min=-1.088 dlam/ds=-0.0112 ds=1.00e-01
step 312: lam=0.5208705827 p=1.5192071608 min_den=0.000239 eta_min=-1.088 dlam/ds=-0.0111 ds=1.00e-01
step 313: lam=0.5197704387 p=1.5167031278 min_den=0.000241 eta_min=-1.088 dlam/ds=-0.0109 ds=1.00e-01
step 314: lam=0.5186827542 p=1.5142524587 min_den=0.000242 eta_min=-1.088 dlam/ds=-0.0108 ds=1.00e-01
step 315: lam=0.5176070503 p=1.5118542655 min_den=0.000243 eta_min=-1.088 dlam/ds=-0.0107 ds=1.00e-01
step 316: lam=0.5165428687 p=1.5095077103 min_den=0.000244 eta_min=-1.088 dlam/ds=-0.0106 ds=1.00e-01
step 317: lam=0.5154897711 p=1.5072120013 min_den=0.000245 eta_min=-1.088 dlam/ds=-0.0105 ds=1.00e-01
step 318: lam=0.5144473373 p=1.5049663892 min_den=0.000246 eta_min=-1.088 dlam/ds=-0.0104 ds=1.00e-01
step 319: lam=0.5134151638 p=1.5027701629 min_den=0.000248 eta_min=-1.088 dlam/ds=-0.0103 ds=1.00e-01
step 320: lam=0.5123928621 p=1.5006226460 min_den=0.000249 eta_min=-1.088 dlam/ds=-0.0102 ds=1.00e-01
step 321: lam=0.5113800571 p=1.4985231923 min_den=0.000250 eta_min=-1.088 dlam/ds=-0.0101 ds=1.00e-01
step 322: lam=0.5103763843 p=1.4964711830 min_den=0.000252 eta_min=-1.088 dlam/ds=-0.0100 ds=1.00e-01
step 323: lam=0.5093814880 p=1.4944660232 min_den=0.000253 eta_min=-1.088 dlam/ds=-0.0099 ds=1.00e-01
step 324: lam=0.5083950175 p=1.4925071393 min_den=0.000254 eta_min=-1.088 dlam/ds=-0.0098 ds=1.00e-01
step 325: lam=0.5074166241 p=1.4905939774 min_den=0.000256 eta_min=-1.088 dlam/ds=-0.0097 ds=1.00e-01
step 326: lam=0.5064459573 p=1.4887260027 min_den=0.000257 eta_min=-1.088 dlam/ds=-0.0097 ds=1.00e-01
step 327: lam=0.5054826607 p=1.4869026995 min_den=0.000259 eta_min=-1.088 dlam/ds=-0.0096 ds=1.00e-01
step 328: lam=0.5045263678 p=1.4851235731 min_den=0.000260 eta_min=-1.088 dlam/ds=-0.0095 ds=1.00e-01
step 329: lam=0.5035766986 p=1.4833881524 min_den=0.000262 eta_min=-1.088 dlam/ds=-0.0095 ds=1.00e-01
step 330: lam=0.5026332557 p=1.4816959940 min_den=0.000263 eta_min=-1.088 dlam/ds=-0.0094 ds=1.00e-01
step 331: lam=0.5016956225 p=1.4800466873 min_den=0.000265 eta_min=-1.088 dlam/ds=-0.0093 ds=1.00e-01
step 332: lam=0.5007633616 p=1.4784398587 min_den=0.000267 eta_min=-1.088 dlam/ds=-0.0093 ds=1.00e-01
step 333: lam=0.4998360161 p=1.4768751771 min_den=0.000268 eta_min=-1.088 dlam/ds=-0.0093 ds=1.00e-01
step 334: lam=0.4989131107 p=1.4753523572 min_den=0.000270 eta_min=-1.088 dlam/ds=-0.0092 ds=1.00e-01
step 335: lam=0.4979941563 p=1.4738711604 min_den=0.000272 eta_min=-1.088 dlam/ds=-0.0092 ds=1.00e-01
step 336: lam=0.4970786538 p=1.4724313933 min_den=0.000274 eta_min=-1.088 dlam/ds=-0.0091 ds=1.00e-01
step 337: lam=0.4961660985 p=1.4710329021 min_den=0.000275 eta_min=-1.088 dlam/ds=-0.0091 ds=1.00e-01
step 338: lam=0.4952559826 p=1.4696755627 min_den=0.000277 eta_min=-1.088 dlam/ds=-0.0091 ds=1.00e-01
step 339: lam=0.4943477951 p=1.4683592679 min_den=0.000279 eta_min=-1.088 dlam/ds=-0.0091 ds=1.00e-01
step 340: lam=0.4934410158 p=1.4670839124 min_den=0.000281 eta_min=-1.088 dlam/ds=-0.0091 ds=1.00e-01
step 341: lam=0.4925351048 p=1.4658493768 min_den=0.000283 eta_min=-1.088 dlam/ds=-0.0091 ds=1.00e-01
step 342: lam=0.4916294848 p=1.4646555154 min_den=0.000285 eta_min=-1.088 dlam/ds=-0.0091 ds=1.00e-01
step 343: lam=0.4907235196 p=1.4635021502 min_den=0.000287 eta_min=-1.088 dlam/ds=-0.0091 ds=1.00e-01
step 344: lam=0.4898164900 p=1.4623890753 min_den=0.000289 eta_min=-1.088 dlam/ds=-0.0091 ds=1.00e-01
step 345: lam=0.4889075736 p=1.4613160757 min_den=0.000291 eta_min=-1.088 dlam/ds=-0.0091 ds=1.00e-01
step 346: lam=0.4879958338 p=1.4602829649 min_den=0.000294 eta_min=-1.088 dlam/ds=-0.0091 ds=1.00e-01
step 347: lam=0.4870802276 p=1.4592896435 min_den=0.000296 eta_min=-1.088 dlam/ds=-0.0092 ds=1.00e-01
step 348: lam=0.4861596392 p=1.4583361809 min_den=0.000298 eta_min=-1.088 dlam/ds=-0.0092 ds=1.00e-01
step 349: lam=0.4852329487 p=1.4574229209 min_den=0.000300 eta_min=-1.088 dlam/ds=-0.0093 ds=1.00e-01
step 350: lam=0.4842991394 p=1.4565506081 min_den=0.000303 eta_min=-1.088 dlam/ds=-0.0094 ds=1.00e-01
step 351: lam=0.4833574457 p=1.4557205340 min_den=0.000305 eta_min=-1.088 dlam/ds=-0.0095 ds=1.00e-01
step 352: lam=0.4824075363 p=1.4549346979 min_den=0.000308 eta_min=-1.088 dlam/ds=-0.0095 ds=1.00e-01
step 353: lam=0.4814497258 p=1.4541959820 min_den=0.000310 eta_min=-1.088 dlam/ds=-0.0096 ds=1.00e-01
step 354: lam=0.4804852033 p=1.4535083433 min_den=0.000313 eta_min=-1.088 dlam/ds=-0.0097 ds=1.00e-01
step 355: lam=0.4795162731 p=1.4528770390 min_den=0.000315 eta_min=-1.088 dlam/ds=-0.0097 ds=1.00e-01
step 356: lam=0.4785466115 p=1.4523089129 min_den=0.000318 eta_min=-1.088 dlam/ds=-0.0097 ds=1.00e-01
step 357: lam=0.4775815646 p=1.4518128033 min_den=0.000321 eta_min=-1.088 dlam/ds=-0.0096 ds=1.00e-01
step 358: lam=0.4766285420 p=1.4514001684 min_den=0.000324 eta_min=-1.088 dlam/ds=-0.0094 ds=1.00e-01
step 359: lam=0.4756976109 p=1.4510861002 min_den=0.000327 eta_min=-1.088 dlam/ds=-0.0092 ds=1.00e-01
step 360: lam=0.4748024864 p=1.4508910314 min_den=0.000330 eta_min=-1.088 dlam/ds=-0.0087 ds=1.00e-01
step 361: lam=0.4739622850 p=1.4508437061 min_den=0.000333 eta_min=-1.088 dlam/ds=-0.0080 ds=1.00e-01
step 362: lam=0.4732047961 p=1.4509865522 min_den=0.000336 eta_min=-1.088 dlam/ds=-0.0070 ds=1.00e-01
step 363: lam=0.4725728969 p=1.4513857972 min_den=0.000340 eta_min=-1.088 dlam/ds=-0.0055 ds=1.00e-01
step 364: lam=0.4721377756 p=1.4521510953 min_den=0.000344 eta_min=-1.088 dlam/ds=-0.0030 ds=1.00e-01
step 365: lam=0.4720264244 p=1.4534717736 min_den=0.000348 eta_min=-1.088 dlam/ds=+0.0012 ds=1.00e-01
step 366: lam=0.4724656264 p=1.4556525406 min_den=0.000353 eta_min=-1.088 dlam/ds=+0.0082 ds=1.00e-01
step 367: lam=0.4737247457 p=1.4589128495 min_den=0.000359 eta_min=-1.088 dlam/ds=+0.0168 ds=1.00e-01
step 368: lam=0.4756258509 p=1.4626023013 min_den=0.000365 eta_min=-1.088 dlam/ds=+0.0200 ds=1.00e-01
step 369: lam=0.4775375295 p=1.4656533835 min_den=0.000371 eta_min=-1.088 dlam/ds=+0.0179 ds=1.00e-01
step 370: lam=0.4791790093 p=1.4678394065 min_den=0.000378 eta_min=-1.088 dlam/ds=+0.0150 ds=1.00e-01
step 371: lam=0.4805532646 p=1.4693376029 min_den=0.000384 eta_min=-1.088 dlam/ds=+0.0126 ds=1.00e-01
step 372: lam=0.4817133276 p=1.4703255700 min_den=0.000390 eta_min=-1.088 dlam/ds=+0.0107 ds=1.00e-01
step 373: lam=0.4827049809 p=1.4709271327 min_den=0.000396 eta_min=-1.088 dlam/ds=+0.0092 ds=1.00e-01
step 374: lam=0.4835618501 p=1.4712259484 min_den=0.000402 eta_min=-1.088 dlam/ds=+0.0080 ds=1.00e-01
step 375: lam=0.4843082596 p=1.4712799791 min_den=0.000408 eta_min=-1.088 dlam/ds=+0.0070 ds=1.00e-01
step 376: lam=0.4849620927 p=1.4711307936 min_den=0.000414 eta_min=-1.088 dlam/ds=+0.0061 ds=1.00e-01
step 377: lam=0.4855368012 p=1.4708092020 min_den=0.000420 eta_min=-1.088 dlam/ds=+0.0054 ds=1.00e-01
step 378: lam=0.4860427370 p=1.4703387135 min_den=0.000427 eta_min=-1.088 dlam/ds=+0.0047 ds=1.00e-01
step 379: lam=0.4864880335 p=1.4697377221 min_den=0.000433 eta_min=-1.088 dlam/ds=+0.0042 ds=1.00e-01
step 380: lam=0.4868792000 p=1.4690209336 min_den=0.000439 eta_min=-1.088 dlam/ds=+0.0037 ds=1.00e-01
step 381: lam=0.4872215314 p=1.4682003266 min_den=0.000446 eta_min=-1.088 dlam/ds=+0.0032 ds=1.00e-01
step 382: lam=0.4875193960 p=1.4672858181 min_den=0.000453 eta_min=-1.088 dlam/ds=+0.0028 ds=1.00e-01
step 383: lam=0.4877764432 p=1.4662857364 min_den=0.000460 eta_min=-1.088 dlam/ds=+0.0024 ds=1.00e-01
step 384: lam=0.4879957548 p=1.4652071649 min_den=0.000467 eta_min=-1.088 dlam/ds=+0.0020 ds=1.00e-01
step 385: lam=0.4881799590 p=1.4640561973 min_den=0.000474 eta_min=-1.088 dlam/ds=+0.0017 ds=1.00e-01
step 386: lam=0.4883313160 p=1.4628381300 min_den=0.000481 eta_min=-1.088 dlam/ds=+0.0014 ds=1.00e-01
step 387: lam=0.4884517844 p=1.4615576112 min_den=0.000489 eta_min=-1.088 dlam/ds=+0.0011 ds=1.00e-01
step 388: lam=0.4885430725 p=1.4602187563 min_den=0.000496 eta_min=-1.088 dlam/ds=+0.0008 ds=1.00e-01
step 389: lam=0.4886066791 p=1.4588252403 min_den=0.000504 eta_min=-1.088 dlam/ds=+0.0005 ds=1.00e-01
step 390: lam=0.4886439257 p=1.4573803722 min_den=0.000512 eta_min=-1.088 dlam/ds=+0.0002 ds=1.00e-01
step 391: lam=0.4886559828 p=1.4558871555 min_den=0.000521 eta_min=-1.088 dlam/ds=-0.0000 ds=1.00e-01
step 392: lam=0.4886438906 p=1.4543483396 min_den=0.000529 eta_min=-1.088 dlam/ds=-0.0002 ds=1.00e-01
step 393: lam=0.4886085766 p=1.4527664619 min_den=0.000538 eta_min=-1.088 dlam/ds=-0.0005 ds=1.00e-01
step 394: lam=0.4885508695 p=1.4511438852 min_den=0.000547 eta_min=-1.088 dlam/ds=-0.0007 ds=1.00e-01
step 395: lam=0.4884715106 p=1.4494828302 min_den=0.000557 eta_min=-1.088 dlam/ds=-0.0009 ds=1.00e-01
step 396: lam=0.4883711640 p=1.4477854047 min_den=0.000566 eta_min=-1.088 dlam/ds=-0.0011 ds=1.00e-01
step 397: lam=0.4882504239 p=1.4460536306 min_den=0.000576 eta_min=-1.088 dlam/ds=-0.0013 ds=1.00e-01
step 398: lam=0.4881098215 p=1.4442894693 min_den=0.000587 eta_min=-1.088 dlam/ds=-0.0015 ds=1.00e-01
step 399: lam=0.4879498301 p=1.4424948461 min_den=0.000598 eta_min=-1.088 dlam/ds=-0.0017 ds=1.00e-01
step 400: lam=0.4877708696 p=1.4406716751 min_den=0.000609 eta_min=-1.088 dlam/ds=-0.0019 ds=1.00e-01
step 401: lam=0.4875733100 p=1.4388218836 min_den=0.000620 eta_min=-1.088 dlam/ds=-0.0021 ds=1.00e-01
step 402: lam=0.4873574736 p=1.4369474383 min_den=0.000632 eta_min=-1.088 dlam/ds=-0.0022 ds=1.00e-01
step 403: lam=0.4871236375 p=1.4350503725 min_den=0.000644 eta_min=-1.088 dlam/ds=-0.0024 ds=1.00e-01
step 404: lam=0.4868720343 p=1.4331328163 min_den=0.000657 eta_min=-1.088 dlam/ds=-0.0026 ds=1.00e-01
step 405: lam=0.4866028532 p=1.4311970287 min_den=0.000671 eta_min=-1.088 dlam/ds=-0.0028 ds=1.00e-01
step 406: lam=0.4863162393 p=1.4292454341 min_den=0.000685 eta_min=-1.088 dlam/ds=-0.0030 ds=1.00e-01
step 407: lam=0.4860122936 p=1.4272806632 min_den=0.000699 eta_min=-1.088 dlam/ds=-0.0031 ds=1.00e-01
step 408: lam=0.4856910710 p=1.4253055984 min_den=0.000714 eta_min=-1.088 dlam/ds=-0.0033 ds=1.00e-01
step 409: lam=0.4853525785 p=1.4233234267 min_den=0.000730 eta_min=-1.088 dlam/ds=-0.0035 ds=1.00e-01
step 410: lam=0.4849967724 p=1.4213376998 min_den=0.000746 eta_min=-1.088 dlam/ds=-0.0036 ds=1.00e-01
step 411: lam=0.4846235544 p=1.4193524027 min_den=0.000764 eta_min=-1.088 dlam/ds=-0.0038 ds=1.00e-01
step 412: lam=0.4842327667 p=1.4173720337 min_den=0.000782 eta_min=-1.088 dlam/ds=-0.0040 ds=1.00e-01
step 413: lam=0.4838241866 p=1.4154016963 min_den=0.000801 eta_min=-1.088 dlam/ds=-0.0042 ds=1.00e-01
step 414: lam=0.4833975188 p=1.4134472066 min_den=0.000821 eta_min=-1.088 dlam/ds=-0.0044 ds=1.00e-01
step 415: lam=0.4829523867 p=1.4115152170 min_den=0.000842 eta_min=-1.088 dlam/ds=-0.0045 ds=1.00e-01
step 416: lam=0.4824883215 p=1.4096133613 min_den=0.000864 eta_min=-1.088 dlam/ds=-0.0047 ds=1.00e-01
step 417: lam=0.4820047488 p=1.4077504232 min_den=0.000887 eta_min=-1.088 dlam/ds=-0.0049 ds=1.00e-01
step 418: lam=0.4815009719 p=1.4059365325 min_den=0.000912 eta_min=-1.088 dlam/ds=-0.0051 ds=1.00e-01
step 419: lam=0.4809761514 p=1.4041833951 min_den=0.000938 eta_min=-1.088 dlam/ds=-0.0054 ds=1.00e-01
step 420: lam=0.4804292788 p=1.4025045604 min_den=0.000965 eta_min=-1.088 dlam/ds=-0.0056 ds=1.00e-01
step 421: lam=0.4798591430 p=1.4009157337 min_den=0.000994 eta_min=-1.088 dlam/ds=-0.0058 ds=1.00e-01
step 422: lam=0.4792642879 p=1.3994351405 min_den=0.001026 eta_min=-1.088 dlam/ds=-0.0061 ds=1.00e-01
step 423: lam=0.4786429557 p=1.3980839512 min_den=0.001059 eta_min=-1.088 dlam/ds=-0.0064 ds=1.00e-01
step 424: lam=0.4779930127 p=1.3968867751 min_den=0.001094 eta_min=-1.088 dlam/ds=-0.0067 ds=1.00e-01
step 425: lam=0.4773118505 p=1.3958722355 min_den=0.001133 eta_min=-1.088 dlam/ds=-0.0070 ds=1.00e-01
step 426: lam=0.4765962524 p=1.3950736404 min_den=0.001174 eta_min=-1.088 dlam/ds=-0.0073 ds=1.00e-01
step 427: lam=0.4758422145 p=1.3945297650 min_den=0.001218 eta_min=-1.088 dlam/ds=-0.0077 ds=1.00e-01
step 428: lam=0.4750447030 p=1.3942857758 min_den=0.001265 eta_min=-1.088 dlam/ds=-0.0082 ds=1.00e-01
step 429: lam=0.4741973275 p=1.3943943358 min_den=0.001317 eta_min=-1.088 dlam/ds=-0.0087 ds=1.00e-01
step 430: lam=0.4732919037 p=1.3949169589 min_den=0.001373 eta_min=-1.088 dlam/ds=-0.0094 ds=1.00e-01
step 431: lam=0.4723178695 p=1.3959257271 min_den=0.001435 eta_min=-1.088 dlam/ds=-0.0101 ds=1.00e-01
step 432: lam=0.4712615124 p=1.3975055517 min_den=0.001502 eta_min=-1.088 dlam/ds=-0.0110 ds=1.00e-01
step 433: lam=0.4701049480 p=1.3997572709 min_den=0.001577 eta_min=-1.088 dlam/ds=-0.0121 ds=1.00e-01
step 434: lam=0.4688247615 p=1.4028020394 min_den=0.001659 eta_min=-1.088 dlam/ds=-0.0135 ds=1.00e-01
step 435: lam=0.4673901748 p=1.4067877138 min_den=0.001751 eta_min=-1.088 dlam/ds=-0.0152 ds=1.00e-01
step 436: lam=0.4657605020 p=1.4118983389 min_den=0.001854 eta_min=-1.088 dlam/ds=-0.0174 ds=1.00e-01
step 437: lam=0.4638814818 p=1.4183685238 min_den=0.001970 eta_min=-1.088 dlam/ds=-0.0203 ds=1.00e-01
step 438: lam=0.4616797533 p=1.4265057594 min_den=0.002103 eta_min=-1.088 dlam/ds=-0.0239 ds=1.00e-01
step 439: lam=0.4590541328 p=1.4367261487 min_den=0.002257 eta_min=-1.088 dlam/ds=-0.0288 ds=1.00e-01
step 440: lam=0.4558611789 p=1.4496137819 min_den=0.002438 eta_min=-1.088 dlam/ds=-0.0354 ds=1.00e-01
step 441: lam=0.4518902377 p=1.4660232143 min_den=0.002654 eta_min=-1.088 dlam/ds=-0.0445 ds=1.00e-01
step 442: lam=0.4468191855 p=1.4872598027 min_den=0.002918 eta_min=-1.088 dlam/ds=-0.0576 ds=1.00e-01
step 443: lam=0.4401403596 p=1.5153740945 min_den=0.003253 eta_min=-1.088 dlam/ds=-0.0767 ds=1.00e-01
step 444: lam=0.4310953097 p=1.5533757730 min_den=0.003692 eta_min=-1.088 dlam/ds=-0.1035 ds=1.00e-01
step 445: lam=0.4190444766 p=1.6034787560 min_den=0.004268 eta_min=-1.088 dlam/ds=-0.1303 ds=1.00e-01
step 446: lam=0.4050087186 p=1.6603224706 min_den=0.004952 eta_min=-1.088 dlam/ds=-0.1402 ds=1.00e-01
step 447: lam=0.3907198140 p=1.7147043963 min_den=0.005702 eta_min=0.002 dlam/ds=-0.1437 ds=1.00e-01
   corrector failed, ds -> 5.00e-02
step 448: lam=0.3832485302 p=1.7399901124 min_den=0.005528 eta_min=0.002 dlam/ds=-0.1602 ds=5.00e-02
   corrector failed, ds -> 3.50e-02
   corrector failed, ds -> 1.75e-02
step 449: lam=0.3802278732 p=1.7485815194 min_den=0.005460 eta_min=0.002 dlam/ds=-0.1931 ds=1.75e-02
   corrector failed, ds -> 1.22e-02
   corrector failed, ds -> 6.12e-03
step 450: lam=0.3789077672 p=1.7514881702 min_den=0.005430 eta_min=0.002 dlam/ds=-0.2451 ds=6.12e-03
   corrector failed, ds -> 4.29e-03
