start: lam=0.4564328443 layer -0.960194 w=9.829e-04 δ(grid centre)=1.03570e-02 N=5486
      it 0: |F|=7.00e-06 g/δ=0.00e+00 lam=0.456432844337 argmin-ic=0
      it 1: |F|=4.98e-07 g/δ=-9.87e-09 lam=0.456433003575 argmin-ic=0
      it 2: |F|=1.23e-11 g/δ=2.74e-12 lam=0.456432923250 argmin-ic=0
      it 3: |F|=1.18e-12 g/δ=-8.58e-14 lam=0.456432923248 argmin-ic=0
pinned solve ok=True: lam=0.456432923248 p=2.011829187368
δ=8.285606e-03 lam=0.455550279586 p=2.010253054321 w=6.237e-04 w/δ²=9.085 hc=4.10e-05 N=5486 nit=3 t=29s
   regrid: hc=2.60e-05 N=5518 ok=True hist=7.4e-08, 6.9e-11, 8.1e-13 lam=0.455550279660 p=2.010253054474
δ=5.302788e-03 lam=0.454687076400 p=2.007405718860 w=2.545e-04 w/δ²=9.052 hc=2.60e-05 N=5518 nit=4 t=91s
   regrid: hc=1.06e-05 N=5578 ok=True hist=1.0e-07, 2.1e-10, 6.5e-13 lam=0.454687077099 p=2.007405721559
δ=2.651394e-03 lam=0.454349316901 p=2.005206803860 w=6.388e-05 w/δ²=9.086 hc=1.06e-05 N=5578 nit=5 t=152s
   regrid: hc=2.66e-06 N=5670 ok=True hist=1.6e-07, 2.4e-10, 3.9e-13 lam=0.454349323480 p=2.005206830776
δ=1.325697e-03 lam=0.454198139576 p=2.005009455726 w=1.597e-05 w/δ²=9.089 hc=2.66e-06 N=5670 nit=5 t=225s
   regrid: hc=6.66e-07 N=5762 ok=True hist=7.9e-08, 3.3e-11, 8.3e-13 lam=0.454198145527 p=2.005009449155
δ=6.628484e-04 lam=0.453985293547 p=2.005430883951 w=3.997e-06 w/δ²=9.096 hc=6.66e-07 N=5762 nit=5 t=285s
   regrid: hc=1.67e-07 N=5854 ok=True hist=4.0e-08, 5.5e-12 lam=0.453985299969 p=2.005430872901
δ=3.314242e-04 lam=0.453786308273 p=2.005746400719 w=9.995e-07 w/δ²=9.099 hc=1.67e-07 N=5854 nit=4 t=338s
   regrid: hc=4.16e-08 N=5946 ok=True hist=3.9e-08, 1.3e-12 lam=0.453786313002 p=2.005746395390
δ=1.657121e-04 lam=0.453662877919 p=2.005838825802 w=2.499e-07 w/δ²=9.099 hc=4.16e-08 N=5946 nit=4 t=384s
   regrid: hc=1.04e-08 N=6038 ok=True hist=3.7e-08, 1.2e-12 lam=0.453662880390 p=2.005838825221
δ=8.285606e-05 lam=0.453609298665 p=2.005818427391 w=6.246e-08 w/δ²=9.098 hc=1.04e-08 N=6038 nit=4 t=438s
   regrid: hc=2.60e-09 N=6132 ok=True hist=3.8e-08, 5.4e-13 lam=0.453609299578 p=2.005818428338
δ=4.142803e-05 lam=0.453593526988 p=2.005783353712 w=1.561e-08 w/δ²=9.098 hc=2.60e-09 N=6132 nit=4 t=496s
   regrid: hc=6.51e-10 N=6224 ok=True hist=3.9e-08, 4.8e-13 lam=0.453593527247 p=2.005783354431
δ=2.071401e-05 lam=0.453590456165 p=2.005766986856 w=3.903e-09 w/δ²=9.098 hc=6.51e-10 N=6224 nit=4 t=550s
   regrid: hc=1.63e-10 N=6316 ok=True hist=4.0e-08, 1.1e-12 lam=0.453590456119 p=2.005766987065
δ=1.035701e-05 lam=0.453589160121 p=2.005765728347 w=9.759e-10 w/δ²=9.098 hc=1.63e-10 N=6316 nit=4 t=607s
   regrid: hc=4.07e-11 N=6408 ok=True hist=4.2e-08, 2.2e-13 lam=0.453589160229 p=2.005765728288
δ=5.178503e-06 lam=0.453587457622 p=2.005769108643 w=2.440e-10 w/δ²=9.098 hc=4.07e-11 N=6408 nit=5 t=673s
