start: lam=0.4564328443 layer -0.960194 w=9.829e-04 δ(grid centre)=1.03570e-02 N=5486
      it 0: |F|=7.00e-06 g/δ=0.00e+00 lam=0.456432844337 argmin-ic=0
      it 1: |F|=4.98e-07 g/δ=-9.87e-09 lam=0.456433003574 argmin-ic=0
      it 2: |F|=1.23e-11 g/δ=2.64e-12 lam=0.456432923249 argmin-ic=0
      it 3: |F|=2.13e-13 g/δ=1.29e-13 lam=0.456432923247 argmin-ic=0
pinned solve ok=True: lam=0.456432923247 p=2.011829187368
δ=8.285606e-03 lam=0.455550279586 p=2.010253054321 w=6.237e-04 w/δ²=9.085 hc=4.10e-05 N=5486 nit=3 t=25s
   regrid: hc=2.60e-05 N=5518 ok=True hist=7.4e-08, 6.9e-11, 6.6e-13 lam=0.455550279659 p=2.010253054474
δ=5.302788e-03 lam=0.454687076398 p=2.007405718860 w=2.545e-04 w/δ²=9.052 hc=2.60e-05 N=5518 nit=4 t=74s
   regrid: hc=1.06e-05 N=5578 ok=True hist=1.0e-07, 2.1e-10, 1.2e-12 lam=0.454687077102 p=2.007405721560
δ=2.651394e-03 lam=0.454349316908 p=2.005206803860 w=6.388e-05 w/δ²=9.086 hc=1.06e-05 N=5578 nit=5 t=137s
   regrid: hc=2.66e-06 N=5670 ok=True hist=1.6e-07, 2.4e-10, 1.6e-12 lam=0.454349323491 p=2.005206830776
δ=1.325697e-03 lam=0.454198139669 p=2.005009455722 w=1.597e-05 w/δ²=9.089 hc=2.66e-06 N=5670 nit=5 t=210s
   regrid: hc=6.66e-07 N=5762 ok=True hist=7.9e-08, 3.3e-11, 1.3e-12 lam=0.454198145835 p=2.005009449141
δ=6.628484e-04 lam=0.453985292587 p=2.005430884000 w=3.997e-06 w/δ²=9.096 hc=6.66e-07 N=5762 nit=5 t=273s
   regrid: hc=1.67e-07 N=5854 ok=True hist=4.0e-08, 6.3e-12 lam=0.453985295687 p=2.005430873138
δ=3.314242e-04 lam=0.453786282058 p=2.005746402024 w=9.995e-07 w/δ²=9.099 hc=1.67e-07 N=5854 nit=4 t=322s
   regrid: hc=4.16e-08 N=5946 ok=True hist=3.9e-08, 1.1e-12 lam=0.453786282904 p=2.005746396850
δ=1.657121e-04 lam=0.453662948318 p=2.005838822644 w=2.499e-07 w/δ²=9.099 hc=4.16e-08 N=5946 nit=4 t=374s
   regrid: hc=1.04e-08 N=6038 ok=True hist=3.8e-08, 5.2e-11, 1.6e-12 lam=0.453662720020 p=2.005838832394
δ=8.285606e-05 lam=0.453606943350 p=2.005818527960 w=6.246e-08 w/δ²=9.098 hc=1.04e-08 N=6038 nit=4 t=438s
   regrid: hc=2.60e-09 N=6132 ok=True hist=3.7e-08, 2.0e-09, 3.8e-13 lam=0.453608463467 p=2.005818464348
