start: lam=0.4564328443 layer -0.960194 w=9.829e-04 δ(grid centre)=1.03570e-02 N=5486
      it 0: |F|=7.00e-06 g/δ=0.00e+00 lam=0.456432844337 argmin-ic=0
      it 1: |F|=4.98e-07 g/δ=-9.87e-09 lam=0.456433003574 argmin-ic=0
      it 2: |F|=1.23e-11 g/δ=2.62e-12 lam=0.456432923249 argmin-ic=0
      it 3: |F|=1.64e-12 g/δ=1.07e-13 lam=0.456432923247 argmin-ic=0
pinned solve ok=True: lam=0.456432923247 p=2.011829187368
δ=8.285606e-03 lam=0.455550279585 p=2.010253054321 w=6.237e-04 w/δ²=9.085 hc=4.10e-05 N=5486 nit=3 t=36s
   regrid: hc=2.60e-05 N=5518 ok=True hist=7.4e-08, 6.9e-11, 8.1e-13 lam=0.455550279660 p=2.010253054474
δ=5.302788e-03 lam=0.454687076399 p=2.007405718860 w=2.545e-04 w/δ²=9.052 hc=2.60e-05 N=5518 nit=4 t=90s
   regrid: hc=1.06e-05 N=5578 ok=True hist=1.0e-07, 2.1e-10, 7.2e-13 lam=0.454687077102 p=2.007405721560
δ=2.651394e-03 lam=0.454349316914 p=2.005206803860 w=6.388e-05 w/δ²=9.086 hc=1.06e-05 N=5578 nit=5 t=152s
   regrid: hc=2.66e-06 N=5670 ok=True hist=1.6e-07, 2.4e-10, 1.3e-12 lam=0.454349323514 p=2.005206830776
δ=1.325697e-03 lam=0.454198139635 p=2.005009455724 w=1.597e-05 w/δ²=9.089 hc=2.66e-06 N=5670 nit=5 t=215s
   regrid: hc=6.66e-07 N=5762 ok=True hist=7.9e-08, 3.3e-11, 4.8e-13 lam=0.454198145763 p=2.005009449144
δ=6.628484e-04 lam=0.453985293873 p=2.005430883933 w=3.997e-06 w/δ²=9.096 hc=6.66e-07 N=5762 nit=5 t=284s
   regrid: hc=1.67e-07 N=5854 ok=True hist=4.0e-08, 5.4e-12 lam=0.453985297522 p=2.005430873024
δ=3.314242e-04 lam=0.453786306110 p=2.005746400824 w=9.995e-07 w/δ²=9.099 hc=1.67e-07 N=5854 nit=4 t=343s
   regrid: hc=4.16e-08 N=5946 ok=True hist=3.9e-08, 2.0e-12 lam=0.453786300739 p=2.005746395967
δ=1.657121e-04 lam=0.453662866867 p=2.005838826278 w=2.499e-07 w/δ²=9.099 hc=4.16e-08 N=5946 nit=4 t=394s
   regrid: hc=1.04e-08 N=6038 ok=True hist=4.6e-08, 6.0e-12 lam=0.453662748072 p=2.005838831071
δ=8.285606e-05 lam=0.453609228037 p=2.005818430305 w=6.246e-08 w/δ²=9.099 hc=1.04e-08 N=6038 nit=4 t=455s
   regrid: hc=2.60e-09 N=6132 ok=True hist=3.7e-08, 1.1e-10, 1.3e-12 lam=0.453608702554 p=2.005818454053
δ=4.142803e-05 lam=0.453593219377 p=2.005783366799 w=1.562e-08 w/δ²=9.098 hc=2.60e-09 N=6132 nit=4 t=527s
   regrid: hc=6.51e-10 N=6224 ok=True hist=5.8e-07, 1.2e-09, 3.9e-13 lam=0.453594822813 p=2.005783301483
δ=2.071401e-05 lam=0.453578779169 p=2.005767487658 w=3.906e-09 w/δ²=9.104 hc=6.51e-10 N=6224 nit=4 t=591s
   regrid: hc=1.63e-10 N=6316 ok=True hist=1.2e-06, 1.8e-07, 6.8e-11, 9.9e-13 lam=0.453557690390 p=2.005768387750
δ=1.035701e-05 lam=0.453630359044 p=2.005763956756 w=9.828e-10 w/δ²=9.162 hc=1.63e-10 N=6316 nit=5 t=687s
   regrid: hc=4.09e-11 N=6408 ok=True hist=6.2e-06, 2.5e-04, 6.4e-07, 1.0e-08, 6.0e-13 lam=0.452798917036 p=2.005797985580
   step failed (hist 1.7e-04, 3.5e-03, 4.3e-03, 3.7e-03); fac -> 0.7500
