l0: lam=1.180777662899 ok=True N=5000
  mu=0.05: real []  complex [0.149+0.594j 0.942+0.043j]
  mu=0.10: real []  complex [-0.586+0.68j 26.971+0.j  ]
  mu=0.15: real []  complex [ 0.177+0.647j  0.434+0.522j -0.187+0.944j 16.882+0.001j]
  mu=0.20: real [13.3134]  complex [ 0.378+0.413j -0.567+0.054j]
  mu=0.25: real []  complex [-0.584+0.007j  0.332+0.502j  0.754+0.029j]
  mu=0.30: real []  complex [-0.487+0.578j -0.808+0.189j -0.976+0.047j  7.015+0.015j]
  mu=0.35: real []  complex [-0.345+0.286j -0.303+0.354j  0.379+0.52j   6.774+0.j   ]
  mu=0.40: real []  complex [-0.411+0.009j  0.494+0.069j  5.696+0.j   ]
  mu=0.45: real []  complex [ 0.425+0.248j -0.424+0.27j  -0.367+0.42j   0.151+0.572j]
  mu=0.50: real []  complex [3.502+0.02j]
  mu=0.55: real []  complex [0.225+0.179j 0.327+0.16j ]
  mu=0.60: real []  complex [0.176+0.006j 0.332+0.051j 2.495+0.017j]
  mu=0.65: real []  complex [0.144+0.j    0.177+0.j    0.317+0.003j 2.183+0.j   ]
  mu=0.70: real []  complex [0.143+0.j 0.223+0.j 0.311+0.j 1.928+0.j]
  mu=0.75: real [1.7122 0.2187 0.1718 0.1411]  complex [0.489+0.j]
  mu=0.80: real [1.5277 0.4684 0.2968 0.2146 0.1695 0.1394]  complex []
  mu=0.85: real [1.3685 0.449  0.2903 0.2106 0.1672 0.1377]  complex []
  mu=0.90: real [1.2299 0.4309 0.2842 0.2067 0.1651 0.1361]  complex []
  mu=0.95: real [1.108  0.4143 0.2783 0.2028 0.1631 0.1344]  complex []
  mu=1.00: real [1.     0.3993 0.2725 0.1991 0.1611 0.1328]  complex []
  mu=1.05: real [0.9033 0.3861 0.2667 0.1957 0.1591 0.1312]  complex []
  mu=1.10: real [0.816  0.3752 0.2604 0.1926 0.1569 0.1298]  complex []
  mu=1.15: real [0.736  0.367  0.2535 0.1901 0.1545 0.1286]  complex []
  mu=1.20: real [0.6615 0.3626 0.2452 0.1887 0.1515 0.1279]  complex []
  mu=1.25: real [0.5899 0.3634 0.2349 0.1891 0.1474 0.1282]  complex []
  mu=1.30: real [0.5158 0.3742 0.2205 0.1933 0.1409 0.1307]  complex []
  mu=1.35: real []  complex [0.134+0.008j 0.202+0.014j 0.417+0.037j]
  mu=1.40: real []  complex [0.132+0.013j 0.197+0.025j 0.391+0.081j]
  mu=1.45: real []  complex [0.129+0.016j 0.191+0.033j 0.368+0.105j]
  mu=1.50: real []  complex [0.127+0.02j  0.186+0.039j 0.347+0.12j ]
  mu=1.55: real []  complex [0.125+0.023j 0.182+0.044j 0.328+0.131j]
  mu=1.60: real []  complex [0.123+0.025j 0.177+0.048j 0.311+0.139j]
  mu=1.65: real []  complex [0.121+0.027j 0.172+0.052j 0.295+0.146j]
  mu=1.70: real []  complex [0.119+0.03j  0.168+0.055j 0.28 +0.15j ]
  mu=1.75: real []  complex [0.117+0.031j 0.163+0.058j 0.267+0.154j]
  mu=1.80: real []  complex [0.115+0.033j 0.159+0.061j 0.254+0.156j]
  mu=1.85: real []  complex [0.113+0.035j 0.155+0.063j 0.243+0.158j]
  mu=1.90: real []  complex [0.111+0.036j 0.151+0.065j 0.232+0.159j]
  mu=1.95: real []  complex [0.109+0.037j 0.147+0.067j 0.222+0.16j ]
  mu=2.00: real []  complex [0.107+0.039j 0.144+0.068j 0.212+0.16j ]
