l2: lam=0.471324227830 ok=True N=5130
  mu=0.05: real []  complex [ 0.996+0.j     1.307+0.003j -0.587+1.693j  6.424+0.028j]
  mu=0.10: real [33.4635  4.829   1.2537  0.9967  0.7747  0.6143]  complex []
  mu=0.15: real [25.033   3.7883  1.1883  0.995   0.7463  0.6096]  complex []
  mu=0.20: real [20.5539  3.0692  1.1287  0.9932  0.7203  0.6049]  complex []
  mu=0.25: real [17.6486  2.5544  1.0746  0.991   0.6965  0.6002]  complex []
  mu=0.30: real [15.5448  2.1736  1.0264  0.9868  0.675   0.5953]  complex []
  mu=0.35: real [13.9163  1.8846  0.998   0.9654  0.656   0.5898]  complex []
  mu=0.40: real [12.6     1.6608  0.9928  0.9223  0.6395  0.5837]  complex []
  mu=0.45: real [11.5044  1.485   0.9911  0.8765  0.6253  0.5772]  complex []
  mu=0.50: real [10.5727  1.3456  0.9902  0.8303  0.6119  0.5721]  complex []
  mu=0.55: real [9.7679 1.2343 0.9896 0.7844 0.5928 0.5746]  complex []
  mu=0.60: real [9.0639 1.1448 0.9892 0.741 ]  complex [0.576+0.024j]
  mu=0.65: real [8.4421 1.0723 0.9885 0.7046]  complex [0.567+0.044j]
  mu=0.70: real [7.8883 1.0155 0.9848 0.6807]  complex [0.554+0.063j]
  mu=0.75: real [7.3916 0.9955 0.9531 0.6691]  complex [0.538+0.078j]
  mu=0.80: real [6.9435 0.9945 0.9086 0.6657]  complex [0.521+0.09j]
  mu=0.85: real [6.5371 0.9952 0.8661 0.6679]  complex [0.506+0.097j]
  mu=0.90: real [6.1668 0.9966 0.8236 0.6758]  complex [0.492+0.102j]
  mu=0.95: real [5.828  0.9984 0.7749 0.6942]  complex [0.479+0.105j]
  mu=1.00: real [5.5168 1.0005]  complex [0.469+0.107j 0.721+0.042j]
  mu=1.05: real [5.2298 1.0031]  complex [0.46 +0.108j 0.709+0.07j ]
  mu=1.10: real [4.9644 1.006 ]  complex [0.452+0.109j 0.697+0.087j]
  mu=1.15: real [4.7182 1.0093]  complex [0.445+0.11j  0.687+0.101j]
  mu=1.20: real [4.4891 1.013 ]  complex [0.439+0.111j 0.677+0.112j]
  mu=1.25: real [4.2752 1.0171]  complex [0.434+0.112j 0.668+0.121j]
  mu=1.30: real [4.0751 1.0217]  complex [0.429+0.113j 0.659+0.129j]
  mu=1.35: real [3.8873 1.0268]  complex [0.424+0.114j 0.651+0.136j]
  mu=1.40: real [3.7106 1.0324]  complex [0.419+0.115j 0.643+0.142j]
  mu=1.45: real [3.544  1.0386]  complex [0.415+0.116j 0.635+0.148j]
  mu=1.50: real [3.3864 1.0455]  complex [0.411+0.117j 0.628+0.153j]
  mu=1.55: real [3.237 1.053]  complex [0.407+0.118j 0.621+0.158j]
  mu=1.60: real [3.0948 1.0614]  complex [0.403+0.119j 0.614+0.162j]
  mu=1.65: real [2.9593 1.0707]  complex [0.4  +0.12j  0.608+0.166j]
  mu=1.70: real [2.8295 1.0809]  complex [0.396+0.121j 0.602+0.17j ]
  mu=1.75: real [2.705  1.0924]  complex [0.393+0.122j 0.596+0.174j]
  mu=1.80: real [2.5848 1.1054]  complex [0.39+0.122j 0.59+0.177j]
  mu=1.85: real [2.4685 1.12  ]  complex [0.386+0.123j 0.584+0.18j ]
  mu=1.90: real [2.355  1.1367]  complex [0.383+0.124j 0.578+0.183j]
  mu=1.95: real [2.2436 1.1561]  complex [0.38 +0.125j 0.573+0.185j]
  mu=2.00: real [2.1329 1.179 ]  complex [0.377+0.126j 0.568+0.188j]
