# contour v2 U3: λ=0.2415660984 m=1.9999999989 hs=0.025 s_start=-30.0; R=[0.04,1.5]x[-2.5,2.5], k=16
μ=1.50000+0.00000i f=5.4892e-02+1.3309e-09j |ν_k|=0.173 ν≈1: 0.4683-0.2362j |ν|>0.5: [0.468-0.236j 0.468+0.236j] (60s)
μ=1.50000+0.25000i f=4.2406e-02+5.1812e-02j |ν_k|=0.168 ν≈1: 0.4510+0.1057j |ν|>0.5: [0.433-0.39j] (52s)
μ=1.50000+0.12500i f=5.1790e-02+2.5810e-02j |ν_k|=0.171 ν≈1: 0.4645+0.1666j |ν|>0.5: [0.459-0.312j] (55s)
μ=1.50000+0.50000i f=-1.7042e-02+8.8927e-02j |ν_k|=0.164 ν≈1: 0.4077+0.0106j |ν|>0.5: [0.335-0.527j] (52s)
μ=1.50000+0.37500i f=2.6524e-02+7.8329e-02j |ν_k|=0.165 ν≈1: 0.4313+0.0539j |ν|>0.5: [0.391-0.463j] (56s)
μ=1.50000+0.75000i f=-1.2186e-01+1.3522e-01j |ν_k|=0.157 ν≈1: 0.3552-0.0535j |ν|>0.5: [0.199-0.617j] (56s)
μ=1.50000+0.62500i f=-7.3119e-02+1.1850e-01j |ν_k|=0.162 ν≈1: 0.3819-0.0249j |ν|>0.5: [0.27-0.579j] (60s)
μ=1.50000+1.00000i f=-3.2841e-01+1.3133e-01j |ν_k|=0.155 ν≈1: 0.3032-0.0932j |ν|>0.5: [0.056-0.652j] (67s)
μ=1.50000+1.25000i f=-5.4638e-01+1.6163e-01j |ν_k|=0.158 ν≈1: 0.2566-0.1154j |ν|>0.5: [-0.07-0.642j] (63s)
μ=1.50000+1.50000i f=-9.7264e-01+2.0296e-01j |ν_k|=0.147 ν≈1: 0.2171-0.1264j |ν|>0.5: [-0.171-0.605j] (79s)
μ=1.50000+1.75000i f=-1.3617e+00+3.1743e-01j |ν_k|=0.151 ν≈1: 0.1843-0.1304j |ν|>0.5: [-0.245-0.553j] (78s)
μ=1.50000+2.00000i f=-1.7743e+00+5.1407e-01j |ν_k|=0.152 ν≈1: 0.1575-0.1301j |ν|>0.5: [-0.295-0.497j] (60s)
μ=1.50000+2.25000i f=-2.5404e+00+7.9889e-01j |ν_k|=0.148 ν≈1: 0.1356-0.1274j |ν|>0.5: [-0.326-0.443j] (62s)
μ=1.50000+2.50000i f=-3.3054e+00+2.9975e-01j |ν_k|=0.153 ν≈1: 0.1176-0.1234j |ν|>0.5: [-0.343-0.394j] (65s)
edge (1.5+0j) → (1.5+2.5j): accumulated Δarg/π = 0.9712
μ=1.25667+2.50000i f=-3.6462e+00-3.8603e-01j |ν_k|=0.159 ν≈1: 0.1118-0.1394j |ν|>0.5: [-0.392-0.401j -0.254-0.466j] (64s)
μ=1.01333+2.50000i f=-3.5056e+00-2.5240e+00j |ν_k|=0.159 ν≈1: 0.1026-0.1551j |ν|>0.5: [-0.452-0.398j -0.296-0.517j] (74s)
μ=0.77000+2.50000i f=-3.3789e+00-3.7824e+00j |ν_k|=0.173 ν≈1: 0.0900-0.1696j |ν|>0.5: [-0.352-0.574j -0.521-0.381j -0.118-0.505j] (60s)
μ=0.52667+2.50000i f=-3.0549e+00-5.4156e+00j |ν_k|=0.182 ν≈1: 0.0742-0.1818j |ν|>0.5: [-0.426-0.633j -0.596-0.346j -0.124-0.568j] (46s)
μ=0.28333+2.50000i f=-2.3529e+00-7.2842e+00j |ν_k|=0.195 ν≈1: 0.0555-0.1867j |ν|>0.5: [-0.524-0.69j  -0.67 -0.291j -0.135-0.646j] (44s)
μ=0.04000+2.50000i f=3.4106e+00-4.8747e-01j |ν_k|=0.292 ν≈1: 0.5028-0.1817j |ν|>0.5: [-0.203-1.016j  0.221-0.97j  -0.574-0.769j -0.615-0.689j  0.503-0.684j -0.737-0.215j  0.56 -0.383j -0.497-0.355j  0.503-0.182j] (32s)
μ=0.16167+2.50000i f=3.3438e+00-7.3440e+00j |ν_k|=0.290 ν≈1: 0.1658-0.2487j |ν|>0.5: [-0.583-0.715j -0.705-0.256j -0.144-0.691j] (27s)
μ=0.22250+2.50000i f=-1.8796e+00-7.5918e+00j |ν_k|=0.202 ν≈1: 0.0913-0.1806j |ν|>0.5: [-0.553-0.703j -0.688-0.274j -0.14 -0.668j] (45s)
μ=0.19208+2.50000i f=-1.6052e+00-7.6398e+00j |ν_k|=0.206 ν≈1: 0.1031-0.1784j |ν|>0.5: [-0.568-0.709j -0.697-0.265j -0.142-0.68j ] (44s)
μ=0.17688+2.50000i f=-1.5336e+00-8.3597e+00j |ν_k|=0.211 ν≈1: 0.0926-0.1898j |ν|>0.5: [-0.575-0.712j -0.701-0.261j -0.143-0.685j] (38s)
μ=0.16927+2.50000i f=-1.4616e+00-8.4718e+00j |ν_k|=0.212 ν≈1: 0.0834-0.2021j |ν|>0.5: [-0.579-0.714j -0.703-0.258j -0.144-0.688j] (51s)
μ=0.16547+2.50000i f=-1.1326e+00-8.6019e+00j |ν_k|=0.226 ν≈1: 0.0892-0.2078j |ν|>0.5: [-0.581-0.715j -0.704-0.257j -0.144-0.69j ] (38s)
μ=0.16357+2.50000i f=-1.2875e+00-9.0740e+00j |ν_k|=0.221 ν≈1: 0.0592-0.2185j |ν|>0.5: [-0.582-0.715j -0.705-0.256j -0.144-0.691j] (39s)
μ=0.16262+2.50000i f=-7.5722e-01-8.3238e+00j |ν_k|=0.223 ν≈1: 0.1027-0.1981j |ν|>0.5: [-0.583-0.715j -0.705-0.256j -0.144-0.691j] (34s)
μ=0.10083+2.50000i f=1.7078e+00-5.8309e+00j |ν_k|=0.273 ν≈1: 0.2349-0.1444j |ν|>0.5: [-0.616-0.727j -0.722-0.236j -0.15 -0.716j] (32s)
μ=0.07042+2.50000i f=2.5147e+00-2.8064e+00j |ν_k|=0.290 ν≈1: 0.3200-0.1288j |ν|>0.5: [-0.633-0.732j -0.729-0.225j -0.149-0.736j  0.068-0.622j -0.182-0.562j  0.238-0.505j] (37s)
μ=0.05521+2.50000i f=3.1549e+00-1.7575e+00j |ν_k|=0.291 ν≈1: 0.4152-0.2138j |ν|>0.5: [-0.641-0.734j -0.152-0.825j  0.127-0.77j  -0.733-0.22j  -0.329-0.64j   0.344-0.589j  0.425-0.379j -0.369-0.387j] (32s)
edge (1.5+2.5j) → (0.04+2.5j): accumulated Δarg/π = 1.9548
μ=0.04000+2.40000i f=2.1109e+00-8.7702e-01j |ν_k|=0.294 ν≈1: 0.5134-0.1818j |ν|>0.5: [-0.217-1.029j -0.623-0.833j  0.221-0.996j  0.516-0.702j -0.56 -0.643j -0.775-0.241j  0.574-0.39j  -0.48 -0.335j  0.513-0.182j] (27s)
μ=0.04000+2.30000i f=1.9473e+00-3.3325e-01j |ν_k|=0.297 ν≈1: 0.5245-0.1824j |ν|>0.5: [-0.628-0.887j -0.239-1.039j  0.219-1.024j  0.529-0.722j -0.815-0.272j -0.542-0.6j    0.589-0.397j -0.463-0.317j  0.524-0.182j] (27s)
μ=0.04000+2.20000i f=1.8989e+00-1.5321e-01j |ν_k|=0.301 ν≈1: 0.5354-0.1835j |ν|>0.5: [-0.611-0.929j -0.27 -1.048j  0.216-1.051j  0.541-0.743j -0.858-0.307j -0.528-0.559j  0.604-0.405j  0.535-0.184j -0.444-0.302j] (27s)
μ=0.04000+2.10000i f=1.8227e+00+1.5258e-02j |ν_k|=0.304 ν≈1: 0.5460-0.1846j |ν|>0.5: [-0.566-0.957j -0.318-1.058j  0.211-1.076j -0.905-0.348j  0.552-0.764j  0.618-0.413j -0.511-0.521j  0.546-0.185j -0.424-0.292j] (32s)
μ=0.04000+2.00000i f=1.7166e+00+1.7051e-01j |ν_k|=0.307 ν≈1: 0.5564-0.1851j |ν|>0.5: [-0.387-1.108j  0.203-1.099j -0.485-0.936j -0.956-0.396j  0.564-0.784j  0.632-0.421j -0.493-0.49j   0.556-0.185j] (32s)
μ=0.04000+1.90000i f=1.5832e+00+3.1116e-01j |ν_k|=0.310 ν≈1: 0.5673-0.1848j |ν|>0.5: [-0.391-1.197j  0.193-1.122j -1.012-0.451j  0.577-0.804j -0.453-0.867j  0.648-0.427j -0.476-0.466j  0.567-0.185j] (33s)
μ=0.04000+1.80000i f=1.4286e+00+4.3348e-01j |ν_k|=0.296 ν≈1: 0.5792-0.1840j |ν|>0.5: [-0.354-1.261j -1.072-0.517j  0.177-1.15j   0.592-0.825j -0.447-0.812j  0.665-0.434j -0.46 -0.449j  0.579-0.184j] (33s)
μ=0.04000+1.70000i f=8.8907e-01+5.7465e-01j |ν_k|=0.303 ν≈1: 0.5921-0.1835j |ν|>0.5: [-0.294-1.298j -1.138-0.595j  0.151-1.188j  0.608-0.848j -0.448-0.763j  0.684-0.442j -0.441-0.437j  0.592-0.184j] (32s)
μ=0.04000+1.60000i f=7.4469e-01+6.3481e-01j |ν_k|=0.308 ν≈1: 0.6055-0.1837j |ν|>0.5: [-1.211-0.688j -0.209-1.285j  0.108-1.256j  0.62 -0.873j -0.451-0.717j  0.703-0.451j  0.605-0.184j -0.413-0.429j] (32s)
μ=0.04000+1.50000i f=5.9454e-01+6.6586e-01j |ν_k|=0.303 ν≈1: 0.6186-0.1839j |ν|>0.5: [-1.29 -0.8j    0.116-1.388j -0.165-1.179j  0.628-0.9j    0.722-0.46j  -0.452-0.683j  0.619-0.184j -0.372-0.421j] (32s)
μ=0.04000+1.40000i f=4.4285e-01+6.6625e-01j |ν_k|=0.298 ν≈1: 0.6317-0.1834j |ν|>0.5: [-1.376-0.936j  0.206-1.466j  0.634-0.932j -0.193-1.093j  0.74 -0.468j -0.443-0.668j  0.632-0.183j -0.323-0.407j  0.503-0.042j] (32s)
μ=0.04000+1.30000i f=1.7337e-01+4.9066e-01j |ν_k|=0.283 ν≈1: 0.6459-0.1821j |ν|>0.5: [-1.468-1.104j  0.311-1.483j  0.637-0.976j -0.233-1.032j  0.76 -0.476j -0.417-0.668j  0.646-0.182j  0.512-0.038j] (40s)
μ=0.04000+1.20000i f=6.8484e-02+4.5388e-01j |ν_k|=0.288 ν≈1: 0.6611-0.1808j |ν|>0.5: [-1.565-1.312j  0.413-1.433j  0.64 -1.049j -0.289-0.988j  0.78 -0.486j -0.357-0.67j   0.661-0.181j  0.521-0.035j] (39s)
μ=0.04000+1.10000i f=-2.0406e-02+3.9512e-01j |ν_k|=0.283 ν≈1: 0.6760-0.1796j |ν|>0.5: [-1.664-1.573j  0.706-1.199j  0.433-1.262j -0.342-0.991j  0.797-0.5j    0.676-0.18j  -0.268-0.638j  0.53 -0.031j] (39s)
μ=0.04000+1.00000i f=3.1506e-02+2.5488e-01j |ν_k|=0.285 ν≈1: 0.6902-0.1775j |ν|>0.5: [-1.758-1.902j  0.888-1.213j  0.309-1.179j -0.341-1.038j  0.814-0.519j  0.69 -0.178j -0.186-0.582j  0.539-0.026j  0.236-0.465j] (33s)
μ=0.04000+0.90000i f=-2.3518e-02+1.6206e-01j |ν_k|=0.274 ν≈1: 0.7039-0.1750j |ν|>0.5: [-1.833-2.319j  1.009-1.14j  -0.27 -1.121j  0.187-1.13j   0.832-0.549j  0.704-0.175j  0.283-0.509j  0.548-0.02j  -0.107-0.516j] (41s)
μ=0.04000+0.80000i f=-5.6743e-02+1.1931e-01j |ν_k|=0.291 ν≈1: 0.7160-0.1735j |ν|>0.5: [-1.867-2.85j   1.073-1.014j -0.146-1.331j  0.852-0.599j  0.085-0.989j  0.716-0.173j  0.344-0.551j  0.558-0.014j] (35s)
μ=0.04000+0.70000i f=-6.9288e-02+7.3237e-02j |ν_k|=0.297 ν≈1: 0.7257-0.1740j |ν|>0.5: [-1.827-3.521j -0.081-1.565j  1.09 -0.797j  0.849-0.724j  0.158-0.851j  0.726-0.174j  0.416-0.593j  0.566-0.005j] (34s)
μ=0.04000+0.60000i f=-5.7672e-02+2.9913e-02j |ν_k|=0.266 ν≈1: 0.7339-0.1781j |ν|>0.5: [-1.664-4.358j  0.059-1.803j  1.178-0.604j  0.666-0.866j  0.546-0.674j  0.734-0.178j  0.309-0.636j  0.571+0.007j] (38s)
μ=0.04000+0.50000i f=-4.5004e-02+1.6329e-03j |ν_k|=0.281 ν≈1: 0.7417-0.1873j |ν|>0.5: [-1.322-5.394j  0.322-2.093j  1.193-0.473j  0.713-1.047j  0.662-0.608j  0.742-0.187j  0.408-0.423j  0.57 +0.018j  0.238-0.442j] (39s)
μ=0.04000+0.40000i f=-2.6500e-02-1.2207e-02j |ν_k|=0.274 ν≈1: 0.7499-0.2005j |ν|>0.5: [-0.734-6.7j    0.758-2.445j  0.932-1.089j  1.159-0.362j  0.744-0.556j  0.75 -0.2j    0.492-0.338j  0.56 +0.023j  0.272-0.434j] (38s)
μ=0.04000+0.30000i f=-1.3553e-02-1.0532e-02j |ν_k|=0.269 ν≈1: 1.1027-0.2674j |ν|>0.5: [0.192-8.513j 1.489-2.791j 1.275-1.052j 1.103-0.267j 0.866-0.441j 0.748-0.208j 0.51 -0.257j 0.554+0.014j 0.308-0.422j 0.484+0.175j] (39s)
μ=0.04000+0.20000i f=-2.4646e-03-1.0434e-02j |ν_k|=0.271 ν≈1: 1.0241-0.1933j |ν|>0.5: [1.851-1.171e+01j 2.699-2.874e+00j 1.656-8.735e-01j 1.051-2.995e-01j 1.024-1.933e-01j 0.73 -1.661e-01j 0.555+3.092e-03j 0.506-1.767e-01j 0.346-4.024e-01j 0.475+2.349e-01j] (40s)
μ=0.04000+0.25000i f=-7.5373e-03-1.1293e-02j |ν_k|=0.270 ν≈1: 1.0712-0.2301j |ν|>0.5: [0.867-9.826e+00j 2.025-2.896e+00j 1.467-9.856e-01j 1.071-2.301e-01j 0.951-3.693e-01j 0.738-1.948e-01j 0.554+8.850e-03j 0.51 -2.164e-01j 0.327-4.129e-01j 0.481+2.051e-01j] (39s)
μ=0.04000+0.10000i f=4.1544e-03-5.5812e-03j |ν_k|=0.273 ν≈1: 0.9794-0.0847j |ν|>0.5: [7.729-1.982e+01j 4.268-2.060e+00j 1.965-5.041e-01j 1.174-1.757e-01j 0.979-8.472e-02j 0.724-8.811e-02j 0.564-6.441e-03j 0.453+2.905e-01j 0.384-3.749e-01j] (39s)
μ=0.04000+0.15000i f=1.4617e-03-8.4029e-03j |ν_k|=0.272 ν≈1: 0.9935-0.1339j |ν|>0.5: [3.596-1.468e+01j 3.482-2.627e+00j 1.827-7.117e-01j 1.125-2.469e-01j 0.993-1.339e-01j 0.726-1.293e-01j 0.558-2.461e-03j 0.465+2.636e-01j 0.365-3.898e-01j 0.499-1.387e-01j] (37s)
μ=0.04000+0.00000i f=5.5792e-03+1.3692e-03j |ν_k|=0.274 ν≈1: 0.9691-0.0000j |ν|>0.5: [56.13 +5.277e-14j  5.104+1.239e-13j  2.085-6.024e-13j  1.213+7.523e-12j  0.969-2.641e-11j  0.723+1.160e-10j  0.572-4.720e-10j  0.421-3.377e-01j  0.421+3.377e-01j] (38s)
μ=0.04000+0.05000i f=5.5828e-03-2.2595e-03j |ν_k|=0.275 ν≈1: 0.9716-0.0412j |ν|>0.5: [21.938-2.758e+01j  4.874-1.146e+00j  2.054-2.615e-01j  1.203-9.120e-02j  0.972-4.124e-02j  0.723-4.453e-02j  0.57 -5.622e-03j  0.438+3.153e-01j  0.403-3.576e-01j] (39s)
μ=0.04000+0.07500i f=5.0290e-03-3.9696e-03j |ν_k|=0.273 ν≈1: 0.9748-0.0625j |ν|>0.5: [12.451-2.364e+01j  4.606-1.643e+00j  2.016-3.863e-01j  1.191-1.347e-01j  0.975-6.253e-02j  0.724-6.652e-02j  0.567-6.796e-03j  0.446+3.032e-01j  0.394-3.665e-01j] (33s)
μ=0.04000+0.02500i f=5.7909e-03-4.6606e-04j |ν_k|=0.276 ν≈1: 0.9697-0.0205j |ν|>0.5: [40.383-2.531e+01j  5.045-5.896e-01j  2.077-1.320e-01j  1.211-4.602e-02j  0.97 -2.049e-02j  0.723-2.231e-02j  0.572-3.161e-03j  0.43 +3.268e-01j  0.412-3.480e-01j] (32s)
edge (0.04+2.5j) → (0.04+0j): accumulated Δarg/π = 4.0766
RESULT U3: zeros in R = 4.0766 (nearest integer 4, deviation 0.077); max |ν_k| on ∂R = 0.310; unresolved jumps: 0; 61 evaluations
