# ipm_deep e5: λ 0.1339405 -> 0.06, Δz = 0.12, Nb=32 hs=0.0125 s_start=-20.0 tol=1e-10 start=ipm_deep_e1_lam0.1339405.npy (grid in: Nb=32 hs=0.0125 s_start=-20.0)
λ=0.1339405 z=7.4660: m−2=-2.3663e-08 D0=0.06697 vrmin=0.02435 dip s=-0.125 D̂_dip=0.3636 front s=0.075 max∂ₓR=7.83 |Ω_b+∂ₓR|/max=3.3e-02 t=80s
# ipm_deep e5: λ 0.1339405 -> 0.06, Δz = 0.12, Nb=32 hs=0.0125 s_start=-20.0 tol=1e-10 start=ipm_deep_e1_lam0.1339405.npy (grid in: Nb=32 hs=0.0125 s_start=-20.0)
# resumed after z = 7.4660 (1 points done)
λ=0.1318217 z=7.5860: m−2=+2.4642e-08 D0=0.06591 vrmin=0.02279 dip s=-0.125 D̂_dip=0.3458 front s=0.088 max∂ₓR=8.14 |Ω_b+∂ₓR|/max=3.4e-02 t=427s
λ=0.1297690 z=7.7060: m−2=+4.9834e-09 D0=0.06488 vrmin=0.02137 dip s=-0.112 D̂_dip=0.3293 front s=0.088 max∂ₓR=8.77 |Ω_b+∂ₓR|/max=3.7e-02 t=687s
λ=0.1277792 z=7.8260: m−2=-6.2743e-08 D0=0.06389 vrmin=0.02047 dip s=-0.100 D̂_dip=0.3204 front s=0.088 max∂ₓR=9.32 |Ω_b+∂ₓR|/max=4.7e-02 t=978s
λ=0.1258495 z=7.9460: m−2=+7.4423e-08 D0=0.06292 vrmin=0.01940 dip s=-0.100 D̂_dip=0.3083 front s=0.100 max∂ₓR=9.66 |Ω_b+∂ₓR|/max=4.6e-02 t=1262s
λ=0.1239772 z=8.0660: m−2=+2.3202e-08 D0=0.06199 vrmin=0.01799 dip s=-0.087 D̂_dip=0.2902 front s=0.100 max∂ₓR=10.46 |Ω_b+∂ₓR|/max=5.1e-02 t=1623s
λ=0.1221598 z=8.1860: m−2=-1.5198e-07 D0=0.06108 vrmin=0.01731 dip s=-0.075 D̂_dip=0.2834 front s=0.113 max∂ₓR=11.11 |Ω_b+∂ₓR|/max=6.3e-02 t=2021s
λ=0.1203949 z=8.3060: m−2=+1.3447e-07 D0=0.06020 vrmin=0.01643 dip s=-0.075 D̂_dip=0.2729 front s=0.113 max∂ₓR=11.47 |Ω_b+∂ₓR|/max=5.4e-02 t=2434s
λ=0.1186803 z=8.4260: m−2=+1.0689e-07 D0=0.05934 vrmin=0.01522 dip s=-0.062 D̂_dip=0.2565 front s=0.113 max∂ₓR=12.50 |Ω_b+∂ₓR|/max=6.9e-02 t=2873s
λ=0.1170138 z=8.5460: m−2=-2.9840e-07 D0=0.05851 vrmin=0.01504 dip s=-0.050 D̂_dip=0.2570 front s=0.125 max∂ₓR=13.08 |Ω_b+∂ₓR|/max=7.8e-02 t=3320s
λ=0.1153935 z=8.6660: m−2=+1.1391e-07 D0=0.05770 vrmin=0.01392 dip s=-0.050 D̂_dip=0.2413 front s=0.125 max∂ₓR=13.74 |Ω_b+∂ₓR|/max=5.9e-02 t=3787s
λ=0.1138174 z=8.7860: m−2=+3.2401e-07 D0=0.05691 vrmin=0.01322 dip s=-0.037 D̂_dip=0.2322 front s=0.125 max∂ₓR=14.72 |Ω_b+∂ₓR|/max=9.1e-02 t=4232s
λ=0.1122838 z=8.9060: m−2=-3.8912e-07 D0=0.05614 vrmin=0.01313 dip s=-0.037 D̂_dip=0.2339 front s=0.138 max∂ₓR=14.88 |Ω_b+∂ₓR|/max=7.8e-02 t=4680s
λ=0.1107910 z=9.0260: m−2=-1.6048e-07 D0=0.05540 vrmin=0.01202 dip s=-0.025 D̂_dip=0.2170 front s=0.138 max∂ₓR=16.22 |Ω_b+∂ₓR|/max=9.1e-02 t=5167s
λ=0.1093374 z=9.1460: m−2=+5.9196e-07 D0=0.05467 vrmin=0.01223 dip s=-0.012 D̂_dip=0.2238 front s=0.138 max∂ₓR=16.68 |Ω_b+∂ₓR|/max=1.0e-01 t=5670s
λ=0.1079214 z=9.2660: m−2=-1.0745e-07 D0=0.05396 vrmin=0.01122 dip s=-0.012 D̂_dip=0.2080 front s=0.150 max∂ₓR=17.61 |Ω_b+∂ₓR|/max=8.1e-02 t=6157s
λ=0.1065416 z=9.3860: m−2=-6.7410e-07 D0=0.05327 vrmin=0.01108 dip s=0.000 D̂_dip=0.2081 front s=0.150 max∂ₓR=18.35 |Ω_b+∂ₓR|/max=1.1e-01 t=6665s
λ=0.1051967 z=9.5060: m−2=+3.9254e-07 D0=0.05260 vrmin=0.01064 dip s=0.000 D̂_dip=0.2023 front s=0.150 max∂ₓR=18.93 |Ω_b+∂ₓR|/max=6.9e-02 t=7213s
λ=0.1038853 z=9.6260: m−2=+6.7268e-07 D0=0.05194 vrmin=0.01026 dip s=0.013 D̂_dip=0.1975 front s=0.163 max∂ₓR=19.93 |Ω_b+∂ₓR|/max=1.2e-01 t=7723s
λ=0.1026062 z=9.7460: m−2=-6.2488e-07 D0=0.05130 vrmin=0.01016 dip s=0.013 D̂_dip=0.1980 front s=0.163 max∂ₓR=20.26 |Ω_b+∂ₓR|/max=7.3e-02 t=8277s
λ=0.1013582 z=9.8660: m−2=-6.6651e-07 D0=0.05068 vrmin=0.00966 dip s=0.025 D̂_dip=0.1905 front s=0.163 max∂ₓR=21.42 |Ω_b+∂ₓR|/max=1.3e-01 t=8818s
λ=0.1001402 z=9.9860: m−2=+8.0246e-07 D0=0.05007 vrmin=0.00971 dip s=0.025 D̂_dip=0.1939 front s=0.175 max∂ₓR=21.62 |Ω_b+∂ₓR|/max=8.0e-02 t=9405s
λ=0.0989511 z=10.1060: m−2=+7.1248e-07 D0=0.04948 vrmin=0.00919 dip s=0.038 D̂_dip=0.1858 front s=0.175 max∂ₓR=22.83 |Ω_b+∂ₓR|/max=1.3e-01 t=9944s
λ=0.0977899 z=10.2260: m−2=-8.9467e-07 D0=0.04889 vrmin=0.00926 dip s=0.038 D̂_dip=0.1893 front s=0.175 max∂ₓR=23.06 |Ω_b+∂ₓR|/max=7.9e-02 t=10512s
