   (excluded: z = 9.386, 11 front points not tracked)
1. Phase coefficient I = D₀ Re Φ₀ and travel time T = ∫_{-10}^{cut} ds/D̂
   z        I        T      dI/dz    dT/dz   dI/dT
   2.118  1.22156  9.6691
   3.175  1.30803  9.8360   0.0818   0.1579   0.518
   4.140  1.38378  9.9403   0.0785   0.1081   0.726
   5.032  1.45091  10.0315   0.0752   0.1022   0.736
   5.861  1.51322  10.1126   0.0752   0.0978   0.768
   6.626  1.57136  10.1880   0.0760   0.0986   0.771
   7.316  1.62796  10.2602   0.0820   0.1046   0.784
   7.466  1.64148  10.2768   0.0921   0.1111   0.829
   7.586  1.65174  10.2903   0.0855   0.1125   0.760
   7.706  1.66393  10.3042   0.1016   0.1158   0.877
   7.826  1.67514  10.3183   0.0934   0.1175   0.795
   7.946  1.68781  10.3326   0.1056   0.1192   0.886
   8.066  1.69964  10.3471   0.0986   0.1208   0.816
   8.186  1.70714  10.3619   0.0625   0.1233   0.507
   8.306  1.72472  10.3767   0.1465   0.1233   1.188
   8.426  1.73005  10.3917   0.0444   0.1250   0.355
   8.546  1.74201  10.4067   0.0997   0.1250   0.797
   8.666  1.75452  10.4217   0.1042   0.1250   0.834
   8.786  1.76856  10.4366   0.1170   0.1242   0.942
   8.906  1.78080  10.4514   0.1020   0.1233   0.827
   9.026  1.79456  10.4661   0.1147   0.1225   0.936
   9.146  1.80703  10.4806   0.1039   0.1208   0.860
   9.266  1.81979  10.4949   0.1063   0.1192   0.892
   deep (z ≥ 7.45): dI/dz = 0.0984, dT/dz = 0.1222, dI/dT = 0.805 (rms of I about the line in T: 0.0022; about the line in z: 0.0023)
   shallow (3 < z < 7.4): dI/dT = 0.758
   Im Φ₀ per half-period of Re Φ₀ (π dImΦ/dReΦ): 2.65: -1.69, 3.66: -1.81, 4.59: -1.92, 5.45: -2.02, 6.24: -2.11, 6.97: -2.23, 7.53: -2.29, 8.49: -2.62, 9.09: -2.58

2. Geometry along the branch (travel-time table; deep states h_s = 0.0125 unless marked)
   z       D̂min(grid) D̂min(parab) w_core  cells  x_dip   x_cut   T_approach T_core  T_front   max∂ₓR  |Ω_b+∂ₓR|/max
   2.118  0.8194     0.8193     0.7625    62   0.3098  0.6841  -1.1235    0.8923   0.4273
   3.175  0.7353     0.7353     0.4000    33   0.5040  0.7790  -0.3401    0.5108   0.2457
   4.140  0.6657     0.6655     0.3000    25   0.6117  0.8265  -0.0083    0.4111   0.1645
   5.032  0.5971     0.5971     0.2375    20   0.6956  0.8753   0.1838    0.3514   0.1365
   5.861  0.5276     0.5265     0.2000    17   0.7633  0.9186   0.3336    0.3220   0.1023
   6.626  0.4515     0.4514     0.1625    14   0.8195  0.9577   0.4417    0.2901   0.1050
   7.316  0.3781     0.3733     0.1500    13   0.8673  0.9926   0.5208    0.2955   0.0952
   7.346  0.3717     0.3707     0.1562    26   0.8696  0.9941   0.5294    0.3081   0.0773
   7.376  0.3674     0.3674     0.1562    26   0.8715  0.9956   0.5290    0.3092   0.0800
   7.466  0.3636     0.3559     0.1500    13   0.8774  1.0001   0.5369    0.3023   0.0893    7.83   3.3e-02
   7.586  0.3458     0.3448     0.1500    13   0.8846  1.0061   0.5536    0.3085   0.0803    8.14   3.4e-02
   7.706  0.3293     0.3289     0.1375    12   0.8925  1.0121   0.5706    0.2925   0.0934    8.77   3.7e-02
   7.826  0.3204     0.3144     0.1375    12   0.9007  1.0181   0.5878    0.2999   0.0832    9.32   4.7e-02
   7.946  0.3083     0.3058     0.1375    12   0.9080  1.0241   0.6053    0.3066   0.0736    9.66   4.6e-02
   8.066  0.2902     0.2899     0.1375    12   0.9154  1.0301   0.6033    0.3105   0.0865   10.46   5.1e-02
   8.186  0.2834     0.2764     0.1375    12   0.9236  1.0360   0.6210    0.3187   0.0757   11.11   6.3e-02
   8.306  0.2729     0.2706     0.1375    12   0.9305  1.0419   0.6390    0.3257   0.0658   11.47   5.4e-02
   8.426  0.2565     0.2557     0.1375    12   0.9380  1.0477   0.6370    0.3308   0.0780   12.50   6.9e-02
   8.546  0.2570     0.2451     0.1375    12   0.9461  1.0535   0.6552    0.3390   0.0669   13.08   7.8e-02
   8.666  0.2413     0.2408     0.1375    12   0.9523  1.0593   0.6532    0.3428   0.0802   13.74   5.9e-02
   8.786  0.2322     0.2281     0.1375    12   0.9601  1.0649   0.6716    0.3520   0.0677   14.72   9.1e-02
   8.906  0.2339     0.2297     0.1375    12   0.9672  1.0706   0.6696    0.3545   0.0822   14.88   7.8e-02
   9.026  0.2170     0.2161     0.1375    12   0.9739  1.0762   0.6883    0.3647   0.0682   16.22   9.1e-02
   9.146  0.2238     0.2086     0.1500    13   0.9820  1.0818   0.6864    0.3933   0.0564   16.68   1.0e-01
   9.266  0.2080     0.2080     0.1375    12   0.9875  1.0874   0.7054    0.3769   0.0682   17.61   8.1e-02
   9.386  0.2081     0.1981     0.1500    13   0.9955  1.0928   0.7034    0.4061   0.0553   18.35   1.1e-01
   9.506  0.2023     0.2020     0.1375    12   1.0010  1.0983   0.7227    0.3887   0.0675   18.93   6.9e-02

3. Asymptotic class of the phase (fits to I(z), z ≥ 4)
   (A) a + bz + cz²: c = +0.00344, χ² = 139.8 for 20 dof
       linear only: b = 0.0806, χ² = 1146.8 for 21 dof
   (B) pole  C/(z_c − z): best z_c = 11.9 (χ² 33.0, C = +0.4129); Δχ² ≤ 4 for z_c ∈ [11.3, 13] → λ_c ∈ [0.0769, 0.0885]; χ² at z_c = 27 (λ_c = 0.037): 94.9
   (C) log  −ln(1 − z/z_c): best z_c = 10.5 (χ² 36.0, C = +0.0844); Δχ² ≤ 4 for z_c ∈ [10.1, 11] → λ_c ∈ [0.0893, 0.0990]; χ² at z_c = 27 (λ_c = 0.037): 108.7
   deep range only (z ≥ 7.45; σ = rms scatter about a line):
     I: slope 0.0984, curvature c = +0.0054 ± 0.0017 (scatter 0.0024)
     T: slope 0.1222, curvature c = +0.00203 ± 0.00055 (scatter 0.00083)
     pole: best z_c = 10.2 (C = +0.0266); Δχ² ≤ 4 for z_c ∈ [9.5, 1000]
     log: best z_c = 9.8 (C = +0.0184); Δχ² ≤ 4 for z_c ∈ [9.5, 1000]

4. Finite termination indicators (deep states, h_s = 0.0125)
   D̂_min (grid) : slope -0.1068/unit z on z ∈ [7.45, 8.5], -0.0230 on the last unit; linear zero of the last-unit fit at z_e = 18.3; log-slope -0.348 → -0.116
   1/max ∂ₓR     : slope -0.0497/unit z on z ∈ [7.45, 8.5], -0.0142 on the last unit; linear zero of the last-unit fit at z_e = 13.2; log-slope -0.484 → -0.288
   fine-grid check: z=8.0660 shift=0.000 hs=0.00625 Nb=32 s_start=-20.0 s_max=100.0 src=ipm_deep_e5_lam0.1239772.npy: |R|=7.3e-13 m-2=+1.035588e-09 t=1354s
   fine-grid check: z=8.7860 shift=0.000 hs=0.00625 Nb=32 s_start=-20.0 s_max=100.0 src=ipm_deep_e5_lam0.1138174.npy: |R|=9.1e-13 m-2=+2.006029e-09 t=1515s
