# contour v2 U0: λ=1.0285722975 m=2.0000000000 hs=0.025 s_start=-30.0; R=[0.04,1.5]x[-1.5,1.5], k=16
μ=1.50000+0.00000i f=1.5497e-01-2.3878e-03j |ν_k|=0.043 ν≈1: 0.4077-0.0000j |ν|>0.5: [] (40s)
μ=1.50000+0.25000i f=1.5775e-01+7.1753e-02j |ν_k|=0.044 ν≈1: 0.3949-0.1795j |ν|>0.5: [] (31s)
μ=1.50000+0.50000i f=1.6798e-01+1.4048e-01j |ν_k|=0.044 ν≈1: 0.3177-0.3018j |ν|>0.5: [] (30s)
μ=1.50000+0.75000i f=1.8552e-01+2.0772e-01j |ν_k|=0.044 ν≈1: 0.2141-0.0987j |ν|>0.5: [] (29s)
μ=1.50000+1.00000i f=2.1046e-01+2.8361e-01j |ν_k|=0.044 ν≈1: 0.1714-0.1346j |ν|>0.5: [] (29s)
μ=1.50000+1.25000i f=2.4191e-01+3.4731e-01j |ν_k|=0.045 ν≈1: 0.1412-0.0810j |ν|>0.5: [] (30s)
μ=1.50000+1.50000i f=2.8004e-01+4.0693e-01j |ν_k|=0.046 ν≈1: 0.1212-0.0873j |ν|>0.5: [] (29s)
edge (1.5+0j) → (1.5+1.5j): accumulated Δarg/π = 0.3130
μ=1.25667+1.50000i f=2.2127e-01+4.4950e-01j |ν_k|=0.048 ν≈1: 0.1273-0.1093j |ν|>0.5: [] (28s)
μ=1.01333+1.50000i f=1.5855e-01+4.8106e-01j |ν_k|=0.050 ν≈1: 0.1357-0.1343j |ν|>0.5: [] (29s)
μ=0.77000+1.50000i f=8.8216e-02+5.3314e-01j |ν_k|=0.052 ν≈1: 0.1458-0.1635j |ν|>0.5: [-0.315-0.488j] (30s)
μ=0.52667+1.50000i f=1.0198e-02+5.9127e-01j |ν_k|=0.054 ν≈1: 0.1573-0.1986j |ν|>0.5: [-0.474-0.493j] (29s)
μ=0.28333+1.50000i f=-7.6748e-02+6.5526e-01j |ν_k|=0.057 ν≈1: 0.1699-0.2419j |ν|>0.5: [-0.657-0.432j  0.046-0.515j] (34s)
μ=0.04000+1.50000i f=-1.4837e-01+6.1960e-01j |ν_k|=0.066 ν≈1: 0.3408-0.1447j |ν|>0.5: [-0.849-0.338j  0.254-0.71j ] (29s)
edge (1.5+1.5j) → (0.04+1.5j): accumulated Δarg/π = 0.5797
μ=0.04000+1.40000i f=-1.8039e-01+5.9916e-01j |ν_k|=0.066 ν≈1: 0.3645-0.1580j |ν|>0.5: [-0.964-0.374j  0.256-0.803j] (30s)
μ=0.04000+1.30000i f=-2.0839e-01+5.7419e-01j |ν_k|=0.067 ν≈1: 0.3914-0.1727j |ν|>0.5: [-1.071-0.414j  0.262-0.894j] (30s)
μ=0.04000+1.20000i f=-2.3176e-01+5.4479e-01j |ν_k|=0.069 ν≈1: 0.4212-0.1888j |ν|>0.5: [-1.17 -0.474j  0.262-0.971j] (25s)
μ=0.04000+1.10000i f=-2.5042e-01+5.1084e-01j |ν_k|=0.070 ν≈1: 0.4537-0.2072j |ν|>0.5: [-1.259-0.575j  0.246-1.02j ] (26s)
μ=0.04000+1.00000i f=-2.4282e-01+4.4509e-01j |ν_k|=0.062 ν≈1: 0.4883-0.2305j |ν|>0.5: [-1.338-0.753j  0.202-1.016j  0.488-0.23j ] (30s)
μ=0.04000+0.90000i f=-2.3353e-01+4.2136e-01j |ν_k|=0.062 ν≈1: 0.5263-0.2645j |ν|>0.5: [-1.433-1.074j  0.138-0.907j  0.526-0.265j] (30s)
μ=0.04000+0.80000i f=-2.5466e-01+3.7325e-01j |ν_k|=0.064 ν≈1: 0.5795-0.3210j |ν|>0.5: [-1.632-1.578j  0.115-0.668j  0.579-0.321j] (25s)
μ=0.04000+0.70000i f=-2.7384e-01+3.1809e-01j |ν_k|=0.065 ν≈1: 0.6887-0.3818j |ν|>0.5: [-1.977-2.224j  0.689-0.382j] (24s)
μ=0.04000+0.60000i f=-2.9461e-01+2.5694e-01j |ν_k|=0.067 ν≈1: 0.8197-0.3875j |ν|>0.5: [-2.42-3.044j  0.82-0.387j] (25s)
μ=0.04000+0.50000i f=-3.1847e-01+1.9255e-01j |ν_k|=0.068 ν≈1: 0.9261-0.3630j |ν|>0.5: [-2.915-4.144j  0.926-0.363j] (24s)
μ=0.04000+0.40000i f=-3.5185e-01+1.2146e-01j |ν_k|=0.068 ν≈1: 0.9990-0.3301j |ν|>0.5: [-3.369-5.722j  0.999-0.33j ] (24s)
μ=0.04000+0.30000i f=-3.9778e-01+6.1458e-02j |ν_k|=0.067 ν≈1: 1.0295-0.2942j |ν|>0.5: [-3.553-8.197j  1.03 -0.294j] (24s)
μ=0.04000+0.20000i f=-4.4712e-01+1.8779e-02j |ν_k|=0.067 ν≈1: 1.0111-0.2414j |ν|>0.5: [-2.71 -12.733j  1.011 -0.241j] (29s)
μ=0.04000+0.10000i f=-4.8813e-01-3.3971e-03j |ν_k|=0.064 ν≈1: 0.9654-0.1416j |ν|>0.5: [3.805-23.648j 0.965 -0.142j] (29s)
μ=0.04000+0.00000i f=-5.0854e-01+1.7779e-02j |ν_k|=0.059 ν≈1: 0.9438-0.0000j |ν|>0.5: [63.652-2.522e-14j  0.944-2.056e-14j] (30s)
edge (0.04+1.5j) → (0.04+0j): accumulated Δarg/π = 0.9938
RESULT U0: zeros in R = 0.9938 (nearest integer 1, deviation 0.006); max |ν_k| on ∂R = 0.070; unresolved jumps: 0; 28 evaluations
