file                                z       T_tot   inner  approach  dipcore   front   D̂min_g  D̂min_p   w_core  cells   x_dip   x_cut
_ss-20.0_sm100.0_lam0.47212973.npy  2.1181   9.6691   9.4730  -1.1235   0.8923   0.4273  0.8194  0.8193   0.7625    62   0.3098  0.6841
_ss-20.0_sm100.0_lam0.31496181.npy  3.1750   9.8360   9.4196  -0.3401   0.5108   0.2457  0.7353  0.7353   0.4000    33   0.5040  0.7790
_ss-20.0_sm100.0_lam0.24156634.npy  4.1396   9.9403   9.3729  -0.0083   0.4111   0.1645  0.6657  0.6655   0.3000    25   0.6117  0.8265
_ss-20.0_sm100.0_lam0.19872245.npy  5.0321  10.0315   9.3598   0.1838   0.3514   0.1365  0.5971  0.5971   0.2375    20   0.6956  0.8753
_ss-20.0_sm100.0_lam0.17061809.npy  5.8610  10.1126   9.3547   0.3336   0.3220   0.1023  0.5276  0.5265   0.2000    17   0.7633  0.9186
ipm_scan_h7_z7.3160.npy             7.3160  10.2602   9.3487   0.5207   0.3065   0.0842  0.3750  0.3746   0.1562    26   0.8675  0.9926
ipm_h7x_z7.3460.npy                 7.3460  10.2635   9.3486   0.5294   0.3081   0.0773  0.3717  0.3707   0.1562    26   0.8696  0.9941
ipm_scan_h7_z7.3760.npy             7.3760  10.2668   9.3486   0.5290   0.3092   0.0800  0.3674  0.3674   0.1562    26   0.8715  0.9956
pm_noise_lam0.1509200_hs0.0125.npy  6.6260  10.1880   9.3511   0.4417   0.2901   0.1050  0.4515  0.4514   0.1625    14   0.8195  0.9577
ipm_scan_p7_z7.3160.npy             7.3160  10.2602   9.3487   0.5208   0.2955   0.0952  0.3781  0.3733   0.1500    13   0.8673  0.9926
ipm_deep_e5_lam0.1339405.npy        7.4660  10.2768   9.3483   0.5369   0.3023   0.0893  0.3636  0.3559   0.1500    13   0.8774  1.0001
ipm_deep_e5_lam0.1318217.npy        7.5860  10.2903   9.3480   0.5536   0.3085   0.0803  0.3458  0.3448   0.1500    13   0.8846  1.0061
ipm_deep_e5_lam0.1297690.npy        7.7060  10.3042   9.3476   0.5706   0.2925   0.0934  0.3293  0.3289   0.1375    12   0.8925  1.0121
ipm_deep_e5_lam0.1277792.npy        7.8260  10.3183   9.3473   0.5878   0.2999   0.0832  0.3204  0.3144   0.1375    12   0.9007  1.0181
ipm_deep_e5_lam0.1258495.npy        7.9460  10.3326   9.3470   0.6053   0.3066   0.0736  0.3083  0.3058   0.1375    12   0.9080  1.0241
ipm_deep_e5_lam0.1239772.npy        8.0660  10.3471   9.3468   0.6033   0.3105   0.0865  0.2902  0.2899   0.1375    12   0.9154  1.0301
ipm_deep_e5_lam0.1221598.npy        8.1860  10.3619   9.3465   0.6210   0.3187   0.0757  0.2834  0.2764   0.1375    12   0.9236  1.0360
ipm_deep_e5_lam0.1203949.npy        8.3060  10.3767   9.3462   0.6390   0.3257   0.0658  0.2729  0.2706   0.1375    12   0.9305  1.0419
ipm_deep_e5_lam0.1186803.npy        8.4260  10.3917   9.3460   0.6370   0.3308   0.0780  0.2565  0.2557   0.1375    12   0.9380  1.0477
ipm_deep_e5_lam0.1170138.npy        8.5460  10.4067   9.3457   0.6552   0.3390   0.0669  0.2570  0.2451   0.1375    12   0.9461  1.0535
ipm_deep_e5_lam0.1153935.npy        8.6660  10.4217   9.3455   0.6532   0.3428   0.0802  0.2413  0.2408   0.1375    12   0.9523  1.0593
ipm_deep_e5_lam0.1138174.npy        8.7860  10.4366   9.3452   0.6716   0.3520   0.0677  0.2322  0.2281   0.1375    12   0.9601  1.0649
ipm_deep_e5_lam0.1122838.npy        8.9060  10.4514   9.3450   0.6696   0.3545   0.0822  0.2339  0.2297   0.1375    12   0.9672  1.0706
ipm_deep_e5_lam0.1107910.npy        9.0260  10.4661   9.3448   0.6883   0.3647   0.0682  0.2170  0.2161   0.1375    12   0.9739  1.0762
ipm_deep_e5_lam0.1093374.npy        9.1460  10.4806   9.3446   0.6864   0.3933   0.0564  0.2238  0.2086   0.1500    13   0.9820  1.0818
ipm_deep_e5_lam0.1079214.npy        9.2660  10.4949   9.3444   0.7054   0.3769   0.0682  0.2080  0.2080   0.1375    12   0.9875  1.0874
ipm_deep_e5_lam0.1065416.npy        9.3860  10.5091   9.3442   0.7034   0.4061   0.0553  0.2081  0.1981   0.1500    13   0.9955  1.0928
ipm_deep_e5_lam0.1051967.npy        9.5060  10.5229   9.3440   0.7227   0.3887   0.0675  0.2023  0.2020   0.1375    12   1.0010  1.0983
