# contour v2 U4: λ=0.1987299872 m=2.0000001535 hs=0.025 s_start=-30.0; R=[0.04,1.5]x[-2.5,2.5], k=16
μ=1.50000+0.00000i f=4.9130e-02+1.5126e-10j |ν_k|=0.210 ν≈1: 0.4855+0.2593j |ν|>0.5: [0.485+0.259j 0.485-0.259j] (36s)
μ=1.50000+0.25000i f=1.0819e-02+6.5548e-02j |ν_k|=0.201 ν≈1: 0.4669+0.1192j |ν|>0.5: [0.45-0.425j] (37s)
μ=1.50000+0.12500i f=3.3041e-02+4.4693e-02j |ν_k|=0.206 ν≈1: 0.4811+0.1846j |ν|>0.5: [0.476-0.341j 0.481+0.185j] (36s)
μ=1.50000+0.06250i f=4.1087e-02+3.3083e-02j |ν_k|=0.206 ν≈1: 0.4848+0.2208j |ν|>0.5: [0.483-0.299j 0.485+0.221j] (30s)
μ=1.50000+0.03125i f=4.4353e-02+2.7013e-02j |ν_k|=0.206 ν≈1: 0.4855+0.2398j |ν|>0.5: [0.485-0.279j 0.486+0.24j ] (31s)
μ=1.50000+0.01562i f=4.9059e-02+3.3840e-03j |ν_k|=0.208 ν≈1: 0.4856+0.2495j |ν|>0.5: [0.485-0.269j 0.486+0.249j] (29s)
μ=1.50000+0.50000i f=-4.6300e-02+1.3157e-01j |ν_k|=0.194 ν≈1: 0.4216+0.0171j |ν|>0.5: [0.353-0.575j] (33s)
μ=1.50000+0.75000i f=-1.9368e-01+1.0175e-01j |ν_k|=0.195 ν≈1: 0.3672-0.0517j |ν|>0.5: [0.217-0.677j] (28s)
μ=1.50000+0.62500i f=-1.2413e-01+1.0030e-01j |ν_k|=0.195 ν≈1: 0.3948-0.0210j |ν|>0.5: [0.288-0.633j] (28s)
μ=1.50000+0.56250i f=-9.5021e-02+9.7823e-02j |ν_k|=0.194 ν≈1: 0.4084-0.0029j |ν|>0.5: [0.321-0.606j] (29s)
μ=1.50000+1.00000i f=-4.8961e-01+5.2649e-02j |ν_k|=0.195 ν≈1: 0.3133-0.0944j |ν|>0.5: [0.075-0.723j] (34s)
μ=1.50000+1.25000i f=-8.2762e-01+3.5300e-03j |ν_k|=0.195 ν≈1: 0.2651-0.1186j |ν|>0.5: [-0.052-0.723j  0.046-0.522j] (35s)
μ=1.50000+1.50000i f=-1.2911e+00-3.0187e-02j |ν_k|=0.193 ν≈1: 0.2241-0.1307j |ν|>0.5: [-0.153-0.695j -0.018-0.546j] (39s)
μ=1.50000+1.75000i f=-2.0194e+00-9.8049e-01j |ν_k|=0.189 ν≈1: 0.1903-0.1353j |ν|>0.5: [-0.226-0.652j -0.082-0.554j] (46s)
μ=1.50000+2.00000i f=-2.8161e+00-1.2018e+00j |ν_k|=0.191 ν≈1: 0.1625-0.1354j |ν|>0.5: [-0.276-0.607j -0.143-0.546j] (45s)
μ=1.50000+2.25000i f=-3.7791e+00-1.2901e+00j |ν_k|=0.193 ν≈1: 0.1399-0.1329j |ν|>0.5: [-0.309-0.569j -0.195-0.521j] (41s)
μ=1.50000+2.50000i f=-5.5717e+00-1.6317e+00j |ν_k|=0.195 ν≈1: 0.0207+0.1952j |ν|>0.5: [-0.336-0.54j  -0.225-0.483j] (38s)
edge (1.5+0j) → (1.5+2.5j): accumulated Δarg/π = 1.0907
μ=1.25667+2.50000i f=-5.6183e+00-2.9966e+00j |ν_k|=0.196 ν≈1: 0.0253+0.1939j |ν|>0.5: [-0.357-0.568j -0.284-0.498j -0.157-0.51j ] (37s)
μ=1.01333+2.50000i f=-3.5288e+00-6.8518e+00j |ν_k|=0.213 ν≈1: 0.0329+0.2161j |ν|>0.5: [-0.371-0.621j -0.375-0.491j -0.157-0.565j] (37s)
μ=1.13500+2.50000i f=-3.9893e+00-5.9647e+00j |ν_k|=0.204 ν≈1: 0.0304+0.2170j |ν|>0.5: [-0.361-0.589j -0.33 -0.5j   -0.157-0.537j] (38s)
μ=0.77000+2.50000i f=-2.2254e+00-8.8571e+00j |ν_k|=0.217 ν≈1: 0.0376+0.2141j |ν|>0.5: [-0.416-0.69j  -0.459-0.463j -0.157-0.627j] (37s)
μ=0.52667+2.50000i f=4.8685e+00-1.0887e+01j |ν_k|=0.230 ν≈1: 0.0233-0.2405j |ν|>0.5: [-0.487-0.761j -0.16 -0.702j -0.544-0.422j -0.042-0.535j] (38s)
μ=0.64833+2.50000i f=3.1286e+00-1.0175e+01j |ν_k|=0.220 ν≈1: 0.0182-0.2336j |ν|>0.5: [-0.448-0.726j -0.158-0.663j -0.501-0.444j -0.051-0.515j] (44s)
μ=0.70917+2.50000i f=-1.8036e+00-9.4119e+00j |ν_k|=0.217 ν≈1: 0.0388+0.2135j |ν|>0.5: [-0.432-0.708j -0.157-0.645j -0.48 -0.454j -0.054-0.505j] (40s)
μ=0.28333+2.50000i f=9.6412e+00-1.1657e+01j |ν_k|=0.267 ν≈1: 0.0603-0.2611j |ν|>0.5: [-0.585-0.83j  -0.169-0.793j -0.626-0.362j -0.022-0.578j -0.337-0.391j] (38s)
μ=0.04000+2.50000i f=7.1381e-01+4.8378e+00j |ν_k|=0.391 ν≈1: 0.5719-0.2210j |ν|>0.5: [ 0.002-1.188j -0.38 -1.103j -0.717-0.912j  0.387-1.019j -0.633-0.726j  0.598-0.708j  0.63 -0.42j  -0.7  -0.28j  -0.597-0.432j  0.572-0.221j -0.489-0.263j  0.492-0.1j  ] (27s)
μ=0.16167+2.50000i f=8.0029e+00+5.1756e+00j |ν_k|=0.424 ν≈1: 0.3487-0.2414j |ν|>0.5: [-0.646-0.862j -0.176-0.846j -0.665-0.324j -0.01 -0.602j -0.007-0.548j -0.093-0.529j -0.367-0.389j  0.074-0.525j -0.163-0.491j  0.143-0.486j] (19s)
μ=0.22250+2.50000i f=1.0293e+01-8.7373e+00j |ν_k|=0.275 ν≈1: 0.1129-0.2574j |ν|>0.5: [-0.614-0.846j -0.172-0.819j -0.646-0.344j -0.016-0.59j  -0.352-0.39j ] (35s)
μ=0.19208+2.50000i f=1.0351e+01-8.6671e+00j |ν_k|=0.276 ν≈1: 0.1321-0.2467j |ν|>0.5: [-0.63 -0.854j -0.174-0.832j -0.656-0.334j -0.013-0.597j -0.359-0.39j ] (39s)
μ=0.17688+2.50000i f=1.1259e+01-7.2539e+00j |ν_k|=0.285 ν≈1: 0.1243-0.2731j |ν|>0.5: [-0.638-0.858j -0.175-0.839j -0.66 -0.329j -0.011-0.6j   -0.363-0.389j] (37s)
μ=0.16927+2.50000i f=1.2283e+01-7.8145e+00j |ν_k|=0.285 ν≈1: 0.1341-0.2641j |ν|>0.5: [-0.642-0.86j  -0.176-0.842j -0.663-0.327j -0.01 -0.601j -0.365-0.389j] (31s)
μ=0.16547+2.50000i f=1.0532e+01-6.2461e+00j |ν_k|=0.294 ν≈1: 0.1553-0.2501j |ν|>0.5: [-0.644-0.861j -0.176-0.844j -0.664-0.325j -0.01 -0.602j -0.366-0.389j] (30s)
μ=0.16357+2.50000i f=1.0619e+01-6.4635e+00j |ν_k|=0.289 ν≈1: 0.1328-0.2577j |ν|>0.5: [-0.645-0.861j -0.176-0.845j -0.665-0.325j -0.01 -0.603j -0.367-0.389j] (29s)
μ=0.16262+2.50000i f=1.3382e+01-6.3473e+00j |ν_k|=0.304 ν≈1: 0.1305-0.2746j |ν|>0.5: [-0.646-0.862j -0.176-0.845j -0.665-0.324j -0.01 -0.603j -0.367-0.389j] (31s)
  UNRESOLVED Δarg=1.017 between 0.162617+2.500000j and 0.161667+2.500000j; min|1−ν| there = 6.95e-01
μ=0.10083+2.50000i f=1.1751e+01-1.6777e+00j |ν_k|=0.326 ν≈1: 0.2413-0.2462j |ν|>0.5: [-0.68 -0.876j -0.181-0.874j -0.683-0.303j -0.003-0.616j -0.383-0.387j] (37s)
μ=0.13125+2.50000i f=1.2295e+01-5.2912e+00j |ν_k|=0.307 ν≈1: 0.1660-0.2589j |ν|>0.5: [-0.663-0.869j -0.179-0.86j  -0.674-0.314j -0.006-0.61j  -0.375-0.388j] (28s)
μ=0.14646+2.50000i f=1.1572e+01-7.8769e+00j |ν_k|=0.280 ν≈1: 0.1422-0.2500j |ν|>0.5: [-0.654-0.866j -0.177-0.853j -0.67 -0.319j -0.008-0.606j -0.371-0.388j] (37s)
μ=0.15406+2.50000i f=1.2832e+01-7.6650e+00j |ν_k|=0.287 ν≈1: 0.1319-0.2764j |ν|>0.5: [-0.65 -0.864j -0.177-0.849j -0.667-0.322j -0.009-0.605j -0.369-0.389j] (33s)
μ=0.15786+2.50000i f=1.0416e+01-5.4772e+00j |ν_k|=0.297 ν≈1: 0.1588-0.2511j |ν|>0.5: [-0.648-0.863j -0.177-0.847j -0.666-0.323j -0.009-0.604j -0.368-0.389j] (29s)
μ=0.15977+2.50000i f=1.0894e+01-5.9039e+00j |ν_k|=0.297 ν≈1: 0.1568-0.2520j |ν|>0.5: [-0.647-0.862j -0.176-0.847j -0.666-0.323j -0.009-0.603j -0.368-0.389j] (33s)
μ=0.16072+2.50000i f=1.0459e+01-5.1436e+00j |ν_k|=0.289 ν≈1: 0.1502-0.2468j |ν|>0.5: [-0.647-0.862j -0.176-0.846j -0.665-0.324j -0.009-0.603j -0.367-0.389j] (31s)
  UNRESOLVED Δarg=-1.031 between 0.161667+2.500000j and 0.160716+2.500000j; min|1−ν| there = 8.85e-01
μ=0.07042+2.50000i f=7.4965e+00+4.7939e+00j |ν_k|=0.368 ν≈1: 0.3595-0.1700j |ν|>0.5: [-0.698-0.883j -0.186-0.888j -0.692-0.292j -0.058-0.729j  0.132-0.674j -0.241-0.597j  0.277-0.536j -0.387-0.384j  0.354-0.392j -0.308-0.415j] (28s)
μ=0.08563+2.50000i f=1.4074e+01+4.0766e+00j |ν_k|=0.374 ν≈1: 0.2997-0.2596j |ν|>0.5: [-0.689-0.88j  -0.182-0.882j -0.688-0.298j -0.019-0.621j  0.042-0.571j -0.387-0.386j -0.146-0.518j] (23s)
μ=0.05521+2.50000i f=3.3451e+00+3.9591e+00j |ν_k|=0.382 ν≈1: 0.4239-0.1453j |ν|>0.5: [-0.707-0.887j -0.25 -0.922j -0.037-0.936j  0.232-0.82j  -0.396-0.679j -0.697-0.287j  0.406-0.622j -0.447-0.452j  0.472-0.418j  0.464-0.258j -0.413-0.328j] (29s)
μ=0.04760+2.50000i f=2.1112e+00+4.5810e+00j |ν_k|=0.391 ν≈1: 0.5162-0.2435j |ν|>0.5: [-0.711-0.891j -0.015-1.05j  -0.31 -0.996j  0.301-0.912j -0.501-0.714j  0.493-0.665j -0.699-0.284j  0.545-0.423j -0.517-0.449j  0.516-0.243j -0.45 -0.299j] (28s)
edge (1.5+2.5j) → (0.04+2.5j): accumulated Δarg/π = 2.4534
μ=0.04000+2.40000i f=3.6493e-01+5.2403e+00j |ν_k|=0.389 ν≈1: 0.5922-0.2444j |ν|>0.5: [-0.066-1.21j  -0.713-0.947j -0.453-1.065j  0.342-1.078j  0.592-0.769j -0.618-0.637j -0.74 -0.312j  0.645-0.461j -0.561-0.376j  0.592-0.244j  0.51 -0.112j -0.448-0.246j] (27s)
μ=0.04000+2.30000i f=-1.1218e+00+4.4072e+00j |ν_k|=0.382 ν≈1: 0.6126-0.2697j |ν|>0.5: [-0.135-1.217j -0.585-1.024j  0.292-1.134j -0.618-0.958j  0.581-0.831j -0.782-0.344j  0.659-0.506j -0.603-0.56j   0.613-0.27j  -0.518-0.344j  0.529-0.124j] (28s)
μ=0.04000+2.20000i f=1.0732e-01+2.8272e+00j |ν_k|=0.387 ν≈1: 0.6339-0.2968j |ν|>0.5: [-0.63 -1.114j -0.21 -1.21j   0.238-1.184j  0.566-0.896j -0.581-0.822j -0.826-0.383j  0.672-0.553j -0.579-0.496j  0.634-0.297j -0.477-0.323j  0.548-0.138j] (28s)
μ=0.04000+2.10000i f=-2.3546e-01+2.9057e+00j |ν_k|=0.392 ν≈1: 0.5696-0.1524j |ν|>0.5: [-0.597-1.146j  0.18 -1.227j -0.306-1.195j  0.547-0.963j -0.875-0.427j -0.58 -0.731j  0.685-0.605j  0.657-0.326j -0.547-0.453j  0.57 -0.152j -0.435-0.301j] (29s)
μ=0.04000+2.00000i f=-9.6922e-01+2.4662e+00j |ν_k|=0.372 ν≈1: 0.5930-0.1688j |ν|>0.5: [-0.453-1.255j  0.111-1.263j -0.492-1.072j  0.523-1.033j -0.927-0.477j  0.697-0.663j -0.58 -0.653j  0.681-0.36j  -0.509-0.42j   0.593-0.169j  0.498-0.059j] (29s)
μ=0.04000+1.90000i f=-1.3826e+00+2.4052e+00j |ν_k|=0.384 ν≈1: 0.6181-0.1881j |ν|>0.5: [-0.448-1.338j  0.021-1.294j  0.49 -1.105j -0.985-0.537j -0.514-0.942j  0.706-0.727j -0.568-0.589j  0.706-0.398j  0.618-0.188j -0.463-0.387j  0.518-0.068j] (28s)
μ=0.04000+1.80000i f=-1.7743e+00+2.2617e+00j |ν_k|=0.386 ν≈1: 0.6440-0.2108j |ν|>0.5: [-0.387-1.338j -0.108-1.334j  0.442-1.174j -1.046-0.606j  0.709-0.798j -0.542-0.839j  0.731-0.443j -0.532-0.541j  0.644-0.211j  0.539-0.078j -0.412-0.351j] (27s)
μ=0.04000+1.70000i f=-7.7641e-01+1.1610e+00j |ν_k|=0.388 ν≈1: 0.6701-0.2362j |ν|>0.5: [-0.187-1.479j -1.112-0.688j  0.374-1.24j  -0.357-1.173j  0.705-0.872j -0.554-0.756j  0.753-0.492j  0.67 -0.236j -0.476-0.499j  0.561-0.09j ] (28s)
μ=0.04000+1.60000i f=-9.5003e-01+1.0345e+00j |ν_k|=0.401 ν≈1: 0.6968-0.2635j |ν|>0.5: [-0.141-1.525j -1.185-0.785j  0.282-1.311j  0.693-0.947j -0.419-1.047j  0.775-0.544j -0.531-0.703j  0.697-0.264j -0.417-0.454j  0.584-0.103j] (27s)
μ=0.04000+1.50000i f=-1.0817e+00+8.5230e-01j |ν_k|=0.371 ν≈1: 0.7259-0.2931j |ν|>0.5: [-1.262-0.902j  0.162-1.457j -0.06 -1.423j  0.67 -1.027j -0.477-0.958j  0.797-0.6j   -0.475-0.659j  0.726-0.293j  0.608-0.116j -0.362-0.409j  0.5  -0.02j ] (26s)
μ=0.04000+1.40000i f=-9.5652e-01+2.8328e-01j |ν_k|=0.385 ν≈1: 0.6353-0.1308j |ν|>0.5: [-1.346-1.043j  0.231-1.596j  0.63 -1.122j -0.173-1.257j  0.817-0.664j -0.5  -0.91j   0.758-0.327j -0.408-0.594j  0.635-0.131j  0.521-0.026j] (27s)
μ=0.04000+1.30000i f=-9.7215e-01+6.7452e-02j |ν_k|=0.375 ν≈1: 0.6645-0.1488j |ν|>0.5: [-1.434-1.215j  0.305-1.569j  0.564-1.257j -0.309-1.162j  0.829-0.739j -0.448-0.871j  0.79 -0.367j  0.664-0.149j -0.345-0.524j  0.543-0.033j] (30s)
μ=0.04000+1.20000i f=-4.6289e-01+7.9718e-02j |ν_k|=0.368 ν≈1: 0.6945-0.1692j |ν|>0.5: [-1.526-1.428j  0.623-1.476j  0.214-1.368j -0.407-1.142j  0.831-0.827j  0.821-0.411j -0.353-0.777j  0.694-0.169j  0.566-0.041j -0.278-0.461j  0.072-0.507j] (31s)
μ=0.04000+1.10000i f=-3.9055e-01-3.4750e-02j |ν_k|=0.374 ν≈1: 0.7260-0.1909j |ν|>0.5: [-1.617-1.693j  0.738-1.478j  0.008-1.284j  0.823-0.943j -0.377-1.155j  0.851-0.462j  0.726-0.191j -0.285-0.678j  0.59 -0.05j   0.117-0.541j] (30s)
μ=0.04000+1.00000i f=-3.2275e-01-1.3360e-01j |ν_k|=0.354 ν≈1: 0.7597-0.2156j |ν|>0.5: [-1.701-2.025j  0.858-1.189j  0.727-1.272j -0.245-1.363j -0.199-1.029j  0.88 -0.525j  0.76 -0.216j -0.207-0.588j  0.617-0.059j  0.167-0.568j  0.24 -0.454j] (26s)
μ=0.04000+0.90000i f=-1.6525e-01-6.1220e-02j |ν_k|=0.360 ν≈1: 0.7931-0.2461j |ν|>0.5: [-1.765-2.444j  1.078-1.178j -0.236-1.482j  0.423-1.252j  0.905-0.612j -0.149-0.878j  0.793-0.246j  0.646-0.069j  0.242-0.592j  0.241-0.482j  0.52 +0.017j] (28s)
μ=0.04000+0.80000i f=-1.1063e-01-9.7874e-02j |ν_k|=0.365 ν≈1: 0.8255-0.2843j |ν|>0.5: [-1.789-2.973j -0.098-1.626j  1.118-1.046j  0.172-1.218j  0.931-0.752j  0.825-0.284j -0.037-0.747j  0.335-0.639j  0.674-0.08j   0.24 -0.494j  0.543+0.015j] (27s)
μ=0.04000+0.70000i f=-3.2049e-02-8.5549e-02j |ν_k|=0.379 ν≈1: 0.7025-0.0924j |ν|>0.5: [-1.74 -3.639j  0.033-1.848j  1.219-0.801j  0.76 -0.99j   0.138-1.135j  0.859-0.336j  0.44 -0.694j  0.702-0.092j  0.567+0.015j  0.258-0.497j  0.077-0.549j  0.327-0.383j] (26s)
μ=0.04000+0.60000i f=8.3121e-03-6.7254e-02j |ν_k|=0.352 ν≈1: 0.7293-0.1111j |ν|>0.5: [-1.573-4.476j  0.212-2.053j  1.249-0.669j  0.485-1.262j  0.894-0.414j  0.434-0.853j  0.52 -0.749j  0.729-0.111j  0.59 +0.017j  0.287-0.49j   0.37 -0.414j] (32s)
μ=0.04000+0.50000i f=9.4669e-03-3.3365e-02j |ν_k|=0.351 ν≈1: 0.7574-0.1387j |ν|>0.5: [-1.224-5.525j  0.476-2.313j  0.654-1.445j  1.201-0.487j  0.747-0.819j  0.879-0.555j  0.757-0.139j  0.478-0.518j  0.607+0.019j  0.31 -0.481j  0.368-0.399j  0.51 +0.075j] (26s)
μ=0.04000+0.40000i f=1.7020e-02-1.1843e-02j |ν_k|=0.366 ν≈1: 0.7903-0.1780j |ν|>0.5: [-0.603-6.863j  0.846-2.662j  1.046-1.531j  0.966-0.825j  1.185-0.346j  0.778-0.549j  0.79 -0.178j  0.556-0.405j  0.616+0.01j   0.342-0.467j  0.535+0.105j] (26s)
μ=0.04000+0.45000i f=2.1613e-02-1.9086e-02j |ν_k|=0.371 ν≈1: 0.6857-0.0545j |ν|>0.5: [-0.954-6.151j  0.635-2.473j  0.852-1.499j  1.205-0.433j  0.845-0.841j  0.865-0.321j  0.618-0.572j  0.686-0.055j  0.458-0.404j  0.326-0.474j  0.559+0.068j] (31s)
μ=0.04000+0.47500i f=2.4199e-02-2.4412e-02j |ν_k|=0.359 ν≈1: 0.7213-0.0936j |ν|>0.5: [-1.098-5.829j  0.55 -2.388j  0.754-1.479j  1.2  -0.468j  0.79 -0.833j  0.891-0.423j  0.541-0.552j  0.721-0.094j  0.581+0.044j  0.413-0.402j  0.319-0.477j  0.494+0.081j] (31s)
μ=0.04000+0.30000i f=1.1583e-02+2.1958e-03j |ν_k|=0.375 ν≈1: 1.1212-0.2509j |ν|>0.5: [0.422-8.686j 1.514-3.116j 1.539-1.513j 1.197-0.751j 1.121-0.251j 0.835-0.405j 0.816-0.234j 0.634-0.013j 0.552-0.289j 0.377-0.45j  0.542+0.161j] (26s)
μ=0.04000+0.35000i f=1.7253e-02-1.7966e-04j |ν_k|=0.356 ν≈1: 0.7108-0.0815j |ν|>0.5: [-0.152-7.69j   1.126-2.876j  1.278-1.548j  1.076-0.794j  1.138-0.287j  0.878-0.428j  0.677-0.394j  0.711-0.081j  0.359-0.46j   0.467-0.302j  0.535+0.124j  0.54 +0.061j] (32s)
μ=0.04000+0.37500i f=1.5581e-02-9.1871e-03j |ν_k|=0.353 ν≈1: 0.7505-0.1256j |ν|>0.5: [-0.391-7.26j   0.976-2.765j  1.156-1.545j  1.02 -0.809j  1.162-0.311j  0.843-0.499j  0.751-0.126j  0.612-0.402j  0.581+0.038j  0.35 -0.464j  0.53 +0.115j  0.431-0.301j] (26s)
μ=0.04000+0.20000i f=2.9242e-03+5.7635e-03j |ν_k|=0.358 ν≈1: 1.0584-0.1611j |ν|>0.5: [2.214-11.76j  2.853 -3.465j 2.081 -1.269j 1.428 -0.582j 1.058 -0.161j 0.994 -0.283j 0.75  -0.201j 0.66  -0.04j  0.414 -0.426j 0.537 +0.228j 0.531 -0.194j 0.497 +0.057j] (31s)
μ=0.04000+0.25000i f=8.0247e-03+3.4895e-03j |ν_k|=0.354 ν≈1: 1.0992-0.1934j |ν|>0.5: [1.168-9.963j 2.073-3.342j 1.809-1.422j 1.318-0.679j 1.099-0.193j 0.928-0.371j 0.746-0.117j 0.653-0.253j 0.395-0.439j 0.54 +0.195j 0.56 +0.032j 0.464-0.222j] (26s)
μ=0.04000+0.22500i f=4.6517e-03+6.4604e-03j |ν_k|=0.347 ν≈1: 1.0793-0.1719j |ν|>0.5: [1.639-10.773j 2.433 -3.424j 1.946 -1.354j 1.375 -0.633j 1.079 -0.172j 0.965 -0.331j 0.707 -0.23j  0.701 -0.076j 0.405 -0.433j 0.539 +0.211j 0.497 -0.21j  0.527 +0.047j] (31s)
μ=0.04000+0.23750i f=6.1990e-03+5.0210e-03j |ν_k|=0.366 ν≈1: 1.0826-0.1970j |ν|>0.5: [1.393-10.349j 2.244 -3.386j 1.878 -1.391j 1.345 -0.657j 1.083 -0.197j 0.93  -0.322j 0.789 -0.209j 0.627 -0.012j 0.564 -0.231j 0.4   -0.436j 0.54  +0.203j] (27s)
μ=0.04000+0.10000i f=-1.1102e-03+3.3298e-03j |ν_k|=0.343 ν≈1: 0.9895-0.0932j |ν|>0.5: [8.054-19.561j 4.981 -2.735j 2.549 -0.748j 1.597 -0.32j  1.107 -0.142j 0.989 -0.093j 0.754 -0.076j 0.654 -0.07j  0.453 -0.392j 0.519 +0.292j 0.523 +0.041j 0.496 -0.12j ] (30s)
μ=0.04000+0.15000i f=7.5999e-04+4.5665e-03j |ν_k|=0.354 ν≈1: 1.0096-0.1631j |ν|>0.5: [3.979-1.460e+01j 3.863-3.330e+00j 2.337-1.044e+00j 1.523-4.620e-01j 1.059-1.835e-01j 1.01 -1.631e-01j 0.778-1.159e-01j 0.604-1.485e-01j 0.434-4.103e-01j 0.529+2.606e-01j 0.587+9.093e-03j] (26s)
μ=0.04000+0.00000i f=-2.4555e-03+7.7868e-04j |ν_k|=0.334 ν≈1: 0.9673+0.0000j |ν|>0.5: [55.532+2.112e-14j  6.276-1.656e-14j  2.742+8.657e-15j  1.658+8.387e-14j  1.145-3.367e-12j  0.967+1.728e-11j  0.776-9.258e-11j  0.604+1.620e-09j  0.489+3.475e-01j  0.489-3.475e-01j  0.561-2.757e-09j] (30s)
μ=0.04000+0.05000i f=-2.4589e-03+1.0601e-03j |ν_k|=0.341 ν≈1: 0.9723-0.0415j |ν|>0.5: [21.994-2.711e+01j  5.908-1.575e+00j  2.691-3.914e-01j  1.642-1.639e-01j  1.136-7.562e-02j  0.972-4.151e-02j  0.772-4.712e-02j  0.626-6.945e-03j  0.472-3.712e-01j  0.505+3.209e-01j  0.542-6.900e-02j] (30s)
μ=0.04000+0.07500i f=-2.3781e-03+1.8691e-03j |ν_k|=0.344 ν≈1: 0.9798-0.0648j |ν|>0.5: [12.688-23.277j  5.493 -2.223j  2.63  -0.576j  1.623 -0.243j  1.124 -0.111j  0.98  -0.065j  0.762 -0.068j  0.644 -0.029j  0.462 -0.382j  0.512 +0.307j  0.52  -0.097j] (33s)
μ=0.04000+0.08750i f=-1.7281e-03+2.7334e-03j |ν_k|=0.346 ν≈1: 0.9773-0.0789j |ν|>0.5: [9.997-2.131e+01j 5.246-2.497e+00j 2.592-6.637e-01j 1.611-2.824e-01j 1.119-1.265e-01j 0.977-7.891e-02j 0.777-7.210e-02j 0.594-8.995e-02j 0.458-3.872e-01j 0.515+2.993e-01j 0.586+5.244e-03j] (26s)
edge (0.04+2.5j) → (0.04+0j): accumulated Δarg/π = 4.9023
RESULT U4: zeros in R = 4.9023 (nearest integer 5, deviation 0.098); max |ν_k| on ∂R = 0.424; unresolved jumps: 2; 81 evaluations
