# contour v2 U1: λ=0.4721297256 m=2.0000000000 hs=0.025 s_start=-30.0; R=[0.04,1.5]x[-1.5,1.5], k=16
μ=1.50000+0.00000i f=8.0108e-02+6.8175e-03j |ν_k|=0.087 ν≈1: 0.4175+0.1720j |ν|>0.5: [] (29s)
μ=1.50000+0.25000i f=7.2543e-02+5.6900e-02j |ν_k|=0.087 ν≈1: 0.3941+0.0663j |ν|>0.5: [] (26s)
μ=1.50000+0.12500i f=7.7176e-02+3.1698e-02j |ν_k|=0.087 ν≈1: 0.4096+0.1148j |ν|>0.5: [] (26s)
μ=1.50000+0.50000i f=5.8632e-02+1.1006e-01j |ν_k|=0.085 ν≈1: 0.3518-0.0081j |ν|>0.5: [0.306-0.418j] (25s)
μ=1.50000+0.75000i f=4.0066e-02+1.6989e-01j |ν_k|=0.084 ν≈1: 0.3032-0.0566j |ν|>0.5: [0.183-0.485j] (25s)
μ=1.50000+1.00000i f=-8.0147e-03+2.5805e-01j |ν_k|=0.083 ν≈1: 0.2575-0.0844j |ν|>0.5: [0.056-0.501j] (26s)
μ=1.50000+1.25000i f=-4.6920e-02+3.3599e-01j |ν_k|=0.080 ν≈1: 0.2184-0.0997j |ν|>0.5: [] (30s)
μ=1.50000+1.50000i f=-7.2376e-02+4.3596e-01j |ν_k|=0.078 ν≈1: 0.1852-0.1072j |ν|>0.5: [] (29s)
edge (1.5+0j) → (1.5+1.5j): accumulated Δarg/π = 0.5253
μ=1.25667+1.50000i f=-1.7041e-01+4.1976e-01j |ν_k|=0.084 ν≈1: 0.1865-0.1394j |ν|>0.5: [-0.203-0.505j] (29s)
μ=1.01333+1.50000i f=-2.9346e-01+3.7376e-01j |ν_k|=0.090 ν≈1: 0.1787-0.1788j |ν|>0.5: [-0.303-0.58j] (25s)
μ=0.77000+1.50000i f=-4.1220e-01+2.8861e-01j |ν_k|=0.097 ν≈1: 0.1502+0.0209j |ν|>0.5: [-0.45 -0.643j  0.106-0.507j] (26s)
μ=0.52667+1.50000i f=-5.5263e-01+1.6971e-01j |ν_k|=0.105 ν≈1: 0.1648+0.0118j |ν|>0.5: [-0.649-0.667j  0.098-0.635j] (25s)
μ=0.28333+1.50000i f=-6.9973e-01-4.3371e-03j |ν_k|=0.113 ν≈1: 0.1798-0.0005j |ν|>0.5: [-0.889-0.614j  0.065-0.8j  ] (21s)
μ=0.04000+1.50000i f=-4.4735e-01-1.6626e-01j |ν_k|=0.140 ν≈1: 0.4315-0.0824j |ν|>0.5: [-1.123-0.455j  0.167-1.039j -0.207-0.739j  0.56 -0.407j] (22s)
edge (1.5+1.5j) → (0.04+1.5j): accumulated Δarg/π = 1.0862
μ=0.04000+1.40000i f=-3.9793e-01-1.8729e-01j |ν_k|=0.140 ν≈1: 0.4363-0.0720j |ν|>0.5: [-1.22 -0.557j  0.238-1.106j -0.178-0.694j  0.582-0.397j] (21s)
μ=0.04000+1.30000i f=-3.4704e-01-2.0318e-01j |ν_k|=0.139 ν≈1: 0.6025-0.3848j |ν|>0.5: [-1.331-0.683j  0.332-1.156j  0.602-0.385j -0.158-0.652j] (22s)
μ=0.04000+1.20000i f=-2.5921e-01-2.7922e-01j |ν_k|=0.141 ν≈1: 0.6222-0.3723j |ν|>0.5: [-1.459-0.843j  0.44 -1.182j  0.622-0.372j -0.14 -0.613j] (25s)
μ=0.04000+1.10000i f=-2.0404e-01-2.7094e-01j |ν_k|=0.142 ν≈1: 0.6399-0.3599j |ν|>0.5: [-1.603-1.048j  0.555-1.181j  0.64 -0.36j  -0.12 -0.579j] (26s)
μ=0.04000+1.00000i f=-1.5286e-01-2.5679e-01j |ν_k|=0.142 ν≈1: 0.6554-0.3485j |ν|>0.5: [-1.764-1.316j  0.667-1.149j  0.655-0.349j -0.096-0.55j ] (25s)
μ=0.04000+0.90000i f=-1.3112e-01-1.8296e-01j |ν_k|=0.137 ν≈1: 0.6680-0.3399j |ν|>0.5: [-1.935-1.672j  0.768-1.086j  0.668-0.34j  -0.059-0.522j] (25s)
μ=0.04000+0.80000i f=-9.0250e-02-1.7686e-01j |ν_k|=0.139 ν≈1: 0.6773-0.3371j |ν|>0.5: [-2.103-2.153j  0.844-0.994j  0.677-0.337j] (22s)
μ=0.04000+0.70000i f=-5.2863e-02-1.6331e-01j |ν_k|=0.141 ν≈1: 0.6812-0.3472j |ν|>0.5: [-2.241-2.805j  0.883-0.879j  0.681-0.347j] (21s)
μ=0.04000+0.60000i f=-2.0966e-02-1.4444e-01j |ν_k|=0.143 ν≈1: 0.6695-0.4079j |ν|>0.5: [-2.296-3.689j  0.858-0.742j  0.67 -0.408j  0.448-0.441j] (21s)
μ=0.04000+0.50000i f=4.9125e-03-1.2212e-01j |ν_k|=0.145 ν≈1: 0.8962-0.4478j |ν|>0.5: [-2.186-4.875j  0.692-0.803j  0.896-0.448j  0.532-0.305j] (22s)
μ=0.04000+0.40000i f=2.5673e-02-9.7522e-02j |ν_k|=0.147 ν≈1: 0.9636-0.3300j |ν|>0.5: [-1.795-6.469j  0.806-0.933j  0.964-0.33j   0.535-0.244j] (22s)
μ=0.04000+0.30000i f=4.2317e-02-7.2826e-02j |ν_k|=0.149 ν≈1: 0.9824-0.2353j |ν|>0.5: [-0.954-8.718j  1.051-0.983j  0.982-0.235j  0.534-0.196j] (22s)
μ=0.04000+0.20000i f=5.4363e-02-4.8189e-02j |ν_k|=0.148 ν≈1: 0.9808-0.1528j |ν|>0.5: [0.825-12.514j 1.416 -0.896j 0.981 -0.153j 0.525 -0.147j] (22s)
μ=0.04000+0.10000i f=6.2093e-02-2.2841e-02j |ν_k|=0.146 ν≈1: 0.9738-0.0756j |ν|>0.5: [7.341-21.616j 1.801 -0.566j 0.974 -0.076j 0.508 -0.09j ] (22s)
μ=0.04000+0.00000i f=6.5265e-02-5.2517e-03j |ν_k|=0.138 ν≈1: 0.9704+0.0000j |ν|>0.5: [60.424-1.459e-13j  1.977-2.014e-13j  0.97 +1.162e-12j] (26s)
edge (0.04+1.5j) → (0.04+0j): accumulated Δarg/π = 1.9474
RESULT U1: zeros in R = 1.9474 (nearest integer 2, deviation 0.053); max |ν_k| on ∂R = 0.149; unresolved jumps: 0; 29 evaluations
