# rectangle count bq7_strip: λ=1.0890078 m=1.9999985197 hs=0.025 s_start=-30.0; R=[0.05,1.5]x[1.5,3.5], k=16
μ=1.50000+1.50000i ρ=0.417 min|1−ν|=0.857 (39s)
μ=1.50000+1.64286i ρ=0.400 min|1−ν|=0.889 (47s)
μ=1.50000+1.78571i ρ=0.383 min|1−ν|=0.897 (48s)
μ=1.50000+1.92857i ρ=0.366 min|1−ν|=0.904 (48s)
μ=1.50000+2.07143i ρ=0.350 min|1−ν|=0.907 (47s)
μ=1.50000+2.21429i ρ=0.334 min|1−ν|=0.910 (47s)
μ=1.50000+2.35714i ρ=0.320 min|1−ν|=0.914 (48s)
μ=1.50000+2.50000i ρ=0.305 min|1−ν|=0.917 (56s)
μ=1.50000+2.64286i ρ=0.292 min|1−ν|=0.921 (56s)
μ=1.50000+2.78571i ρ=0.279 min|1−ν|=0.925 (56s)
μ=1.50000+2.92857i ρ=0.267 min|1−ν|=0.929 (56s)
μ=1.50000+3.07143i ρ=0.256 min|1−ν|=0.934 (55s)
μ=1.50000+3.21429i ρ=0.246 min|1−ν|=0.938 (56s)
μ=1.50000+3.35714i ρ=0.236 min|1−ν|=0.942 (56s)
μ=1.50000+3.50000i ρ=0.226 min|1−ν|=0.944 (54s)
edge (1.5+1.5j) → (1.5+3.5j): accumulated Δarg/2π = -0.1752
μ=1.35500+3.50000i ρ=0.235 min|1−ν|=0.933 (56s)
μ=1.21000+3.50000i ρ=0.243 min|1−ν|=0.921 (48s)
μ=1.06500+3.50000i ρ=0.254 min|1−ν|=0.908 (48s)
μ=0.92000+3.50000i ρ=0.265 min|1−ν|=0.894 (48s)
μ=0.77500+3.50000i ρ=0.277 min|1−ν|=0.879 (42s)
μ=0.63000+3.50000i ρ=0.289 min|1−ν|=0.863 (48s)
μ=0.48500+3.50000i ρ=0.319 min|1−ν|=0.846 (40s)
μ=0.34000+3.50000i ρ=0.355 min|1−ν|=0.828 (49s)
μ=0.19500+3.50000i ρ=0.394 min|1−ν|=0.810 (40s)
μ=0.26750+3.50000i ρ=0.374 min|1−ν|=0.819 (41s)
μ=0.05000+3.50000i ρ=0.523 min|1−ν|=0.688 (32s)
μ=0.12250+3.50000i ρ=0.441 min|1−ν|=0.774 (32s)
μ=0.15875+3.50000i ρ=0.417 min|1−ν|=0.753 (33s)
μ=0.08625+3.50000i ρ=0.481 min|1−ν|=0.670 (33s)
μ=0.10438+3.50000i ρ=0.461 min|1−ν|=0.715 (34s)
μ=0.06813+3.50000i ρ=0.505 min|1−ν|=0.706 (33s)
μ=0.05906+3.50000i ρ=0.515 min|1−ν|=0.695 (31s)
μ=0.06359+3.50000i ρ=0.503 min|1−ν|=0.748 (40s)
μ=0.06586+3.50000i ρ=0.507 min|1−ν|=0.752 (40s)
edge (1.5+3.5j) → (0.05+3.5j): accumulated Δarg/2π = 0.4329
μ=0.05000+3.35714i ρ=0.540 min|1−ν|=0.733 (40s)
μ=0.05000+3.21429i ρ=0.572 min|1−ν|=0.722 (41s)
μ=0.05000+3.07143i ρ=0.603 min|1−ν|=0.631 (33s)
μ=0.05000+2.92857i ρ=0.621 min|1−ν|=0.610 (32s)
μ=0.05000+2.78571i ρ=0.639 min|1−ν|=0.590 (31s)
μ=0.05000+2.64286i ρ=0.634 min|1−ν|=0.598 (32s)
μ=0.05000+2.50000i ρ=0.638 min|1−ν|=0.588 (32s)
μ=0.05000+2.35714i ρ=0.656 min|1−ν|=0.568 (32s)
μ=0.05000+2.42857i ρ=0.647 min|1−ν|=0.637 (40s)
μ=0.05000+2.21429i ρ=0.676 min|1−ν|=0.573 (31s)
μ=0.05000+2.28571i ρ=0.651 min|1−ν|=0.507 (31s)
μ=0.05000+2.07143i ρ=0.793 min|1−ν|=0.562 (31s)
μ=0.05000+1.92857i ρ=0.940 min|1−ν|=0.505 (32s)
μ=0.05000+1.78571i ρ=1.117 min|1−ν|=0.507 (32s)
μ=0.05000+1.64286i ρ=1.342 min|1−ν|=0.513 (33s)
μ=0.05000+1.50000i ρ=1.608 min|1−ν|=0.535 (32s)
edge (0.05+3.5j) → (0.05+1.5j): accumulated Δarg/2π = 0.5839
μ=0.19500+1.50000i ρ=1.232 min|1−ν|=0.677 (41s)
μ=0.12250+1.50000i ρ=1.401 min|1−ν|=0.595 (32s)
μ=0.08625+1.50000i ρ=1.499 min|1−ν|=0.552 (30s)
μ=0.06812+1.50000i ρ=1.552 min|1−ν|=0.589 (41s)
μ=0.07719+1.50000i ρ=1.526 min|1−ν|=0.533 (34s)
μ=0.07266+1.50000i ρ=1.539 min|1−ν|=0.540 (32s)
μ=0.07492+1.50000i ρ=1.532 min|1−ν|=0.514 (33s)
μ=0.07605+1.50000i ρ=1.529 min|1−ν|=0.504 (34s)
μ=0.07662+1.50000i ρ=1.527 min|1−ν|=0.511 (34s)
  UNRESOLVED Δarg=-0.545 between 0.07662+1.50000j and 0.07719+1.50000j
μ=0.34000+1.50000i ρ=0.992 min|1−ν|=0.723 (43s)
μ=0.26750+1.50000i ρ=1.098 min|1−ν|=0.703 (40s)
μ=0.23125+1.50000i ρ=1.161 min|1−ν|=0.689 (40s)
μ=0.48500+1.50000i ρ=0.839 min|1−ν|=0.756 (43s)
μ=0.41250+1.50000i ρ=0.908 min|1−ν|=0.740 (42s)
μ=0.37625+1.50000i ρ=0.948 min|1−ν|=0.731 (44s)
μ=0.39437+1.50000i ρ=0.927 min|1−ν|=0.736 (43s)
μ=0.63000+1.50000i ρ=0.743 min|1−ν|=0.783 (42s)
μ=0.77500+1.50000i ρ=0.673 min|1−ν|=0.806 (45s)
μ=0.92000+1.50000i ρ=0.609 min|1−ν|=0.827 (42s)
μ=1.06500+1.50000i ρ=0.552 min|1−ν|=0.844 (44s)
μ=1.21000+1.50000i ρ=0.501 min|1−ν|=0.859 (43s)
μ=1.35500+1.50000i ρ=0.457 min|1−ν|=0.867 (52s)
edge (0.05+1.5j) → (1.5+1.5j): accumulated Δarg/2π = -0.0000
RESULT bq7_strip: zeros in R = -0.0000 (nearest integer 0); max ρ(T_μ) on ∂R = 1.608; unresolved jumps: 1; 72 evaluations
