μ = 0.11908+0.00000j
  θ': max at s=-0.55; value at s_min 3.7e-13, at s=0 5.9e-01, at s_max 8.9e-01
  ω': max at s=-0.42; value at s_min 3.7e-21, at s=0 5.5e-01, at s_max 1.1e-03
  X': max at s=0.23; value at s_min 9.8e-02, at s=0 9.4e-01, at s_max 1.3e-03
μ = 0.05528-0.01959j
  θ': max at s=12.00; value at s_min 1.4e-10, at s=0 4.3e-01, at s_max 1.0e+00
  ω': max at s=-0.57; value at s_min 2.3e-17, at s=0 5.3e-01, at s_max 1.1e-03
  X': max at s=0.23; value at s_min 4.7e-02, at s=0 9.3e-01, at s_max 2.1e-03
μ = 0.05514+0.01988j
  θ': max at s=12.00; value at s_min 1.5e-10, at s=0 4.3e-01, at s_max 1.0e+00
  ω': max at s=-0.57; value at s_min 2.3e-17, at s=0 5.3e-01, at s_max 1.1e-03
  X': max at s=0.23; value at s_min 4.7e-02, at s=0 9.3e-01, at s_max 2.1e-03
μ = 0.45973+0.00000j
  θ': max at s=-1.07; value at s_min 2.2e-11, at s=0 8.7e-01, at s_max 1.6e-01
  ω': max at s=-0.47; value at s_min 9.9e-18, at s=0 6.2e-01, at s_max 5.3e-04
  X': max at s=-12.00; value at s_min 1.0e+00, at s=0 9.2e-02, at s_max 2.1e-05
μ = 0.68004-0.00000j
  θ': max at s=-0.57; value at s_min 8.9e-10, at s=0 5.8e-01, at s_max 2.4e-02
  ω': max at s=-0.45; value at s_min 1.0e-15, at s=0 5.7e-01, at s_max 8.9e-05
  X': max at s=-11.97; value at s_min 1.0e+00, at s=0 1.4e-01, at s_max 1.8e-05
μ = 0.28629-0.00000j
  θ': max at s=-0.55; value at s_min 3.2e-10, at s=0 4.6e-01, at s_max 2.4e-01
  ω': max at s=-0.45; value at s_min 7.5e-16, at s=0 5.7e-01, at s_max 6.6e-04
  X': max at s=0.20; value at s_min 7.1e-01, at s=0 9.6e-01, at s_max 4.4e-04
