# HL scan D: 2.0 -> 1.02, dz=0.05, N=8192, L1=40.0, L2=160.0
λ=2.00000000 z=1.00000: A=2.499810793243 m=1.999243459255 (m−2=-7.56541e-04) Dmin/ε=1.00000 t=2s
λ=1.95238095 z=1.05000: A=2.482381880950 m=2.026346455285 (m−2=+2.63465e-02) Dmin/ε=0.99904 t=4s
*** m=2 CROSSING between λ=2.00000000 and 1.95238095
λ=1.90909091 z=1.10000: A=2.465465444700 m=2.049230673308 (m−2=+4.92307e-02) Dmin/ε=0.99607 t=6s
λ=1.86956522 z=1.15000: A=2.449069409864 m=2.067952169378 (m−2=+6.79522e-02) Dmin/ε=0.99117 t=8s
λ=1.83333333 z=1.20000: A=2.433202503958 m=2.082652153135 (m−2=+8.26522e-02) Dmin/ε=0.98449 t=10s
λ=1.80000000 z=1.25000: A=2.417873491293 m=2.093547507883 (m−2=+9.35475e-02) Dmin/ε=0.97620 t=12s
λ=1.76923077 z=1.30000: A=2.403090493084 m=2.100918198144 (m−2=+1.00918e-01) Dmin/ε=0.96654 t=14s
λ=1.74074074 z=1.35000: A=2.388860403748 m=2.105092734286 (m−2=+1.05093e-01) Dmin/ε=0.95570 t=15s
λ=1.71428571 z=1.40000: A=2.375188410578 m=2.106432892492 (m−2=+1.06433e-01) Dmin/ε=0.94392 t=18s
λ=1.68965517 z=1.45000: A=2.362077619845 m=2.105318777207 (m−2=+1.05319e-01) Dmin/ε=0.93140 t=19s
λ=1.66666667 z=1.50000: A=2.349528788194 m=2.102135102490 (m−2=+1.02135e-01) Dmin/ε=0.91839 t=21s
λ=1.64516129 z=1.55000: A=2.337540154396 m=2.097259306903 (m−2=+9.72593e-02) Dmin/ε=0.90503 t=22s
λ=1.62500000 z=1.60000: A=2.326107363605 m=2.091051849044 (m−2=+9.10518e-02) Dmin/ε=0.89153 t=24s
λ=1.60606061 z=1.65000: A=2.315223474142 m=2.083848792148 (m−2=+8.38488e-02) Dmin/ε=0.87804 t=26s
λ=1.58823529 z=1.70000: A=2.304879035660 m=2.075956597251 (m−2=+7.59566e-02) Dmin/ε=0.86474 t=28s
λ=1.57142857 z=1.75000: A=2.295062227108 m=2.067648913015 (m−2=+6.76489e-02) Dmin/ε=0.85157 t=29s
λ=1.55555556 z=1.80000: A=2.285759043049 m=2.059165073689 (m−2=+5.91651e-02) Dmin/ε=0.83886 t=31s
λ=1.54054054 z=1.85000: A=2.276953517424 m=2.050709986208 (m−2=+5.07100e-02) Dmin/ε=0.82642 t=33s
λ=1.52631579 z=1.90000: A=2.268627974593 m=2.042455091316 (m−2=+4.24551e-02) Dmin/ε=0.81458 t=34s
λ=1.51282051 z=1.95000: A=2.260763298366 m=2.034540109995 (m−2=+3.45401e-02) Dmin/ε=0.80309 t=37s
λ=1.50000000 z=2.00000: A=2.253339210585 m=2.027075325535 (m−2=+2.70753e-02) Dmin/ε=0.79227 t=39s
λ=1.48780488 z=2.05000: A=2.246334551704 m=2.020144195078 (m−2=+2.01442e-02) Dmin/ε=0.78184 t=41s
λ=1.47619048 z=2.10000: A=2.239727556693 m=2.013806127415 (m−2=+1.38061e-02) Dmin/ε=0.77216 t=43s
λ=1.46511628 z=2.15000: A=2.233496120415 m=2.008099302628 (m−2=+8.09930e-03) Dmin/ε=0.76272 t=44s
λ=1.45454545 z=2.20000: A=2.227618047529 m=2.003043442492 (m−2=+3.04344e-03) Dmin/ε=0.75400 t=46s
λ=1.44444444 z=2.25000: A=2.222071282859 m=1.998642467803 (m−2=-1.35753e-03) Dmin/ε=0.74587 t=48s
*** m=2 CROSSING between λ=1.45454545 and 1.44444444
λ=1.43478261 z=2.30000: A=2.216834119070 m=1.994887000331 (m−2=-5.11300e-03) Dmin/ε=0.73792 t=50s
λ=1.42553191 z=2.35000: A=2.211885379449 m=1.991756683570 (m−2=-8.24332e-03) Dmin/ε=0.73054 t=52s
λ=1.41666667 z=2.40000: A=2.207204574452 m=1.989222308732 (m−2=-1.07777e-02) Dmin/ε=0.72367 t=54s
λ=1.40816327 z=2.45000: A=2.202772031577 m=1.987247741276 (m−2=-1.27523e-02) Dmin/ε=0.71730 t=56s
λ=1.40000000 z=2.50000: A=2.198568998867 m=1.985791649497 (m−2=-1.42084e-02) Dmin/ε=0.71138 t=58s
λ=1.39215686 z=2.55000: A=2.194577723064 m=1.984809040963 (m−2=-1.51910e-02) Dmin/ε=0.70544 t=60s
λ=1.38461538 z=2.60000: A=2.190781503960 m=1.984252615257 (m−2=-1.57474e-02) Dmin/ε=0.69982 t=62s
λ=1.37735849 z=2.65000: A=2.187164726942 m=1.984073943206 (m−2=-1.59261e-02) Dmin/ε=0.69453 t=64s
λ=1.37037037 z=2.70000: A=2.183712876007 m=1.984224483642 (m−2=-1.57755e-02) Dmin/ε=0.68957 t=66s
λ=1.36363636 z=2.75000: A=2.180412529703 m=1.984656449058 (m−2=-1.53436e-02) Dmin/ε=0.68498 t=68s
λ=1.35714286 z=2.80000: A=2.177251342502 m=1.985323531551 (m−2=-1.46765e-02) Dmin/ε=0.68085 t=69s
λ=1.35087719 z=2.85000: A=2.174218014075 m=1.986181500180 (m−2=-1.38185e-02) Dmin/ε=0.67637 t=71s
λ=1.34482759 z=2.90000: A=2.171302248834 m=1.987188680494 (m−2=-1.28113e-02) Dmin/ε=0.67191 t=73s
λ=1.33898305 z=2.95000: A=2.168494707919 m=1.988306326550 (m−2=-1.16937e-02) Dmin/ε=0.66804 t=75s
λ=1.33333333 z=3.00000: A=2.165786955640 m=1.989498895300 (m−2=-1.05011e-02) Dmin/ε=0.66468 t=77s
λ=1.32786885 z=3.05000: A=2.163171402111 m=1.990734232774 (m−2=-9.26577e-03) Dmin/ε=0.66025 t=79s
λ=1.32258065 z=3.10000: A=2.160641243638 m=1.991983681103 (m−2=-8.01632e-03) Dmin/ε=0.65705 t=80s
λ=1.31746032 z=3.15000: A=2.158190402149 m=1.993222115050 (m−2=-6.77788e-03) Dmin/ε=0.65315 t=82s
λ=1.31250000 z=3.20000: A=2.155813464762 m=1.994427916385 (m−2=-5.57208e-03) Dmin/ε=0.64988 t=84s
λ=1.30769231 z=3.25000: A=2.153505624396 m=1.995582894148 (m−2=-4.41711e-03) Dmin/ε=0.64615 t=85s
λ=1.30303030 z=3.30000: A=2.151262622125 m=1.996672158542 (m−2=-3.32784e-03) Dmin/ε=0.64351 t=87s
λ=1.29850746 z=3.35000: A=2.149080691847 m=1.997683955889 (m−2=-2.31604e-03) Dmin/ε=0.63929 t=89s
λ=1.29411765 z=3.40000: A=2.146956507675 m=1.998609471838 (m−2=-1.39053e-03) Dmin/ε=0.63662 t=90s
λ=1.28985507 z=3.45000: A=2.144887134363 m=1.999442609589 (m−2=-5.57390e-04) Dmin/ε=0.63346 t=92s
λ=1.28571429 z=3.50000: A=2.142869980962 m=2.000179749620 (m−2=+1.79750e-04) Dmin/ε=0.62953 t=94s
*** m=2 CROSSING between λ=1.28985507 and 1.28571429
λ=1.28169014 z=3.55000: A=2.140902757839 m=2.000819496961 (m−2=+8.19497e-04) Dmin/ε=0.62664 t=96s
λ=1.27777778 z=3.60000: A=2.138983437092 m=2.001362421594 (m−2=+1.36242e-03) Dmin/ε=0.62456 t=98s
λ=1.27397260 z=3.65000: A=2.137110216378 m=2.001810797130 (m−2=+1.81080e-03) Dmin/ε=0.62091 t=100s
λ=1.27027027 z=3.70000: A=2.135281486084 m=2.002168342358 (m−2=+2.16834e-03) Dmin/ε=0.61712 t=102s
λ=1.26666667 z=3.75000: A=2.133495799774 m=2.002439969714 (m−2=+2.43997e-03) Dmin/ε=0.61392 t=105s
λ=1.26315789 z=3.80000: A=2.131751847779 m=2.002631544196 (m−2=+2.63154e-03) Dmin/ε=0.61121 t=107s
λ=1.25974026 z=3.85000: A=2.130048433800 m=2.002749655634 (m−2=+2.74966e-03) Dmin/ε=0.60891 t=109s
λ=1.25641026 z=3.90000: A=2.128384454375 m=2.002801406694 (m−2=+2.80141e-03) Dmin/ε=0.60695 t=111s
λ=1.25316456 z=3.95000: A=2.126758881017 m=2.002794218450 (m−2=+2.79422e-03) Dmin/ε=0.60367 t=114s
λ=1.25000000 z=4.00000: A=2.125170744874 m=2.002735654780 (m−2=+2.73565e-03) Dmin/ε=0.59997 t=115s
λ=1.24691358 z=4.05000: A=2.123619123701 m=2.002633266443 (m−2=+2.63327e-03) Dmin/ε=0.59658 t=116s
λ=1.24390244 z=4.10000: A=2.122103130966 m=2.002494455117 (m−2=+2.49446e-03) Dmin/ε=0.59347 t=117s
λ=1.24096386 z=4.15000: A=2.120621906903 m=2.002326357416 (m−2=+2.32636e-03) Dmin/ε=0.59063 t=118s
λ=1.23809524 z=4.20000: A=2.119174611317 m=2.002135748397 (m−2=+2.13575e-03) Dmin/ε=0.58806 t=119s
λ=1.23529412 z=4.25000: A=2.117760417955 m=2.001928963890 (m−2=+1.92896e-03) Dmin/ε=0.58576 t=121s
λ=1.23255814 z=4.30000: A=2.116378510273 m=2.001711840640 (m−2=+1.71184e-03) Dmin/ε=0.58374 t=122s
λ=1.22988506 z=4.35000: A=2.115028078411 m=2.001489673087 (m−2=+1.48967e-03) Dmin/ε=0.58201 t=124s
λ=1.22727273 z=4.40000: A=2.113708317220 m=2.001267185449 (m−2=+1.26719e-03) Dmin/ε=0.58060 t=125s
λ=1.22471910 z=4.45000: A=2.112418425183 m=2.001048517660 (m−2=+1.04852e-03) Dmin/ε=0.57739 t=126s
λ=1.22222222 z=4.50000: A=2.111157604073 m=2.000837223647 (m−2=+8.37224e-04) Dmin/ε=0.57380 t=127s
λ=1.21978022 z=4.55000: A=2.109925059233 m=2.000636280395 (m−2=+6.36280e-04) Dmin/ε=0.57051 t=129s
λ=1.21739130 z=4.60000: A=2.108720000320 m=2.000448106259 (m−2=+4.48106e-04) Dmin/ε=0.56754 t=131s
λ=1.21505376 z=4.65000: A=2.107541642438 m=2.000274587039 (m−2=+2.74587e-04) Dmin/ε=0.56492 t=132s
λ=1.21276596 z=4.70000: A=2.106389207524 m=2.000117108307 (m−2=+1.17108e-04) Dmin/ε=0.56270 t=135s
λ=1.21052632 z=4.75000: A=2.105261925916 m=1.999976592680 (m−2=-2.34073e-05) Dmin/ε=0.56089 t=138s
*** m=2 CROSSING between λ=1.21276596 and 1.21052632
λ=1.20833333 z=4.80000: A=2.104159038019 m=1.999853540687 (m−2=-1.46459e-04) Dmin/ε=0.55954 t=139s
λ=1.20618557 z=4.85000: A=2.103079795997 m=1.999748074076 (m−2=-2.51926e-04) Dmin/ε=0.55864 t=142s
λ=1.20408163 z=4.90000: A=2.102023465442 m=1.999659980487 (m−2=-3.40020e-04) Dmin/ε=0.55823 t=144s
λ=1.20202020 z=4.95000: A=2.100989326966 m=1.999588758506 (m−2=-4.11241e-04) Dmin/ε=0.55509 t=147s
λ=1.20000000 z=5.00000: A=2.099976677676 m=1.999533662288 (m−2=-4.66338e-04) Dmin/ε=0.55129 t=149s
λ=1.19801980 z=5.05000: A=2.098984832514 m=1.999493744962 (m−2=-5.06255e-04) Dmin/ε=0.54800 t=152s
λ=1.19607843 z=5.10000: A=2.098013125425 m=1.999467900281 (m−2=-5.32100e-04) Dmin/ε=0.54524 t=154s
λ=1.19417476 z=5.15000: A=2.097060910355 m=1.999454901928 (m−2=-5.45098e-04) Dmin/ε=0.54303 t=157s
λ=1.19230769 z=5.20000: A=2.096127562054 m=1.999453440135 (m−2=-5.46560e-04) Dmin/ε=0.54136 t=160s
λ=1.19047619 z=5.25000: A=2.095212476695 m=1.999462155276 (m−2=-5.37845e-04) Dmin/ε=0.54024 t=162s
λ=1.18867925 z=5.30000: A=2.094315072303 m=1.999479668237 (m−2=-5.20332e-04) Dmin/ε=0.53963 t=165s
λ=1.18691589 z=5.35000: A=2.093434789005 m=1.999504607435 (m−2=-4.95393e-04) Dmin/ε=0.53953 t=168s
λ=1.18518519 z=5.40000: A=2.092571089100 m=1.999535632400 (m−2=-4.64368e-04) Dmin/ε=0.53989 t=170s
λ=1.18348624 z=5.45000: A=2.091723456978 m=1.999571453959 (m−2=-4.28546e-04) Dmin/ε=0.53665 t=173s
λ=1.18181818 z=5.50000: A=2.090891398879 m=1.999610851074 (m−2=-3.89149e-04) Dmin/ε=0.53273 t=175s
λ=1.18018018 z=5.55000: A=2.090074442527 m=1.999652684433 (m−2=-3.47316e-04) Dmin/ε=0.52937 t=178s
λ=1.17857143 z=5.60000: A=2.089272136640 m=1.999695906971 (m−2=-3.04093e-04) Dmin/ε=0.52655 t=180s
λ=1.17699115 z=5.65000: A=2.088484050335 m=1.999739571482 (m−2=-2.60429e-04) Dmin/ε=0.52424 t=183s
λ=1.17543860 z=5.70000: A=2.087709772456 m=1.999782835571 (m−2=-2.17164e-04) Dmin/ε=0.52243 t=185s
λ=1.17391304 z=5.75000: A=2.086948910819 m=1.999824964148 (m−2=-1.75036e-04) Dmin/ε=0.52107 t=187s
λ=1.17241379 z=5.80000: A=2.086201091408 m=1.999865329728 (m−2=-1.34670e-04) Dmin/ε=0.52015 t=190s
λ=1.17094017 z=5.85000: A=2.085465957527 m=1.999903410808 (m−2=-9.65892e-05) Dmin/ε=0.51961 t=191s
λ=1.16949153 z=5.90000: A=2.084743168927 m=1.999938788547 (m−2=-6.12115e-05) Dmin/ε=0.51945 t=194s
λ=1.16806723 z=5.95000: A=2.084032400910 m=1.999971142063 (m−2=-2.88579e-05) Dmin/ε=0.51961 t=195s
λ=1.16666667 z=6.00000: A=2.083333343438 m=2.000000242523 (m−2=+2.42523e-07) Dmin/ε=0.52009 t=198s
*** m=2 CROSSING between λ=1.16806723 and 1.16666667
λ=1.16528926 z=6.05000: A=2.082645700248 m=2.000025946348 (m−2=+2.59463e-05) Dmin/ε=0.52084 t=200s
λ=1.16393443 z=6.10000: A=2.081969187973 m=2.000048187698 (m−2=+4.81877e-05) Dmin/ε=0.51706 t=201s
λ=1.16260163 z=6.15000: A=2.081303535294 m=2.000066970486 (m−2=+6.69705e-05) Dmin/ε=0.51331 t=203s
λ=1.16129032 z=6.20000: A=2.080648482125 m=2.000082360095 (m−2=+8.23601e-05) Dmin/ε=0.50994 t=204s
λ=1.16000000 z=6.25000: A=2.080003778822 m=2.000094475012 (m−2=+9.44750e-05) Dmin/ε=0.50694 t=205s
λ=1.15873016 z=6.30000: A=2.079369185441 m=2.000103478465 (m−2=+1.03478e-04) Dmin/ε=0.50428 t=207s
λ=1.15748031 z=6.35000: A=2.078744471036 m=2.000109570312 (m−2=+1.09570e-04) Dmin/ε=0.50197 t=208s
λ=1.15625000 z=6.40000: A=2.078129413000 m=2.000112979172 (m−2=+1.12979e-04) Dmin/ε=0.49997 t=209s
λ=1.15503876 z=6.45000: A=2.077523796455 m=2.000113955030 (m−2=+1.13955e-04) Dmin/ε=0.49828 t=210s
λ=1.15384615 z=6.50000: A=2.076927413689 m=2.000112762278 (m−2=+1.12762e-04) Dmin/ε=0.49688 t=213s
λ=1.15267176 z=6.55000: A=2.076340063639 m=2.000109673359 (m−2=+1.09673e-04) Dmin/ε=0.49577 t=214s
λ=1.15151515 z=6.60000: A=2.075761551419 m=2.000104962966 (m−2=+1.04963e-04) Dmin/ε=0.49493 t=216s
λ=1.15037594 z=6.65000: A=2.075191687896 m=2.000098902930 (m−2=+9.89029e-05) Dmin/ε=0.49436 t=217s
λ=1.14925373 z=6.70000: A=2.074630289309 m=2.000091757698 (m−2=+9.17577e-05) Dmin/ε=0.49404 t=219s
λ=1.14814815 z=6.75000: A=2.074077176926 m=2.000083780506 (m−2=+8.37805e-05) Dmin/ε=0.49396 t=223s
λ=1.14705882 z=6.80000: A=2.073532176741 m=2.000075210185 (m−2=+7.52102e-05) Dmin/ε=0.49413 t=224s
λ=1.14598540 z=6.85000: A=2.072995119211 m=2.000066268589 (m−2=+6.62686e-05) Dmin/ε=0.49452 t=225s
λ=1.14492754 z=6.90000: A=2.072465839021 m=2.000057158615 (m−2=+5.71586e-05) Dmin/ε=0.49514 t=227s
λ=1.14388489 z=6.95000: A=2.071944174879 m=2.000048062800 (m−2=+4.80628e-05) Dmin/ε=0.49597 t=228s
λ=1.14285714 z=7.00000: A=2.071429969345 m=2.000039142438 (m−2=+3.91424e-05) Dmin/ε=0.49700 t=230s
λ=1.14184397 z=7.05000: A=2.070923068677 m=2.000030537160 (m−2=+3.05372e-05) Dmin/ε=0.49823 t=231s
λ=1.14084507 z=7.10000: A=2.070423322701 m=2.000022364954 (m−2=+2.23650e-05) Dmin/ε=0.49427 t=233s
λ=1.13986014 z=7.15000: A=2.069930584702 m=2.000014722577 (m−2=+1.47226e-05) Dmin/ε=0.49039 t=234s
λ=1.13888889 z=7.20000: A=2.069444711328 m=2.000007686263 (m−2=+7.68626e-06) Dmin/ε=0.48676 t=236s
λ=1.13793103 z=7.25000: A=2.068965562508 m=2.000001312727 (m−2=+1.31273e-06) Dmin/ε=0.48340 t=238s
λ=1.13698630 z=7.30000: A=2.068493001384 m=1.999995640410 (m−2=-4.35959e-06) Dmin/ε=0.48031 t=240s
*** m=2 CROSSING between λ=1.13793103 and 1.13698630
λ=1.13605442 z=7.35000: A=2.068026894246 m=1.999990690875 (m−2=-9.30912e-06) Dmin/ε=0.47748 t=241s
λ=1.13513514 z=7.40000: A=2.067567110482 m=1.999986470357 (m−2=-1.35296e-05) Dmin/ε=0.47492 t=242s
λ=1.13422819 z=7.45000: A=2.067113522526 m=1.999982971406 (m−2=-1.70286e-05) Dmin/ε=0.47262 t=244s
λ=1.13333333 z=7.50000: A=2.066666005812 m=1.999980174567 (m−2=-1.98254e-05) Dmin/ε=0.47060 t=245s
λ=1.13245033 z=7.55000: A=2.066224438737 m=1.999978050100 (m−2=-2.19499e-05) Dmin/ε=0.46884 t=247s
λ=1.13157895 z=7.60000: A=2.065788702612 m=1.999976559669 (m−2=-2.34403e-05) Dmin/ε=0.46734 t=248s
λ=1.13071895 z=7.65000: A=2.065358681625 m=1.999975658011 (m−2=-2.43420e-05) Dmin/ε=0.46611 t=250s
λ=1.12987013 z=7.70000: A=2.064934262799 m=1.999975294503 (m−2=-2.47055e-05) Dmin/ε=0.46514 t=251s
λ=1.12903226 z=7.75000: A=2.064515335948 m=1.999975414683 (m−2=-2.45853e-05) Dmin/ε=0.46442 t=253s
λ=1.12820513 z=7.80000: A=2.064101793633 m=1.999975961654 (m−2=-2.40383e-05) Dmin/ε=0.46395 t=255s
λ=1.12738854 z=7.85000: A=2.063693531117 m=1.999976877352 (m−2=-2.31226e-05) Dmin/ε=0.46372 t=257s
λ=1.12658228 z=7.90000: A=2.063290446313 m=1.999978103723 (m−2=-2.18963e-05) Dmin/ε=0.46373 t=258s
λ=1.12578616 z=7.95000: A=2.062892439734 m=1.999979583753 (m−2=-2.04162e-05) Dmin/ε=0.46396 t=259s
λ=1.12500000 z=8.00000: A=2.062499414443 m=1.999981262338 (m−2=-1.87377e-05) Dmin/ε=0.46442 t=261s
λ=1.12422360 z=8.05000: A=2.062111275992 m=1.999983087083 (m−2=-1.69129e-05) Dmin/ε=0.46509 t=262s
λ=1.12345679 z=8.10000: A=2.061727932370 m=1.999985008894 (m−2=-1.49911e-05) Dmin/ε=0.46596 t=264s
λ=1.12269939 z=8.15000: A=2.061349293939 m=1.999986982483 (m−2=-1.30175e-05) Dmin/ε=0.46702 t=265s
λ=1.12195122 z=8.20000: A=2.060975273374 m=1.999988966744 (m−2=-1.10333e-05) Dmin/ε=0.46827 t=267s
λ=1.12121212 z=8.25000: A=2.060605785605 m=1.999990925007 (m−2=-9.07499e-06) Dmin/ε=0.46969 t=268s
λ=1.12048193 z=8.30000: A=2.060240747746 m=1.999992825181 (m−2=-7.17482e-06) Dmin/ε=0.47127 t=269s
λ=1.11976048 z=8.35000: A=2.059880079036 m=1.999994639821 (m−2=-5.36018e-06) Dmin/ε=0.47301 t=271s
λ=1.11904762 z=8.40000: A=2.059523700776 m=1.999996346068 (m−2=-3.65393e-06) Dmin/ε=0.47489 t=272s
λ=1.11834320 z=8.45000: A=2.059171536259 m=1.999997925555 (m−2=-2.07444e-06) Dmin/ε=0.47690 t=274s
λ=1.11764706 z=8.50000: A=2.058823510712 m=1.999999364221 (m−2=-6.35779e-07) Dmin/ε=0.47637 t=276s
λ=1.11695906 z=8.55000: A=2.058479551230 m=2.000000652079 (m−2=+6.52079e-07) Dmin/ε=0.47192 t=277s
*** m=2 CROSSING between λ=1.11764706 and 1.11695906
λ=1.11627907 z=8.60000: A=2.058139586713 m=2.000001782933 (m−2=+1.78293e-06) Dmin/ε=0.46769 t=279s
λ=1.11560694 z=8.65000: A=2.057803547805 m=2.000002754066 (m−2=+2.75407e-06) Dmin/ε=0.46366 t=280s
λ=1.11494253 z=8.70000: A=2.057471366836 m=2.000003565909 (m−2=+3.56591e-06) Dmin/ε=0.45983 t=282s
λ=1.11428571 z=8.75000: A=2.057142977762 m=2.000004221662 (m−2=+4.22166e-06) Dmin/ε=0.45621 t=285s
λ=1.11363636 z=8.80000: A=2.056818316106 m=2.000004726955 (m−2=+4.72695e-06) Dmin/ε=0.45280 t=287s
λ=1.11299435 z=8.85000: A=2.056497318911 m=2.000005089455 (m−2=+5.08945e-06) Dmin/ε=0.44958 t=290s
λ=1.11235955 z=8.90000: A=2.056179924677 m=2.000005318526 (m−2=+5.31853e-06) Dmin/ε=0.44656 t=292s
λ=1.11173184 z=8.95000: A=2.055866073320 m=2.000005424855 (m−2=+5.42485e-06) Dmin/ε=0.44374 t=296s
λ=1.11111111 z=9.00000: A=2.055555706114 m=2.000005420135 (m−2=+5.42013e-06) Dmin/ε=0.44112 t=297s
λ=1.11049724 z=9.05000: A=2.055248765655 m=2.000005316728 (m−2=+5.31673e-06) Dmin/ε=0.43869 t=299s
λ=1.10989011 z=9.10000: A=2.054945195807 m=2.000005127379 (m−2=+5.12738e-06) Dmin/ε=0.43645 t=300s
λ=1.10928962 z=9.15000: A=2.054644941665 m=2.000004864949 (m−2=+4.86495e-06) Dmin/ε=0.43440 t=302s
λ=1.10869565 z=9.20000: A=2.054347949515 m=2.000004542170 (m−2=+4.54217e-06) Dmin/ε=0.43253 t=305s
λ=1.10810811 z=9.25000: A=2.054054166795 m=2.000004171424 (m−2=+4.17142e-06) Dmin/ε=0.43086 t=306s
λ=1.10752688 z=9.30000: A=2.053763542058 m=2.000003764562 (m−2=+3.76456e-06) Dmin/ε=0.42937 t=307s
λ=1.10695187 z=9.35000: A=2.053476024940 m=2.000003332756 (m−2=+3.33276e-06) Dmin/ε=0.42806 t=310s
λ=1.10638298 z=9.40000: A=2.053191566127 m=2.000002886370 (m−2=+2.88637e-06) Dmin/ε=0.42694 t=312s
λ=1.10582011 z=9.45000: A=2.052910117324 m=2.000002434847 (m−2=+2.43485e-06) Dmin/ε=0.42600 t=314s
λ=1.10526316 z=9.50000: A=2.052631631228 m=2.000001986658 (m−2=+1.98666e-06) Dmin/ε=0.42524 t=317s
λ=1.10471204 z=9.55000: A=2.052356061499 m=2.000001549251 (m−2=+1.54925e-06) Dmin/ε=0.42466 t=318s
λ=1.10416667 z=9.60000: A=2.052083362735 m=2.000001129018 (m−2=+1.12902e-06) Dmin/ε=0.42426 t=321s
λ=1.10362694 z=9.65000: A=2.051813490449 m=2.000000731319 (m−2=+7.31319e-07) Dmin/ε=0.42403 t=323s
λ=1.10309278 z=9.70000: A=2.051546401043 m=2.000000360471 (m−2=+3.60471e-07) Dmin/ε=0.42398 t=324s
λ=1.10256410 z=9.75000: A=2.051282051790 m=2.000000019816 (m−2=+1.98161e-08) Dmin/ε=0.42410 t=327s
λ=1.10204082 z=9.80000: A=2.051020400810 m=1.999999711734 (m−2=-2.88266e-07) Dmin/ε=0.42440 t=329s
*** m=2 CROSSING between λ=1.10256410 and 1.10204082
λ=1.10152284 z=9.85000: A=2.050761407049 m=1.999999437747 (m−2=-5.62253e-07) Dmin/ε=0.42487 t=330s
λ=1.10101010 z=9.90000: A=2.050505030267 m=1.999999198568 (m−2=-8.01432e-07) Dmin/ε=0.42551 t=332s
λ=1.10050251 z=9.95000: A=2.050251231009 m=1.999998994177 (m−2=-1.00582e-06) Dmin/ε=0.42632 t=334s
λ=1.10000000 z=10.00000: A=2.049999970598 m=1.999998823915 (m−2=-1.17609e-06) Dmin/ε=0.42729 t=335s
λ=1.09950249 z=10.05000: A=2.049751211109 m=1.999998686576 (m−2=-1.31342e-06) Dmin/ε=0.42843 t=336s
λ=1.09900990 z=10.10000: A=2.049504915358 m=1.999998580472 (m−2=-1.41953e-06) Dmin/ε=0.42973 t=339s
λ=1.09852217 z=10.15000: A=2.049261046886 m=1.999998503553 (m−2=-1.49645e-06) Dmin/ε=0.43119 t=340s
λ=1.09803922 z=10.20000: A=2.049019569937 m=1.999998453450 (m−2=-1.54655e-06) Dmin/ε=0.43280 t=343s
λ=1.09756098 z=10.25000: A=2.048780449454 m=1.999998427595 (m−2=-1.57240e-06) Dmin/ε=0.43458 t=347s
λ=1.09708738 z=10.30000: A=2.048543651050 m=1.999998423259 (m−2=-1.57674e-06) Dmin/ε=0.43650 t=348s
λ=1.09661836 z=10.35000: A=2.048309141006 m=1.999998437644 (m−2=-1.56236e-06) Dmin/ε=0.43857 t=350s
λ=1.09615385 z=10.40000: A=2.048076886249 m=1.999998467940 (m−2=-1.53206e-06) Dmin/ε=0.44078 t=351s
λ=1.09569378 z=10.45000: A=2.047846854339 m=1.999998511369 (m−2=-1.48863e-06) Dmin/ε=0.44313 t=353s
λ=1.09523810 z=10.50000: A=2.047619013458 m=1.999998565243 (m−2=-1.43476e-06) Dmin/ε=0.44562 t=354s
λ=1.09478673 z=10.55000: A=2.047393332393 m=1.999998626988 (m−2=-1.37301e-06) Dmin/ε=0.44824 t=356s
λ=1.09433962 z=10.60000: A=2.047169780524 m=1.999998694205 (m−2=-1.30580e-06) Dmin/ε=0.45099 t=357s
λ=1.09389671 z=10.65000: A=2.046948327809 m=1.999998764663 (m−2=-1.23534e-06) Dmin/ε=0.45386 t=360s
λ=1.09345794 z=10.70000: A=2.046728944774 m=1.999998836343 (m−2=-1.16366e-06) Dmin/ε=0.45684 t=363s
λ=1.09302326 z=10.75000: A=2.046511602498 m=1.999998907433 (m−2=-1.09257e-06) Dmin/ε=0.45993 t=365s
λ=1.09259259 z=10.80000: A=2.046296272601 m=1.999998976349 (m−2=-1.02365e-06) Dmin/ε=0.46313 t=367s
λ=1.09216590 z=10.85000: A=2.046082927229 m=1.999999041736 (m−2=-9.58264e-07) Dmin/ε=0.46643 t=368s
λ=1.09174312 z=10.90000: A=2.045871539047 m=1.999999102465 (m−2=-8.97535e-07) Dmin/ε=0.46319 t=370s
λ=1.09132420 z=10.95000: A=2.045662081224 m=1.999999157623 (m−2=-8.42377e-07) Dmin/ε=0.45860 t=371s
λ=1.09090909 z=11.00000: A=2.045454527421 m=1.999999206520 (m−2=-7.93480e-07) Dmin/ε=0.45414 t=373s
λ=1.09049774 z=11.05000: A=2.045248851780 m=1.999999248662 (m−2=-7.51338e-07) Dmin/ε=0.44981 t=375s
λ=1.09009009 z=11.10000: A=2.045045028913 m=1.999999283745 (m−2=-7.16255e-07) Dmin/ε=0.44560 t=378s
λ=1.08968610 z=11.15000: A=2.044843033894 m=1.999999311659 (m−2=-6.88341e-07) Dmin/ε=0.44151 t=379s
λ=1.08928571 z=11.20000: A=2.044642842242 m=1.999999332424 (m−2=-6.67576e-07) Dmin/ε=0.43755 t=382s
λ=1.08888889 z=11.25000: A=2.044444429916 m=1.999999346233 (m−2=-6.53767e-07) Dmin/ε=0.43371 t=384s
λ=1.08849558 z=11.30000: A=2.044247773305 m=1.999999353393 (m−2=-6.46607e-07) Dmin/ε=0.42998 t=385s
λ=1.08810573 z=11.35000: A=2.044052849214 m=1.999999354321 (m−2=-6.45679e-07) Dmin/ε=0.42638 t=386s
λ=1.08771930 z=11.40000: A=2.043859634858 m=1.999999349534 (m−2=-6.50466e-07) Dmin/ε=0.42289 t=388s
λ=1.08733624 z=11.45000: A=2.043668107852 m=1.999999339603 (m−2=-6.60397e-07) Dmin/ε=0.41952 t=390s
λ=1.08695652 z=11.50000: A=2.043478246200 m=1.999999325183 (m−2=-6.74817e-07) Dmin/ε=0.41626 t=391s
λ=1.08658009 z=11.55000: A=2.043290028289 m=1.999999306946 (m−2=-6.93054e-07) Dmin/ε=0.41312 t=393s
λ=1.08620690 z=11.60000: A=2.043103432879 m=1.999999285602 (m−2=-7.14398e-07) Dmin/ε=0.41008 t=394s
λ=1.08583691 z=11.65000: A=2.042918439096 m=1.999999261860 (m−2=-7.38140e-07) Dmin/ε=0.40715 t=397s
λ=1.08547009 z=11.70000: A=2.042735026420 m=1.999999236442 (m−2=-7.63558e-07) Dmin/ε=0.40433 t=398s
λ=1.08510638 z=11.75000: A=2.042553174682 m=1.999999210033 (m−2=-7.89967e-07) Dmin/ε=0.40161 t=400s
λ=1.08474576 z=11.80000: A=2.042372864053 m=1.999999183305 (m−2=-8.16695e-07) Dmin/ε=0.39900 t=402s
λ=1.08438819 z=11.85000: A=2.042194075040 m=1.999999156892 (m−2=-8.43108e-07) Dmin/ε=0.39649 t=404s
λ=1.08403361 z=11.90000: A=2.042016788474 m=1.999999131371 (m−2=-8.68629e-07) Dmin/ε=0.39407 t=405s
λ=1.08368201 z=11.95000: A=2.041840985508 m=1.999999107280 (m−2=-8.92720e-07) Dmin/ε=0.39176 t=409s
λ=1.08333333 z=12.00000: A=2.041666647606 m=1.999999085096 (m−2=-9.14904e-07) Dmin/ε=0.38954 t=411s
λ=1.08298755 z=12.05000: A=2.041493756540 m=1.999999065238 (m−2=-9.34762e-07) Dmin/ε=0.38742 t=414s
λ=1.08264463 z=12.10000: A=2.041322294381 m=1.999999048056 (m−2=-9.51944e-07) Dmin/ε=0.38539 t=416s
λ=1.08230453 z=12.15000: A=2.041152243495 m=1.999999033839 (m−2=-9.66161e-07) Dmin/ε=0.38345 t=417s
λ=1.08196721 z=12.20000: A=2.040983586533 m=1.999999022813 (m−2=-9.77187e-07) Dmin/ε=0.38161 t=418s
λ=1.08163265 z=12.25000: A=2.040816306431 m=1.999999015139 (m−2=-9.84861e-07) Dmin/ε=0.37985 t=420s
λ=1.08130081 z=12.30000: A=2.040650386401 m=1.999999010923 (m−2=-9.89077e-07) Dmin/ε=0.37818 t=421s
λ=1.08097166 z=12.35000: A=2.040485809923 m=1.999999010212 (m−2=-9.89788e-07) Dmin/ε=0.37660 t=422s
λ=1.08064516 z=12.40000: A=2.040322560746 m=1.999999012995 (m−2=-9.87005e-07) Dmin/ε=0.37511 t=424s
λ=1.08032129 z=12.45000: A=2.040160622876 m=1.999999019227 (m−2=-9.80773e-07) Dmin/ε=0.37370 t=425s
λ=1.08000000 z=12.50000: A=2.039999980576 m=1.999999028806 (m−2=-9.71194e-07) Dmin/ε=0.37238 t=428s
λ=1.07968127 z=12.55000: A=2.039840618358 m=1.999999041592 (m−2=-9.58408e-07) Dmin/ε=0.37114 t=429s
λ=1.07936508 z=12.60000: A=2.039682520981 m=1.999999057431 (m−2=-9.42569e-07) Dmin/ε=0.36998 t=430s
λ=1.07905138 z=12.65000: A=2.039525673441 m=1.999999076127 (m−2=-9.23873e-07) Dmin/ε=0.36891 t=434s
λ=1.07874016 z=12.70000: A=2.039370060974 m=1.999999097467 (m−2=-9.02533e-07) Dmin/ε=0.36791 t=437s
λ=1.07843137 z=12.75000: A=2.039215669044 m=1.999999121235 (m−2=-8.78765e-07) Dmin/ε=0.36700 t=440s
λ=1.07812500 z=12.80000: A=2.039062483344 m=1.999999147189 (m−2=-8.52811e-07) Dmin/ε=0.36617 t=441s
λ=1.07782101 z=12.85000: A=2.038910489788 m=1.999999175105 (m−2=-8.24895e-07) Dmin/ε=0.36542 t=443s
λ=1.07751938 z=12.90000: A=2.038759674511 m=1.999999204744 (m−2=-7.95256e-07) Dmin/ε=0.36476 t=446s
λ=1.07722008 z=12.95000: A=2.038610023859 m=1.999999235885 (m−2=-7.64115e-07) Dmin/ε=0.36417 t=447s
λ=1.07692308 z=13.00000: A=2.038461524391 m=1.999999268311 (m−2=-7.31689e-07) Dmin/ε=0.36366 t=450s
λ=1.07662835 z=13.05000: A=2.038314162870 m=1.999999301821 (m−2=-6.98179e-07) Dmin/ε=0.36324 t=453s
λ=1.07633588 z=13.10000: A=2.038167926264 m=1.999999336233 (m−2=-6.63767e-07) Dmin/ε=0.36289 t=456s
λ=1.07604563 z=13.15000: A=2.038022801737 m=1.999999371383 (m−2=-6.28617e-07) Dmin/ε=0.36263 t=457s
λ=1.07575758 z=13.20000: A=2.037878776650 m=1.999999407132 (m−2=-5.92868e-07) Dmin/ε=0.36245 t=461s
λ=1.07547170 z=13.25000: A=2.037735838554 m=1.999999443362 (m−2=-5.56638e-07) Dmin/ε=0.36235 t=463s
λ=1.07518797 z=13.30000: A=2.037593975188 m=1.999999479984 (m−2=-5.20016e-07) Dmin/ε=0.36234 t=468s
λ=1.07490637 z=13.35000: A=2.037453174474 m=1.999999516913 (m−2=-4.83087e-07) Dmin/ε=0.36241 t=469s
λ=1.07462687 z=13.40000: A=2.037313424517 m=1.999999554119 (m−2=-4.45881e-07) Dmin/ε=0.36257 t=470s
λ=1.07434944 z=13.45000: A=2.037174713598 m=1.999999591578 (m−2=-4.08422e-07) Dmin/ε=0.36282 t=473s
λ=1.07407407 z=13.50000: A=2.037037030172 m=1.999999629277 (m−2=-3.70723e-07) Dmin/ε=0.36315 t=475s
λ=1.07380074 z=13.55000: A=2.036900362864 m=1.999999667254 (m−2=-3.32746e-07) Dmin/ε=0.36358 t=477s
λ=1.07352941 z=13.60000: A=2.036764700470 m=1.999999705544 (m−2=-2.94456e-07) Dmin/ε=0.36409 t=479s
λ=1.07326007 z=13.65000: A=2.036630031945 m=1.999999744201 (m−2=-2.55799e-07) Dmin/ε=0.36471 t=480s
λ=1.07299270 z=13.70000: A=2.036496346411 m=1.999999783309 (m−2=-2.16691e-07) Dmin/ε=0.36541 t=482s
λ=1.07272727 z=13.75000: A=2.036363633144 m=1.999999822944 (m−2=-1.77056e-07) Dmin/ε=0.36622 t=484s
λ=1.07246377 z=13.80000: A=2.036231881580 m=1.999999863206 (m−2=-1.36794e-07) Dmin/ε=0.36713 t=486s
λ=1.07220217 z=13.85000: A=2.036101081303 m=1.999999904204 (m−2=-9.57955e-08) Dmin/ε=0.36813 t=488s
λ=1.07194245 z=13.90000: A=2.035971222051 m=1.999999946047 (m−2=-5.39532e-08) Dmin/ε=0.36925 t=491s
λ=1.07168459 z=13.95000: A=2.035842293707 m=1.999999988847 (m−2=-1.11527e-08) Dmin/ε=0.37047 t=495s
λ=1.07142857 z=14.00000: A=2.035714286299 m=2.000000032721 (m−2=+3.27208e-08) Dmin/ε=0.37181 t=498s
*** m=2 CROSSING between λ=1.07168459 and 1.07142857
λ=1.07117438 z=14.05000: A=2.035587189996 m=2.000000077777 (m−2=+7.77775e-08) Dmin/ε=0.37326 t=500s
λ=1.07092199 z=14.10000: A=2.035460995109 m=2.000000124125 (m−2=+1.24125e-07) Dmin/ε=0.37483 t=502s
λ=1.07067138 z=14.15000: A=2.035335692082 m=2.000000171869 (m−2=+1.71869e-07) Dmin/ε=0.37651 t=504s
λ=1.07042254 z=14.20000: A=2.035211271498 m=2.000000221092 (m−2=+2.21092e-07) Dmin/ε=0.37833 t=506s
λ=1.07017544 z=14.25000: A=2.035087724068 m=2.000000271895 (m−2=+2.71895e-07) Dmin/ε=0.38027 t=507s
λ=1.06993007 z=14.30000: A=2.034965040635 m=2.000000324336 (m−2=+3.24336e-07) Dmin/ε=0.38234 t=509s
λ=1.06968641 z=14.35000: A=2.034843212169 m=2.000000378482 (m−2=+3.78482e-07) Dmin/ε=0.38455 t=510s
λ=1.06944444 z=14.40000: A=2.034722229763 m=2.000000434371 (m−2=+4.34371e-07) Dmin/ε=0.38689 t=512s
λ=1.06920415 z=14.45000: A=2.034602084637 m=2.000000492040 (m−2=+4.92040e-07) Dmin/ε=0.38938 t=514s
λ=1.06896552 z=14.50000: A=2.034482768129 m=2.000000551506 (m−2=+5.51506e-07) Dmin/ε=0.39201 t=516s
λ=1.06872852 z=14.55000: A=2.034364271697 m=2.000000612770 (m−2=+6.12770e-07) Dmin/ε=0.39479 t=518s
λ=1.06849315 z=14.60000: A=2.034246586915 m=2.000000675813 (m−2=+6.75813e-07) Dmin/ε=0.39773 t=521s
λ=1.06825939 z=14.65000: A=2.034129705471 m=2.000000740611 (m−2=+7.40611e-07) Dmin/ε=0.40081 t=525s
λ=1.06802721 z=14.70000: A=2.034013619169 m=2.000000807110 (m−2=+8.07110e-07) Dmin/ε=0.40405 t=526s
λ=1.06779661 z=14.75000: A=2.033898319920 m=2.000000875269 (m−2=+8.75269e-07) Dmin/ε=0.40745 t=528s
λ=1.06756757 z=14.80000: A=2.033783799747 m=2.000000945002 (m−2=+9.45002e-07) Dmin/ε=0.41102 t=531s
λ=1.06734007 z=14.85000: A=2.033670050778 m=2.000001016230 (m−2=+1.01623e-06) Dmin/ε=0.41474 t=533s
λ=1.06711409 z=14.90000: A=2.033557065249 m=2.000001088853 (m−2=+1.08885e-06) Dmin/ε=0.41862 t=537s
λ=1.06688963 z=14.95000: A=2.033444835498 m=2.000001162768 (m−2=+1.16277e-06) Dmin/ε=0.42267 t=539s
λ=1.06666667 z=15.00000: A=2.033333353964 m=2.000001237867 (m−2=+1.23787e-06) Dmin/ε=0.42688 t=540s
λ=1.06644518 z=15.05000: A=2.033222613190 m=2.000001314015 (m−2=+1.31401e-06) Dmin/ε=0.43125 t=545s
λ=1.06622517 z=15.10000: A=2.033112605813 m=2.000001391094 (m−2=+1.39109e-06) Dmin/ε=0.43577 t=546s
λ=1.06600660 z=15.15000: A=2.033003324570 m=2.000001468966 (m−2=+1.46897e-06) Dmin/ε=0.44046 t=548s
λ=1.06578947 z=15.20000: A=2.032894762294 m=2.000001547500 (m−2=+1.54750e-06) Dmin/ε=0.44530 t=549s
λ=1.06557377 z=15.25000: A=2.032786911911 m=2.000001626558 (m−2=+1.62656e-06) Dmin/ε=0.45028 t=551s
λ=1.06535948 z=15.30000: A=2.032679766438 m=2.000001705997 (m−2=+1.70600e-06) Dmin/ε=0.45542 t=552s
λ=1.06514658 z=15.35000: A=2.032573318985 m=2.000001785685 (m−2=+1.78568e-06) Dmin/ε=0.46069 t=558s
λ=1.06493506 z=15.40000: A=2.032467562751 m=2.000001865480 (m−2=+1.86548e-06) Dmin/ε=0.46610 t=560s
λ=1.06472492 z=15.45000: A=2.032362491023 m=2.000001945249 (m−2=+1.94525e-06) Dmin/ε=0.47163 t=561s
λ=1.06451613 z=15.50000: A=2.032258097175 m=2.000002024864 (m−2=+2.02486e-06) Dmin/ε=0.47729 t=563s
λ=1.06430868 z=15.55000: A=2.032154374665 m=2.000002104196 (m−2=+2.10420e-06) Dmin/ε=0.47844 t=566s
λ=1.06410256 z=15.60000: A=2.032051317037 m=2.000002183124 (m−2=+2.18312e-06) Dmin/ε=0.47368 t=568s
λ=1.06389776 z=15.65000: A=2.031948917916 m=2.000002261535 (m−2=+2.26154e-06) Dmin/ε=0.46903 t=569s
λ=1.06369427 z=15.70000: A=2.031847171008 m=2.000002339306 (m−2=+2.33931e-06) Dmin/ε=0.46448 t=572s
λ=1.06349206 z=15.75000: A=2.031746070101 m=2.000002416350 (m−2=+2.41635e-06) Dmin/ε=0.46002 t=574s
λ=1.06329114 z=15.80000: A=2.031645609059 m=2.000002492556 (m−2=+2.49256e-06) Dmin/ε=0.45566 t=575s
λ=1.06309148 z=15.85000: A=2.031545781827 m=2.000002567834 (m−2=+2.56783e-06) Dmin/ε=0.45141 t=577s
λ=1.06289308 z=15.90000: A=2.031446582423 m=2.000002642102 (m−2=+2.64210e-06) Dmin/ε=0.44724 t=578s
λ=1.06269592 z=15.95000: A=2.031348004942 m=2.000002715276 (m−2=+2.71528e-06) Dmin/ε=0.44317 t=580s
λ=1.06250000 z=16.00000: A=2.031250043551 m=2.000002787292 (m−2=+2.78729e-06) Dmin/ε=0.43920 t=583s
λ=1.06230530 z=16.05000: A=2.031152692493 m=2.000002858082 (m−2=+2.85808e-06) Dmin/ε=0.43531 t=585s
λ=1.06211180 z=16.10000: A=2.031055946080 m=2.000002927587 (m−2=+2.92759e-06) Dmin/ε=0.43151 t=587s
λ=1.06191950 z=16.15000: A=2.030959798696 m=2.000002995757 (m−2=+2.99576e-06) Dmin/ε=0.42780 t=590s
λ=1.06172840 z=16.20000: A=2.030864244792 m=2.000003062557 (m−2=+3.06256e-06) Dmin/ε=0.42418 t=593s
λ=1.06153846 z=16.25000: A=2.030769278891 m=2.000003127935 (m−2=+3.12793e-06) Dmin/ε=0.42064 t=596s
λ=1.06134969 z=16.30000: A=2.030674895581 m=2.000003191871 (m−2=+3.19187e-06) Dmin/ε=0.41718 t=597s
λ=1.06116208 z=16.35000: A=2.030581089516 m=2.000003254336 (m−2=+3.25434e-06) Dmin/ε=0.41381 t=601s
λ=1.06097561 z=16.40000: A=2.030487855416 m=2.000003315316 (m−2=+3.31532e-06) Dmin/ε=0.41051 t=605s
λ=1.06079027 z=16.45000: A=2.030395188067 m=2.000003374790 (m−2=+3.37479e-06) Dmin/ε=0.40728 t=606s
λ=1.06060606 z=16.50000: A=2.030303082314 m=2.000003432761 (m−2=+3.43276e-06) Dmin/ε=0.40414 t=608s
λ=1.06042296 z=16.55000: A=2.030211533070 m=2.000003489222 (m−2=+3.48922e-06) Dmin/ε=0.40106 t=610s
λ=1.06024096 z=16.60000: A=2.030120535304 m=2.000003544172 (m−2=+3.54417e-06) Dmin/ε=0.39805 t=611s
λ=1.06006006 z=16.65000: A=2.030030084048 m=2.000003597622 (m−2=+3.59762e-06) Dmin/ε=0.39512 t=613s
λ=1.05988024 z=16.70000: A=2.029940174395 m=2.000003649576 (m−2=+3.64958e-06) Dmin/ε=0.39225 t=615s
λ=1.05970149 z=16.75000: A=2.029850801493 m=2.000003700052 (m−2=+3.70005e-06) Dmin/ε=0.38945 t=618s
λ=1.05952381 z=16.80000: A=2.029761960551 m=2.000003749061 (m−2=+3.74906e-06) Dmin/ε=0.38671 t=621s
λ=1.05934718 z=16.85000: A=2.029673646834 m=2.000003796631 (m−2=+3.79663e-06) Dmin/ε=0.38403 t=624s
λ=1.05917160 z=16.90000: A=2.029585855662 m=2.000003842776 (m−2=+3.84278e-06) Dmin/ε=0.38142 t=627s
λ=1.05899705 z=16.95000: A=2.029498582412 m=2.000003887523 (m−2=+3.88752e-06) Dmin/ε=0.37886 t=630s
λ=1.05882353 z=17.00000: A=2.029411822513 m=2.000003930890 (m−2=+3.93089e-06) Dmin/ε=0.37636 t=633s
λ=1.05865103 z=17.05000: A=2.029325571450 m=2.000003972915 (m−2=+3.97291e-06) Dmin/ε=0.37392 t=637s
λ=1.05847953 z=17.10000: A=2.029239824760 m=2.000004013608 (m−2=+4.01361e-06) Dmin/ε=0.37153 t=640s
λ=1.05830904 z=17.15000: A=2.029154578032 m=2.000004053015 (m−2=+4.05302e-06) Dmin/ε=0.36920 t=641s
λ=1.05813953 z=17.20000: A=2.029069826906 m=2.000004091146 (m−2=+4.09115e-06) Dmin/ε=0.36691 t=643s
λ=1.05797101 z=17.25000: A=2.028985567073 m=2.000004128040 (m−2=+4.12804e-06) Dmin/ε=0.36468 t=647s
λ=1.05780347 z=17.30000: A=2.028901794273 m=2.000004163721 (m−2=+4.16372e-06) Dmin/ε=0.36250 t=650s
λ=1.05763689 z=17.35000: A=2.028818504297 m=2.000004198221 (m−2=+4.19822e-06) Dmin/ε=0.36036 t=652s
λ=1.05747126 z=17.40000: A=2.028735692982 m=2.000004231567 (m−2=+4.23157e-06) Dmin/ε=0.35827 t=655s
λ=1.05730659 z=17.45000: A=2.028653356214 m=2.000004263779 (m−2=+4.26378e-06) Dmin/ε=0.35623 t=658s
λ=1.05714286 z=17.50000: A=2.028571489927 m=2.000004294887 (m−2=+4.29489e-06) Dmin/ε=0.35423 t=662s
λ=1.05698006 z=17.55000: A=2.028490090098 m=2.000004324922 (m−2=+4.32492e-06) Dmin/ε=0.35227 t=663s
λ=1.05681818 z=17.60000: A=2.028409152754 m=2.000004353904 (m−2=+4.35390e-06) Dmin/ε=0.35036 t=666s
λ=1.05665722: no convergence (|R| stalled); step factor -> 0.5
λ=1.05673759 z=17.62500: A=2.028368856284 m=2.000004368012 (m−2=+4.36801e-06) Dmin/ε=0.34942 t=675s
λ=1.05661713 z=17.66250: A=2.028308625459 m=2.000004388694 (m−2=+4.38869e-06) Dmin/ε=0.34802 t=677s
λ=1.05645730 z=17.71250: A=2.028228714402 m=2.000004415400 (m−2=+4.41540e-06) Dmin/ε=0.34620 t=680s
λ=1.05629838 z=17.76250: A=2.028149253218 m=2.000004441142 (m−2=+4.44114e-06) Dmin/ε=0.34442 t=682s
λ=1.05614035 z=17.81250: A=2.028070238118 m=2.000004465931 (m−2=+4.46593e-06) Dmin/ε=0.34267 t=685s
λ=1.05598321 z=17.86250: A=2.027991665357 m=2.000004489788 (m−2=+4.48979e-06) Dmin/ε=0.34096 t=687s
λ=1.05582694 z=17.91250: A=2.027913531231 m=2.000004512747 (m−2=+4.51275e-06) Dmin/ε=0.33929 t=690s
λ=1.05567154 z=17.96250: A=2.027835832078 m=2.000004534816 (m−2=+4.53482e-06) Dmin/ε=0.33765 t=692s
λ=1.05551700 z=18.01250: A=2.027758564275 m=2.000004556022 (m−2=+4.55602e-06) Dmin/ε=0.33604 t=694s
λ=1.05536332 z=18.06250: A=2.027681724241 m=2.000004576387 (m−2=+4.57639e-06) Dmin/ε=0.33447 t=698s
λ=1.05521049 z=18.11250: A=2.027605308432 m=2.000004595928 (m−2=+4.59593e-06) Dmin/ε=0.33293 t=700s
λ=1.05505850 z=18.16250: A=2.027529313347 m=2.000004614660 (m−2=+4.61466e-06) Dmin/ε=0.33142 t=703s
λ=1.05490734 z=18.21250: A=2.027453735519 m=2.000004632604 (m−2=+4.63260e-06) Dmin/ε=0.32995 t=705s
λ=1.05475702 z=18.26250: A=2.027378571523 m=2.000004649781 (m−2=+4.64978e-06) Dmin/ε=0.32850 t=708s
λ=1.05460751 z=18.31250: A=2.027303817968 m=2.000004666202 (m−2=+4.66620e-06) Dmin/ε=0.32709 t=711s
λ=1.05445882 z=18.36250: A=2.027229471503 m=2.000004681890 (m−2=+4.68189e-06) Dmin/ε=0.32570 t=713s
λ=1.05431093 z=18.41250: A=2.027155528810 m=2.000004696863 (m−2=+4.69686e-06) Dmin/ε=0.32434 t=718s
λ=1.05416385 z=18.46250: A=2.027081986610 m=2.000004711132 (m−2=+4.71113e-06) Dmin/ε=0.32301 t=721s
λ=1.05401756 z=18.51250: A=2.027008841657 m=2.000004724719 (m−2=+4.72472e-06) Dmin/ε=0.32171 t=723s
λ=1.05387205 z=18.56250: A=2.026936090742 m=2.000004737635 (m−2=+4.73764e-06) Dmin/ε=0.32043 t=727s
λ=1.05372733 z=18.61250: A=2.026863730690 m=2.000004749896 (m−2=+4.74990e-06) Dmin/ε=0.31918 t=732s
λ=1.05358339 z=18.66250: A=2.026791758359 m=2.000004761519 (m−2=+4.76152e-06) Dmin/ε=0.31795 t=737s
λ=1.05344021 z=18.71250: A=2.026720170641 m=2.000004772517 (m−2=+4.77252e-06) Dmin/ε=0.31675 t=740s
λ=1.05329780 z=18.76250: A=2.026648964462 m=2.000004782904 (m−2=+4.78290e-06) Dmin/ε=0.31557 t=742s
λ=1.05315615 z=18.81250: A=2.026578136780 m=2.000004792698 (m−2=+4.79270e-06) Dmin/ε=0.31442 t=747s
