z=  4.310 ε=0.11591 εΦ_cut=1.12515-0.43360i
z=  4.710 ε=0.10615 εΦ_cut=1.13228-0.43816i
z=  5.110 ε=0.09787 εΦ_cut=1.13748-0.44160i
z=  5.510 ε=0.09076 εΦ_cut=1.14214-0.44470i
z=  5.910 ε=0.08460 εΦ_cut=1.14601-0.44729i
z=  6.310 ε=0.07924 εΦ_cut=1.15125-0.45059i
z=  6.710 ε=0.07451 εΦ_cut=1.15451-0.45271i
z=  7.110 ε=0.07032 εΦ_cut=1.15725-0.45451i
z=  7.510 ε=0.06658 εΦ_cut=1.15944-0.45595i
z=  7.910 ε=0.06321 εΦ_cut=1.16291-0.45813i
z=  8.310 ε=0.06017 εΦ_cut=1.16606-0.46010i
z=  8.710 ε=0.05741 εΦ_cut=1.16719-0.46088i
z=  9.110 ε=0.05489 εΦ_cut=1.16987-0.46256i
z=  9.510 ε=0.05258 εΦ_cut=1.17233-0.46410i
z=  9.910 ε=0.05045 εΦ_cut=1.17278-0.46445i
z= 10.310 ε=0.04850 εΦ_cut=1.17489-0.46577i
z= 10.560 ε=0.04735 εΦ_cut=1.17586-0.46639i
z= 10.710 ε=0.04669 εΦ_cut=1.17685-0.46700i
z= 11.110 ε=0.04500 εΦ_cut=1.17867-0.46814i
z= 11.510 ε=0.04344 εΦ_cut=1.18037-0.46921i
z= 11.910 ε=0.04198 εΦ_cut=1.18195-0.47021i
z= 12.310 ε=0.04062 εΦ_cut=1.18156-0.46999i
z= 12.710 ε=0.03934 εΦ_cut=1.18297-0.47088i
z= 13.060 ε=0.03829 εΦ_cut=1.18386-0.47144i
z= 13.110 ε=0.03814 εΦ_cut=1.18430-0.47171i
z= 13.510 ε=0.03701 εΦ_cut=1.18555-0.47250i
z= 13.910 ε=0.03595 εΦ_cut=1.18673-0.47324i
z= 14.310 ε=0.03494 εΦ_cut=1.18785-0.47394i
z= 14.680 ε=0.03406 εΦ_cut=1.18883-0.47456i
z= 15.560 ε=0.03213 εΦ_cut=1.18971-0.47512i
z= 18.060 ε=0.02769 εΦ_cut=1.19424-0.47796i
z= 20.560 ε=0.02432 εΦ_cut=1.19757-0.48004i
z= 23.060 ε=0.02168 εΦ_cut=1.20062-0.48196i
z= 25.560 ε=0.01956 εΦ_cut=1.20311-0.48351i
z= 28.060 ε=0.01782 εΦ_cut=1.20516-0.48480i
z= 30.560 ε=0.01636 εΦ_cut=1.20633-0.48550i
z= 33.060 ε=0.01512 εΦ_cut=1.20779-0.48642i
z= 35.561 ε=0.01406 εΦ_cut=1.20906-0.48722i
z= 38.060 ε=0.01314 εΦ_cut=1.21017-0.48792i
z= 40.560 ε=0.01233 εΦ_cut=1.21117-0.48852i
crossings z: [ 4.7416  5.9999  7.2611  8.5248  9.79   11.0538 12.333  13.5561 13.5856
 13.5954 14.8701 15.0021]
Re Φ at crossings: [10.7415 13.7659 16.8178 19.8913 22.9602 26.0518 29.1462 32.1465 32.2187
 32.243  35.3618 35.6796]
Δ Re Φ: [3.0245 3.0519 3.0735 3.0689 3.0916 3.0944 3.0003 0.0722 0.0243 3.1189
 0.3178]
Δ Im Φ: [-1.2186 -1.2321 -1.2434 -1.24   -1.2541 -1.2481 -1.2187 -0.0293 -0.0099
 -1.2652 -0.1278]
