file                                z        D0      I_tot    inner  approach  dipcore    front   w_core  ReK_core  D̂min   x_dip   x_cut
/usr/local/lib/python3.11/dist-packages/scipy/integrate/_ivp/rk.py:63: RuntimeWarning: overflow encountered in dot
  dy = np.dot(K[:s].T, a[:s]) * h
/usr/local/lib/python3.11/dist-packages/scipy/integrate/_ivp/rk.py:63: RuntimeWarning: invalid value encountered in dot
  dy = np.dot(K[:s].T, a[:s]) * h
/usr/local/lib/python3.11/dist-packages/scipy/integrate/_ivp/rk.py:521: RuntimeWarning: invalid value encountered in divide
  err5 = np.dot(K.T, self.E5) / scale
/usr/local/lib/python3.11/dist-packages/scipy/integrate/_ivp/rk.py:522: RuntimeWarning: invalid value encountered in divide
  err3 = np.dot(K.T, self.E3) / scale
/home/user/Fluids-Research/programs/P03_boussinesq_ladder/ipm_local_eig.py:62: RuntimeWarning: overflow encountered in exp
  return (dps + kap * ps) * np.exp(-kap * Y1) / 2
/home/user/Fluids-Research/programs/P03_boussinesq_ladder/ipm_local_eig.py:62: RuntimeWarning: invalid value encountered in scalar multiply
  return (dps + kap * ps) * np.exp(-kap * Y1) / 2
/home/user/Fluids-Research/programs/P03_boussinesq_ladder/ipm_local_eig.py:62: RuntimeWarning: invalid value encountered in scalar divide
  return (dps + kap * ps) * np.exp(-kap * Y1) / 2
/home/user/Fluids-Research/programs/P03_boussinesq_ladder/ipm_local_eig.py:71: RuntimeWarning: invalid value encountered in scalar divide
  k2 = k1 - f1 * (k1 - k0) / (f1 - f0)
/home/user/Fluids-Research/programs/P03_boussinesq_ladder/ipm_local_eig.py:53: RuntimeWarning: invalid value encountered in scalar divide
  r0 = -G / (1j * kap * Dh)                  # iκD̂ r(0) = −G ψ'(0)
_ss-20.0_sm100.0_lam0.47212973.npy  2.1181 0.23606  1.22156   1.1072  -0.7182   0.5538   0.2788   0.7684    0.678  0.8194  0.3094  0.6841
_ss-20.0_sm100.0_lam0.31496181.npy  3.1750 0.15748  1.30803   1.0030  -0.2560   0.4056   0.1553   0.3938    0.820  0.7353  0.5029  0.7790
/home/user/Fluids-Research/programs/P03_boussinesq_ladder/ipm_local_eig.py:62: RuntimeWarning: overflow encountered in scalar multiply
  return (dps + kap * ps) * np.exp(-kap * Y1) / 2
_ss-20.0_sm100.0_lam0.24156634.npy  4.1396 0.12078  1.38378   0.9327   0.0020   0.3480   0.1010   0.2940    0.849  0.6660  0.6121  0.8265
_ss-20.0_sm100.0_lam0.19872245.npy  5.0321 0.09936  1.45091   0.9094   0.1486   0.3192   0.0737   0.2435    0.857  0.5988  0.6991  0.8753
_ss-20.0_sm100.0_lam0.17061809.npy  5.8610 0.08531  1.51322   0.8987   0.2671   0.2857   0.0618   0.1936    0.877  0.5280  0.7617  0.9186
ipm_h7x_z7.3460.npy                 7.3460 0.06806  1.63068   0.8860   0.4243   0.2838   0.0367   0.1562    0.835  0.3874  0.8773  0.9941
/usr/local/lib/python3.11/dist-packages/scipy/integrate/_ivp/rk.py:63: RuntimeWarning: overflow encountered in dot
  dy = np.dot(K[:s].T, a[:s]) * h
/usr/local/lib/python3.11/dist-packages/scipy/integrate/_ivp/rk.py:63: RuntimeWarning: invalid value encountered in dot
  dy = np.dot(K[:s].T, a[:s]) * h
/usr/local/lib/python3.11/dist-packages/scipy/integrate/_ivp/rk.py:521: RuntimeWarning: invalid value encountered in divide
  err5 = np.dot(K.T, self.E5) / scale
/usr/local/lib/python3.11/dist-packages/scipy/integrate/_ivp/rk.py:522: RuntimeWarning: invalid value encountered in divide
  err3 = np.dot(K.T, self.E3) / scale
/home/user/Fluids-Research/programs/P03_boussinesq_ladder/ipm_local_eig.py:62: RuntimeWarning: overflow encountered in exp
  return (dps + kap * ps) * np.exp(-kap * Y1) / 2
/home/user/Fluids-Research/programs/P03_boussinesq_ladder/ipm_local_eig.py:62: RuntimeWarning: invalid value encountered in scalar multiply
  return (dps + kap * ps) * np.exp(-kap * Y1) / 2
/home/user/Fluids-Research/programs/P03_boussinesq_ladder/ipm_local_eig.py:62: RuntimeWarning: invalid value encountered in scalar divide
  return (dps + kap * ps) * np.exp(-kap * Y1) / 2
/home/user/Fluids-Research/programs/P03_boussinesq_ladder/ipm_local_eig.py:71: RuntimeWarning: invalid value encountered in scalar divide
  k2 = k1 - f1 * (k1 - k0) / (f1 - f0)
/home/user/Fluids-Research/programs/P03_boussinesq_ladder/ipm_local_eig.py:53: RuntimeWarning: invalid value encountered in scalar divide
  r0 = -G / (1j * kap * Dh)                  # iκD̂ r(0) = −G ψ'(0)
/home/user/Fluids-Research/programs/P03_boussinesq_ladder/ipm_local_eig.py:62: RuntimeWarning: overflow encountered in scalar multiply
  return (dps + kap * ps) * np.exp(-kap * Y1) / 2
/usr/local/lib/python3.11/dist-packages/scipy/integrate/_ivp/rk.py:63: RuntimeWarning: invalid value encountered in multiply
  dy = np.dot(K[:s].T, a[:s]) * h
/home/user/Fluids-Research/programs/P03_boussinesq_ladder/ipm_local_eig.py:57: RuntimeWarning: overflow encountered in scalar multiply
  dr = (-G * dps + 1j * kap * Ry * ps - 1j * kap * (Dh + ch * Y) * r) / (mu * Y)
/home/user/Fluids-Research/programs/P03_boussinesq_ladder/ipm_local_eig.py:57: RuntimeWarning: invalid value encountered in scalar divide
  dr = (-G * dps + 1j * kap * Ry * ps - 1j * kap * (Dh + ch * Y) * r) / (mu * Y)
/usr/local/lib/python3.11/dist-packages/scipy/integrate/_ivp/rk.py:66: RuntimeWarning: invalid value encountered in dot
  y_new = y + h * np.dot(K[:-1].T, B)
/usr/local/lib/python3.11/dist-packages/scipy/integrate/_ivp/rk.py:521: RuntimeWarning: invalid value encountered in dot
  err5 = np.dot(K.T, self.E5) / scale
/usr/local/lib/python3.11/dist-packages/scipy/integrate/_ivp/rk.py:522: RuntimeWarning: invalid value encountered in dot
  err3 = np.dot(K.T, self.E3) / scale
pm_noise_lam0.1509200_hs0.0125.npy  6.6260 0.07546  1.57136   0.8912   0.3599   0.2690   0.0512   0.1626    0.864  0.4584  0.8242  0.9577
ipm_deep_e5_lam0.1339405.npy        7.4660 0.06697  1.64148   0.8853   0.4295   0.2894   0.0373   0.1563    0.845  0.3642  0.8826  1.0001
ipm_deep_e5_lam0.1258495.npy        7.9460 0.06292  1.68781   0.8825   0.4865   0.2861   0.0328   0.1375    0.848  0.3131  0.9038  1.0241
ipm_deep_e5_lam0.1186803.npy        8.4260 0.05934  1.73005   0.8801   0.5083   0.3131   0.0285   0.1437    0.848  0.3058  0.9480  1.0477
ipm_deep_e5_lam0.1122838.npy        8.9060 0.05614  1.78080   0.8781   0.5692   0.3085   0.0250   0.1249    0.836  0.2402  0.9688  1.0706
ipm_deep_e5_lam0.1079214.npy        9.2660 0.05396  1.81979   0.8766   0.5847   0.3371   0.0214   0.1314    0.832  0.2188  0.9900  1.0874
