n   δ(cut 1.5)  fail  δ(cut 2)  fail  δ(cut 3)  fail  δ(cut 5)  fail
/usr/local/lib/python3.11/dist-packages/scipy/integrate/_ivp/rk.py:63: RuntimeWarning: overflow encountered in dot
  dy = np.dot(K[:s].T, a[:s]) * h
/usr/local/lib/python3.11/dist-packages/scipy/integrate/_ivp/rk.py:63: RuntimeWarning: invalid value encountered in dot
  dy = np.dot(K[:s].T, a[:s]) * h
/usr/local/lib/python3.11/dist-packages/scipy/integrate/_ivp/rk.py:521: RuntimeWarning: invalid value encountered in divide
  err5 = np.dot(K.T, self.E5) / scale
/usr/local/lib/python3.11/dist-packages/scipy/integrate/_ivp/rk.py:522: RuntimeWarning: invalid value encountered in divide
  err3 = np.dot(K.T, self.E3) / scale
/home/user/Fluids-Research/programs/P03_boussinesq_ladder/ipm_local_eig.py:62: RuntimeWarning: overflow encountered in exp
  return (dps + kap * ps) * np.exp(-kap * Y1) / 2
/home/user/Fluids-Research/programs/P03_boussinesq_ladder/ipm_local_eig.py:62: RuntimeWarning: invalid value encountered in scalar multiply
  return (dps + kap * ps) * np.exp(-kap * Y1) / 2
/home/user/Fluids-Research/programs/P03_boussinesq_ladder/ipm_local_eig.py:62: RuntimeWarning: invalid value encountered in scalar divide
  return (dps + kap * ps) * np.exp(-kap * Y1) / 2
/home/user/Fluids-Research/programs/P03_boussinesq_ladder/ipm_local_eig.py:71: RuntimeWarning: invalid value encountered in scalar divide
  k2 = k1 - f1 * (k1 - k0) / (f1 - f0)
/home/user/Fluids-Research/programs/P03_boussinesq_ladder/ipm_local_eig.py:53: RuntimeWarning: invalid value encountered in scalar divide
  r0 = -G / (1j * kap * Dh)                  # iκD̂ r(0) = −G ψ'(0)
/usr/local/lib/python3.11/dist-packages/scipy/integrate/_ivp/rk.py:63: RuntimeWarning: invalid value encountered in multiply
  dy = np.dot(K[:s].T, a[:s]) * h
/home/user/Fluids-Research/programs/P03_boussinesq_ladder/ipm_local_eig.py:62: RuntimeWarning: overflow encountered in scalar multiply
  return (dps + kap * ps) * np.exp(-kap * Y1) / 2
1       1.7506    0     2.0331    0     2.3488    0     2.6849    0
2       1.7927    0     2.0228    0     2.2863    0     2.5643    0
3       1.8325    0     2.0320    0     2.2660    0     2.5144    0
4       1.8604    0     2.0360    0     2.2476    0     2.4712    0
5       1.8731    0     2.0301    0     2.2200    0     2.4232    0
6       1.8500    0     1.9742    0     2.1562    0     2.3253    0
cut 1.5: mean δ(1–5) = 1.8219 ± 0.0504;  δ₆ − mean = +0.0281;  spread over 1–6 = 0.1225
cut 2: mean δ(1–5) = 2.0308 ± 0.0050;  δ₆ − mean = -0.0565;  spread over 1–6 = 0.0618
cut 3: mean δ(1–5) = 2.2737 ± 0.0485;  δ₆ − mean = -0.1176;  spread over 1–6 = 0.1926
cut 5: mean δ(1–5) = 2.5316 ± 0.1003;  δ₆ − mean = -0.2063;  spread over 1–6 = 0.3596
