# contour v2 U2: λ=0.3149621637 m=1.9999999998 hs=0.025 s_start=-30.0; R=[0.04,1.5]x[-1.5,1.5], k=16
μ=1.50000+0.00000i f=5.9688e-02-7.2467e-03j |ν_k|=0.121 ν≈1: 0.4482+0.2105j |ν|>0.5: [] (50s)
μ=1.50000+0.25000i f=4.6348e-02+5.4623e-02j |ν_k|=0.123 ν≈1: 0.4302+0.0906j |ν|>0.5: [0.415-0.353j] (46s)
μ=1.50000+0.12500i f=5.4961e-02+3.0900e-02j |ν_k|=0.123 ν≈1: 0.4438+0.1464j |ν|>0.5: [0.44-0.281j] (44s)
μ=1.50000+0.06250i f=5.7809e-02+1.9094e-02j |ν_k|=0.122 ν≈1: 0.4474+0.1775j |ν|>0.5: [0.446-0.245j] (43s)
μ=1.50000+0.50000i f=1.6717e-02+1.0453e-01j |ν_k|=0.122 ν≈1: 0.3880+0.0037j |ν|>0.5: [0.32-0.479j] (45s)
μ=1.50000+0.37500i f=3.3667e-02+7.8939e-02j |ν_k|=0.123 ν≈1: 0.4108+0.0432j |ν|>0.5: [0.374-0.42j] (44s)
μ=1.50000+0.75000i f=-6.8482e-02+1.5217e-01j |ν_k|=0.118 ν≈1: 0.3375-0.0546j |ν|>0.5: [0.188-0.557j] (44s)
μ=1.50000+0.62500i f=-4.6827e-03+1.3217e-01j |ν_k|=0.120 ν≈1: 0.3631-0.0287j |ν|>0.5: [0.257-0.524j] (38s)
μ=1.50000+1.00000i f=-1.5051e-01+2.0992e-01j |ν_k|=0.119 ν≈1: 0.2878-0.0902j |ν|>0.5: [0.05-0.581j] (44s)
μ=1.50000+1.25000i f=-2.5540e-01+2.8991e-01j |ν_k|=0.116 ν≈1: 0.2437-0.1100j |ν|>0.5: [-0.072-0.564j] (44s)
μ=1.50000+1.50000i f=-4.3497e-01+4.2487e-01j |ν_k|=0.115 ν≈1: 0.2063-0.1197j |ν|>0.5: [-0.167-0.52j] (43s)
edge (1.5+0j) → (1.5+1.5j): accumulated Δarg/π = 0.7922
μ=1.25667+1.50000i f=-5.0457e-01+2.5101e-01j |ν_k|=0.120 ν≈1: 0.2086-0.1558j |ν|>0.5: [-0.232-0.605j] (39s)
μ=1.01333+1.50000i f=-5.5248e-01-7.1586e-02j |ν_k|=0.124 ν≈1: 0.2021-0.1970j |ν|>0.5: [-0.335-0.695j  0.065-0.512j] (43s)
μ=1.13500+1.50000i f=-5.5794e-01+1.5442e-01j |ν_k|=0.119 ν≈1: 0.2067-0.1758j |ν|>0.5: [-0.278-0.65j] (38s)
μ=0.77000+1.50000i f=-5.4030e-01-3.3732e-01j |ν_k|=0.137 ν≈1: 0.1731+0.0060j |ν|>0.5: [-0.489-0.777j  0.078-0.622j] (42s)
μ=0.52667+1.50000i f=-4.2766e-01-6.6428e-01j |ν_k|=0.144 ν≈1: 0.1893-0.0091j |ν|>0.5: [-0.704-0.823j  0.081-0.767j] (42s)
μ=0.28333+1.50000i f=-1.4851e-01-1.0228e+00j |ν_k|=0.152 ν≈1: 0.2045-0.0291j |ν|>0.5: [-0.974-0.794j  0.062-0.961j] (41s)
μ=0.04000+1.50000i f=4.2069e-01-4.8468e-01j |ν_k|=0.210 ν≈1: 0.6224-0.3073j |ν|>0.5: [-1.259-0.648j  0.069-1.288j  0.586-0.753j -0.249-0.883j  0.622-0.307j -0.338-0.409j] (37s)
μ=0.16167+1.50000i f=2.9588e-02-1.0114e+00j |ν_k|=0.184 ν≈1: 0.2114-0.0410j |ν|>0.5: [-1.119-0.738j  0.037-1.082j  0.271-0.465j] (32s)
μ=0.10083+1.50000i f=1.2066e-01-8.6345e-01j |ν_k|=0.197 ν≈1: 0.2441-0.0867j |ν|>0.5: [-1.19 -0.697j  0.019-1.15j   0.288-0.486j] (31s)
μ=0.07042+1.50000i f=2.7828e-01-7.0428e-01j |ν_k|=0.209 ν≈1: 0.3581-0.1559j |ν|>0.5: [-1.225-0.674j  0.008-1.186j  0.321-0.538j  0.046-0.522j] (36s)
edge (1.5+1.5j) → (0.04+1.5j): accumulated Δarg/π = 1.7660
μ=0.04000+1.40000i f=4.2000e-01-3.8334e-01j |ν_k|=0.220 ν≈1: 0.6337-0.2901j |ν|>0.5: [-1.351-0.773j  0.171-1.337j  0.614-0.747j -0.237-0.854j  0.634-0.29j  -0.318-0.411j] (31s)
μ=0.04000+1.30000i f=4.0609e-01-2.8758e-01j |ν_k|=0.217 ν≈1: 0.6440-0.2718j |ν|>0.5: [-1.452-0.928j  0.287-1.359j  0.64 -0.743j -0.23 -0.83j   0.644-0.272j -0.293-0.415j] (32s)
μ=0.04000+1.20000i f=3.8013e-01-1.9976e-01j |ν_k|=0.214 ν≈1: 0.6535-0.2527j |ν|>0.5: [-1.562-1.122j  0.411-1.35j   0.667-0.743j -0.228-0.812j  0.653-0.253j] (32s)
μ=0.04000+1.10000i f=2.2321e-01-1.3546e-01j |ν_k|=0.210 ν≈1: 0.6615-0.2332j |ν|>0.5: [-1.68 -1.367j  0.533-1.3j    0.693-0.752j -0.23 -0.805j  0.662-0.233j] (37s)
μ=0.04000+1.00000i f=2.0690e-01-8.5949e-02j |ν_k|=0.210 ν≈1: 0.6675-0.2133j |ν|>0.5: [-1.8  -1.682j  0.636-1.201j  0.724-0.779j -0.227-0.818j  0.667-0.213j] (37s)
μ=0.04000+0.90000i f=1.7297e-01-4.3076e-02j |ν_k|=0.213 ν≈1: 0.6710-0.1930j |ν|>0.5: [-1.911-2.09j   0.669-1.017j  0.8  -0.86j  -0.204-0.856j  0.671-0.193j  0.287-0.431j] (36s)
μ=0.04000+0.80000i f=1.4585e-01-7.5801e-03j |ν_k|=0.216 ν≈1: 0.6718-0.1729j |ν|>0.5: [-1.991-2.618j  0.989-0.819j  0.548-0.931j -0.143-0.923j  0.672-0.173j  0.335-0.457j] (31s)
μ=0.04000+0.70000i f=1.1511e-01+1.7808e-02j |ν_k|=0.214 ν≈1: 0.6692-0.1537j |ν|>0.5: [-2.002-3.302j  1.094-0.708j -0.008-1.041j  0.449-0.879j  0.669-0.154j  0.391-0.475j] (31s)
μ=0.04000+0.60000i f=8.0074e-02+3.3132e-02j |ν_k|=0.208 ν≈1: 0.6629-0.1360j |ν|>0.5: [-1.889-4.174j  0.163-1.296j  1.146-0.585j  0.425-0.733j  0.663-0.136j  0.431-0.482j] (31s)
μ=0.04000+0.50000i f=5.0327e-02+4.0304e-02j |ν_k|=0.211 ν≈1: 0.6533-0.1213j |ν|>0.5: [-1.579-5.263j  0.345-1.583j  1.156-0.469j  0.577-0.636j  0.653-0.121j  0.417-0.429j] (36s)
μ=0.04000+0.40000i f=1.3655e-02+5.0904e-02j |ν_k|=0.217 ν≈1: 0.6422-0.1106j |ν|>0.5: [-1.004-6.624j  0.677-1.885j  1.135-0.368j  0.744-0.598j  0.642-0.111j  0.451-0.32j ] (30s)
μ=0.04000+0.45000i f=2.9180e-02+4.9105e-02j |ν_k|=0.212 ν≈1: 1.0756-0.4290j |ν|>0.5: [-1.325-5.913e+00j  0.444-1.706e+00j  1.076-4.290e-01j  0.726-5.768e-01j  0.66 -3.733e-01j  0.548+4.845e-03j] (31s)
μ=0.04000+0.30000i f=-4.8118e-03+3.8040e-02j |ν_k|=0.215 ν≈1: 1.0898-0.2908j |ν|>0.5: [-0.099-8.483j  1.284-2.137j  1.09 -0.291j  0.929-0.519j  0.634-0.104j  0.488-0.231j] (31s)
μ=0.04000+0.20000i f=-1.6122e-02+2.3094e-02j |ν_k|=0.214 ν≈1: 1.0081-0.2020j |ν|>0.5: [1.496-11.792j 2.235 -2.089j 1.154 -0.401j 1.008 -0.202j 0.641 -0.091j 0.494 -0.15j ] (31s)
μ=0.04000+0.10000i f=-1.7759e-02+1.4215e-02j |ν_k|=0.209 ν≈1: 0.9738-0.0930j |ν|>0.5: [7.436-20.275j 3.264 -1.37j  1.308 -0.235j 0.974 -0.093j 0.654 -0.054j] (32s)
μ=0.04000+0.00000i f=-2.1361e-02-2.9676e-03j |ν_k|=0.204 ν≈1: 0.9653-0.0000j |ν|>0.5: [57.347+3.059e-14j  3.732-6.059e-14j  1.365+5.012e-13j  0.965-1.382e-12j  0.659-1.980e-12j] (31s)
μ=0.04000+0.05000i f=-1.7497e-02+7.6829e-03j |ν_k|=0.211 ν≈1: 0.9710-0.0405j |ν|>0.5: [22.092-28.41j   3.61  -0.734j  1.349 -0.124j  0.971 -0.041j  0.648 -0.041j] (32s)
μ=0.04000+0.02500i f=-1.9926e-02+2.0853e-03j |ν_k|=0.212 ν≈1: 0.9689-0.0232j |ν|>0.5: [41.105-2.612e+01j  3.702-3.759e-01j  1.361-6.172e-02j  0.969-2.323e-02j  0.65 -1.183e-02j] (32s)
edge (0.04+1.5j) → (0.04+0j): accumulated Δarg/π = 3.0824
RESULT U2: zeros in R = 3.0824 (nearest integer 3, deviation 0.082); max |ν_k| on ∂R = 0.220; unresolved jumps: 0; 39 evaluations
