# stability scan l4: λ=1.1449856613 m=1.9999999999 hs=0.0125 Nb=32
μ=1.300: N(ν>1)=0  complex |ν|>1: 0  top ν: [ 0.5916+0.0954j  0.5916-0.0954j -0.4346+0.j      0.281 +0.0525j  0.281 -0.0525j  0.2171+0.j    ]  (28s)
μ=1.250: N(ν>1)=0  complex |ν|>1: 0  top ν: [ 0.6275+0.09j   0.6275-0.09j  -0.4502+0.j     0.2963+0.055j  0.2963-0.055j  0.2322+0.j   ]  (31s)
μ=1.200: N(ν>1)=0  complex |ν|>1: 0  top ν: [ 0.667 +0.0798j  0.667 -0.0798j -0.4664+0.j      0.3129+0.0575j  0.3129-0.0575j  0.2461+0.j    ]  (30s)
μ=1.150: N(ν>1)=0  complex |ν|>1: 0  top ν: [ 0.7106+0.0603j  0.7106-0.0603j -0.4831+0.j      0.3311+0.06j    0.3311-0.06j    0.2602+0.j    ]  (28s)
μ=1.100: N(ν>1)=0  complex |ν|>1: 0  top ν: [ 0.7823+0.j      0.7358+0.j     -0.5003+0.j      0.3511+0.0623j  0.3511-0.0623j  0.275 +0.j    ]  (39s)
μ=1.050: N(ν>1)=0  complex |ν|>1: 0  top ν: [ 0.8954+0.j      0.731 +0.j     -0.5179+0.j      0.3731+0.0644j  0.3731-0.0644j  0.2905+0.j    ]  (36s)
μ=1.000: N(ν>1)=0  complex |ν|>1: 0  top ν: [ 1.    +0.j      0.7481+0.j     -0.5361+0.j      0.3972+0.0662j  0.3972-0.0662j  0.3072+0.j    ]  (37s)
μ=0.950: N(ν>1)=1  complex |ν|>1: 0  top ν: [ 1.1136+0.j      0.7723+0.j     -0.5545+0.j      0.4238+0.0675j  0.4238-0.0675j  0.3251+0.j    ]  (39s)
μ=0.900: N(ν>1)=1  complex |ν|>1: 0  top ν: [ 1.2414+0.j      0.8016+0.j     -0.5733+0.j      0.4532+0.0681j  0.4532-0.0681j  0.3446+0.j    ]  (36s)
μ=0.850: N(ν>1)=1  complex |ν|>1: 0  top ν: [ 1.388 +0.j      0.836 +0.j     -0.5922+0.j      0.4856+0.0676j  0.4856-0.0676j  0.3658+0.j    ]  (45s)
μ=0.800: N(ν>1)=1  complex |ν|>1: 0  top ν: [ 1.5587+0.j      0.8756+0.j     -0.6111+0.j      0.5216+0.0654j  0.5216-0.0654j  0.389 +0.j    ]  (40s)
μ=0.750: N(ν>1)=1  complex |ν|>1: 0  top ν: [ 1.76  +0.j      0.9217+0.j     -0.6299+0.j      0.5614+0.0606j  0.5614-0.0606j  0.4144+0.j    ]  (35s)
μ=0.700: N(ν>1)=1  complex |ν|>1: 0  top ν: [ 2.0004+0.j      0.9757+0.j     -0.6482+0.j      0.6054+0.0514j  0.6054-0.0514j  0.4425+0.j    ]  (36s)
μ=0.650: N(ν>1)=2  complex |ν|>1: 0  top ν: [ 2.2913+0.j      1.04  +0.j     -0.666 +0.j      0.654 +0.0325j  0.654 -0.0325j  0.4736+0.j    ]  (40s)
μ=0.600: N(ν>1)=2  complex |ν|>1: 0  top ν: [ 2.6482+0.j  1.1183+0.j  0.7425+0.j -0.6828+0.j  0.6723+0.j  0.5079+0.j]  (57s)
μ=0.550: N(ν>1)=2  complex |ν|>1: 0  top ν: [ 3.0928+0.j  1.2152+0.j  0.8321+0.j  0.7001+0.j -0.6984+0.j  0.5458+0.j]  (47s)
μ=0.500: N(ν>1)=2  complex |ν|>1: 0  top ν: [ 3.6563+0.j  1.337 +0.j  0.9225+0.j  0.7385+0.j -0.7124+0.j  0.5874+0.j]  (33s)
μ=0.450: N(ν>1)=3  complex |ν|>1: 0  top ν: [ 4.3841+0.j  1.4915+0.j  1.0195+0.j  0.7844+0.j -0.7245+0.j  0.633 +0.j]  (33s)
μ=0.400: N(ν>1)=3  complex |ν|>1: 0  top ν: [ 5.3453+0.j  1.6885+0.j  1.127 +0.j  0.838 +0.j -0.7343+0.j  0.682 +0.j]  (42s)
μ=0.350: N(ν>1)=3  complex |ν|>1: 0  top ν: [ 6.6488+0.j  1.9417+0.j  1.2506+0.j  0.9011+0.j -0.7417+0.j  0.7338+0.j]  (30s)
μ=0.300: N(ν>1)=3  complex |ν|>1: 0  top ν: [ 8.4756+0.j  2.2709+0.j  1.3972+0.j  0.9765+0.j  0.7872+0.j -0.7462+0.j]  (31s)
μ=0.250: N(ν>1)=4  complex |ν|>1: 0  top ν: [11.1484+0.j  2.7072+0.j  1.5766+0.j  1.0683+0.j  0.8413+0.j -0.748 +0.j]  (30s)
μ=0.200: N(ν>1)=4  complex |ν|>1: 0  top ν: [15.302 +0.j  3.3024+0.j  1.8019+0.j  1.1812+0.j  0.8968+0.j  0.7533+0.j]  (24s)
μ=0.190: N(ν>1)=4  complex |ν|>1: 0  top ν: [16.4119+0.j  3.4475+0.j  1.8541+0.j  1.2067+0.j  0.9083+0.j  0.7663+0.j]  (24s)
μ=0.180: N(ν>1)=4  complex |ν|>1: 0  top ν: [17.6503+0.j  3.6034+0.j  1.909 +0.j  1.2334+0.j  0.92  +0.j  0.7795+0.j]  (26s)
μ=0.170: N(ν>1)=4  complex |ν|>1: 0  top ν: [19.0395+0.j  3.7712+0.j  1.9669+0.j  1.2613+0.j  0.932 +0.j  0.7929+0.j]  (24s)
μ=0.160: N(ν>1)=4  complex |ν|>1: 0  top ν: [20.607 +0.j  3.9524+0.j  2.028 +0.j  1.2904+0.j  0.9443+0.j  0.8064+0.j]  (23s)
μ=0.150: N(ν>1)=4  complex |ν|>1: 0  top ν: [22.3877+0.j  4.1483+0.j  2.0925+0.j  1.3209+0.j  0.957 +0.j  0.8201+0.j]  (25s)
μ=0.140: N(ν>1)=4  complex |ν|>1: 0  top ν: [24.4262+0.j  4.3607+0.j  2.1608+0.j  1.3527+0.j  0.9702+0.j  0.8337+0.j]  (26s)
μ=0.130: N(ν>1)=4  complex |ν|>1: 0  top ν: [26.7807+0.j  4.5918+0.j  2.2332+0.j  1.386 +0.j  0.984 +0.j  0.8473+0.j]  (27s)
μ=0.120: N(ν>1)=4  complex |ν|>1: 0  top ν: [29.5285+0.j  4.844 +0.j  2.3099+0.j  1.4208+0.j  0.9986+0.j  0.8608+0.j]  (29s)
μ=0.110: N(ν>1)=5  complex |ν|>1: 0  top ν: [32.7745+0.j  5.12  +0.j  2.3914+0.j  1.4573+0.j  1.0139+0.j  0.8742+0.j]  (27s)
μ=0.100: N(ν>1)=5  complex |ν|>1: 0  top ν: [36.6653+0.j  5.4232+0.j  2.478 +0.j  1.4955+0.j  1.0301+0.j  0.8874+0.j]  (31s)
μ=0.090: N(ν>1)=5  complex |ν|>1: 0  top ν: [41.4122+0.j  5.7576+0.j  2.5703+0.j  1.5356+0.j  1.0474+0.j  0.9002+0.j]  (44s)
μ=0.080: N(ν>1)=5  complex |ν|>1: 0  top ν: [47.3311+0.j  6.128 +0.j  2.6687+0.j  1.5776+0.j  1.0659+0.j  0.9127+0.j]  (47s)
μ=0.070: N(ν>1)=5  complex |ν|>1: 0  top ν: [54.9177+0.j  6.5403+0.j  2.7738+0.j  1.6217+0.j  1.0855+0.j  0.9249+0.j]  (53s)
μ=0.060: N(ν>1)=5  complex |ν|>1: 0  top ν: [64.997 +0.j  7.0015+0.j  2.8863+0.j  1.6681+0.j  1.1065+0.j  0.9366+0.j]  (35s)
μ=0.050: N(ν>1)=5  complex |ν|>1: 0  top ν: [79.0519+0.j  7.5204+0.j  3.0068+0.j  1.7169+0.j  1.129 +0.j  0.9476+0.j]  (23s)
μ=0.040: N(ν>1)=5  complex |ν|>1: 0  top ν: [100.0446+0.j   8.1076+0.j   3.1363+0.j   1.768 +0.j   1.1545+0.j   0.9531+0.j]  (23s)
μ=0.030: N(ν>1)=5  complex |ν|>1: 0  top ν: [134.8547+0.j       8.7749+0.j       3.2755+0.j       1.8202+0.j       1.1948+0.j       0.8841+0.0552j]  (21s)
μ=0.020: N(ν>1)=5  complex |ν|>1: 0  top ν: [203.4492+0.j       9.5195+0.j       3.4257+0.j       1.8591+0.j       1.3011+0.j       0.9304+0.2134j]  (19s)
μ=0.010: N(ν>1)=3  complex |ν|>1: 4  top ν: [385.041 +0.j      10.2119+0.j       3.5931+0.j       1.6853+0.0914j   1.6853-0.0914j   0.9586+0.3614j]  (27s)
