# contour count l1: λ=1.3990961 m=1.9999994682 hs=0.025; R=[0.06,1.5]x[-1.5,1.5], k=12
μ=1.5000+0.0000i  f=2.1573e-01+1.9169e-03j  |ν_k|=0.037  ν(|ν|>0.5): []  (38s)
μ=1.5000+0.1000i  f=2.1689e-01+3.7733e-02j  |ν_k|=0.038  ν(|ν|>0.5): []  (45s)
μ=1.5000+0.2000i  f=2.2011e-01+7.7392e-02j  |ν_k|=0.038  ν(|ν|>0.5): []  (37s)
μ=1.5000+0.3000i  f=2.2555e-01+1.1715e-01j  |ν_k|=0.039  ν(|ν|>0.5): []  (58s)
μ=1.5000+0.4000i  f=2.3343e-01+1.5697e-01j  |ν_k|=0.040  ν(|ν|>0.5): []  (37s)
μ=1.5000+0.5000i  f=2.4402e-01+1.9672e-01j  |ν_k|=0.040  ν(|ν|>0.5): []  (37s)
μ=1.5000+0.6000i  f=2.5756e-01+2.3612e-01j  |ν_k|=0.040  ν(|ν|>0.5): []  (35s)
μ=1.5000+0.7000i  f=2.7422e-01+2.7494e-01j  |ν_k|=0.041  ν(|ν|>0.5): []  (32s)
μ=1.5000+0.8000i  f=2.9411e-01+3.1261e-01j  |ν_k|=0.041  ν(|ν|>0.5): []  (41s)
μ=1.5000+0.9000i  f=3.1720e-01+3.4871e-01j  |ν_k|=0.041  ν(|ν|>0.5): []  (37s)
μ=1.5000+1.0000i  f=3.4335e-01+3.8264e-01j  |ν_k|=0.041  ν(|ν|>0.5): []  (33s)
μ=1.5000+1.1000i  f=3.7229e-01+4.1428e-01j  |ν_k|=0.041  ν(|ν|>0.5): []  (33s)
μ=1.5000+1.2000i  f=4.0373e-01+4.4294e-01j  |ν_k|=0.041  ν(|ν|>0.5): []  (37s)
μ=1.5000+1.3000i  f=4.3717e-01+4.6840e-01j  |ν_k|=0.041  ν(|ν|>0.5): []  (33s)
μ=1.5000+1.4000i  f=4.7211e-01+4.9040e-01j  |ν_k|=0.041  ν(|ν|>0.5): []  (33s)
μ=1.5000+1.5000i  f=5.0828e-01+5.0897e-01j  |ν_k|=0.041  ν(|ν|>0.5): []  (33s)
edge (1.5+0j) → (1.5+1.5j): accumulated Δarg/π = 0.2474
μ=1.4040+1.5000i  f=4.9191e-01+5.4569e-01j  |ν_k|=0.042  ν(|ν|>0.5): []  (39s)
μ=1.3080+1.5000i  f=4.7504e-01+5.8613e-01j  |ν_k|=0.043  ν(|ν|>0.5): []  (53s)
μ=1.2120+1.5000i  f=4.5155e-01+6.1754e-01j  |ν_k|=0.049  ν(|ν|>0.5): []  (29s)
μ=1.1160+1.5000i  f=4.3881e-01+6.7943e-01j  |ν_k|=0.046  ν(|ν|>0.5): []  (32s)
μ=1.0200+1.5000i  f=4.1391e-01+7.1352e-01j  |ν_k|=0.055  ν(|ν|>0.5): []  (21s)
μ=0.9240+1.5000i  f=3.9371e-01+7.6625e-01j  |ν_k|=0.060  ν(|ν|>0.5): []  (23s)
μ=0.8280+1.5000i  f=3.7836e-01+8.3840e-01j  |ν_k|=0.061  ν(|ν|>0.5): []  (22s)
μ=0.7320+1.5000i  f=3.6397e-01+9.0137e-01j  |ν_k|=0.065  ν(|ν|>0.5): []  (25s)
μ=0.6360+1.5000i  f=3.3940e-01+9.9268e-01j  |ν_k|=0.068  ν(|ν|>0.5): []  (22s)
μ=0.5400+1.5000i  f=3.5319e-01+1.0847e+00j  |ν_k|=0.066  ν(|ν|>0.5): []  (22s)
μ=0.4440+1.5000i  f=1.7560e-01+1.0010e+00j  |ν_k|=0.086  ν(|ν|>0.5): [0.046-0.5318j]  (19s)
μ=0.3480+1.5000i  f=1.6122e-01+1.1036e+00j  |ν_k|=0.092  ν(|ν|>0.5): [0.0083-0.5844j]  (23s)
μ=0.2520+1.5000i  f=1.2192e-01+1.2665e+00j  |ν_k|=0.090  ν(|ν|>0.5): [-0.0405-0.6428j]  (22s)
μ=0.1560+1.5000i  f=8.9220e-02+1.2239e+00j  |ν_k|=0.101  ν(|ν|>0.5): [-0.1042-0.7072j]  (28s)
μ=0.0600+1.5000i  f=-1.1746e-01+1.0866e+00j  |ν_k|=0.115  ν(|ν|>0.5): [-0.2931-0.8314j  0.3493-0.6781j -0.1772+0.5015j]  (24s)
edge (1.5+1.5j) → (0.06+1.5j): accumulated Δarg/π = 0.5314
μ=0.0600+1.4000i  f=-3.1141e-01+1.1470e+00j  |ν_k|=0.112  ν(|ν|>0.5): [ 0.0522-0.9641j -0.2642-0.5874j  0.5256-0.3209j -0.2706+0.5297j]  (22s)
μ=0.0600+1.3000i  f=-3.2104e-01+1.1026e+00j  |ν_k|=0.126  ν(|ν|>0.5): [-0.096 -1.014j   0.4637-0.6129j -0.4045+0.5464j]  (17s)
μ=0.0600+1.2000i  f=-3.0963e-01+1.0031e+00j  |ν_k|=0.106  ν(|ν|>0.5): [ 0.3078-1.0507j -0.61  +0.5427j -0.1591-0.6465j  0.5341-0.2221j]  (18s)
μ=0.0600+1.1000i  f=-6.0099e-01+1.0172e+00j  |ν_k|=0.120  ν(|ν|>0.5): [ 0.2125-1.1049j -0.9301+0.5328j  0.5436-0.5131j]  (18s)
μ=0.0600+1.0000i  f=-8.0208e-01+8.8387e-01j  |ν_k|=0.102  ν(|ν|>0.5): [-1.367 +0.5149j  0.6195-1.0046j -0.054 -0.682j   0.5185-0.1339j]  (26s)
μ=0.0600+0.9000i  f=-8.8378e-01+7.7164e-01j  |ν_k|=0.115  ν(|ν|>0.5): [-1.9491+0.4255j  0.5469-1.035j   0.5781-0.4052j]  (22s)
μ=0.0600+0.8000i  f=-1.1305e+00+5.1450e-01j  |ν_k|=0.116  ν(|ν|>0.5): [-2.7184+0.1483j  0.867 -0.8162j  0.0446-0.7139j]  (22s)
μ=0.0600+0.7000i  f=-1.0481e+00+3.1228e-01j  |ν_k|=0.110  ν(|ν|>0.5): [-3.6955-0.4621j  0.7956-0.8298j  0.5619-0.2955j  0.0125-0.5018j]  (23s)
μ=0.0600+0.6000i  f=-1.1837e+00-1.6086e-01j  |ν_k|=0.125  ν(|ν|>0.5): [-4.8046-1.6959j  0.9822-0.5778j  0.1833-0.8075j]  (22s)
μ=0.0600+0.5000i  f=-1.0221e+00-3.1157e-01j  |ν_k|=0.105  ν(|ν|>0.5): [-5.8477-3.8029j  0.9042-0.5869j  0.3661-0.729j   0.5184-0.1854j]  (23s)
μ=0.0600+0.4000i  f=-6.6001e-01-7.9061e-01j  |ν_k|=0.120  ν(|ν|>0.5): [-6.2913-7.2005j  0.5238-0.9689j  0.9925-0.3751j]  (27s)
μ=0.0600+0.3000i  f=-2.6050e-01-9.7670e-01j  |ν_k|=0.107  ν(|ν|>0.5): [-5.5126-12.1798j  0.911  -0.9744j  0.9218 -0.3367j]  (30s)
μ=0.0600+0.2000i  f=2.3429e-01-8.1053e-01j  |ν_k|=0.115  ν(|ν|>0.5): [-1.7409-19.6486j  1.301  -0.9772j  0.9573 -0.1924j]  (25s)
μ=0.0600+0.1000i  f=7.1022e-01-5.3746e-01j  |ν_k|=0.105  ν(|ν|>0.5): [12.4204-32.5701j  1.812  -0.6327j  0.934  -0.1071j]  (27s)
μ=0.0600+0.0000i  f=7.6842e-01+1.6525e-08j  |ν_k|=0.115  ν(|ν|>0.5): [66.583 +1.0967e-14j  2.0242+1.9708e-14j  0.9434-8.1367e-14j]  (27s)
edge (0.06+1.5j) → (0.06+0j): accumulated Δarg/π = 1.9972
RESULT l1: zeros of det(I−T_μ) in R = 1.997   (max |ν_k| on ∂R = 0.126; 46 evaluations)
