# contour v2 A7: λ=1.0890078 m=1.9999985197 hs=0.025 s_start=-30.0; R=[0.05,1.5]x[-1.5,1.5], k=16
μ=1.50000+0.00000i f=4.3924e-02+3.0123e-04j |ν_k|=0.122 ν≈1: 0.5112+0.1113j |ν|>0.5: [ 0.511+1.113e-01j  0.511-1.113e-01j -0.512-6.592e-16j] (51s)
μ=1.50000+0.25000i f=3.5726e-02+4.2834e-02j |ν_k|=0.115 ν≈1: 0.5024-0.0105j |ν|>0.5: [ 0.474-0.24j  -0.501+0.099j  0.502-0.01j ] (61s)
μ=1.50000+0.12500i f=4.2090e-02+2.1524e-02j |ν_k|=0.115 ν≈1: 0.5114+0.0482j |ν|>0.5: [ 0.499-0.176j  0.511+0.048j -0.509+0.05j ] (54s)
μ=1.50000+0.50000i f=7.8148e-03+9.3345e-02j |ν_k|=0.120 ν≈1: 0.4654-0.1129j |ν|>0.5: [ 0.388-0.343j -0.465+0.192j] (48s)
μ=1.50000+0.37500i f=2.4159e-02+6.6491e-02j |ν_k|=0.117 ν≈1: 0.4865-0.0642j |ν|>0.5: [ 0.436-0.296j -0.486+0.147j] (63s)
μ=1.50000+0.75000i f=-4.2392e-02+1.6504e-01j |ν_k|=0.116 ν≈1: 0.4114-0.1955j |ν|>0.5: [] (75s)
μ=1.50000+1.00000i f=-9.9231e-02+2.7630e-01j |ν_k|=0.108 ν≈1: 0.3466-0.2583j |ν|>0.5: [] (57s)
μ=1.50000+1.25000i f=-9.7359e-02+5.1902e-01j |ν_k|=0.108 ν≈1: 0.2766-0.3010j |ν|>0.5: [] (57s)
μ=1.50000+1.50000i f=-5.8327e-02+7.3051e-01j |ν_k|=0.101 ν≈1: 0.2071-0.3243j |ν|>0.5: [] (47s)
edge (1.5+0j) → (1.5+1.5j): accumulated Δarg/π = 0.5232
μ=1.25833+1.50000i f=-3.7423e-01+6.5974e-01j |ν_k|=0.118 ν≈1: 0.1427-0.1000j |ν|>0.5: [] (29s)
μ=1.01667+1.50000i f=-7.3084e-01+6.6486e-01j |ν_k|=0.136 ν≈1: 0.1684-0.1063j |ν|>0.5: [-0.16 +0.548j  0.217-0.493j -0.098-0.51j ] (38s)
μ=0.77500+1.50000i f=-1.1793e+00+4.3318e-01j |ν_k|=0.170 ν≈1: 0.2014-0.1116j |ν|>0.5: [-0.109+0.664j  0.196-0.617j -0.186-0.573j] (46s)
μ=0.53333+1.50000i f=-1.3815e+00+9.2166e-02j |ν_k|=0.216 ν≈1: 0.2435-0.1150j |ν|>0.5: [ 0.129-0.789j -0.003+0.793j -0.288-0.62j ] (45s)
μ=0.29167+1.50000i f=-2.1581e+00-8.1177e-01j |ν_k|=0.289 ν≈1: 0.2973-0.0443j |ν|>0.5: [-0.052-1.059j  0.179+0.901j -0.374-0.63j ] (24s)
μ=0.05000+1.50000i f=1.6943e+00-1.3913e+00j |ν_k|=0.405 ν≈1: 0.4355-0.1452j |ν|>0.5: [-0.498-1.529j  0.428+0.923j -0.437-0.575j  0.137-0.643j  0.283-0.586j -0.019-0.636j  0.389-0.483j -0.142-0.578j  0.444-0.36j  -0.513-0.225j -0.234-0.504j  0.455-0.243j] (49s)
μ=0.17083+1.50000i f=1.2295e-01-1.6771e+00j |ν_k|=0.361 ν≈1: 0.3458-0.1041j |ν|>0.5: [-0.227-1.264j  0.299+0.927j -0.405-0.61j  -0.442-0.269j] (48s)
μ=0.23125+1.50000i f=-3.0471e-01-1.6591e+00j |ν_k|=0.342 ν≈1: 0.3218-0.1168j |ν|>0.5: [-0.13 -1.154j  0.237+0.917j -0.389-0.623j] (48s)
μ=0.26146+1.50000i f=-9.2312e-01-1.3963e+00j |ν_k|=0.302 ν≈1: 0.3138-0.1272j |ν|>0.5: [-0.089-1.105j  0.207+0.91j  -0.382-0.627j] (39s)
μ=0.27656+1.50000i f=-1.0148e+00-1.4363e+00j |ν_k|=0.304 ν≈1: 0.3192-0.1109j |ν|>0.5: [-0.07 -1.081j  0.193+0.905j -0.378-0.629j] (38s)
μ=0.28411+1.50000i f=-2.3946e-01-1.3132e+00j |ν_k|=0.331 ν≈1: 0.3077-0.1209j |ν|>0.5: [-0.061-1.07j   0.186+0.903j -0.376-0.63j ] (48s)
μ=0.28789+1.50000i f=-6.9424e-01-1.2597e+00j |ν_k|=0.313 ν≈1: 0.3233-0.0389j |ν|>0.5: [-0.057-1.064j  0.182+0.902j -0.375-0.63j ] (38s)
μ=0.28978+1.50000i f=-8.4826e-01-1.7153e+00j |ν_k|=0.313 ν≈1: 0.3230-0.0811j |ν|>0.5: [-0.054-1.061j  0.181+0.901j -0.374-0.63j ] (38s)
μ=0.29072+1.50000i f=-6.3626e-01-1.9385e+00j |ν_k|=0.313 ν≈1: 0.3432-0.0616j |ν|>0.5: [-0.053-1.06j   0.18 +0.901j -0.374-0.63j ] (38s)
  UNRESOLVED Δarg=0.894 between 0.291667+1.500000j and 0.290723+1.500000j; min|1−ν| there = 6.60e-01
μ=0.11042+1.50000i f=1.3565e-01-1.5163e+00j |ν_k|=0.389 ν≈1: 0.3871-0.0353j |ν|>0.5: [-0.347-1.39j   0.363+0.929j -0.42 -0.593j -0.478-0.249j  0.162-0.502j  0.045-0.524j  0.255-0.442j -0.067-0.506j] (38s)
μ=0.08021+1.50000i f=6.4685e-01-7.5135e-01j |ν_k|=0.398 ν≈1: 0.4861-0.2013j |ν|>0.5: [-0.418-1.458j  0.396+0.927j -0.428-0.584j -0.155-0.588j  0.498-0.31j   0.406-0.418j  0.31 -0.484j  0.197-0.535j -0.002-0.559j -0.496-0.238j  0.089-0.541j  0.486-0.201j -0.258-0.458j] (38s)
μ=0.09531+1.50000i f=1.1176e+00-1.4159e+00j |ν_k|=0.441 ν≈1: 0.4376-0.0590j |ν|>0.5: [-0.382-1.423j  0.379+0.928j -0.424-0.589j  0.163-0.528j  0.05 -0.542j -0.487-0.244j  0.256-0.467j -0.122-0.511j -0.037-0.52j  -0.214-0.465j  0.336-0.378j] (38s)
μ=0.10286+1.50000i f=2.8813e-01-8.8622e-01j |ν_k|=0.421 ν≈1: 0.4589-0.0661j |ν|>0.5: [-0.364-1.406j  0.371+0.929j -0.422-0.591j  0.205-0.517j  0.302-0.462j  0.096-0.541j -0.013-0.543j -0.482-0.247j -0.128-0.523j  0.376-0.386j -0.235-0.466j  0.43 -0.292j] (38s)
edge (1.5+1.5j) → (0.05+1.5j): accumulated Δarg/π = 1.7790
μ=0.05000+1.40000i f=2.2583e+00-6.9032e-01j |ν_k|=0.437 ν≈1: 0.4427-0.0766j |ν|>0.5: [-0.199-1.783j  0.446+1.044j -0.468-0.605j  0.24 -0.621j  0.076-0.651j  0.373-0.525j -0.559-0.292j -0.07 -0.616j  0.446-0.398j -0.179-0.551j  0.466-0.274j -0.256-0.453j] (46s)
μ=0.05000+1.30000i f=1.4131e+00+1.0368e-01j |ν_k|=0.482 ν≈1: 0.4879-0.0371j |ν|>0.5: [ 0.208-1.943j  0.468+1.199j -0.498-0.634j -0.606-0.38j   0.178-0.635j  0.327-0.565j  0.013-0.642j  0.423-0.452j -0.123-0.602j -0.233-0.535j  0.458-0.34j   0.482-0.26j  -0.329-0.428j  0.504-0.157j] (25s)
μ=0.05000+1.20000i f=3.8810e+00+1.5720e+00j |ν_k|=0.504 ν≈1: 0.4893-0.1247j |ν|>0.5: [ 0.684-1.942j  0.49 +1.412j -0.528-0.652j -0.655-0.502j  0.133-0.647j  0.284-0.586j -0.015-0.641j  0.403-0.476j -0.126-0.594j  0.468-0.357j -0.213-0.529j  0.492-0.242j -0.416-0.316j -0.314-0.411j  0.489-0.125j  0.272-0.425j] (26s)
μ=0.05000+1.10000i f=2.7519e+00+1.6909e+00j |ν_k|=0.491 ν≈1: 0.4848-0.0748j |ν|>0.5: [ 1.135-1.736j  0.501+1.724j -0.739-0.666j -0.529-0.651j  0.216-0.62j   0.06 -0.646j  0.356-0.528j -0.445-0.4j    0.437-0.404j -0.072-0.589j  0.467-0.288j -0.118-0.527j  0.155-0.511j -0.213-0.484j  0.482-0.189j] (40s)
μ=0.05000+1.00000i f=8.5614e-01+3.1698e+00j |ν_k|=0.491 ν≈1: 0.4887-0.0920j |ν|>0.5: [ 0.444+2.211j  1.428-1.36j  -0.841-0.825j -0.527-0.683j  0.051-0.687j -0.463-0.508j  0.17 -0.637j  0.285-0.578j  0.008-0.628j  0.376-0.496j  0.444-0.419j  0.489-0.328j -0.108-0.572j  0.503-0.213j] (38s)
μ=0.05000+1.05000i f=4.1093e-01+2.6180e+00j |ν_k|=0.521 ν≈1: 0.5044-0.1320j |ν|>0.5: [ 1.309-1.562j  0.489+1.939j -0.792-0.745j -0.523-0.665j  0.091-0.661j  0.278-0.594j  0.168-0.632j  0.566-0.319j -0.456-0.451j  0.382-0.506j -0.006-0.631j  0.457-0.408j  0.525-0.265j -0.096-0.569j -0.183-0.501j  0.504-0.132j] (38s)
μ=0.05000+1.07500i f=8.6188e-01+5.2722e+00j |ν_k|=0.545 ν≈1: 0.5187-0.1815j |ν|>0.5: [ 1.228-1.654j  0.498+1.825j -0.766-0.706j -0.525-0.657j  0.135-0.654j  0.032-0.657j  0.32 -0.571j  0.22 -0.608j  0.414-0.485j -0.059-0.627j -0.451-0.425j  0.469-0.399j -0.156-0.573j  0.509-0.3j    0.519-0.182j -0.248-0.485j] (39s)
μ=0.05000+1.08750i f=8.2652e-01+2.3715e+00j |ν_k|=0.550 ν≈1: 0.5433-0.0857j |ν|>0.5: [ 1.182-1.696j  0.5  +1.773j -0.753-0.686j -0.527-0.654j  0.101-0.658j  0.281-0.599j -0.006-0.647j  0.389-0.512j  0.18 -0.611j  0.444-0.431j -0.095-0.608j  0.505-0.344j -0.448-0.412j  0.536-0.228j -0.192-0.547j  0.543-0.086j] (39s)
μ=0.05000+1.09375i f=3.7256e-02+4.8787e+00j |ν_k|=0.577 ν≈1: 0.5464-0.1844j |ν|>0.5: [ 1.159-1.716j  0.501+1.748j -0.746-0.676j -0.528-0.652j  0.15 -0.663j  0.045-0.672j  0.334-0.573j  0.24 -0.616j -0.052-0.657j  0.42 -0.492j -0.157-0.613j  0.479-0.404j  0.525-0.302j -0.446-0.406j -0.262-0.536j  0.546-0.184j] (38s)
μ=0.05000+1.09688i f=6.8410e-01+7.8876e+00j |ν_k|=0.570 ν≈1: 0.5233-0.2261j |ν|>0.5: [ 1.147-1.726j  0.501+1.736j -0.743-0.671j -0.529-0.652j  0.107-0.677j  0.001-0.674j  0.209-0.634j  0.294-0.596j -0.103-0.649j  0.395-0.519j -0.213-0.591j  0.451-0.426j  0.499-0.335j -0.445-0.403j -0.322-0.493j  0.523-0.226j] (37s)
μ=0.05000+1.09844i f=5.4763e-01+1.0184e+01j |ν_k|=0.582 ν≈1: 0.5261-0.2533j |ν|>0.5: [ 1.141-1.731j  0.501+1.73j  -0.741-0.669j -0.529-0.651j  0.082-0.684j  0.185-0.649j  0.274-0.617j -0.024-0.673j  0.379-0.542j -0.129-0.641j  0.438-0.455j -0.239-0.575j  0.496-0.366j -0.446-0.402j  0.526-0.253j -0.348-0.467j] (40s)
μ=0.05000+1.09922i f=9.5284e-01+1.1003e+01j |ν_k|=0.573 ν≈1: 0.5257-0.2615j |ν|>0.5: [ 1.138-1.733j  0.501+1.727j -0.74 -0.668j -0.529-0.651j  0.07 -0.684j  0.178-0.652j  0.264-0.619j -0.034-0.669j  0.371-0.55j  -0.139-0.634j  0.434-0.461j  0.493-0.372j -0.249-0.563j -0.446-0.4j    0.526-0.262j -0.358-0.448j] (37s)
μ=0.05000+1.09961i f=3.7502e-02+3.8659e+00j |ν_k|=0.572 ν≈1: 0.5451-0.1727j |ν|>0.5: [ 1.136-1.735j  0.501+1.725j -0.74 -0.667j -0.529-0.651j  0.069-0.678j  0.174-0.649j  0.258-0.62j  -0.031-0.663j  0.364-0.553j -0.132-0.627j  0.428-0.472j  0.492-0.386j -0.235-0.557j  0.53 -0.279j -0.445-0.4j    0.545-0.173j] (37s)
  UNRESOLVED Δarg=1.010 between 0.050000+1.100000j and 0.050000+1.099609j; min|1−ν| there = 4.87e-01
μ=0.05000+0.90000i f=-3.9303e+00+9.3591e+00j |ν_k|=0.533 ν≈1: 0.4857-0.2198j |ν|>0.5: [ 0.126+2.946j  1.495-0.961j -0.927-1.005j -0.571-0.749j -0.448-0.625j  0.061-0.706j  0.132-0.658j  0.267-0.604j  0.373-0.502j -0.014-0.615j  0.465-0.336j  0.403-0.402j  0.099-0.553j -0.242-0.506j -0.103-0.542j  0.486-0.22j ] (39s)
μ=0.05000+0.95000i f=8.7911e-01+3.5921e+00j |ν_k|=0.479 ν≈1: 0.4748-0.0620j |ν|>0.5: [ 0.338+2.547j  1.488-1.152j -0.886-0.912j -0.543-0.708j -0.46 -0.569j  0.205-0.641j  0.093-0.655j  0.283-0.594j  0.364-0.523j  0.009-0.617j  0.442-0.421j -0.12 -0.566j  0.485-0.302j  0.497-0.182j -0.245-0.464j] (36s)
μ=0.05000+0.92500i f=-2.4827e+00+8.0594e+00j |ν_k|=0.544 ν≈1: 0.5289-0.1682j |ν|>0.5: [ 0.248+2.74j   1.497-1.053j -0.907-0.958j -0.556-0.726j -0.454-0.599j  0.186-0.655j -0.029-0.668j  0.056-0.664j  0.294-0.59j  -0.139-0.628j  0.378-0.512j  0.458-0.417j  0.51 -0.298j  0.529-0.168j -0.048-0.545j -0.245-0.486j] (36s)
μ=0.05000+0.93750i f=-2.3257e+00+9.5416e+00j |ν_k|=0.518 ν≈1: 0.5361-0.1834j |ν|>0.5: [ 0.297+2.642j  1.494-1.102j -0.897-0.935j -0.549-0.716j -0.457-0.584j  0.153-0.66j   0.064-0.664j  0.262-0.61j   0.355-0.537j -0.034-0.641j  0.44 -0.45j   0.508-0.334j -0.147-0.577j  0.536-0.183j -0.247-0.473j -0.08 -0.511j] (37s)
μ=0.05000+0.80000i f=-6.2440e+00+4.6593e+00j |ν_k|=0.504 ν≈1: 0.4804-0.1539j |ν|>0.5: [-0.808+3.793j  1.418-0.675j -0.991-1.216j -0.62 -0.885j -0.443-0.716j  0.124-0.81j   0.21 -0.636j -0.24 -0.617j  0.076-0.649j  0.311-0.558j  0.381-0.481j  0.451-0.379j  0.134-0.571j -0.032-0.559j  0.48 -0.261j  0.48 -0.154j] (40s)
μ=0.05000+0.85000i f=-3.9674e+00+4.4187e+00j |ν_k|=0.564 ν≈1: 0.5547-0.0998j |ν|>0.5: [-0.241+3.379j  1.466-0.801j -0.963-1.107j -0.599-0.81j  -0.441-0.672j  0.091-0.756j  0.083-0.699j  0.216-0.637j  0.327-0.584j  0.007-0.662j  0.422-0.486j  0.484-0.373j -0.241-0.557j -0.035-0.581j  0.526-0.247j  0.555-0.1j  ] (39s)
μ=0.05000+0.70000i f=-9.7456e+00-2.9080e+00j |ν_k|=0.513 ν≈1: 0.4647-0.2169j |ν|>0.5: [-2.628+4.231j -1.012-1.46j   1.31 -0.502j -0.614-1.071j  0.215-0.929j -0.519-0.795j -0.215-0.784j  0.188-0.659j  0.085-0.667j  0.238-0.584j  0.298-0.546j  0.386-0.445j  0.193-0.529j  0.448-0.323j  0.342-0.419j  0.465-0.217j] (77s)
μ=0.05000+0.75000i f=-3.3665e+00+2.0465e+00j |ν_k|=0.508 ν≈1: 0.5072-0.0285j |ν|>0.5: [-1.603+4.109j -1.009-1.334j  1.364-0.577j -0.628-0.972j -0.464-0.757j  0.165-0.868j -0.234-0.692j  0.198-0.636j  0.281-0.592j  0.381-0.527j  0.457-0.421j  0.034-0.604j  0.123-0.588j  0.505-0.304j  0.527-0.174j  0.507-0.029j] (56s)
μ=0.05000+0.72500i f=-7.5138e+00-7.1311e-01j |ν_k|=0.543 ν≈1: 0.5261-0.1335j |ν|>0.5: [-2.087+4.2j   -1.013-1.396j  1.337-0.537j -0.625-1.019j  0.189-0.898j -0.485-0.777j -0.227-0.737j  0.204-0.662j  0.306-0.605j  0.058-0.655j  0.397-0.507j -0.086-0.637j  0.473-0.398j  0.518-0.272j  0.3  -0.498j  0.526-0.133j] (45s)
μ=0.05000+0.73750i f=-7.7840e+00+8.2314e-02j |ν_k|=0.544 ν≈1: 0.5248-0.1417j |ν|>0.5: [-1.838+4.161j -1.011-1.364j  1.35 -0.557j -0.627-0.995j -0.473-0.767j  0.176-0.883j -0.231-0.714j  0.296-0.633j  0.19 -0.666j  0.366-0.543j  0.04 -0.648j  0.39 -0.468j  0.46 -0.394j -0.147-0.588j  0.509-0.277j  0.525-0.142j] (39s)
μ=0.05000+0.74375i f=-4.3965e+00+1.0388e-01j |ν_k|=0.528 ν≈1: 0.5216-0.0787j |ν|>0.5: [-1.719+4.137j -1.01 -1.349j  1.357-0.567j -0.628-0.983j -0.468-0.762j  0.17 -0.876j -0.233-0.703j  0.222-0.704j  0.317-0.635j  0.121-0.676j  0.404-0.553j  0.476-0.449j  0.522-0.331j -0.018-0.594j  0.54 -0.206j  0.522-0.079j] (37s)
μ=0.05000+0.60000i f=-2.0249e+00-1.1974e+01j |ν_k|=0.493 ν≈1: 1.2165-0.3932j |ν|>0.5: [-5.232+3.465j -0.952-1.761j -0.498-1.358j  1.217-0.393j  0.345-1.052j -0.741-0.8j   -0.119-0.998j  0.199-0.782j  0.294-0.7j    0.332-0.575j  0.365-0.496j  0.287-0.497j  0.423-0.364j  0.369-0.404j  0.449-0.257j] (49s)
μ=0.05000+0.65000i f=-4.7047e+00-3.5813e+00j |ν_k|=0.524 ν≈1: 0.5190-0.0717j |ν|>0.5: [-3.856+4.053j -0.993-1.599j  1.261-0.442j -0.568-1.197j  0.275-0.99j  -0.618-0.815j -0.177-0.887j  0.136-0.724j  0.241-0.68j   0.341-0.605j  0.428-0.494j  0.5  -0.369j  0.05 -0.606j  0.535-0.226j  0.334-0.455j  0.519-0.072j] (38s)
μ=0.05000+0.62500i f=-3.5547e+00-9.1028e+00j |ν_k|=0.530 ν≈1: 1.2382-0.4164j |ν|>0.5: [-4.53 +3.817j -0.975-1.677j -0.536-1.274j  1.238-0.416j  0.309-1.021j -0.678-0.812j -0.15 -0.941j  0.166-0.754j  0.268-0.691j  0.315-0.57j   0.391-0.476j  0.3  -0.531j  0.454-0.336j  0.215-0.514j  0.395-0.389j  0.473-0.24j ] (54s)
μ=0.05000+0.63750i f=-3.2856e+00-2.7639e+00j |ν_k|=0.528 ν≈1: 0.5380-0.0669j |ν|>0.5: [-4.189+3.948j -0.985-1.637j -0.553-1.235j  1.249-0.429j  0.292-1.006j -0.648-0.815j -0.164-0.914j  0.151-0.739j  0.251-0.686j  0.362-0.6j    0.438-0.503j  0.115-0.64j   0.489-0.375j  0.528-0.212j  0.538-0.067j  0.45 -0.276j] (40s)
μ=0.05000+0.50000i f=4.5135e+00-2.6186e+00j |ν_k|=0.509 ν≈1: 1.1417-0.3164j |ν|>0.5: [-8.068+0.679j -0.815-2.195j -0.265-1.739j  0.517-1.174j  0.077-1.254j  1.142-0.316j -0.969-0.652j  0.368-0.892j  0.427-0.727j  0.438-0.569j  0.428-0.477j  0.435-0.415j  0.468-0.33j   0.329-0.435j  0.484-0.25j   0.482-0.164j] (47s)
μ=0.05000+0.55000i f=5.0035e-01-7.0525e+00j |ν_k|=0.448 ν≈1: 1.1769-0.3522j |ν|>0.5: [-6.672+2.366j -0.891-1.956j -0.4  -1.542j  1.177-0.352j  0.426-1.114j -0.866-0.745j -0.037-1.12j   0.275-0.839j  0.356-0.716j  0.383-0.573j  0.392-0.486j  0.355-0.441j  0.44 -0.351j  0.295-0.417j] (48s)
μ=0.05000+0.52500i f=3.5511e+00-4.6992e+00j |ν_k|=0.496 ν≈1: 1.1587-0.3338j |ν|>0.5: [-7.384+1.6j   -0.855-2.07j  -0.338-1.639j  0.47 -1.144j  1.159-0.334j  0.015-1.186j -0.922-0.702j  0.319-0.866j  0.39 -0.722j  0.41 -0.571j  0.407-0.489j  0.426-0.405j  0.332-0.449j  0.44 -0.334j  0.467-0.254j] (39s)
μ=0.05000+0.53750i f=2.0964e+00-6.5641e+00j |ν_k|=0.470 ν≈1: 1.1677-0.3428j |ν|>0.5: [-7.03 +2.002j -0.874-2.011j -0.37 -1.59j   1.168-0.343j  0.447-1.129j -0.012-1.153j -0.895-0.724j  0.297-0.853j  0.373-0.719j  0.397-0.573j  0.385-0.486j  0.405-0.424j  0.449-0.306j  0.271-0.421j] (31s)
μ=0.05000+0.40000i f=2.1638e+00+1.7441e+00j |ν_k|=0.503 ν≈1: 1.0837-0.2544j |ν|>0.5: [-10.12 -4.587j  -0.573-2.847j   0.147-2.153j   0.447-1.54j    0.742-1.274j  -1.063-0.43j    0.615-0.96j    1.084-0.254j   0.598-0.728j   0.559-0.545j   0.533-0.432j   0.48 -0.345j   0.478-0.255j   0.422-0.331j   0.482-0.161j   0.497-0.075j] (32s)
μ=0.05000+0.45000i f=5.4708e+00+1.1435e+00j |ν_k|=0.483 ν≈1: 1.1108-0.2843j |ν|>0.5: [-9.278-1.637j -0.715-2.488j -0.084-1.944j  0.234-1.395j  0.621-1.23j  -1.035-0.539j  1.111-0.284j  0.482-0.934j  0.508-0.733j  0.496-0.561j  0.482-0.458j  0.456-0.362j  0.407-0.38j   0.468-0.264j] (31s)
μ=0.05000+0.47500i f=4.6988e+00-1.1560e+00j |ν_k|=0.489 ν≈1: 1.1257-0.3000j |ν|>0.5: [-8.706-0.399j -0.769-2.334j -0.18 -1.841j  0.149-1.324j  0.567-1.203j -1.007-0.596j  1.126-0.3j    0.422-0.914j  0.466-0.731j  0.466-0.566j  0.457-0.47j   0.442-0.39j   0.464-0.32j   0.356-0.422j  0.472-0.231j] (31s)
μ=0.05000+0.30000i f=-1.8613e+00+8.2921e-01j |ν_k|=0.450 ν≈1: 1.0398-0.1988j |ν|>0.5: [-9.806-12.365j -0.024 -3.829j  0.823 -2.588j  1.043 -1.773j  1.078 -1.284j  0.929 -0.932j -1.061 -0.262j  1.04  -0.199j  0.805 -0.675j  0.694 -0.486j  0.627 -0.357j  0.545 -0.281j  0.479 -0.247j  0.482 -0.193j] (32s)
μ=0.05000+0.35000i f=-9.0708e-01+2.4173e+00j |ν_k|=0.503 ν≈1: 1.0601-0.2262j |ν|>0.5: [-10.379-8.166j  -0.359-3.288j   0.44 -2.369j   0.718-1.675j   0.891-1.295j   0.766-0.961j  -1.068-0.338j   1.06 -0.226j   0.698-0.71j    0.625-0.521j   0.581-0.398j   0.516-0.303j   0.477-0.313j   0.502-0.218j   0.395-0.332j   0.485-0.133j] (39s)
μ=0.05000+0.37500i f=9.2078e-01+2.6544e+00j |ν_k|=0.477 ν≈1: 1.0715-0.2401j |ν|>0.5: [-10.337-6.299j  -0.478-3.056j   0.284-2.26j    0.575-1.61j    0.812-1.288j   0.688-0.964j  -1.068-0.382j   1.071-0.24j    0.647-0.721j   0.592-0.534j   0.557-0.416j   0.494-0.335j   0.484-0.271j   0.41 -0.324j   0.48 -0.182j] (42s)
μ=0.05000+0.38750i f=1.0356e+00+2.9645e+00j |ν_k|=0.510 ν≈1: 1.0775-0.2472j |ν|>0.5: [-10.249-5.424j  -0.528-2.949j   0.214-2.206j   0.509-1.575j   0.776-1.282j   0.651-0.963j  -1.066-0.406j   1.077-0.247j   0.622-0.725j   0.575-0.54j    0.545-0.425j   0.473-0.35j    0.496-0.31j    0.501-0.221j   0.376-0.356j   0.492-0.133j] (44s)
μ=0.05000+0.39375i f=1.4377e+00+2.6665e+00j |ν_k|=0.516 ν≈1: 1.0805-0.2508j |ν|>0.5: [-10.189-5.001j  -0.551-2.897j   0.18 -2.18j    0.477-1.558j   0.759-1.278j   0.633-0.962j  -1.065-0.418j   1.081-0.251j   0.61 -0.727j   0.567-0.543j   0.539-0.428j   0.471-0.355j   0.495-0.311j   0.513-0.219j   0.376-0.356j   0.505-0.103j] (31s)
μ=0.05000+0.36250i f=8.7834e-02+3.1325e+00j |ν_k|=0.474 ν≈1: 1.0657-0.2331j |ν|>0.5: [-10.382-7.213j  -0.422-3.169j   0.36 -2.314j   0.645-1.643j   0.85 -1.293j   0.727-0.964j  -1.068-0.359j   1.066-0.233j   0.672-0.716j   0.608-0.528j   0.569-0.407j   0.503-0.325j   0.455-0.28j    0.468-0.221j] (31s)
μ=0.05000+0.32500i f=-1.5282e+00+1.7032e+00j |ν_k|=0.482 ν≈1: 1.0496-0.2124j |ν|>0.5: [-10.214-10.188j  -0.211 -3.545j   0.618 -2.478j   0.874 -1.73j    0.979 -1.294j   0.846 -0.951j  -1.065 -0.298j   1.05  -0.212j   0.75  -0.695j   0.659 -0.505j   0.605 -0.379j   0.53  -0.299j   0.469 -0.28j    0.499 -0.204j] (30s)
μ=0.05000+0.20000i f=1.2144e-01-7.3637e-01j |ν_k|=0.439 ν≈1: 1.0077-0.1448j |ν|>0.5: [-4.794-22.743j  1.416 -5.262j  2.017 -2.904j  1.842 -1.738j  1.543 -1.116j  1.26  -0.762j  1.023 -0.535j -1.039 -0.15j   1.008 -0.145j  0.829 -0.376j  0.704 -0.254j  0.6   -0.195j  0.531 -0.194j  0.51  -0.104j] (30s)
μ=0.05000+0.25000i f=-1.1621e+00-7.2387e-01j |ν_k|=0.431 ν≈1: 1.0224-0.1719j |ν|>0.5: [-8.097-17.196j  0.515 -4.488j  1.334 -2.787j  1.419 -1.805j  1.301 -1.229j  1.097 -0.867j  0.915 -0.618j -1.05  -0.201j  1.022 -0.172j  0.763 -0.438j  0.668 -0.309j  0.576 -0.243j  0.486 -0.216j  0.498 -0.165j] (30s)
μ=0.05000+0.27500i f=-1.3591e+00-1.3901e-01j |ν_k|=0.483 ν≈1: 1.0308-0.1853j |ν|>0.5: [-9.117-14.699j  0.212 -4.143j  1.059 -2.692j  1.225 -1.799j  1.186 -1.263j  1.013 -0.904j -1.056 -0.23j   0.86  -0.649j  1.031 -0.185j  0.728 -0.464j  0.648 -0.334j  0.56  -0.263j  0.499 -0.244j  0.516 -0.166j] (30s)
μ=0.05000+0.22500i f=-4.7009e-01-7.1562e-01j |ν_k|=0.457 ν≈1: 1.0148-0.1584j |ν|>0.5: [-6.685-19.869j  0.906 -4.863j  1.652 -2.861j  1.626 -1.786j  1.421 -1.181j  1.18  -0.819j  0.97  -0.58j  -1.045 -0.175j  1.015 -0.158j  0.796 -0.409j  0.687 -0.282j  0.59  -0.22j   0.51  -0.207j  0.511 -0.123j] (30s)
μ=0.05000+0.21250i f=-1.0326e-01-8.5159e-01j |ν_k|=0.452 ν≈1: 1.0112-0.1516j |ν|>0.5: [-5.806-21.279j  1.144 -5.06j   1.828 -2.887j  1.733 -1.766j  1.482 -1.151j  1.22  -0.792j  0.997 -0.558j -1.042 -0.162j  1.011 -0.152j  0.813 -0.393j  0.696 -0.268j  0.596 -0.208j  0.52  -0.201j  0.508 -0.118j] (30s)
μ=0.05000+0.10000i f=-8.7451e-04+1.7229e-01j |ν_k|=0.452 ν≈1: 0.9864-0.0893j |ν|>0.5: [12.132-3.735e+01j  5.583-6.304e+00j  3.876-2.363e+00j  2.706-1.170e+00j  1.987-6.773e-01j  1.523-4.347e-01j  1.199-2.971e-01j -1.023-6.878e-02j  0.986-8.927e-02j  0.939-2.023e-01j  0.752-1.242e-01j  0.646-1.351e-01j  0.602-3.684e-02j
  0.513-1.673e-01j  0.508+3.135e-02j] (30s)
μ=0.05000+0.15000i f=3.4683e-01-5.6440e-02j |ν_k|=0.453 ν≈1: 0.9956-0.1172j |ν|>0.5: [ 1.036-29.279j  2.966 -6.039j  2.888 -2.82j   2.288 -1.537j  1.782 -0.934j  1.406 -0.616j  1.121 -0.427j -1.03  -0.107j  0.996 -0.117j  0.89  -0.298j  0.733 -0.193j  0.603 -0.13j   0.593 -0.167j  0.519 -0.039j] (30s)
μ=0.05000+0.17500i f=3.8863e-01-3.1632e-01j |ν_k|=0.476 ν≈1: 1.0013-0.1311j |ν|>0.5: [-2.292-25.858j  2.085 -5.667j  2.43  -2.897j  2.064 -1.657j  1.665 -1.034j  1.336 -0.694j  1.074 -0.484j -1.034 -0.128j  1.001 -0.131j  0.861 -0.339j  0.719 -0.225j  0.606 -0.168j  0.557 -0.178j  0.515 -0.066j] (29s)
μ=0.05000+0.18750i f=2.2830e-01-5.7418e-01j |ν_k|=0.445 ν≈1: 1.0045-0.1380j |ν|>0.5: [-3.63 -24.267j  1.727 -5.465j  2.218 -2.908j  1.952 -1.702j  1.604 -1.077j  1.299 -0.729j  1.049 -0.511j -1.037 -0.139j  1.004 -0.138j  0.845 -0.358j  0.712 -0.239j  0.604 -0.182j  0.543 -0.186j  0.517 -0.083j] (30s)
μ=0.05000+0.12500i f=2.0971e-01+1.0635e-01j |ν_k|=0.456 ν≈1: 0.9905-0.1032j |ν|>0.5: [ 5.585-3.309e+01j  4.119-6.299e+00j  3.378-2.650e+00j  2.505-1.375e+00j  1.891-8.144e-01j  1.469-5.296e-01j  1.163-3.645e-01j -1.026-8.740e-02j  0.991-1.032e-01j  0.916-2.523e-01j  0.745-1.599e-01j  0.62 -1.568e-01j  0.605-8.214e-02j
  0.485-1.810e-01j  0.517-3.939e-03j] (30s)
μ=0.05000+0.13750i f=2.9172e-01+3.4011e-02j |ν_k|=0.446 ν≈1: 0.9929-0.1102j |ν|>0.5: [ 3.122-3.113e+01j  3.505-6.190e+00j  3.13 -2.749e+00j  2.398-1.461e+00j  1.837-8.763e-01j  1.439-5.740e-01j  1.143-3.965e-01j -1.028-9.707e-02j  0.993-1.102e-01j  0.903-2.756e-01j  0.739-1.769e-01j  0.606-1.637e-01j  0.604-1.054e-01j
  0.519-1.990e-02j  0.471-1.869e-01j] (30s)
μ=0.05000+0.11250i f=1.3174e-01+1.3324e-01j |ν_k|=0.468 ν≈1: 0.9883-0.0962j |ν|>0.5: [ 8.535-3.517e+01j  4.812-6.346e+00j  3.628-2.523e+00j  2.608-1.278e+00j  1.941-7.480e-01j  1.498-4.831e-01j  1.182-3.313e-01j -1.024-7.798e-02j  0.988-9.616e-02j  0.928-2.279e-01j  0.749-1.422e-01j  0.633-1.473e-01j  0.604-5.932e-02j
  0.498-1.746e-01j  0.515+1.237e-02j] (30s)
μ=0.05000+0.10625i f=3.4626e-02+1.9088e-01j |ν_k|=0.447 ν≈1: 0.9873-0.0927j |ν|>0.5: [10.24 -3.625e+01j  5.188-6.338e+00j  3.753-2.447e+00j  2.658-1.225e+00j  1.964-7.132e-01j  1.511-4.591e-01j  1.191-3.143e-01j -1.023-7.336e-02j  0.987-9.270e-02j  0.934-2.153e-01j  0.751-1.333e-01j  0.639-1.415e-01j  0.603-4.802e-02j
  0.506-1.711e-01j  0.511+2.324e-02j] (30s)
μ=0.05000+0.10938i f=5.5123e-02+1.9902e-01j |ν_k|=0.444 ν≈1: 0.9878-0.0944j |ν|>0.5: [ 9.366-3.571e+01j  4.997-6.344e+00j  3.691-2.486e+00j  2.633-1.252e+00j  1.953-7.307e-01j  1.504-4.712e-01j  1.186-3.229e-01j -1.024-7.566e-02j  0.988-9.443e-02j  0.931-2.216e-01j  0.75 -1.378e-01j  0.636-1.445e-01j  0.604-5.367e-02j
  0.502-1.728e-01j  0.51 +1.788e-02j] (30s)
μ=0.05000+0.00000i f=1.6738e-02-4.1338e-03j |ν_k|=0.453 ν≈1: 1.0238+0.0000j |ν|>0.5: [80.928+1.260e-14j 11.106+7.683e-15j  5.09 +7.617e-15j  3.128+1.915e-14j  2.178-3.215e-13j  1.626+4.407e-12j  1.267-3.949e-11j  1.024+4.118e-10j -1.017+5.166e-14j  0.937-9.228e-10j  0.775+2.884e-09j  0.645+5.866e-02j  0.645-5.866e-02j
  0.524+1.145e-01j  0.524-1.145e-01j] (31s)
μ=0.05000+0.05000i f=-6.0428e-02-1.4679e-03j |ν_k|=0.486 ν≈1: 0.9952-0.0774j |ν|>0.5: [39.109-4.375e+01j  9.122-4.639e+00j  4.736-1.391e+00j  3.014-6.381e-01j  2.128-3.574e-01j  1.599-2.251e-01j  1.25 -1.521e-01j -1.018-3.365e-02j  0.995-7.739e-02j  0.958-7.278e-02j  0.75 -7.033e-02j  0.69 -4.301e-02j  0.576-1.262e-01j
  0.574+4.741e-02j] (29s)
μ=0.05000+0.07500i f=-7.2961e-02+7.5581e-02j |ν_k|=0.472 ν≈1: 0.9833-0.0768j |ν|>0.5: [22.296-4.169e+01j  7.321-5.833e+00j  4.345-1.944e+00j  2.879-9.223e-01j  2.067-5.240e-01j  1.567-3.327e-01j  1.228-2.260e-01j -1.02 -5.094e-02j  0.983-7.684e-02j  0.958-1.463e-01j  0.751-9.023e-02j  0.674-1.006e-01j  0.591+6.688e-03j
  0.543-1.494e-01j] (30s)
μ=0.05000+0.08750i f=-5.0240e-02+1.2578e-01j |ν_k|=0.462 ν≈1: 0.9848-0.0827j |ν|>0.5: [16.609-3.957e+01j  6.426-6.144e+00j  4.117-2.171e+00j  2.797-1.051e+00j  2.03 -6.025e-01j  1.547-3.845e-01j  1.215-2.619e-01j -1.021-5.978e-02j  0.985-8.266e-02j  0.949-1.753e-01j  0.753-1.065e-01j  0.66 -1.199e-01j  0.597-1.481e-02j
  0.528-1.589e-01j  0.501+4.803e-02j] (29s)
μ=0.05000+0.06250i f=-7.4128e-02+3.1163e-02j |ν_k|=0.482 ν≈1: 0.9817-0.0740j |ν|>0.5: [29.632-4.334e+01j  8.236-5.339e+00j  4.554-1.683e+00j  2.952-7.843e-01j  2.1  -4.421e-01j  1.585-2.795e-01j  1.24 -1.893e-01j -1.019-4.224e-02j  0.982-7.401e-02j  0.966-1.132e-01j  0.748-7.794e-02j  0.686-7.515e-02j  0.584+2.748e-02j
  0.559-1.386e-01j] (30s)
μ=0.05000+0.02500i f=-1.6502e-02-2.7023e-02j |ν_k|=0.471 ν≈1: 1.0177-0.0418j |ν|>0.5: [64.336-3.421e+01j 10.552-2.613e+00j  4.998-7.272e-01j  3.099-3.264e-01j  2.165-1.812e-01j  1.619-1.136e-01j  1.263-7.644e-02j  1.018-4.184e-02j -1.017-1.674e-02j  0.942-3.277e-02j  0.766-4.266e-02j  0.674+1.365e-02j  0.611-9.613e-02j
  0.551+8.380e-02j  0.495-1.389e-01j] (30s)
μ=0.05000+0.03750i f=-3.9350e-02-2.0724e-02j |ν_k|=0.478 ν≈1: 1.0094-0.0611j |ν|>0.5: [50.959-4.146e+01j  9.917-3.725e+00j  4.886-1.070e+00j  3.063-4.850e-01j  2.15 -2.702e-01j  1.611-1.697e-01j  1.257-1.144e-01j -1.018-2.516e-02j  1.009-6.111e-02j  0.948-5.137e-02j  0.758-5.913e-02j  0.685-1.276e-02j  0.593-1.121e-01j
  0.564+6.623e-02j  0.481-1.488e-01j] (30s)
μ=0.05000+0.03125i f=-2.7963e-02-2.5362e-02j |ν_k|=0.474 ν≈1: 1.0140-0.0517j |ν|>0.5: [57.588-3.862e+01j 10.258-3.191e+00j  4.947-9.013e-01j  3.083-4.063e-01j  2.158-2.259e-01j  1.615-1.417e-01j  1.26 -9.546e-02j -1.017-2.094e-02j  1.014-5.170e-02j  0.944-4.183e-02j  0.763-5.146e-02j  0.68 +8.525e-04j  0.602-1.044e-01j
  0.558+7.520e-02j  0.488-1.440e-01j] (30s)
μ=0.05000+0.01250i f=4.2338e-03-2.1308e-02j |ν_k|=0.463 ν≈1: 1.0223-0.0212j |ν|>0.5: [76.058-2.000e+01j 10.964-1.348e+00j  5.067-3.678e-01j  3.121-1.642e-01j  2.175-9.090e-02j  1.624-5.693e-02j  1.266-3.827e-02j  1.022-2.123e-02j -1.017-8.357e-03j  0.938-1.586e-02j  0.772-2.239e-02j  0.661+3.723e-02j  0.628-7.829e-02j
  0.538+9.992e-02j  0.51 -1.275e-01j] (30s)
μ=0.05000+0.01875i f=-5.6197e-03-2.5747e-02j |ν_k|=0.467 ν≈1: 1.0204-0.0317j |ν|>0.5: [70.712-2.802e+01j 10.789-1.996e+00j  5.038-5.490e-01j  3.112-2.456e-01j  2.171-1.362e-01j  1.622-8.531e-02j  1.265-5.737e-02j  1.02 -3.166e-02j -1.017-1.254e-02j  0.939-2.414e-02j  0.77 -3.290e-02j  0.668+2.574e-02j  0.619-8.744e-02j
  0.545+9.206e-02j  0.503-1.333e-01j] (31s)
μ=0.05000+0.00625i f=1.2022e-02-1.3967e-02j |ν_k|=0.458 ν≈1: 1.0234-0.0107j |ν|>0.5: [79.655-1.045e+01j 11.07 -6.796e-01j  5.084-1.844e-01j  3.127-8.219e-02j  2.177-4.549e-02j  1.625-2.848e-02j  1.267-1.914e-02j  1.023-1.066e-02j -1.017-4.177e-03j  0.937-7.856e-03j  0.774-1.134e-02j  0.653+4.818e-02j  0.637-6.869e-02j
  0.531+1.074e-01j  0.517-1.212e-01j] (30s)
μ=0.05000+0.00313i f=1.4822e-02-9.3104e-03j |ν_k|=0.456 ν≈1: 1.0237-0.0053j |ν|>0.5: [80.606-5.282e+00j 11.097-3.405e-01j  5.089-9.228e-02j  3.128-4.111e-02j  2.178-2.275e-02j  1.626-1.424e-02j  1.267-9.571e-03j  1.024-5.333e-03j -1.017-2.088e-03j  0.937-3.918e-03j  0.774-5.686e-03j  0.649+5.347e-02j  0.641-6.373e-02j
  0.528+1.110e-01j  0.521-1.179e-01j] (29s)
edge (0.05+1.5j) → (0.05+0j): accumulated Δarg/π = 7.9207
RESULT A7: zeros in R = 7.9207 (nearest integer 8, deviation 0.079); max |ν_k| on ∂R = 0.582; unresolved jumps: 2; 95 evaluations
