# contour count l4: λ=1.1449864 m=1.9999999389 hs=0.025; R=[0.06,1.5]x[-1.5,1.5], k=12
μ=1.5000+0.0000i  f=1.0389e-01-1.1456e-06j  |ν_k|=0.109  ν(|ν|>0.5): []  (37s)
μ=1.5000+0.1000i  f=1.0291e-01+2.9817e-02j  |ν_k|=0.109  ν(|ν|>0.5): []  (37s)
μ=1.5000+0.2000i  f=1.0004e-01+6.0504e-02j  |ν_k|=0.108  ν(|ν|>0.5): []  (36s)
μ=1.5000+0.3000i  f=9.5462e-02+9.2936e-02j  |ν_k|=0.107  ν(|ν|>0.5): []  (39s)
μ=1.5000+0.4000i  f=8.9622e-02+1.2800e-01j  |ν_k|=0.106  ν(|ν|>0.5): []  (35s)
μ=1.5000+0.5000i  f=8.2919e-02+1.6665e-01j  |ν_k|=0.105  ν(|ν|>0.5): []  (36s)
μ=1.5000+0.6000i  f=7.6850e-02+2.0904e-01j  |ν_k|=0.104  ν(|ν|>0.5): []  (35s)
μ=1.5000+0.7000i  f=7.1943e-02+2.5548e-01j  |ν_k|=0.107  ν(|ν|>0.5): []  (35s)
μ=1.5000+0.8000i  f=6.6445e-02+3.0838e-01j  |ν_k|=0.109  ν(|ν|>0.5): []  (30s)
μ=1.5000+0.9000i  f=6.8705e-02+3.6215e-01j  |ν_k|=0.111  ν(|ν|>0.5): []  (32s)
μ=1.5000+1.0000i  f=7.6214e-02+4.2845e-01j  |ν_k|=0.105  ν(|ν|>0.5): []  (37s)
μ=1.5000+1.1000i  f=9.3248e-02+4.9280e-01j  |ν_k|=0.101  ν(|ν|>0.5): []  (37s)
μ=1.5000+1.2000i  f=9.4972e-02+5.5578e-01j  |ν_k|=0.115  ν(|ν|>0.5): []  (39s)
μ=1.5000+1.3000i  f=1.6435e-01+6.0281e-01j  |ν_k|=0.096  ν(|ν|>0.5): []  (73s)
μ=1.5000+1.4000i  f=1.7160e-01+6.7190e-01j  |ν_k|=0.106  ν(|ν|>0.5): []  (38s)
μ=1.5000+1.5000i  f=2.4447e-01+6.9952e-01j  |ν_k|=0.100  ν(|ν|>0.5): []  (45s)
edge (1.5+0j) → (1.5+1.5j): accumulated Δarg/π = 0.3930
μ=1.4040+1.5000i  f=1.3167e-01+7.9480e-01j  |ν_k|=0.117  ν(|ν|>0.5): []  (39s)
μ=1.3080+1.5000i  f=8.5277e-02+8.9777e-01j  |ν_k|=0.110  ν(|ν|>0.5): []  (94s)
μ=1.2120+1.5000i  f=-3.7147e-02+9.2179e-01j  |ν_k|=0.134  ν(|ν|>0.5): []  (45s)
μ=1.1160+1.5000i  f=-1.1679e-01+9.7740e-01j  |ν_k|=0.137  ν(|ν|>0.5): []  (40s)
μ=1.0200+1.5000i  f=-2.9784e-01+1.0676e+00j  |ν_k|=0.158  ν(|ν|>0.5): []  (39s)
μ=0.9240+1.5000i  f=-4.4781e-01+1.0722e+00j  |ν_k|=0.170  ν(|ν|>0.5): [0.2017-0.4765j]  (34s)
μ=0.8280+1.5000i  f=-6.2894e-01+7.7090e-01j  |ν_k|=0.179  ν(|ν|>0.5): [ 0.1942-0.5196j -0.1764-0.4831j -0.1609+0.4884j]  (34s)
μ=0.7320+1.5000i  f=-6.0695e-01+1.3495e+00j  |ν_k|=0.158  ν(|ν|>0.5): [ 0.1824-0.568j  -0.1487+0.5317j -0.2146-0.498j ]  (90s)
μ=0.6360+1.5000i  f=-1.1489e+00+6.6100e-01j  |ν_k|=0.222  ν(|ν|>0.5): [ 0.1646-0.6227j -0.1305+0.5789j -0.2547-0.509j ]  (27s)
μ=0.5400+1.5000i  f=-1.1426e+00+4.3666e-01j  |ν_k|=0.249  ν(|ν|>0.5): [ 0.1387-0.6851j -0.1044+0.6296j -0.2955-0.5156j]  (30s)
