# contour v2 A6: λ=1.1015235 m=1.9999995449 hs=0.025 s_start=-20.0; R=[0.06,1.5]x[-1.5,1.5], k=16
μ=1.50000+0.00000i f=5.0512e-02-3.5482e-06j |ν_k|=0.105 ν≈1: 0.5017-0.1074j |ν|>0.5: [0.502-0.107j 0.502+0.107j] (52s)
μ=1.50000+0.25000i f=4.1532e-02+4.7261e-02j |ν_k|=0.101 ν≈1: 0.4925-0.0121j |ν|>0.5: [0.465-0.234j] (54s)
μ=1.50000+0.12500i f=4.8307e-02+2.3135e-02j |ν_k|=0.103 ν≈1: 0.5017+0.0454j |ν|>0.5: [0.49 -0.172j 0.502+0.045j] (48s)
μ=1.50000+0.50000i f=2.2397e-02+1.2477e-01j |ν_k|=0.101 ν≈1: 0.4558-0.1118j |ν|>0.5: [0.38-0.337j] (49s)
μ=1.50000+0.37500i f=3.9734e-02+8.8257e-02j |ν_k|=0.101 ν≈1: 0.4767-0.0645j |ν|>0.5: [0.427-0.29j] (49s)
μ=1.50000+0.75000i f=-2.6309e-02+1.7895e-01j |ν_k|=0.106 ν≈1: 0.4030-0.1919j |ν|>0.5: [] (67s)
μ=1.50000+1.00000i f=-5.3502e-02+3.5570e-01j |ν_k|=0.101 ν≈1: 0.3401-0.2526j |ν|>0.5: [] (60s)
μ=1.50000+1.25000i f=-6.7991e-02+5.4263e-01j |ν_k|=0.101 ν≈1: 0.2722-0.2938j |ν|>0.5: [] (40s)
μ=1.50000+1.50000i f=1.3203e-02+7.2883e-01j |ν_k|=0.096 ν≈1: 0.2050-0.3162j |ν|>0.5: [] (49s)
edge (1.5+0j) → (1.5+1.5j): accumulated Δarg/π = 0.4943
μ=1.26000+1.50000i f=-2.1164e-01+8.2492e-01j |ν_k|=0.106 ν≈1: 0.2151-0.3870j |ν|>0.5: [] (44s)
μ=1.02000+1.50000i f=-6.6534e-01+7.3745e-01j |ν_k|=0.120 ν≈1: 0.1450-0.0568j |ν|>0.5: [-0.166+0.511j  0.215-0.477j -0.1  -0.492j] (31s)
μ=0.78000+1.50000i f=-1.1748e+00+6.5702e-01j |ν_k|=0.156 ν≈1: 0.1689-0.0570j |ν|>0.5: [-0.125+0.622j  0.196-0.595j -0.186-0.55j ] (31s)
μ=0.54000+1.50000i f=-1.8451e+00+3.6032e-01j |ν_k|=0.200 ν≈1: 0.1981-0.0550j |ν|>0.5: [ 0.137-0.757j -0.037+0.749j -0.288-0.591j] (40s)
μ=0.30000+1.50000i f=-2.6029e+00-1.2499e-01j |ν_k|=0.236 ν≈1: 0.2275-0.0609j |ν|>0.5: [-0.021-1.003j  0.125+0.867j -0.378-0.6j  ] (33s)
μ=0.06000+1.50000i f=1.6934e+00-5.6275e-01j |ν_k|=0.463 ν≈1: 0.5695-0.1837j |ν|>0.5: [-0.408-1.421j  0.362+0.914j  0.1  -0.871j  0.389-0.774j  0.558-0.566j -0.194-0.765j -0.436-0.585j  0.602-0.352j -0.226-0.61j  -0.437-0.472j  0.569-0.184j -0.473-0.214j  0.505-0.075j -0.405-0.298j] (29s)
μ=0.18000+1.50000i f=8.7418e-01-1.3998e+00j |ν_k|=0.405 ν≈1: 0.3889-0.1123j |ν|>0.5: [-0.174-1.185j  0.237+0.904j -0.41 -0.583j] (20s)
μ=0.24000+1.50000i f=-2.8759e+00-1.4938e+00j |ν_k|=0.273 ν≈1: 0.2616-0.0877j |ν|>0.5: [-0.089-1.087j  0.179+0.888j -0.395-0.593j] (22s)
μ=0.21000+1.50000i f=-2.9274e+00-1.4481e+00j |ν_k|=0.276 ν≈1: 0.2734-0.0886j |ν|>0.5: [-0.129-1.134j  0.207+0.896j -0.403-0.589j] (31s)
μ=0.19500+1.50000i f=-2.0034e+00-2.6604e+00j |ν_k|=0.298 ν≈1: 0.2960-0.1132j |ν|>0.5: [-0.151-1.159j  0.222+0.9j   -0.407-0.586j] (31s)
μ=0.18750+1.50000i f=-7.6852e-01-1.8763e+00j |ν_k|=0.328 ν≈1: 0.3261-0.0348j |ν|>0.5: [-0.162-1.172j  0.229+0.902j -0.409-0.584j] (40s)
μ=0.18375+1.50000i f=-5.1941e-01-1.6371e+00j |ν_k|=0.332 ν≈1: 0.3294-0.0408j |ν|>0.5: [-0.168-1.178j  0.233+0.903j -0.409-0.584j] (32s)
μ=0.18188+1.50000i f=-6.2805e-01-1.1373e+00j |ν_k|=0.320 ν≈1: 0.3471-0.0939j |ν|>0.5: [-0.171-1.182j  0.235+0.903j -0.41 -0.583j] (34s)
μ=0.18094+1.50000i f=-1.6248e-01-2.6033e+00j |ν_k|=0.344 ν≈1: 0.2964-0.1741j |ν|>0.5: [-0.172-1.183j  0.236+0.903j -0.41 -0.583j] (41s)
  UNRESOLVED Δarg=0.621 between 0.180938+1.500000j and 0.180000+1.500000j; min|1−ν| there = 6.21e-01
μ=0.12000+1.50000i f=-3.7904e-01-2.5963e+00j |ν_k|=0.339 ν≈1: 0.3227-0.1064j |ν|>0.5: [-0.278-1.296j  0.298+0.912j -0.425-0.569j -0.441-0.237j] (45s)
μ=0.15000+1.50000i f=-1.1397e+00-3.1532e+00j |ν_k|=0.320 ν≈1: 0.3037-0.1233j |ν|>0.5: [-0.223-1.239j  0.267+0.909j -0.418-0.576j] (43s)
μ=0.16500+1.50000i f=-7.0773e-01-2.1260e+00j |ν_k|=0.303 ν≈1: 0.3085-0.0545j |ν|>0.5: [-0.198-1.211j  0.252+0.906j -0.414-0.58j   0.297-0.44j ] (34s)
μ=0.17250+1.50000i f=-2.1609e-01-2.5644e+00j |ν_k|=0.339 ν≈1: 0.2913-0.1727j |ν|>0.5: [-0.185-1.198j  0.244+0.905j -0.412-0.581j] (42s)
μ=0.17625+1.50000i f=-4.6308e-01-1.5199e+00j |ν_k|=0.343 ν≈1: 0.3393-0.0520j |ν|>0.5: [-0.18 -1.191j  0.24 +0.904j -0.411-0.582j] (32s)
μ=0.17813+1.50000i f=-8.3893e-01-1.3779e+00j |ν_k|=0.336 ν≈1: 0.3353-0.0210j |ν|>0.5: [-0.177-1.188j  0.239+0.904j -0.411-0.582j] (33s)
μ=0.17906+1.50000i f=1.1378e-02-2.6460e+00j |ν_k|=0.349 ν≈1: 0.3026-0.1740j |ν|>0.5: [-0.175-1.187j  0.238+0.904j -0.411-0.583j] (44s)
  UNRESOLVED Δarg=-0.554 between 0.180000+1.500000j and 0.179063+1.500000j; min|1−ν| there = 7.19e-01
  UNRESOLVED Δarg=-0.551 between 0.179063+1.500000j and 0.178125+1.500000j; min|1−ν| there = 6.65e-01
μ=0.09000+1.50000i f=8.2068e-02-1.9112e+00j |ν_k|=0.335 ν≈1: 0.3486-0.1331j |ν|>0.5: [-0.34 -1.357j  0.33 +0.914j -0.432-0.56j   0.207-0.475j  0.09 -0.505j -0.458-0.227j  0.295-0.405j] (51s)
μ=0.07500+1.50000i f=1.1948e+00-1.0916e+00j |ν_k|=0.441 ν≈1: 0.4613-0.0429j |ν|>0.5: [-0.373-1.389j  0.346+0.914j -0.435-0.556j  0.273-0.593j  0.098-0.644j  0.395-0.476j -0.071-0.606j -0.185-0.533j  0.449-0.339j -0.275-0.45j  -0.466-0.221j  0.452-0.229j] (33s)
μ=0.08250+1.50000i f=1.9912e+00-1.2221e+00j |ν_k|=0.481 ν≈1: 0.4626-0.1422j |ν|>0.5: [-0.356-1.373j  0.338+0.914j -0.434-0.558j  0.235-0.529j  0.095-0.566j -0.036-0.544j  0.338-0.425j -0.178-0.499j  0.412-0.329j -0.09 -0.512j -0.462-0.224j -0.261-0.441j  0.304-0.411j  0.445-0.238j] (22s)
μ=0.08625+1.50000i f=8.4761e-01-9.8706e-01j |ν_k|=0.450 ν≈1: 0.4455-0.0619j |ν|>0.5: [-0.348-1.365j  0.334+0.914j -0.433-0.559j  0.086-0.537j  0.225-0.495j  0.321-0.426j -0.028-0.53j  -0.46 -0.225j -0.109-0.496j  0.372-0.34j ] (22s)
μ=0.08813+1.50000i f=1.8267e+00-2.5137e+00j |ν_k|=0.433 ν≈1: 0.4114-0.1534j |ν|>0.5: [-0.344-1.361j  0.332+0.914j -0.432-0.56j   0.216-0.485j  0.086-0.518j  0.306-0.414j -0.028-0.513j -0.459-0.226j] (32s)
μ=0.08906+1.50000i f=6.7001e-01-1.1013e+00j |ν_k|=0.429 ν≈1: 0.4278-0.0356j |ν|>0.5: [-0.342-1.359j  0.331+0.914j -0.432-0.56j   0.079-0.526j -0.026-0.523j  0.233-0.468j  0.319-0.414j  0.166-0.486j -0.118-0.498j -0.458-0.226j  0.378-0.333j] (31s)
edge (1.5+1.5j) → (0.06+1.5j): accumulated Δarg/π = 1.8979
μ=0.06000+1.40000i f=1.5483e+00-4.2362e-01j |ν_k|=0.483 ν≈1: 0.5689-0.1523j |ν|>0.5: [-0.142-1.639j  0.365+1.034j  0.154-0.884j  0.443-0.753j -0.158-0.8j    0.591-0.527j -0.447-0.601j  0.613-0.312j -0.445-0.513j -0.23 -0.631j  0.569-0.152j -0.514-0.279j  0.513-0.046j -0.394-0.325j -0.426-0.262j] (33s)
μ=0.06000+1.30000i f=3.2113e+00+1.6267e+00j |ν_k|=0.497 ν≈1: 0.5630-0.1301j |ν|>0.5: [ 0.212-1.774j  0.365+1.188j  0.188-0.881j  0.475-0.73j  -0.129-0.811j  0.605-0.493j -0.487-0.607j -0.234-0.643j -0.421-0.531j  0.613-0.282j -0.557-0.36j  -0.101-0.595j  0.563-0.13j   0.512-0.03j  -0.419-0.286j] (33s)
μ=0.06000+1.35000i f=1.6032e+00-8.3696e-02j |ν_k|=0.470 ν≈1: 0.5643-0.1394j |ν|>0.5: [ 0.025-1.72j   0.366+1.106j  0.173-0.886j  0.462-0.743j -0.144-0.809j  0.601-0.51j  -0.463-0.603j -0.44 -0.526j  0.615-0.297j -0.232-0.639j -0.537-0.317j  0.564-0.139j -0.411-0.322j  0.504-0.002j] (33s)
μ=0.06000+1.20000i f=2.8273e+00+1.3222e+00j |ν_k|=0.469 ν≈1: 0.5429-0.1080j |ν|>0.5: [ 0.619-1.776j  0.353+1.396j  0.224-0.848j  0.493-0.685j -0.539-0.612j -0.085-0.805j -0.59 -0.48j   0.604-0.449j -0.228-0.644j  0.599-0.249j -0.369-0.523j  0.543-0.108j -0.008-0.508j] (31s)
μ=0.06000+1.10000i f=2.0633e+00+1.9728e+00j |ν_k|=0.484 ν≈1: 0.5837-0.2062j |ν|>0.5: [ 1.005-1.613j  0.308+1.691j -0.7  -0.657j  0.282-0.808j  0.522-0.625j -0.023-0.804j -0.518-0.588j  0.604-0.392j -0.214-0.659j  0.584-0.206j -0.314-0.528j  0.035-0.592j -0.393-0.362j -0.325-0.413j  0.513-0.083j] (32s)
μ=0.06000+1.00000i f=5.3324e-01+1.6247e+00j |ν_k|=0.487 ν≈1: 0.5800-0.1678j |ν|>0.5: [ 0.164+2.119j  1.274-1.315j -0.804-0.794j  0.343-0.789j  0.021-0.823j -0.515-0.638j  0.561-0.58j  -0.208-0.698j  0.616-0.344j  0.089-0.678j -0.316-0.531j  0.58 -0.168j -0.374-0.455j  0.528-0.079j  0.513-0.007j] (31s)
μ=0.06000+0.90000i f=1.8455e-01+1.5092e+00j |ν_k|=0.496 ν≈1: 0.5774-0.1490j |ν|>0.5: [-0.243+2.701j  1.372-0.983j -0.889-0.957j -0.54 -0.712j  0.372-0.764j  0.027-0.838j  0.574-0.551j  0.167-0.747j -0.198-0.712j  0.615-0.315j -0.378-0.562j  0.577-0.149j -0.263-0.492j  0.537-0.039j  0.21 -0.463j] (34s)
μ=0.06000+0.80000i f=-4.3144e+00+7.9862e-01j |ν_k|=0.522 ν≈1: 0.5552-0.1247j |ν|>0.5: [-1.172+3.282j  1.343-0.719j -0.949-1.152j -0.57 -0.813j  0.071-0.851j  0.228-0.789j  0.412-0.709j -0.405-0.657j  0.576-0.495j -0.143-0.717j  0.598-0.272j  0.243-0.518j -0.184-0.541j  0.555-0.125j  0.063-0.53j   0.395-0.34j ] (35s)
μ=0.06000+0.85000i f=-3.8237e-01+1.6579e+00j |ν_k|=0.499 ν≈1: 0.5525-0.1343j |ν|>0.5: [-0.626+3.012j  1.368-0.84j  -0.924-1.05j  -0.557-0.76j   0.041-0.841j  0.387-0.737j  0.199-0.771j  0.572-0.526j -0.175-0.711j -0.387-0.605j  0.605-0.297j  0.552-0.134j -0.227-0.508j  0.195-0.495j  0.496-0.088j] (33s)
μ=0.06000+0.82500i f=-6.9071e-01+2.4379e+00j |ν_k|=0.482 ν≈1: 0.5803-0.1965j |ν|>0.5: [-0.877+3.156j  1.358-0.776j -0.938-1.1j   -0.564-0.787j  0.154-0.825j  0.284-0.761j  0.504-0.63j  -0.06 -0.799j -0.392-0.631j  0.601-0.392j -0.213-0.609j  0.58 -0.197j  0.195-0.503j  0.53 -0.056j] (32s)
μ=0.06000+0.81250i f=-1.5069e+00+1.5337e+00j |ν_k|=0.514 ν≈1: 0.5417-0.1032j |ν|>0.5: [-1.019+3.221j  1.351-0.747j -0.944-1.126j -0.567-0.8j    0.114-0.847j  0.46 -0.673j  0.253-0.77j  -0.104-0.761j -0.399-0.644j  0.591-0.443j  0.591-0.234j -0.208-0.567j  0.542-0.103j  0.156-0.517j  0.264-0.449j  0.513-0.019j] (34s)
μ=0.06000+0.80625i f=-3.6505e+00+2.5725e+00j |ν_k|=0.519 ν≈1: 0.5705-0.1651j |ν|>0.5: [-1.094+3.252j  1.347-0.733j -0.947-1.139j -0.568-0.807j  0.179-0.821j -0.017-0.818j  0.324-0.751j  0.53 -0.589j -0.401-0.65j   0.601-0.353j -0.192-0.642j  0.57 -0.165j  0.218-0.525j  0.534-0.037j  0.046-0.523j -0.163-0.492j] (33s)
μ=0.06000+0.70000i f=-2.4988e+00+5.8857e-01j |ν_k|=0.414 ν≈1: 0.5967-0.2329j |ν|>0.5: [-2.806+3.416j -0.953-1.387j  1.269-0.541j -0.491-0.927j -0.583-0.783j  0.153-0.893j  0.274-0.839j  0.464-0.681j -0.092-0.762j  0.598-0.45j   0.597-0.233j  0.259-0.529j -0.077-0.553j  0.536-0.089j] (42s)
μ=0.06000+0.60000i f=-1.2178e+00-2.4341e+00j |ν_k|=0.498 ν≈1: 1.1924-0.4236j |ν|>0.5: [-5.037+2.426j -0.862-1.705j -0.37 -1.224j  1.192-0.424j -0.822-0.709j  0.335-0.984j  0.054-0.874j  0.227-0.783j  0.47 -0.643j  0.59 -0.414j  0.339-0.567j  0.58 -0.207j  0.261-0.522j  0.525-0.073j  0.081-0.524j] (31s)
μ=0.06000+0.65000i f=-3.1189e+00-2.5429e+00j |ν_k|=0.502 ν≈1: 0.5907-0.2234j |ν|>0.5: [-3.868+3.108j -0.919-1.531j  1.23 -0.477j -0.433-1.071j -0.705-0.759j  0.273-0.91j   0.207-0.857j  0.47 -0.67j  -0.037-0.797j  0.598-0.437j  0.591-0.223j  0.295-0.558j  0.53 -0.066j -0.006-0.53j   0.132-0.484j  0.314-0.391j] (32s)
μ=0.06000+0.67500i f=-1.5922e+00+3.4392e-01j |ν_k|=0.477 ν≈1: 0.5690-0.1495j |ν|>0.5: [-3.32 +3.303j -0.94 -1.456j  1.249-0.508j -0.461-0.999j -0.645-0.772j  0.245-0.928j  0.37 -0.764j  0.011-0.822j  0.553-0.567j  0.61 -0.327j -0.053-0.682j  0.276-0.535j  0.569-0.149j  0.511-0.047j  0.216-0.463j] (34s)
μ=0.06000+0.66250i f=-2.9229e+00-2.0003e+00j |ν_k|=0.511 ν≈1: 0.5842-0.1813j |ν|>0.5: [-3.59 +3.216j -0.93 -1.493j  1.239-0.492j -0.447-1.035j -0.675-0.766j  0.233-0.934j  0.318-0.808j -0.037-0.814j  0.515-0.621j  0.607-0.381j  0.272-0.556j  0.584-0.181j -0.021-0.6j    0.314-0.458j  0.54 -0.058j  0.072-0.506j] (44s)
μ=0.06000+0.66875i f=-2.6140e+00-9.5218e-01j |ν_k|=0.516 ν≈1: 0.5362-0.0689j |ν|>0.5: [-3.454+3.262j -0.935-1.474j  1.244-0.5j   -0.454-1.017j -0.66 -0.769j  0.27 -0.9j    0.144-0.86j   0.445-0.7j   -0.065-0.763j  0.591-0.473j  0.6  -0.251j  0.289-0.547j  0.536-0.069j  0.515-0.132j  0.165-0.496j -0.028-0.515j] (54s)
μ=0.06000+0.67188i f=-2.0736e+00-5.2383e-01j |ν_k|=0.512 ν≈1: 0.5571-0.1139j |ν|>0.5: [-3.386+3.283e+00j -0.937-1.465e+00j  1.247-5.035e-01j -0.457-1.008e+00j -0.653-7.709e-01j  0.261-9.191e-01j  0.074-8.369e-01j  0.408-7.332e-01j  0.575-5.203e-01j -0.063-7.285e-01j  0.606-2.871e-01j  0.284-5.493e-01j  0.557-1.139e-01j
  0.145-5.023e-01j  0.516+2.262e-04j  0.338-3.841e-01j] (46s)
μ=0.06000+0.50000i f=-1.8377e-01-1.6528e+00j |ν_k|=0.433 ν≈1: 1.1263-0.3391j |ν|>0.5: [-7.394-0.356j -0.687-2.153j -0.159-1.575j  0.489-1.09j   1.126-0.339j -0.988-0.517j  0.255-1.068j  0.416-0.735j  0.5  -0.579j  0.382-0.597j  0.601-0.366j  0.572-0.174j  0.297-0.442j  0.504-0.051j] (50s)
μ=0.06000+0.40000i f=1.0237e+00-5.2527e-01j |ν_k|=0.416 ν≈1: 1.0727-0.2712j |ν|>0.5: [-8.95 -5.233j -0.388-2.765j  0.243-1.962j  0.612-1.301j  0.668-1.112j  1.073-0.271j -1.016-0.321j  0.607-0.762j  0.563-0.551j  0.502-0.46j   0.591-0.323j  0.553-0.148j  0.379-0.39j ] (43s)
μ=0.06000+0.45000i f=6.5878e-01-1.2598e+00j |ν_k|=0.427 ν≈1: 1.0980-0.3037j |ν|>0.5: [-8.353-2.528j -0.56 -2.433j  0.013-1.768j  0.569-1.127j  0.415-1.166j  1.098-0.304j -1.015-0.411j  0.511-0.758j  0.516-0.56j   0.594-0.352j  0.438-0.526j  0.563-0.167j  0.338-0.423j] (42s)
μ=0.06000+0.47500i f=2.4251e-01-9.7465e-01j |ν_k|=0.495 ν≈1: 1.1118-0.3209j |ν|>0.5: [-7.908-1.376j -0.628-2.288j -0.08 -1.67j   0.528-1.112j  0.328-1.113j  1.112-0.321j -1.005-0.462j  0.466-0.762j  0.458-0.594j  0.572-0.472j  0.592-0.258j  0.324-0.492j  0.382-0.42j   0.538-0.078j  0.494-0.159j] (33s)
μ=0.06000+0.42500i f=1.2859e+00-8.1662e-01j |ν_k|=0.408 ν≈1: 1.0850-0.2871j |ν|>0.5: [-8.708-3.814j -0.481-2.592j  0.12 -1.865j  0.517-1.231j  0.607-1.125j  1.085-0.287j -1.017-0.363j  0.556-0.764j  0.517-0.569j  0.57 -0.44j   0.581-0.24j   0.409-0.441j  0.524-0.094j] (42s)
μ=0.06000+0.30000i f=3.5037e-01+5.8656e-01j |ν_k|=0.403 ν≈1: 1.0313-0.2110j |ν|>0.5: [-8.252-12.227j  0.228 -3.637j  0.923 -2.309j  1.07  -1.471j  0.989 -1.047j  0.83  -0.714j  1.031 -0.211j -0.99  -0.193j  0.697 -0.494j  0.602 -0.336j  0.572 -0.289j  0.539 -0.128j  0.437 -0.296j] (46s)
μ=0.06000+0.35000i f=8.6236e-01+2.2628e-01j |ν_k|=0.413 ν≈1: 1.0506-0.2405j |ν|>0.5: [-8.989-8.467j -0.142-3.163j  0.542-2.147j  0.819-1.41j   0.818-1.087j  1.051-0.24j  -1.005-0.249j  0.715-0.748j  0.627-0.53j   0.541-0.401j  0.596-0.309j  0.552-0.137j  0.408-0.349j] (45s)
μ=0.06000+0.37500i f=7.4635e-01-3.9265e-02j |ν_k|=0.484 ν≈1: 1.0613-0.2556j |ν|>0.5: [-9.052-6.784j -0.277-2.955j  0.383-2.056j  0.71 -1.361j  0.74 -1.1j    1.061-0.256j -1.011-0.283j  0.659-0.758j  0.586-0.543j  0.587-0.408j  0.578-0.218j  0.459-0.401j  0.529-0.058j  0.361-0.374j  0.477-0.172j] (34s)
μ=0.06000+0.32500i f=5.7892e-01+6.6953e-01j |ν_k|=0.401 ν≈1: 1.0406-0.2256j |ν|>0.5: [-8.733-10.282j  0.024 -3.39j   0.721 -2.232j  0.938 -1.447j  0.902 -1.07j   1.041 -0.226j  0.771 -0.734j -0.998 -0.219j  0.66  -0.512j  0.604 -0.372j  0.576 -0.211j  0.482 -0.34j   0.513 -0.075j] (41s)
μ=0.06000+0.33750i f=4.8235e-01+1.8823e-01j |ν_k|=0.485 ν≈1: 1.0455-0.2330j |ν|>0.5: [-8.887-9.358j -0.063-3.274j  0.629-2.19j   0.877-1.43j   0.859-1.079j  1.045-0.233j  0.743-0.742j -1.001-0.234j  0.642-0.523j  0.605-0.356j  0.515-0.371j  0.542-0.198j  0.551-0.143j  0.401-0.361j  0.528-0.015j] (33s)
μ=0.06000+0.20000i f=-3.1386e-01+7.6772e-02j |ν_k|=0.392 ν≈1: 1.0006-0.1534j |ν|>0.5: [-3.158-21.413j  1.716 -4.784j  1.996 -2.439j  1.69  -1.379j  1.356 -0.865j  1.068 -0.569j  1.001 -0.153j -0.963 -0.11j   0.837 -0.381j  0.685 -0.243j  0.58  -0.195j  0.526 -0.105j  0.464 -0.196j] (31s)
μ=0.06000+0.25000i f=-1.5878e-01+4.4807e-01j |ν_k|=0.400 ν≈1: 1.0147-0.1822j |ν|>0.5: [-6.457-16.521j  0.802 -4.19j   1.402 -2.423j  1.365 -1.468j  1.171 -0.977j  0.95  -0.655j  1.015 -0.182j -0.976 -0.148j  0.768 -0.445j  0.65  -0.292j  0.573 -0.246j  0.538 -0.114j  0.455 -0.251j] (27s)
μ=0.06000+0.27500i f=-5.4119e-02+6.2366e-01j |ν_k|=0.399 ν≈1: 1.0227-0.1965j |ν|>0.5: [-7.509-14.305j  0.482 -3.905j  1.149 -2.374j  1.213 -1.479j  1.079 -1.016j  0.89  -0.688j  1.023 -0.196j -0.983 -0.169j  0.732 -0.471j  0.636 -0.324j  0.568 -0.189j  0.512 -0.282j  0.502 -0.062j] (27s)
μ=0.06000+0.28750i f=1.4753e-01+6.3678e-01j |ν_k|=0.417 ν≈1: 1.0269-0.2037j |ν|>0.5: [-7.916-13.25j   0.348 -3.769j  1.033 -2.344j  1.14  -1.477j  1.034 -1.033j  0.86  -0.702j  1.027 -0.204j -0.986 -0.181j  0.714 -0.483j  0.628 -0.327j  0.537 -0.296j  0.553 -0.157j  0.417 -0.28j ] (27s)
μ=0.06000+0.22500i f=-3.6275e-01+2.2449e-01j |ν_k|=0.389 ν≈1: 1.0074-0.1678j |ν|>0.5: [-5.036-18.885j  1.205 -4.488j  1.684 -2.447j  1.525 -1.436j  1.264 -0.927j  1.01  -0.616j  1.007 -0.168j -0.969 -0.128j  0.803 -0.415j  0.669 -0.273j  0.571 -0.183j  0.521 -0.219j  0.498 -0.058j] (28s)
μ=0.06000+0.23750i f=-2.8347e-01+3.4789e-01j |ν_k|=0.409 ν≈1: 1.0109-0.1749j |ν|>0.5: [-5.797-17.684j  0.991 -4.338j  1.539 -2.439j  1.444 -1.455j  1.218 -0.953j  0.98  -0.636j  1.011 -0.175j -0.972 -0.138j  0.786 -0.43j   0.663 -0.283j  0.55  -0.242j  0.554 -0.146j] (27s)
μ=0.06000+0.10000i f=7.0111e-02-8.5551e-02j |ν_k|=0.376 ν≈1: 0.9790-0.0974j |ν|>0.5: [13.432-33.501j  5.385 -5.139j  3.422 -1.823j  2.312 -0.88j   1.668 -0.504j  1.258 -0.318j  0.979 -0.097j  0.951 -0.198j -0.946 -0.051j  0.732 -0.127j  0.607 -0.094j  0.535 -0.09j ] (27s)
μ=0.06000+0.15000i f=-1.2756e-01-1.4536e-01j |ν_k|=0.393 ν≈1: 0.9889-0.1244j |ν|>0.5: [ 2.584-27.07j   3.18  -5.261j  2.694 -2.273j  2.019 -1.187j  1.527 -0.708j  1.173 -0.456j  0.989 -0.124j -0.953 -0.079j  0.899 -0.299j  0.712 -0.187j  0.596 -0.146j  0.519 -0.089j] (39s)
μ=0.06000+0.17500i f=-2.3989e-01-1.1775e-01j |ν_k|=0.385 ν≈1: 0.9944-0.1389j |ν|>0.5: [-0.691-24.131j  2.363 -5.057j  2.335 -2.385j  1.856 -1.297j  1.444 -0.792j  1.123 -0.516j  0.994 -0.139j -0.958 -0.094j  0.87  -0.342j  0.699 -0.217j  0.588 -0.159j  0.518 -0.157j] (41s)
μ=0.06000+0.18750i f=-2.8877e-01-2.7030e-02j |ν_k|=0.404 ν≈1: 0.9974-0.1461j |ν|>0.5: [-2.009-22.746j  2.02  -4.926j  2.162 -2.418j  1.774 -1.342j  1.4   -0.83j   1.096 -0.543j  0.997 -0.146j -0.96  -0.102j  0.854 -0.362j  0.693 -0.231j  0.575 -0.181j  0.535 -0.129j] (39s)
μ=0.06000+0.12500i f=1.3618e-02-1.5501e-01j |ν_k|=0.367 ν≈1: 0.9838-0.1102j |ν|>0.5: [ 7.054-30.238j  4.188 -5.325j  3.063 -2.089j  2.173 -1.048j  1.603 -0.611j  1.219 -0.39j   0.984 -0.11j   0.927 -0.251j -0.949 -0.064j  0.722 -0.158j  0.605 -0.117j  0.518 -0.122j] (27s)
μ=0.06000+0.13750i f=-6.0959e-02-1.7047e-01j |ν_k|=0.382 ν≈1: 0.9863-0.1172j |ν|>0.5: [ 4.635-28.628j  3.659 -5.316j  2.879 -2.19j   2.098 -1.121j  1.566 -0.661j  1.197 -0.423j  0.986 -0.117j  0.914 -0.276j -0.951 -0.071j  0.717 -0.173j  0.599 -0.129j  0.518 -0.119j] (27s)
μ=0.06000+0.11250i f=1.2713e-02-1.2131e-01j |ν_k|=0.375 ν≈1: 0.9814-0.1035j |ν|>0.5: [ 9.941-31.879j  4.766 -5.271j  3.245 -1.967j  2.245 -0.967j  1.637 -0.559j  1.239 -0.354j  0.981 -0.104j  0.939 -0.225j -0.947 -0.057j  0.727 -0.142j  0.607 -0.106j  0.52  -0.109j] (27s)
μ=0.06000+0.10625i f=6.0688e-02-1.0030e-01j |ν_k|=0.377 ν≈1: 0.9802-0.1004j |ν|>0.5: [11.601-32.697j  5.071 -5.216j  3.335 -1.897j  2.279 -0.925j  1.653 -0.531j  1.249 -0.336j  0.98  -0.1j    0.945 -0.212j -0.946 -0.054j  0.729 -0.135j  0.607 -0.098j  0.532 -0.103j] (27s)
μ=0.06000+0.00000i f=-1.5610e-02+2.8659e-03j |ν_k|=0.369 ν≈1: 1.0344-0.0000j |ν|>0.5: [66.085-1.903e-14j  9.246+1.022e-14j  4.239+5.983e-15j  2.592-8.286e-15j  1.795-8.217e-14j  1.33 +4.817e-14j  1.034-4.628e-12j -0.94 -3.688e-14j  0.933+1.230e-12j  0.746+1.776e-10j  0.628-2.831e-10j  0.522+4.988e-02j  0.522-4.988e-02j] (26s)
μ=0.06000+0.05000i f=3.7696e-02+2.1844e-02j |ν_k|=0.393 ν≈1: 1.0137-0.0851j |ν|>0.5: [37.417-3.565e+01j  7.958-3.495e+00j  4.009-1.035e+00j  2.517-4.713e-01j  1.762-2.625e-01j  1.312-1.635e-01j  1.014-8.512e-02j  0.944-6.708e-02j -0.941-2.472e-02j  0.743-6.304e-02j  0.614-5.595e-02j  0.553-1.976e-02j] (26s)
μ=0.06000+0.07500i f=6.9541e-02-1.4059e-02j |ν_k|=0.390 ν≈1: 0.9708-0.0913j |ν|>0.5: [22.985-36.163j  6.699 -4.568j  3.747 -1.47j   2.428 -0.687j  1.722 -0.387j  1.289 -0.243j  0.975 -0.134j  0.971 -0.091j -0.943 -0.037j  0.739 -0.095j  0.608 -0.072j  0.549 -0.062j] (26s)
μ=0.06000+0.08750i f=7.4087e-02-4.5062e-02j |ν_k|=0.386 ν≈1: 0.9762-0.0926j |ν|>0.5: [17.705-34.999j  6.035 -4.91j   3.591 -1.657j  2.373 -0.787j  1.697 -0.446j  1.274 -0.281j  0.976 -0.093j  0.962 -0.168j -0.944 -0.044j  0.735 -0.111j  0.607 -0.081j  0.545 -0.081j] (26s)
μ=0.06000+0.06250i f=5.5718e-02+7.8177e-03j |ν_k|=0.395 ν≈1: 0.9537-0.0842j |ν|>0.5: [29.507-3.660e+01j  7.351-4.098e+00j  3.888-1.262e+00j  2.477-5.815e-01j  1.744-3.255e-01j  1.301-2.034e-01j  0.999-1.049e-01j  0.954-8.421e-02j -0.942-3.103e-02j  0.741-7.927e-02j  0.61 -6.494e-02j  0.553-4.000e-02j] (27s)
μ=0.06000+0.02500i f=2.7946e-03+2.4465e-02j |ν_k|=0.381 ν≈1: 1.0296-0.0436j |ν|>0.5: [55.807-2.533e+01j  8.896-1.913e+00j  4.179-5.355e-01j  2.573-2.399e-01j  1.786-1.326e-01j  1.326-8.233e-02j  1.03 -4.356e-02j -0.94 -1.229e-02j  0.936-3.321e-02j  0.745-3.095e-02j  0.624-3.102e-02j  0.541+1.796e-02j  0.5  -7.747e-02j] (27s)
μ=0.06000+0.03750i f=1.9210e-02+2.7297e-02j |ν_k|=0.385 ν≈1: 1.0234-0.0647j |ν|>0.5: [46.512-3.229e+01j  8.486-2.761e+00j  4.107-7.918e-01j  2.55 -3.571e-01j  1.776-1.981e-01j  1.32 -1.231e-01j  1.023-6.472e-02j -0.941-1.848e-02j  0.939-5.000e-02j  0.745-4.690e-02j  0.619-4.432e-02j  0.547-8.198e-04j] (26s)
μ=0.06000+0.01250i f=-9.3900e-03+1.5681e-02j |ν_k|=0.376 ν≈1: 1.0332-0.0219j |ν|>0.5: [63.2  -1.419e+01j  9.157-9.794e-01j  4.224-2.701e-01j  2.587-1.205e-01j  1.793-6.650e-02j  1.329-4.124e-02j  1.033-2.190e-02j -0.94 -6.139e-03j  0.934-1.658e-02j  0.746-1.535e-02j  0.627-1.604e-02j  0.532+3.457e-02j  0.511-6.463e-02j] (26s)
μ=0.06000+0.01875i f=-4.0189e-03+2.0853e-02j |ν_k|=0.375 ν≈1: 1.0317-0.0328j |ν|>0.5: [59.91 -2.026e+01j  9.047-1.455e+00j  4.205-4.036e-01j  2.581-1.804e-01j  1.79 -9.963e-02j  1.328-6.181e-02j  1.032-3.278e-02j -0.94 -9.214e-03j  0.935-2.488e-02j  0.745-2.312e-02j  0.626-2.364e-02j  0.537+2.610e-02j  0.505-7.097e-02j] (26s)
μ=0.06000+0.00625i f=-1.3282e-02+9.6286e-03j |ν_k|=0.374 ν≈1: 1.0341-0.0110j |ν|>0.5: [65.341-7.314e+00j  9.224-4.926e-01j  4.235-1.353e-01j  2.591-6.030e-02j  1.794-3.327e-02j  1.33 -2.063e-02j  1.034-1.097e-02j -0.94 -3.069e-03j  0.934-8.283e-03j  0.746-7.669e-03j  0.628-7.988e-03j  0.527+4.267e-02j  0.517-5.734e-02j] (26s)
edge (0.06+1.5j) → (0.06+0j): accumulated Δarg/π = 6.9422
RESULT A6: zeros in R = 6.9422 (nearest integer 7, deviation 0.058); max |ν_k| on ∂R = 0.522; unresolved jumps: 3; 89 evaluations
