# stability scan l0: λ=1.9205593229 m=2.0000000000 hs=0.025 Nb=32
μ=1.300: N(ν>1)=0  complex |ν|>1: 0  top ν: [ 0.5701+0.j  0.2719+0.j  0.1342+0.j  0.0788+0.j -0.0573+0.j  0.0509+0.j]  (26s)
μ=1.250: N(ν>1)=0  complex |ν|>1: 0  top ν: [ 0.6217+0.j  0.2824+0.j  0.1385+0.j  0.0807+0.j -0.0586+0.j  0.0519+0.j]  (23s)
μ=1.200: N(ν>1)=0  complex |ν|>1: 0  top ν: [ 0.6796+0.j  0.2936+0.j  0.1429+0.j  0.0828+0.j -0.0599+0.j  0.053 +0.j]  (21s)
μ=1.150: N(ν>1)=0  complex |ν|>1: 0  top ν: [ 0.7449+0.j  0.3056+0.j  0.1475+0.j  0.0849+0.j -0.0612+0.j  0.0542+0.j]  (25s)
μ=1.100: N(ν>1)=0  complex |ν|>1: 0  top ν: [ 0.819 +0.j  0.3184+0.j  0.1523+0.j  0.087 +0.j -0.0625+0.j  0.0553+0.j]  (18s)
μ=1.050: N(ν>1)=0  complex |ν|>1: 0  top ν: [ 0.9034+0.j  0.3321+0.j  0.1573+0.j  0.0893+0.j -0.0639+0.j  0.0565+0.j]  (22s)
μ=1.000: N(ν>1)=0  complex |ν|>1: 0  top ν: [ 1.    +0.j  0.3467+0.j  0.1625+0.j  0.0916+0.j -0.0653+0.j  0.0578+0.j]  (27s)
μ=0.950: N(ν>1)=1  complex |ν|>1: 0  top ν: [ 1.1113+0.j  0.3624+0.j  0.168 +0.j  0.094 +0.j -0.0667+0.j  0.059 +0.j]  (24s)
μ=0.900: N(ν>1)=1  complex |ν|>1: 0  top ν: [ 1.2403+0.j  0.3791+0.j  0.1737+0.j  0.0965+0.j -0.0682+0.j  0.0604+0.j]  (16s)
μ=0.850: N(ν>1)=1  complex |ν|>1: 0  top ν: [ 1.3909+0.j  0.397 +0.j  0.1796+0.j  0.0991+0.j -0.0696+0.j  0.0617+0.j]  (36s)
μ=0.800: N(ν>1)=1  complex |ν|>1: 0  top ν: [ 1.5681+0.j  0.4161+0.j  0.1859+0.j  0.1018+0.j -0.0711+0.j  0.0631+0.j]  (19s)
μ=0.750: N(ν>1)=1  complex |ν|>1: 0  top ν: [ 1.7781+0.j  0.4366+0.j  0.1924+0.j  0.1046+0.j -0.0726+0.j  0.0646+0.j]  (27s)
μ=0.700: N(ν>1)=1  complex |ν|>1: 0  top ν: [ 2.0296+0.j  0.4586+0.j  0.1992+0.j  0.1075+0.j -0.0742+0.j  0.0661+0.j]  (26s)
μ=0.650: N(ν>1)=1  complex |ν|>1: 0  top ν: [ 2.3337+0.j  0.4821+0.j  0.2064+0.j  0.1105+0.j -0.0757+0.j  0.0677+0.j]  (51s)
μ=0.600: N(ν>1)=1  complex |ν|>1: 0  top ν: [ 2.7061+0.j  0.5074+0.j  0.2139+0.j  0.1137+0.j -0.0773+0.j  0.0693+0.j]  (23s)
μ=0.550: N(ν>1)=1  complex |ν|>1: 0  top ν: [ 3.1681+0.j  0.5345+0.j  0.2218+0.j  0.1169+0.j -0.0789+0.j  0.0709+0.j]  (42s)
μ=0.500: N(ν>1)=1  complex |ν|>1: 0  top ν: [ 3.7507+0.j  0.5636+0.j  0.23  +0.j  0.1203+0.j -0.0805+0.j  0.0727+0.j]  (32s)
μ=0.450: N(ν>1)=1  complex |ν|>1: 0  top ν: [ 4.4993+0.j  0.5948+0.j  0.2387+0.j  0.1239+0.j -0.0821+0.j  0.0745+0.j]  (56s)
μ=0.400: N(ν>1)=1  complex |ν|>1: 0  top ν: [ 5.4833+0.j  0.6284+0.j  0.2479+0.j  0.1275+0.j -0.0837+0.j  0.0763+0.j]  (28s)
μ=0.350: N(ν>1)=1  complex |ν|>1: 0  top ν: [ 6.8136+0.j  0.6644+0.j  0.2575+0.j  0.1314+0.j -0.0853+0.j  0.0783+0.j]  (22s)
μ=0.300: N(ν>1)=1  complex |ν|>1: 0  top ν: [ 8.6781+0.j  0.703 +0.j  0.2676+0.j  0.1354+0.j -0.087 +0.j  0.0805+0.j]  (17s)
μ=0.250: N(ν>1)=1  complex |ν|>1: 0  top ν: [11.4185+0.j  0.7445+0.j  0.2783+0.j  0.1395+0.j -0.0887+0.j  0.0837+0.j]  (17s)
μ=0.200: N(ν>1)=1  complex |ν|>1: 0  top ν: [15.7239+0.j  0.7888+0.j  0.2895+0.j  0.1434+0.j  0.0908+0.j -0.0903+0.j]  (14s)
μ=0.190: N(ν>1)=1  complex |ν|>1: 0  top ν: [16.8844+0.j  0.798 +0.j  0.2919+0.j  0.144 +0.j  0.0931+0.j -0.0907+0.j]  (16s)
μ=0.180: N(ν>1)=1  complex |ν|>1: 0  top ν: [18.1838+0.j  0.8073+0.j  0.2942+0.j  0.1445+0.j  0.0957+0.j -0.091 +0.j]  (15s)
μ=0.170: N(ν>1)=1  complex |ν|>1: 0  top ν: [19.6464+0.j  0.8167+0.j  0.2966+0.j  0.1449+0.j  0.0988+0.j -0.0913+0.j]  (11s)
μ=0.160: N(ν>1)=1  complex |ν|>1: 0  top ν: [21.3024+0.j  0.8261+0.j  0.2991+0.j  0.1449+0.j  0.1024+0.j -0.0917+0.j]  (13s)
μ=0.150: N(ν>1)=1  complex |ν|>1: 0  top ν: [23.189 +0.j  0.8355+0.j  0.3016+0.j  0.1445+0.j  0.1068+0.j -0.092 +0.j]  (10s)
μ=0.140: N(ν>1)=1  complex |ν|>1: 0  top ν: [25.3535+0.j  0.8449+0.j  0.3041+0.j  0.1432+0.j  0.1122+0.j -0.0923+0.j]  (11s)
μ=0.130: N(ν>1)=1  complex |ν|>1: 0  top ν: [27.8553+0.j  0.8542+0.j  0.3068+0.j  0.1401+0.j  0.1199+0.j -0.0927+0.j]  (10s)
μ=0.120: N(ν>1)=1  complex |ν|>1: 0  top ν: [30.7709+0.j      0.8633+0.j      0.3095+0.j      0.1323+0.0079j  0.1323-0.0079j -0.093 +0.j    ]  (10s)
μ=0.110: N(ν>1)=1  complex |ν|>1: 0  top ν: [34.199 +0.j      0.8722+0.j      0.3124+0.j      0.1347+0.0161j  0.1347-0.0161j -0.0933+0.j    ]  (11s)
μ=0.100: N(ν>1)=1  complex |ν|>1: 0  top ν: [38.2684+0.j      0.8806+0.j      0.3154+0.j      0.1372+0.0223j  0.1372-0.0223j -0.0937+0.j    ]  (9s)
μ=0.090: N(ν>1)=1  complex |ν|>1: 0  top ν: [43.149 +0.j      0.8884+0.j      0.3187+0.j      0.1397+0.0279j  0.1397-0.0279j -0.094 +0.j    ]  (10s)
μ=0.080: N(ν>1)=1  complex |ν|>1: 0  top ν: [49.0666+0.j      0.8954+0.j      0.3222+0.j      0.1422+0.0334j  0.1422-0.0334j -0.0944+0.j    ]  (10s)
μ=0.070: N(ν>1)=1  complex |ν|>1: 0  top ν: [56.3247+0.j      0.9012+0.j      0.3262+0.j      0.1446+0.0389j  0.1446-0.0389j -0.0947+0.j    ]  (12s)
μ=0.060: N(ν>1)=1  complex |ν|>1: 0  top ν: [65.3342+0.j      0.9055+0.j      0.3306+0.j      0.1469+0.0445j  0.1469-0.0445j -0.095 +0.j    ]  (9s)
μ=0.050: N(ν>1)=1  complex |ν|>1: 0  top ν: [76.6571+0.j      0.908 +0.j      0.3356+0.j      0.149 +0.0502j  0.149 -0.0502j -0.0954+0.j    ]  (11s)
μ=0.040: N(ν>1)=1  complex |ν|>1: 0  top ν: [91.0683+0.j      0.9081+0.j      0.3413+0.j      0.1509+0.0561j  0.1509-0.0561j -0.0957+0.j    ]  (9s)
μ=0.030: N(ν>1)=1  complex |ν|>1: 0  top ν: [ 1.0964e+02+0.j      9.0544e-01+0.j      3.4788e-01+0.j      1.5254e-01+0.0621j  1.5254e-01-0.0621j -9.6032e-02+0.j    ]  (9s)
μ=0.020: N(ν>1)=1  complex |ν|>1: 0  top ν: [ 1.3390e+02+0.j      8.9962e-01+0.j      3.5546e-01+0.j      1.5381e-01+0.0682j  1.5381e-01-0.0682j -9.6368e-02+0.j    ]  (10s)
μ=0.010: N(ν>1)=1  complex |ν|>1: 0  top ν: [ 1.6595e+02+0.j      8.9019e-01+0.j      3.6420e-01+0.j      1.5473e-01+0.0743j  1.5473e-01-0.0743j -9.6703e-02+0.j    ]  (11s)
