# stability scan l6: λ=1.1015816513 m=2.0000000000 hs=0.0125 Nb=32
μ=1.300: N(ν>1)=0  complex |ν|>1: 0  top ν: [ 0.6216+0.1102j  0.6216-0.1102j -0.5535+0.j      0.3187+0.0922j  0.3187-0.0922j  0.2375+0.0404j]  (59s)
μ=1.250: N(ν>1)=0  complex |ν|>1: 0  top ν: [ 0.6584+0.1074j  0.6584-0.1074j -0.5755+0.j      0.3366+0.0963j  0.3366-0.0963j  0.2487+0.0411j]  (50s)
μ=1.200: N(ν>1)=0  complex |ν|>1: 0  top ν: [ 0.6988+0.1014j  0.6988-0.1014j -0.5985+0.j      0.3562+0.1005j  0.3562-0.1005j  0.261 +0.0419j]  (52s)
μ=1.150: N(ν>1)=0  complex |ν|>1: 0  top ν: [ 0.7432+0.0903j  0.7432-0.0903j -0.6224+0.j      0.3777+0.1047j  0.3777-0.1047j  0.2746+0.0428j]  (68s)
μ=1.100: N(ν>1)=0  complex |ν|>1: 0  top ν: [ 0.7924+0.0687j  0.7924-0.0687j -0.6472+0.j      0.4012+0.1089j  0.4012-0.1089j  0.2896+0.0438j]  (81s)
μ=1.050: N(ν>1)=0  complex |ν|>1: 0  top ν: [ 0.87  +0.j      0.8242+0.j     -0.673 +0.j      0.427 +0.1129j  0.427 -0.1129j  0.3063+0.0447j]  (79s)
μ=1.000: N(ν>1)=1  complex |ν|>1: 0  top ν: [ 1.    +0.j      0.8167+0.j     -0.6996+0.j      0.4556+0.1167j  0.4556-0.1167j  0.3247+0.0456j]  (75s)
μ=0.950: N(ν>1)=1  complex |ν|>1: 0  top ν: [ 1.1191+0.j      0.8358+0.j     -0.727 +0.j      0.4872+0.12j    0.4872-0.12j    0.3453+0.0464j]  (77s)
μ=0.900: N(ν>1)=1  complex |ν|>1: 0  top ν: [ 1.2487+0.j      0.8631+0.j     -0.7551+0.j      0.5223+0.1226j  0.5223-0.1226j  0.3682+0.047j ]  (84s)
μ=0.850: N(ν>1)=1  complex |ν|>1: 0  top ν: [ 1.3955+0.j      0.8963+0.j     -0.7837+0.j      0.5615+0.124j   0.5615-0.124j   0.3937+0.0472j]  (79s)
μ=0.800: N(ν>1)=1  complex |ν|>1: 0  top ν: [ 1.565 +0.j      0.9353+0.j     -0.8125+0.j      0.6054+0.1236j  0.6054-0.1236j  0.4221+0.0469j]  (83s)
μ=0.750: N(ν>1)=1  complex |ν|>1: 0  top ν: [ 1.764 +0.j      0.9805+0.j     -0.8413+0.j      0.6548+0.1204j  0.6548-0.1204j  0.4537+0.0458j]  (66s)
μ=0.700: N(ν>1)=2  complex |ν|>1: 0  top ν: [ 2.001 +0.j      1.0333+0.j     -0.8697+0.j      0.7105+0.1124j  0.7105-0.1124j  0.4891+0.0435j]  (66s)
μ=0.650: N(ν>1)=2  complex |ν|>1: 0  top ν: [ 2.2875+0.j      1.0963+0.j     -0.8971+0.j      0.7735+0.0963j  0.7735-0.0963j  0.5285+0.0393j]  (60s)
μ=0.600: N(ν>1)=2  complex |ν|>1: 0  top ν: [ 2.6393+0.j      1.1736+0.j     -0.9231+0.j      0.8445+0.0627j  0.8445-0.0627j  0.5723+0.032j ]  (62s)
μ=0.550: N(ν>1)=2  complex |ν|>1: 0  top ν: [ 3.0783+0.j      1.2728+0.j      0.9844+0.j     -0.9469+0.j      0.8641+0.j      0.6206+0.0169j]  (57s)
μ=0.500: N(ν>1)=3  complex |ν|>1: 0  top ν: [ 3.6364+0.j  1.405 +0.j  1.1264+0.j -0.9678+0.j  0.8993+0.j  0.699 +0.j]  (61s)
μ=0.450: N(ν>1)=3  complex |ν|>1: 0  top ν: [ 4.3606+0.j  1.5833+0.j  1.2635+0.j -0.9849+0.j  0.961 +0.j  0.7721+0.j]  (60s)
μ=0.400: N(ν>1)=4  complex |ν|>1: 0  top ν: [ 5.3226+0.j  1.8199+0.j  1.4096+0.j  1.0454+0.j -0.9976+0.j  0.8457+0.j]  (54s)
μ=0.350: N(ν>1)=4  complex |ν|>1: 0  top ν: [ 6.636 +0.j  2.1297+0.j  1.5779+0.j  1.1537+0.j -1.0051+0.j  0.9244+0.j]  (56s)
μ=0.300: N(ν>1)=5  complex |ν|>1: 0  top ν: [ 8.4896+0.j  2.5379+0.j  1.7835+0.j  1.2885+0.j  1.0134+0.j -1.007 +0.j]  (61s)
μ=0.250: N(ν>1)=5  complex |ν|>1: 0  top ν: [11.2194+0.j  3.0879+0.j  2.0449+0.j  1.4543+0.j  1.1188+0.j -1.003 +0.j]  (57s)
μ=0.200: N(ν>1)=5  complex |ν|>1: 0  top ν: [15.4827+0.j  3.8568+0.j  2.3877+0.j  1.6591+0.j  1.2468+0.j -0.9932+0.j]  (51s)
μ=0.190: N(ν>1)=6  complex |ν|>1: 0  top ν: [16.6237+0.j  4.0478+0.j  2.4691+0.j  1.7058+0.j  1.2757+0.j  1.0067+0.j]  (46s)
μ=0.180: N(ν>1)=6  complex |ν|>1: 0  top ν: [17.8971+0.j  4.2546+0.j  2.5557+0.j  1.7547+0.j  1.3058+0.j  1.0252+0.j]  (54s)
μ=0.170: N(ν>1)=6  complex |ν|>1: 0  top ν: [19.3256+0.j  4.4793+0.j  2.6479+0.j  1.806 +0.j  1.3372+0.j  1.0445+0.j]  (46s)
μ=0.160: N(ν>1)=6  complex |ν|>1: 0  top ν: [20.9371+0.j  4.724 +0.j  2.7462+0.j  1.8599+0.j  1.3699+0.j  1.0649+0.j]  (45s)
μ=0.150: N(ν>1)=6  complex |ν|>1: 0  top ν: [22.767 +0.j  4.9914+0.j  2.8512+0.j  1.9164+0.j  1.4042+0.j  1.0861+0.j]  (49s)
μ=0.140: N(ν>1)=6  complex |ν|>1: 0  top ν: [24.8604+0.j  5.2848+0.j  2.9634+0.j  1.976 +0.j  1.4399+0.j  1.1085+0.j]  (48s)
μ=0.130: N(ν>1)=6  complex |ν|>1: 0  top ν: [27.2758+0.j  5.6078+0.j  3.0838+0.j  2.0386+0.j  1.4773+0.j  1.1319+0.j]  (42s)
μ=0.120: N(ν>1)=6  complex |ν|>1: 0  top ν: [30.0911+0.j  5.9651+0.j  3.2129+0.j  2.1047+0.j  1.5164+0.j  1.1564+0.j]  (41s)
μ=0.110: N(ν>1)=6  complex |ν|>1: 0  top ν: [33.4114+0.j  6.362 +0.j  3.3518+0.j  2.1744+0.j  1.5573+0.j  1.182 +0.j]  (57s)
μ=0.100: N(ν>1)=6  complex |ν|>1: 0  top ν: [37.3834+0.j  6.8054+0.j  3.5016+0.j  2.2482+0.j  1.6001+0.j  1.2089+0.j]  (59s)
μ=0.090: N(ν>1)=6  complex |ν|>1: 0  top ν: [42.218 +0.j  7.3034+0.j  3.6633+0.j  2.3262+0.j  1.645 +0.j  1.237 +0.j]  (57s)
μ=0.080: N(ν>1)=7  complex |ν|>1: 0  top ν: [48.2299+0.j  7.8663+0.j  3.8386+0.j  2.409 +0.j  1.6921+0.j  1.2664+0.j]  (53s)
μ=0.070: N(ν>1)=7  complex |ν|>1: 0  top ν: [55.9119+0.j  8.5072+0.j  4.0289+0.j  2.4969+0.j  1.7415+0.j  1.2972+0.j]  (57s)
μ=0.060: N(ν>1)=7  complex |ν|>1: 0  top ν: [66.0832+0.j  9.2426+0.j  4.2362+0.j  2.5903+0.j  1.7934+0.j  1.3294+0.j]  (59s)
μ=0.050: N(ν>1)=7  complex |ν|>1: 0  top ν: [80.2141+0.j 10.0938+0.j  4.4627+0.j  2.6899+0.j  1.8479+0.j  1.3632+0.j]  (50s)
μ=0.040: N(ν>1)=7  complex |ν|>1: 0  top ν: [101.2408+0.j  11.0893+0.j   4.711 +0.j   2.7961+0.j   1.9053+0.j   1.3984+0.j]  (54s)
μ=0.030: N(ν>1)=7  complex |ν|>1: 0  top ν: [136.0047+0.j  12.2665+0.j   4.9844+0.j   2.9096+0.j   1.966 +0.j   1.4335+0.j]  (52s)
μ=0.020: N(ν>1)=5  complex |ν|>1: 4  top ν: [204.9414+0.j      13.6722+0.j       5.2861+0.j       3.0289+0.j       2.0372+0.j       1.3649+0.0337j]  (51s)
μ=0.010: N(ν>1)=5  complex |ν|>1: 4  top ν: [402.5315+0.j     15.2547+0.j      5.6185+0.j      3.1031+0.j      2.2305+0.j      1.4954+0.351j]  (45s)
