# stability scan l1: λ=1.3990959939 m=1.9999999999 hs=0.025 Nb=32
μ=1.300: N(ν>1)=0  complex |ν|>1: 0  top ν: [ 0.5387+0.j  0.4591+0.j  0.2305+0.j -0.1711+0.j  0.1444+0.j  0.1225+0.j]  (17s)
μ=1.250: N(ν>1)=0  complex |ν|>1: 0  top ν: [ 0.6019+0.j  0.4627+0.j  0.2405+0.j -0.1756+0.j  0.1486+0.j  0.127 +0.j]  (18s)
μ=1.200: N(ν>1)=0  complex |ν|>1: 0  top ν: [ 0.6665+0.j  0.4723+0.j  0.2512+0.j -0.1802+0.j  0.1529+0.j  0.1317+0.j]  (17s)
μ=1.150: N(ν>1)=0  complex |ν|>1: 0  top ν: [ 0.7363+0.j  0.485 +0.j  0.2627+0.j -0.1849+0.j  0.1573+0.j  0.1368+0.j]  (17s)
μ=1.100: N(ν>1)=0  complex |ν|>1: 0  top ν: [ 0.8139+0.j  0.5   +0.j  0.275 +0.j -0.1896+0.j  0.1619+0.j  0.1422+0.j]  (17s)
μ=1.050: N(ν>1)=0  complex |ν|>1: 0  top ν: [ 0.901 +0.j  0.5168+0.j  0.2882+0.j -0.1944+0.j  0.1666+0.j  0.148 +0.j]  (18s)
μ=1.000: N(ν>1)=0  complex |ν|>1: 0  top ν: [ 1.    +0.j  0.5354+0.j  0.3025+0.j -0.1992+0.j  0.1714+0.j  0.1542+0.j]  (21s)
μ=0.950: N(ν>1)=1  complex |ν|>1: 0  top ν: [ 1.1134+0.j  0.5558+0.j  0.3179+0.j -0.2041+0.j  0.1764+0.j  0.161 +0.j]  (18s)
μ=0.900: N(ν>1)=1  complex |ν|>1: 0  top ν: [ 1.2445+0.j  0.578 +0.j  0.3345+0.j -0.2091+0.j  0.1813+0.j  0.1684+0.j]  (26s)
μ=0.850: N(ν>1)=1  complex |ν|>1: 0  top ν: [ 1.3972+0.j  0.6022+0.j  0.3526+0.j -0.214 +0.j  0.186 +0.j  0.1767+0.j]  (27s)
μ=0.800: N(ν>1)=1  complex |ν|>1: 0  top ν: [ 1.5766+0.j      0.6285+0.j      0.3723+0.j     -0.2189+0.j      0.1882-0.0005j  0.1882+0.0005j]  (36s)
μ=0.750: N(ν>1)=1  complex |ν|>1: 0  top ν: [ 1.7893+0.j      0.657 +0.j      0.3938+0.j     -0.2238+0.j      0.1955-0.0049j  0.1955+0.0049j]  (30s)
μ=0.700: N(ν>1)=1  complex |ν|>1: 0  top ν: [ 2.0439+0.j     0.6882+0.j     0.4173+0.j    -0.2287+0.j     0.2032-0.007j  0.2032+0.007j]  (29s)
μ=0.650: N(ν>1)=1  complex |ν|>1: 0  top ν: [ 2.352 +0.j      0.7223+0.j      0.4429+0.j     -0.2336+0.j      0.2113-0.0087j  0.2113+0.0087j]  (32s)
μ=0.600: N(ν>1)=1  complex |ν|>1: 0  top ν: [ 2.7291+0.j      0.7599+0.j      0.471 +0.j     -0.2383+0.j      0.22  -0.0099j  0.22  +0.0099j]  (39s)
μ=0.550: N(ν>1)=1  complex |ν|>1: 0  top ν: [ 3.1971+0.j      0.8017+0.j      0.5018+0.j     -0.243 +0.j      0.2292+0.0109j  0.2292-0.0109j]  (31s)
μ=0.500: N(ν>1)=1  complex |ν|>1: 0  top ν: [ 3.7867+0.j      0.8486+0.j      0.5355+0.j     -0.2475+0.j      0.239 +0.0114j  0.239 -0.0114j]  (19s)
μ=0.450: N(ν>1)=1  complex |ν|>1: 0  top ν: [ 4.543 +0.j      0.9019+0.j      0.5722+0.j     -0.2519+0.j      0.2495+0.0112j  0.2495-0.0112j]  (19s)
μ=0.400: N(ν>1)=1  complex |ν|>1: 0  top ν: [ 5.5343+0.j      0.9635+0.j      0.6121+0.j      0.2607+0.0101j  0.2607-0.0101j -0.2562+0.j    ]  (23s)
μ=0.350: N(ν>1)=2  complex |ν|>1: 0  top ν: [ 6.8683+0.j      1.0362+0.j      0.6549+0.j      0.2726+0.0065j  0.2726-0.0065j -0.2603+0.j    ]  (21s)
μ=0.300: N(ν>1)=2  complex |ν|>1: 0  top ν: [ 8.725 +0.j  1.1237+0.j  0.7005+0.j  0.2936+0.j  0.2773+0.j -0.2641+0.j]  (27s)
μ=0.250: N(ν>1)=2  complex |ν|>1: 0  top ν: [11.4277+0.j  1.2317+0.j  0.7483+0.j  0.3149+0.j  0.2835+0.j -0.2678+0.j]  (28s)
μ=0.200: N(ν>1)=2  complex |ν|>1: 0  top ν: [15.6198+0.j  1.3681+0.j  0.7977+0.j  0.3371+0.j  0.2911+0.j -0.2712+0.j]  (27s)
μ=0.190: N(ν>1)=2  complex |ν|>1: 0  top ν: [16.7407+0.j  1.3998+0.j  0.8078+0.j  0.3418+0.j  0.2927+0.j -0.2719+0.j]  (20s)
μ=0.180: N(ν>1)=2  complex |ν|>1: 0  top ν: [17.9925+0.j  1.4331+0.j  0.8178+0.j  0.3465+0.j  0.2943+0.j -0.2725+0.j]  (21s)
μ=0.170: N(ν>1)=2  complex |ν|>1: 0  top ν: [19.3979+0.j  1.4683+0.j  0.8279+0.j  0.3513+0.j  0.2959+0.j -0.2732+0.j]  (17s)
μ=0.160: N(ν>1)=2  complex |ν|>1: 0  top ν: [20.9857+0.j  1.5055+0.j  0.838 +0.j  0.3562+0.j  0.2976+0.j -0.2738+0.j]  (16s)
μ=0.150: N(ν>1)=2  complex |ν|>1: 0  top ν: [22.7923+0.j  1.5448+0.j  0.8481+0.j  0.3611+0.j  0.2993+0.j -0.2744+0.j]  (12s)
μ=0.140: N(ν>1)=2  complex |ν|>1: 0  top ν: [24.8641+0.j  1.5865+0.j  0.8583+0.j  0.3662+0.j  0.301 +0.j -0.275 +0.j]  (12s)
μ=0.130: N(ν>1)=2  complex |ν|>1: 0  top ν: [27.2621+0.j  1.6306+0.j  0.8684+0.j  0.3712+0.j  0.303 +0.j -0.2756+0.j]  (12s)
μ=0.120: N(ν>1)=2  complex |ν|>1: 0  top ν: [30.0671+0.j  1.6774+0.j  0.8786+0.j  0.3763+0.j  0.3053+0.j -0.2762+0.j]  (11s)
μ=0.110: N(ν>1)=2  complex |ν|>1: 0  top ν: [33.3895+0.j  1.7272+0.j  0.8888+0.j  0.3811+0.j  0.3086+0.j -0.2768+0.j]  (12s)
μ=0.100: N(ν>1)=2  complex |ν|>1: 0  top ν: [37.3829+0.j  1.7801+0.j  0.899 +0.j  0.3853+0.j  0.3137+0.j -0.2773+0.j]  (10s)
μ=0.090: N(ν>1)=2  complex |ν|>1: 0  top ν: [42.2684+0.j  1.8363+0.j  0.9094+0.j  0.3876+0.j  0.323 +0.j -0.2779+0.j]  (11s)
μ=0.080: N(ν>1)=2  complex |ν|>1: 0  top ν: [48.3744+0.j  1.896 +0.j  0.9199+0.j  0.3839+0.j  0.3421+0.j -0.2784+0.j]  (11s)
μ=0.070: N(ν>1)=2  complex |ν|>1: 0  top ν: [56.2076+0.j      1.9588+0.j      0.9311+0.j      0.3729+0.0278j  0.3729-0.0278j -0.279 +0.j    ]  (9s)
μ=0.060: N(ν>1)=2  complex |ν|>1: 0  top ν: [66.583 +0.j      2.0242+0.j      0.9434+0.j      0.3852+0.0537j  0.3852-0.0537j -0.2795+0.j    ]  (9s)
μ=0.050: N(ν>1)=2  complex |ν|>1: 0  top ν: [80.873 +0.j      2.09  +0.j      0.9582+0.j      0.3992+0.0796j  0.3992-0.0796j -0.28  +0.j    ]  (9s)
μ=0.040: N(ν>1)=2  complex |ν|>1: 0  top ν: [101.501 +0.j       2.1519+0.j       0.9778+0.j       0.4138+0.1083j   0.4138-0.1083j  -0.2805+0.j    ]  (11s)
μ=0.030: N(ν>1)=3  complex |ν|>1: 0  top ν: [132.9558+0.j       2.2017+0.j       1.0063+0.j       0.4273+0.1407j   0.4273-0.1407j  -0.281 +0.j    ]  (11s)
μ=0.020: N(ν>1)=3  complex |ν|>1: 0  top ν: [183.9479+0.j       2.226 +0.j       1.0492+0.j       0.4377+0.1765j   0.4377-0.1765j  -0.2814+0.j    ]  (9s)
μ=0.010: N(ν>1)=3  complex |ν|>1: 0  top ν: [272.1287+0.j      2.2058+0.j      1.1142+0.j      0.4434+0.214j   0.4434-0.214j  -0.2819+0.j   ]  (9s)
