# stability scan l7: λ=1.0883383658 m=2.0000000005 hs=0.0125 Nb=32
μ=1.300: N(ν>1)=0  complex |ν|>1: 0  top ν: [ 0.6331+0.1155j  0.6331-0.1155j -0.6033+0.j      0.334 +0.1055j  0.334 -0.1055j  0.2473+0.0563j]  (60s)
μ=1.250: N(ν>1)=0  complex |ν|>1: 0  top ν: [ 0.6704+0.1132j  0.6704-0.1132j -0.6282+0.j      0.3529+0.1102j  0.3529-0.1102j  0.2595+0.0584j]  (53s)
μ=1.200: N(ν>1)=0  complex |ν|>1: 0  top ν: [ 0.7111+0.1082j  0.7111-0.1082j -0.6542+0.j      0.3736+0.115j   0.3736-0.115j   0.273 +0.0606j]  (52s)
μ=1.150: N(ν>1)=0  complex |ν|>1: 0  top ν: [ 0.7559+0.0986j  0.7559-0.0986j -0.6815+0.j      0.3962+0.1198j  0.3962-0.1198j  0.2879+0.0629j]  (50s)
μ=1.100: N(ν>1)=0  complex |ν|>1: 0  top ν: [ 0.8054+0.0805j  0.8054-0.0805j -0.7099+0.j      0.421 +0.1247j  0.421 -0.1247j  0.3044+0.0653j]  (84s)
μ=1.050: N(ν>1)=0  complex |ν|>1: 0  top ν: [ 0.8603-0.0382j  0.8603+0.0382j -0.7394+0.j      0.4484+0.1295j  0.4484-0.1295j  0.3226+0.0676j]  (79s)
μ=1.000: N(ν>1)=1  complex |ν|>1: 0  top ν: [ 1.    +0.j      0.8434+0.j     -0.7701+0.j      0.4786+0.1341j  0.4786-0.1341j  0.3428+0.0698j]  (81s)
μ=0.950: N(ν>1)=1  complex |ν|>1: 0  top ν: [ 1.1229+0.j      0.8587+0.j     -0.8018+0.j      0.5121+0.1384j  0.5121-0.1384j  0.3653+0.0719j]  (83s)
μ=0.900: N(ν>1)=1  complex |ν|>1: 0  top ν: [ 1.254 +0.j      0.8842+0.j     -0.8344+0.j      0.5495+0.1419j  0.5495-0.1419j  0.3902+0.0738j]  (81s)
μ=0.850: N(ν>1)=1  complex |ν|>1: 0  top ν: [ 1.4012+0.j      0.9161+0.j     -0.8677+0.j      0.5914+0.1443j  0.5914-0.1443j  0.418 +0.0753j]  (79s)
μ=0.800: N(ν>1)=1  complex |ν|>1: 0  top ν: [ 1.5707+0.j      0.9535+0.j     -0.9015+0.j      0.6386+0.1448j  0.6386-0.1448j  0.449 +0.0762j]  (81s)
μ=0.750: N(ν>1)=1  complex |ν|>1: 0  top ν: [ 1.7692+0.j      0.9965+0.j     -0.9354+0.j      0.6921+0.1424j  0.6921-0.1424j  0.4837+0.0762j]  (67s)
μ=0.700: N(ν>1)=2  complex |ν|>1: 0  top ν: [ 2.0053+0.j      1.0459+0.j     -0.9688+0.j      0.7531+0.1348j  0.7531-0.1348j  0.5226+0.075j ]  (53s)
μ=0.650: N(ν>1)=2  complex |ν|>1: 0  top ν: [ 2.2906+0.j      1.1029+0.j     -1.0013+0.j      0.8234+0.1179j  0.8234-0.1179j  0.5663+0.0719j]  (54s)
μ=0.600: N(ν>1)=2  complex |ν|>1: 0  top ν: [ 2.6407+0.j      1.1701+0.j     -1.0321+0.j      0.9051+0.0797j  0.9051-0.0797j  0.6153+0.0659j]  (62s)
μ=0.550: N(ν>1)=3  complex |ν|>1: 0  top ν: [ 3.0779+0.j     1.2524+0.j     1.0762+0.j    -1.0603+0.j     0.9243+0.j     0.6699+0.055j]  (55s)
μ=0.500: N(ν>1)=3  complex |ν|>1: 0  top ν: [ 3.6343+0.j      1.3662+0.j      1.2566+0.j     -1.0848+0.j      0.9585+0.j      0.7301+0.0343j]  (51s)
μ=0.450: N(ν>1)=4  complex |ν|>1: 0  top ν: [ 4.3577+0.j  1.5526+0.j  1.4062+0.j -1.1048+0.j  1.0266+0.j  0.8286+0.j]  (55s)
μ=0.400: N(ν>1)=4  complex |ν|>1: 0  top ν: [ 5.321 +0.j  1.8154+0.j  1.5517+0.j  1.1244+0.j -1.1189+0.j  0.9261+0.j]  (65s)
μ=0.350: N(ν>1)=5  complex |ν|>1: 0  top ν: [ 6.64  +0.j  2.1546+0.j  1.7253+0.j  1.2532+0.j -1.1264+0.j  1.0242+0.j]  (62s)
μ=0.300: N(ν>1)=5  complex |ν|>1: 0  top ν: [ 8.5079+0.j  2.5967+0.j  1.9458+0.j  1.4148+0.j  1.1344+0.j -1.1265+0.j]  (68s)
μ=0.250: N(ν>1)=6  complex |ν|>1: 0  top ν: [11.2678+0.j  3.1915+0.j  2.235 +0.j  1.6142+0.j  1.2653+0.j -1.1189+0.j]  (53s)
μ=0.200: N(ν>1)=6  complex |ν|>1: 0  top ν: [15.5898+0.j  4.0277+0.j  2.6239+0.j  1.862 +0.j  1.4253+0.j  1.1354+0.j]  (49s)
μ=0.190: N(ν>1)=6  complex |ν|>1: 0  top ν: [16.7478+0.j  4.2366+0.j  2.7176+0.j  1.9188+0.j  1.4615+0.j  1.16  +0.j]  (42s)
μ=0.180: N(ν>1)=6  complex |ν|>1: 0  top ν: [18.0405+0.j  4.4635+0.j  2.8176+0.j  1.9785+0.j  1.4994+0.j  1.1857+0.j]  (54s)
μ=0.170: N(ν>1)=6  complex |ν|>1: 0  top ν: [19.4908+0.j  4.7107+0.j  2.9247+0.j  2.0412+0.j  1.539 +0.j  1.2125+0.j]  (47s)
μ=0.160: N(ν>1)=7  complex |ν|>1: 0  top ν: [21.127 +0.j  4.9808+0.j  3.0394+0.j  2.1073+0.j  1.5805+0.j  1.2404+0.j]  (44s)
μ=0.150: N(ν>1)=7  complex |ν|>1: 0  top ν: [22.9848+0.j  5.2771+0.j  3.1625+0.j  2.1769+0.j  1.6239+0.j  1.2695+0.j]  (51s)
μ=0.140: N(ν>1)=7  complex |ν|>1: 0  top ν: [25.1097+0.j  5.6034+0.j  3.2949+0.j  2.2504+0.j  1.6693+0.j  1.2999+0.j]  (45s)
μ=0.130: N(ν>1)=7  complex |ν|>1: 0  top ν: [27.5607+0.j  5.9645+0.j  3.4375+0.j  2.3281+0.j  1.717 +0.j  1.3315+0.j]  (49s)
μ=0.120: N(ν>1)=7  complex |ν|>1: 0  top ν: [30.4161+0.j  6.3658+0.j  3.5915+0.j  2.4103+0.j  1.767 +0.j  1.3646+0.j]  (30s)
μ=0.110: N(ν>1)=7  complex |ν|>1: 0  top ν: [33.7815+0.j  6.8142+0.j  3.7581+0.j  2.4975+0.j  1.8194+0.j  1.3991+0.j]  (49s)
μ=0.100: N(ν>1)=7  complex |ν|>1: 0  top ν: [37.8041+0.j  7.3182+0.j  3.9389+0.j  2.5902+0.j  1.8746+0.j  1.4352+0.j]  (63s)
μ=0.090: N(ν>1)=7  complex |ν|>1: 0  top ν: [42.6953+0.j  7.8884+0.j  4.1355+0.j  2.6887+0.j  1.9326+0.j  1.4729+0.j]  (60s)
μ=0.080: N(ν>1)=7  complex |ν|>1: 0  top ν: [48.77  +0.j  8.5382+0.j  4.3501+0.j  2.7938+0.j  1.9937+0.j  1.5123+0.j]  (67s)
μ=0.070: N(ν>1)=7  complex |ν|>1: 0  top ν: [56.5211+0.j  9.2848+0.j  4.5849+0.j  2.906 +0.j  2.0582+0.j  1.5535+0.j]  (58s)
μ=0.060: N(ν>1)=8  complex |ν|>1: 0  top ν: [66.7668+0.j 10.1505+0.j  4.8429+0.j  3.026 +0.j  2.1262+0.j  1.5966+0.j]  (71s)
μ=0.050: N(ν>1)=8  complex |ν|>1: 0  top ν: [80.9747+0.j 11.1647+0.j  5.1273+0.j  3.1548+0.j  2.198 +0.j  1.6418+0.j]  (54s)
μ=0.040: N(ν>1)=8  complex |ν|>1: 0  top ν: [102.0736+0.j  12.3674+0.j   5.4424+0.j   3.2932+0.j   2.2741+0.j   1.6892+0.j]  (61s)
μ=0.030: N(ν>1)=7  complex |ν|>1: 2  top ν: [136.8863+0.j  13.8133+0.j   5.793 +0.j   3.4423+0.j   2.3547+0.j   1.7387+0.j]  (54s)
μ=0.020: N(ν>1)=7  complex |ν|>1: 2  top ν: [205.8389+0.j  15.5775+0.j   6.185 +0.j   3.6023+0.j   2.4425+0.j   1.7762+0.j]  (45s)
μ=0.010: N(ν>1)=5  complex |ν|>1: 4  top ν: [406.6045+0.j      17.676 +0.j       6.6225+0.j       3.7391+0.j       2.6152+0.j       1.7729+0.3114j]  (43s)
