# stability scan l2: λ=1.2523485999 m=2.0000000003 hs=0.025 Nb=32
μ=1.300: N(ν>1)=0  complex |ν|>1: 0  top ν: [ 0.5428+0.0637j  0.5428-0.0637j -0.2751+0.j      0.2679+0.j      0.2049+0.j      0.1559+0.j    ]  (18s)
μ=1.250: N(ν>1)=0  complex |ν|>1: 0  top ν: [ 0.5773+0.0455j  0.5773-0.0455j -0.2834+0.j      0.2808+0.j      0.2139+0.j      0.162 +0.j    ]  (18s)
μ=1.200: N(ν>1)=0  complex |ν|>1: 0  top ν: [ 0.6455+0.j  0.5855+0.j  0.2947+0.j -0.292 +0.j  0.2237+0.j  0.1685+0.j]  (16s)
μ=1.150: N(ν>1)=0  complex |ν|>1: 0  top ν: [ 0.7303+0.j  0.5856+0.j  0.3098+0.j -0.3007+0.j  0.2343+0.j  0.1753+0.j]  (15s)
μ=1.100: N(ν>1)=0  complex |ν|>1: 0  top ν: [ 0.8123+0.j  0.5981+0.j  0.3261+0.j -0.3096+0.j  0.2458+0.j  0.1826+0.j]  (17s)
μ=1.050: N(ν>1)=0  complex |ν|>1: 0  top ν: [ 0.9011+0.j  0.6155+0.j  0.3438+0.j -0.3186+0.j  0.2583+0.j  0.1904+0.j]  (14s)
μ=1.000: N(ν>1)=0  complex |ν|>1: 0  top ν: [ 1.    +0.j  0.6363+0.j  0.3631+0.j -0.3278+0.j  0.2719+0.j  0.1986+0.j]  (17s)
μ=0.950: N(ν>1)=1  complex |ν|>1: 0  top ν: [ 1.1122+0.j  0.6602+0.j  0.3842+0.j -0.337 +0.j  0.2867+0.j  0.2075+0.j]  (14s)
μ=0.900: N(ν>1)=1  complex |ν|>1: 0  top ν: [ 1.241 +0.j  0.687 +0.j  0.4072+0.j -0.3464+0.j  0.3028+0.j  0.2169+0.j]  (16s)
μ=0.850: N(ν>1)=1  complex |ν|>1: 0  top ν: [ 1.3905+0.j  0.7171+0.j  0.4324+0.j -0.3557+0.j  0.3204+0.j  0.227 +0.j]  (18s)
μ=0.800: N(ν>1)=1  complex |ν|>1: 0  top ν: [ 1.5657+0.j  0.7507+0.j  0.46  +0.j -0.365 +0.j  0.3396+0.j  0.2379+0.j]  (17s)
μ=0.750: N(ν>1)=1  complex |ν|>1: 0  top ν: [ 1.773 +0.j  0.7886+0.j  0.4902+0.j -0.3742+0.j  0.3607+0.j  0.2496+0.j]  (16s)
μ=0.700: N(ν>1)=1  complex |ν|>1: 0  top ν: [ 2.021 +0.j  0.8316+0.j  0.5231+0.j  0.3837+0.j -0.3832+0.j  0.2621+0.j]  (13s)
μ=0.650: N(ν>1)=1  complex |ν|>1: 0  top ν: [ 2.3211+0.j  0.881 +0.j  0.5589+0.j  0.4091+0.j -0.3921+0.j  0.2758+0.j]  (14s)
μ=0.600: N(ν>1)=1  complex |ν|>1: 0  top ν: [ 2.6888+0.j  0.9384+0.j  0.5977+0.j  0.4369+0.j -0.4006+0.j  0.2905+0.j]  (17s)
μ=0.550: N(ν>1)=2  complex |ν|>1: 0  top ν: [ 3.1453+0.j  1.0061+0.j  0.6393+0.j  0.4677+0.j -0.4087+0.j  0.3065+0.j]  (13s)
μ=0.500: N(ν>1)=2  complex |ν|>1: 0  top ν: [ 3.7213+0.j  1.0874+0.j  0.6837+0.j  0.5016+0.j -0.4164+0.j  0.324 +0.j]  (14s)
μ=0.450: N(ν>1)=2  complex |ν|>1: 0  top ν: [ 4.4612+0.j  1.1862+0.j  0.7309+0.j  0.539 +0.j -0.4235+0.j  0.343 +0.j]  (15s)
μ=0.400: N(ν>1)=2  complex |ν|>1: 0  top ν: [ 5.4321+0.j  1.3082+0.j  0.7809+0.j  0.5804+0.j -0.43  +0.j  0.3638+0.j]  (13s)
μ=0.350: N(ν>1)=2  complex |ν|>1: 0  top ν: [ 6.7399+0.j  1.4606+0.j  0.8342+0.j  0.6258+0.j -0.4359+0.j  0.3867+0.j]  (29s)
μ=0.300: N(ν>1)=2  complex |ν|>1: 0  top ν: [ 8.5607+0.j  1.6539+0.j  0.8921+0.j  0.6754+0.j -0.441 +0.j  0.4118+0.j]  (21s)
μ=0.250: N(ν>1)=2  complex |ν|>1: 0  top ν: [11.2098+0.j  1.9029+0.j  0.957 +0.j  0.7287+0.j -0.4453+0.j  0.4395+0.j]  (25s)
μ=0.200: N(ν>1)=3  complex |ν|>1: 0  top ν: [15.3126+0.j  2.2303+0.j  1.0326+0.j  0.7845+0.j  0.4702+0.j -0.4487+0.j]  (21s)
μ=0.190: N(ν>1)=3  complex |ν|>1: 0  top ν: [16.4082+0.j  2.308 +0.j  1.0495+0.j  0.7959+0.j  0.4768+0.j -0.4493+0.j]  (19s)
μ=0.180: N(ν>1)=3  complex |ν|>1: 0  top ν: [17.6309+0.j  2.3906+0.j  1.0672+0.j  0.8072+0.j  0.4834+0.j -0.4499+0.j]  (23s)
μ=0.170: N(ν>1)=3  complex |ν|>1: 0  top ν: [19.0029+0.j  2.4785+0.j  1.0855+0.j  0.8185+0.j  0.4903+0.j -0.4504+0.j]  (18s)
μ=0.160: N(ν>1)=3  complex |ν|>1: 0  top ν: [20.5521+0.j  2.5721+0.j  1.1048+0.j  0.8299+0.j  0.4972+0.j -0.4509+0.j]  (32s)
μ=0.150: N(ν>1)=3  complex |ν|>1: 0  top ν: [22.3133+0.j  2.672 +0.j  1.1249+0.j  0.8411+0.j  0.5043+0.j -0.4514+0.j]  (17s)
μ=0.140: N(ν>1)=3  complex |ν|>1: 0  top ν: [24.3318+0.j  2.7788+0.j  1.146 +0.j  0.8524+0.j  0.5116+0.j -0.4518+0.j]  (29s)
μ=0.130: N(ν>1)=3  complex |ν|>1: 0  top ν: [26.6662+0.j  2.893 +0.j  1.1681+0.j  0.8636+0.j  0.519 +0.j -0.4522+0.j]  (17s)
μ=0.120: N(ν>1)=3  complex |ν|>1: 0  top ν: [29.3949+0.j  3.0155+0.j  1.1913+0.j  0.8747+0.j  0.5266+0.j -0.4526+0.j]  (21s)
μ=0.110: N(ν>1)=3  complex |ν|>1: 0  top ν: [32.6246+0.j  3.147 +0.j  1.2158+0.j  0.8857+0.j  0.5343+0.j -0.4529+0.j]  (15s)
μ=0.100: N(ν>1)=3  complex |ν|>1: 0  top ν: [36.5043+0.j  3.2884+0.j  1.2415+0.j  0.8966+0.j  0.5423+0.j -0.4533+0.j]  (17s)
μ=0.090: N(ν>1)=3  complex |ν|>1: 0  top ν: [41.2495+0.j  3.4409+0.j  1.2685+0.j  0.9074+0.j  0.5504+0.j -0.4535+0.j]  (13s)
μ=0.080: N(ν>1)=3  complex |ν|>1: 0  top ν: [47.1826+0.j  3.6056+0.j  1.2971+0.j  0.9181+0.j  0.5589+0.j -0.4538+0.j]  (14s)
μ=0.070: N(ν>1)=3  complex |ν|>1: 0  top ν: [54.81  +0.j  3.7838+0.j  1.3272+0.j  0.9285+0.j  0.568 +0.j -0.454 +0.j]  (13s)
μ=0.060: N(ν>1)=3  complex |ν|>1: 0  top ν: [64.9729+0.j  3.9768+0.j  1.3592+0.j  0.9384+0.j  0.5794+0.j -0.4542+0.j]  (9s)
μ=0.050: N(ν>1)=3  complex |ν|>1: 0  top ν: [79.1727+0.j  4.1856+0.j  1.3933+0.j  0.9463+0.j  0.5976+0.j -0.4543+0.j]  (9s)
μ=0.040: N(ν>1)=3  complex |ν|>1: 0  top ν: [100.3351+0.j   4.4091+0.j   1.431 +0.j   0.9471+0.j   0.6333+0.j  -0.4544+0.j]  (11s)
μ=0.030: N(ν>1)=3  complex |ν|>1: 0  top ν: [134.7909+0.j   4.6391+0.j   1.4759+0.j   0.9198+0.j   0.7108+0.j  -0.4545+0.j]  (10s)
μ=0.020: N(ν>1)=3  complex |ν|>1: 0  top ν: [197.9326+0.j       4.8478+0.j       1.5364+0.j       0.8427+0.1269j   0.8427-0.1269j   0.43  +0.2116j]  (9s)
μ=0.010: N(ν>1)=3  complex |ν|>1: 0  top ν: [331.8955+0.j       4.9692+0.j       1.6257+0.j       0.8631+0.2488j   0.8631-0.2488j   0.4301+0.2568j]  (9s)
