# stability scan l5: λ=1.1194737786 m=1.9999999995 hs=0.0125 Nb=32
μ=1.300: N(ν>1)=0  complex |ν|>1: 0  top ν: [ 0.608 +0.1038j  0.608 -0.1038j -0.4978+0.j      0.301 +0.0754j  0.301 -0.0754j  0.227 +0.0238j]  (24s)
μ=1.250: N(ν>1)=0  complex |ν|>1: 0  top ν: [ 0.6444+0.1j     0.6444-0.1j    -0.5167+0.j      0.3178+0.0788j  0.3178-0.0788j  0.2376+0.0226j]  (28s)
μ=1.200: N(ν>1)=0  complex |ν|>1: 0  top ν: [ 0.6843+0.0925j  0.6843-0.0925j -0.5364+0.j      0.336 +0.0822j  0.336 -0.0822j  0.2491+0.0214j]  (26s)
μ=1.150: N(ν>1)=0  complex |ν|>1: 0  top ν: [ 0.7284+0.0786j  0.7284-0.0786j -0.5568+0.j      0.356 +0.0856j  0.356 -0.0856j  0.2616+0.0201j]  (33s)
μ=1.100: N(ν>1)=0  complex |ν|>1: 0  top ν: [ 0.7773+0.0497j  0.7773-0.0497j -0.5779+0.j      0.378 +0.089j   0.378 -0.089j   0.2754+0.0187j]  (33s)
μ=1.050: N(ν>1)=0  complex |ν|>1: 0  top ν: [ 0.8878+0.j      0.7756+0.j     -0.5997+0.j      0.4021+0.0921j  0.4021-0.0921j  0.2906+0.0172j]  (34s)
μ=1.000: N(ν>1)=1  complex |ν|>1: 0  top ν: [ 1.    +0.j      0.7856+0.j     -0.6222+0.j      0.4286+0.095j   0.4286-0.095j   0.3073+0.0156j]  (34s)
μ=0.950: N(ν>1)=1  complex |ν|>1: 0  top ν: [ 1.1159+0.j      0.8077+0.j     -0.6452+0.j      0.458 +0.0973j  0.458 -0.0973j  0.3258+0.0135j]  (31s)
μ=0.900: N(ν>1)=1  complex |ν|>1: 0  top ν: [ 1.2444+0.j      0.8364+0.j     -0.6687+0.j      0.4905+0.099j   0.4905-0.099j   0.3463+0.0106j]  (36s)
μ=0.850: N(ν>1)=1  complex |ν|>1: 0  top ν: [ 1.3909+0.j      0.8705+0.j     -0.6924+0.j      0.5266+0.0995j  0.5266-0.0995j  0.3688+0.0051j]  (35s)
μ=0.800: N(ν>1)=1  complex |ν|>1: 0  top ν: [ 1.5608+0.j      0.9103+0.j     -0.7163+0.j      0.5668+0.0982j  0.5668-0.0982j  0.4033+0.j    ]  (31s)
μ=0.750: N(ν>1)=1  complex |ν|>1: 0  top ν: [ 1.7606+0.j      0.9567+0.j     -0.74  +0.j      0.6117+0.0943j  0.6117-0.0943j  0.4371+0.j    ]  (36s)
μ=0.700: N(ν>1)=2  complex |ν|>1: 0  top ν: [ 1.999 +0.j     1.0112+0.j    -0.7633+0.j     0.6618+0.086j  0.6618-0.086j  0.4734+0.j   ]  (34s)
μ=0.650: N(ν>1)=2  complex |ν|>1: 0  top ν: [ 2.2873+0.j      1.0766+0.j     -0.7859+0.j      0.7177+0.0703j  0.7177-0.0703j  0.5131+0.j    ]  (31s)
μ=0.600: N(ν>1)=2  complex |ν|>1: 0  top ν: [ 2.6412+0.j      1.157 +0.j     -0.8072+0.j      0.7799+0.0354j  0.7799-0.0354j  0.5567+0.j    ]  (33s)
μ=0.550: N(ν>1)=2  complex |ν|>1: 0  top ν: [ 3.0826+0.j  1.2584+0.j  0.9104+0.j -0.8268+0.j  0.7874+0.j  0.6042+0.j]  (38s)
μ=0.500: N(ν>1)=3  complex |ν|>1: 0  top ν: [ 3.643 +0.j  1.3888+0.j  1.0262+0.j -0.8441+0.j  0.8248+0.j  0.6555+0.j]  (38s)
μ=0.450: N(ν>1)=3  complex |ν|>1: 0  top ν: [ 4.3685+0.j  1.5578+0.j  1.1449+0.j  0.8786+0.j -0.8587+0.j  0.7099+0.j]  (43s)
μ=0.400: N(ν>1)=3  complex |ν|>1: 0  top ν: [ 5.3297+0.j  1.7769+0.j  1.2748+0.j  0.9477+0.j -0.87  +0.j  0.7669+0.j]  (26s)
μ=0.350: N(ν>1)=4  complex |ν|>1: 0  top ν: [ 6.6376+0.j  2.0611+0.j  1.4244+0.j  1.0342+0.j -0.8775+0.j  0.8269+0.j]  (27s)
μ=0.300: N(ν>1)=4  complex |ν|>1: 0  top ν: [ 8.4772+0.j  2.4337+0.j  1.6045+0.j  1.1408+0.j  0.8923+0.j -0.8809+0.j]  (40s)
μ=0.250: N(ν>1)=4  complex |ν|>1: 0  top ν: [11.1773+0.j  2.9326+0.j  1.8288+0.j  1.2715+0.j  0.9676+0.j -0.88  +0.j]  (34s)
μ=0.200: N(ν>1)=5  complex |ν|>1: 0  top ν: [15.3833+0.j  3.6227+0.j  2.1168+0.j  1.432 +0.j  1.0589+0.j -0.8749+0.j]  (23s)
μ=0.190: N(ν>1)=5  complex |ν|>1: 0  top ν: [16.5079+0.j  3.7928+0.j  2.1844+0.j  1.4684+0.j  1.0796+0.j  0.8847+0.j]  (24s)
μ=0.180: N(ν>1)=5  complex |ν|>1: 0  top ν: [17.7629+0.j  3.9763+0.j  2.2559+0.j  1.5064+0.j  1.1013+0.j  0.896 +0.j]  (25s)
μ=0.170: N(ν>1)=5  complex |ν|>1: 0  top ν: [19.1706+0.j  4.1748+0.j  2.3316+0.j  1.5461+0.j  1.1239+0.j  0.9074+0.j]  (24s)
μ=0.160: N(ν>1)=5  complex |ν|>1: 0  top ν: [20.7587+0.j  4.3901+0.j  2.412 +0.j  1.5877+0.j  1.1475+0.j  0.9188+0.j]  (24s)
μ=0.150: N(ν>1)=5  complex |ν|>1: 0  top ν: [22.5624+0.j  4.6244+0.j  2.4974+0.j  1.6312+0.j  1.1722+0.j  0.9305+0.j]  (24s)
μ=0.140: N(ν>1)=5  complex |ν|>1: 0  top ν: [24.6264+0.j  4.88  +0.j  2.5882+0.j  1.6769+0.j  1.1981+0.j  0.9424+0.j]  (24s)
μ=0.130: N(ν>1)=5  complex |ν|>1: 0  top ν: [27.009 +0.j  5.16  +0.j  2.685 +0.j  1.7247+0.j  1.2251+0.j  0.9547+0.j]  (24s)
μ=0.120: N(ν>1)=5  complex |ν|>1: 0  top ν: [29.7875+0.j  5.4677+0.j  2.7883+0.j  1.775 +0.j  1.2533+0.j  0.9674+0.j]  (25s)
μ=0.110: N(ν>1)=5  complex |ν|>1: 0  top ν: [33.0671+0.j  5.8073+0.j  2.8986+0.j  1.8277+0.j  1.2829+0.j  0.9807+0.j]  (24s)
μ=0.100: N(ν>1)=5  complex |ν|>1: 0  top ν: [36.994 +0.j  6.1838+0.j  3.0168+0.j  1.8833+0.j  1.3138+0.j  0.9948+0.j]  (23s)
μ=0.090: N(ν>1)=6  complex |ν|>1: 0  top ν: [41.7791+0.j  6.6031+0.j  3.1436+0.j  1.9417+0.j  1.3462+0.j  1.0098+0.j]  (26s)
μ=0.080: N(ν>1)=6  complex |ν|>1: 0  top ν: [47.7373+0.j  7.0727+0.j  3.2799+0.j  2.0034+0.j  1.3801+0.j  1.0259+0.j]  (21s)
μ=0.070: N(ν>1)=6  complex |ν|>1: 0  top ν: [55.3624+0.j  7.6017+0.j  3.4267+0.j  2.0684+0.j  1.4155+0.j  1.0432+0.j]  (24s)
μ=0.060: N(ν>1)=6  complex |ν|>1: 0  top ν: [65.4754+0.j  8.2015+0.j  3.5852+0.j  2.1371+0.j  1.4527+0.j  1.0618+0.j]  (27s)
μ=0.050: N(ν>1)=6  complex |ν|>1: 0  top ν: [79.5517+0.j  8.8866+0.j  3.7567+0.j  2.2099+0.j  1.4916+0.j  1.0818+0.j]  (37s)
μ=0.040: N(ν>1)=6  complex |ν|>1: 0  top ν: [100.538 +0.j   9.6755+0.j   3.9428+0.j   2.2869+0.j   1.5325+0.j   1.1021+0.j]  (42s)
μ=0.030: N(ν>1)=7  complex |ν|>1: 0  top ν: [135.299 +0.j  10.5915+0.j   4.1453+0.j   2.3683+0.j   1.577 +0.j   1.0889+0.j]  (41s)
μ=0.020: N(ν>1)=5  complex |ν|>1: 2  top ν: [204.1878+0.j      11.656 +0.j       4.366 +0.j       2.4487+0.j       1.6459+0.j       1.1431+0.1739j]  (41s)
μ=0.010: N(ν>1)=5  complex |ν|>1: 2  top ν: [396.0327+0.j      12.7648+0.j       4.6075+0.j       2.4508+0.j       1.8832+0.j       1.2231+0.3713j]  (19s)
