# contour count l2: λ=1.2523487 m=1.9999992069 hs=0.025; R=[0.06,1.5]x[-1.5,1.5], k=12
μ=1.5000+0.0000i  f=1.5578e-01+3.2280e-06j  |ν_k|=0.068  ν(|ν|>0.5): []  (36s)
μ=1.5000+0.1000i  f=1.5578e-01+3.5017e-02j  |ν_k|=0.067  ν(|ν|>0.5): []  (44s)
μ=1.5000+0.2000i  f=1.5587e-01+7.0603e-02j  |ν_k|=0.067  ν(|ν|>0.5): []  (43s)
μ=1.5000+0.3000i  f=1.5634e-01+1.0728e-01j  |ν_k|=0.066  ν(|ν|>0.5): []  (45s)
μ=1.5000+0.4000i  f=1.5763e-01+1.4547e-01j  |ν_k|=0.065  ν(|ν|>0.5): []  (44s)
μ=1.5000+0.5000i  f=1.6033e-01+1.8545e-01j  |ν_k|=0.065  ν(|ν|>0.5): []  (43s)
μ=1.5000+0.6000i  f=1.6514e-01+2.2732e-01j  |ν_k|=0.064  ν(|ν|>0.5): []  (42s)
μ=1.5000+0.7000i  f=1.7277e-01+2.7095e-01j  |ν_k|=0.063  ν(|ν|>0.5): []  (42s)
μ=1.5000+0.8000i  f=1.8395e-01+3.1599e-01j  |ν_k|=0.062  ν(|ν|>0.5): []  (46s)
μ=1.5000+0.9000i  f=1.9926e-01+3.6196e-01j  |ν_k|=0.061  ν(|ν|>0.5): []  (46s)
μ=1.5000+1.0000i  f=2.1925e-01+4.0805e-01j  |ν_k|=0.060  ν(|ν|>0.5): []  (46s)
μ=1.5000+1.1000i  f=2.4402e-01+4.5351e-01j  |ν_k|=0.059  ν(|ν|>0.5): []  (69s)
μ=1.5000+1.2000i  f=2.7375e-01+4.9729e-01j  |ν_k|=0.058  ν(|ν|>0.5): []  (50s)
μ=1.5000+1.3000i  f=3.0831e-01+5.3868e-01j  |ν_k|=0.057  ν(|ν|>0.5): []  (63s)
μ=1.5000+1.4000i  f=3.5113e-01+5.6554e-01j  |ν_k|=0.057  ν(|ν|>0.5): []  (87s)
μ=1.5000+1.5000i  f=3.9212e-01+5.9805e-01j  |ν_k|=0.057  ν(|ν|>0.5): []  (112s)
edge (1.5+0j) → (1.5+1.5j): accumulated Δarg/π = 0.3153
μ=1.4040+1.5000i  f=3.6179e-01+6.4091e-01j  |ν_k|=0.060  ν(|ν|>0.5): []  (73s)
μ=1.3080+1.5000i  f=3.2096e-01+6.8915e-01j  |ν_k|=0.070  ν(|ν|>0.5): []  (29s)
μ=1.2120+1.5000i  f=2.8165e-01+7.4211e-01j  |ν_k|=0.075  ν(|ν|>0.5): []  (29s)
μ=1.1160+1.5000i  f=2.3595e-01+7.9809e-01j  |ν_k|=0.081  ν(|ν|>0.5): []  (42s)
μ=1.0200+1.5000i  f=1.9521e-01+8.6029e-01j  |ν_k|=0.086  ν(|ν|>0.5): []  (30s)
μ=0.9240+1.5000i  f=1.4589e-01+9.4225e-01j  |ν_k|=0.087  ν(|ν|>0.5): []  (66s)
μ=0.8280+1.5000i  f=5.0198e-02+1.0710e+00j  |ν_k|=0.095  ν(|ν|>0.5): []  (38s)
μ=0.7320+1.5000i  f=-1.4850e-02+1.1594e+00j  |ν_k|=0.100  ν(|ν|>0.5): [0.1544-0.4782j]  (25s)
μ=0.6360+1.5000i  f=-9.9088e-02+1.3018e+00j  |ν_k|=0.105  ν(|ν|>0.5): [0.1378-0.5228j]  (32s)
μ=0.5400+1.5000i  f=-4.0395e-01+1.0156e+00j  |ν_k|=0.146  ν(|ν|>0.5): [0.1149-0.573j]  (23s)
μ=0.4440+1.5000i  f=-1.2851e-01+1.4307e+00j  |ν_k|=0.126  ν(|ν|>0.5): [ 0.0838-0.63j   -0.3437-0.3741j]  (57s)
μ=0.3480+1.5000i  f=-6.6681e-01+1.1389e+00j  |ν_k|=0.167  ν(|ν|>0.5): [ 0.0416-0.6951j -0.1434+0.5223j -0.373 -0.3573j]  (23s)
μ=0.2520+1.5000i  f=-1.0366e+00+1.3962e+00j  |ν_k|=0.183  ν(|ν|>0.5): [-0.0157-0.77j   -0.1165+0.5799j -0.3965-0.3376j]  (23s)
μ=0.1560+1.5000i  f=-9.6014e-01+1.0307e+00j  |ν_k|=0.227  ν(|ν|>0.5): [-0.0934-0.8564j -0.0752+0.6399j -0.4138-0.3164j]  (18s)
μ=0.0600+1.5000i  f=-8.5706e-01+6.3827e-01j  |ν_k|=0.222  ν(|ν|>0.5): [-0.1918-1.0196j  0.3914-0.7006j -0.0169+0.6979j -0.3097-0.5814j  0.5455-0.257j  -0.4296-0.2872j]  (22s)
edge (1.5+1.5j) → (0.06+1.5j): accumulated Δarg/π = 0.7962
μ=0.0600+1.4000i  f=-1.2065e+00+5.7955e-01j  |ν_k|=0.204  ν(|ν|>0.5): [ 0.029 -1.j     -0.1035-0.8824j -0.0853+0.7725j  0.5443-0.4625j -0.4487-0.31j    0.4941-0.0991j]  (17s)
μ=0.0600+1.3000i  f=-1.0732e+00+4.8533e-01j  |ν_k|=0.222  ν(|ν|>0.5): [ 0.0548-1.1873j -0.1838+0.8563j  0.3999-0.7378j -0.2813-0.5503j  0.5609-0.2408j -0.4808-0.3069j]  (17s)
μ=0.0600+1.2000i  f=-9.9091e-01+4.0571e-01j  |ν_k|=0.194  ν(|ν|>0.5): [ 0.3398-1.2343j -0.3297+0.9463j -0.106 -0.7495j  0.5643-0.4704j -0.5168-0.3136j  0.5028-0.0873j]  (21s)
μ=0.0600+1.1000i  f=-1.2871e+00+1.5083e-01j  |ν_k|=0.209  ν(|ν|>0.5): [ 0.5052-1.1349j -0.5529+1.0319j  0.2897-0.8078j -0.5529-0.2953j  0.5694-0.2355j -0.2796-0.5073j]  (17s)
μ=0.0600+1.0000i  f=-1.2980e+00-4.2043e-01j  |ν_k|=0.222  ν(|ν|>0.5): [-0.9054+1.0835j  0.7009-1.1413j  0.56  -0.489j  -0.1277-0.6891j -0.5939-0.2506j  0.5037-0.0776j -0.3225-0.3923j]  (18s)
μ=0.0600+0.9000i  f=-1.0893e+00-4.9364e-01j  |ν_k|=0.223  ν(|ν|>0.5): [-1.4759+1.0389j  0.8931-0.9692j  0.1649-0.7674j -0.3341-0.5473j -0.618 -0.1669j  0.574 -0.2302j  0.1911-0.468j ]  (17s)
μ=0.0600+0.8000i  f=-9.1852e-01-5.9296e-01j  |ν_k|=0.195  ν(|ν|>0.5): [-2.3648+0.8086j  0.9376-0.8288j -0.2798-0.7035j  0.5065-0.5406j -0.5976-0.082j   0.224 -0.516j   0.5055-0.0719j -0.1108-0.4877j]  (17s)
μ=0.0600+0.7000i  f=-5.8674e-01-1.0487e+00j  |ν_k|=0.223  ν(|ν|>0.5): [-3.5701+0.2101j  1.0349-0.6996j -0.2529-0.826j   0.0997-0.704j   0.5663-0.2386j  0.2761-0.511j  -0.5574-0.0346j]  (18s)
μ=0.0600+0.6000i  f=1.1311e-01-1.1957e+00j  |ν_k|=0.206  ν(|ν|>0.5): [-4.9591-1.0886j  1.0331-0.5395j -0.2151-1.0658j  0.3392-0.7019j  0.4257-0.4751j -0.5236-0.0127j  0.5023-0.0703j]  (21s)
μ=0.0600+0.5000i  f=4.0878e-01-9.1940e-01j  |ν_k|=0.223  ν(|ν|>0.5): [-6.1895-3.4543j -0.0645-1.379j   1.0275-0.4634j  0.4393-0.6837j  0.5485-0.2581j]  (18s)
μ=0.0600+0.4000i  f=6.5491e-01-5.7667e-01j  |ν_k|=0.196  ν(|ν|>0.5): [-6.6543-7.1454j  0.2345-1.7431j  1.0265-0.3533j  0.5999-0.7021j  0.4274-0.3739j  0.4947-0.0786j]  (18s)
μ=0.0600+0.3000i  f=7.3805e-01+7.1257e-02j  |ν_k|=0.211  ν(|ν|>0.5): [-5.5325-12.3023j  0.8008 -2.1447j  0.8182 -0.6502j  0.9897 -0.2815j  0.5422 -0.2423j]  (21s)
μ=0.0600+0.3500i  f=8.2456e-01-1.4020e-01j  |ν_k|=0.200  ν(|ν|>0.5): [-6.3509-9.5294j  0.4706-1.9452j  1.0061-0.3105j  0.706 -0.6862j  0.5007-0.3192j]  (21s)
μ=0.0600+0.2000i  f=4.2112e-01+4.1957e-01j  |ν_k|=0.196  ν(|ν|>0.5): [-1.5181-19.542j   1.8437 -2.3446j  1.0598 -0.5244j  0.9719 -0.2059j  0.5033 -0.1407j]  (17s)
μ=0.0600+0.1000i  f=-1.6737e-01+4.2762e-01j  |ν_k|=0.194  ν(|ν|>0.5): [12.4444-31.6296j  3.2354 -1.73j    1.2737 -0.3074j  0.9455 -0.1022j  0.5667 -0.0953j]  (21s)
μ=0.0600+0.1500i  f=5.0708e-02+5.2992e-01j  |ν_k|=0.186  ν(|ν|>0.5): [2.9715-24.7635j 2.5371 -2.1825j 1.1772 -0.4294j 0.9574 -0.1541j 0.5408 -0.1382j]  (21s)
μ=0.0600+0.0000i  f=-4.1120e-01-3.2141e-06j  |ν_k|=0.204  ν(|ν|>0.5): [64.9729+1.6455e-15j  3.9768-4.4050e-15j  1.3591-1.2997e-14j  0.9384+1.8699e-14j  0.5794-7.2848e-13j]  (17s)
μ=0.0600+0.0500i  f=-3.3663e-01+2.5291e-01j  |ν_k|=0.200  ν(|ν|>0.5): [35.8273-35.0736j  3.7726 -0.9684j  1.337  -0.1608j  0.9397 -0.0515j  0.5774 -0.0465j]  (17s)
edge (0.06+1.5j) → (0.06+0j): accumulated Δarg/π = 3.0000
RESULT l2: zeros of det(I−T_μ) in R = 3.000   (max |ν_k| on ∂R = 0.227; 49 evaluations)
