# stability scan l3: λ=1.1842532831 m=1.9999999999 hs=0.025 Nb=32
μ=1.300: N(ν>1)=0  complex |ν|>1: 0  top ν: [ 0.5709+0.0836j  0.5709-0.0836j -0.3615+0.j      0.2608+0.0174j  0.2608-0.0174j  0.2001+0.j    ]  (16s)
μ=1.250: N(ν>1)=0  complex |ν|>1: 0  top ν: [ 0.6062+0.075j   0.6062-0.075j  -0.3736+0.j      0.2741+0.0182j  0.2741-0.0182j  0.2103+0.j    ]  (16s)
μ=1.200: N(ν>1)=0  complex |ν|>1: 0  top ν: [ 0.6451+0.0587j  0.6451-0.0587j -0.386 +0.j      0.2887+0.019j   0.2887-0.019j   0.2209+0.j    ]  (14s)
μ=1.150: N(ν>1)=0  complex |ν|>1: 0  top ν: [ 0.6882+0.0112j  0.6882-0.0112j -0.3988+0.j      0.3046+0.0198j  0.3046-0.0198j  0.2319+0.j    ]  (14s)
μ=1.100: N(ν>1)=0  complex |ν|>1: 0  top ν: [ 0.8055+0.j      0.6669+0.j     -0.4119+0.j      0.322 +0.0203j  0.322 -0.0203j  0.2436+0.j    ]  (12s)
μ=1.050: N(ν>1)=0  complex |ν|>1: 0  top ν: [ 0.8994+0.j      0.6804+0.j     -0.4253+0.j      0.3411+0.0204j  0.3411-0.0204j  0.2559+0.j    ]  (14s)
μ=1.000: N(ν>1)=1  complex |ν|>1: 0  top ν: [ 1.    +0.j    0.7007+0.j   -0.439 +0.j    0.362 +0.02j  0.362 -0.02j  0.2691+0.j  ]  (16s)
μ=0.950: N(ν>1)=1  complex |ν|>1: 0  top ν: [ 1.1123+0.j      0.7256+0.j     -0.4528+0.j      0.3849+0.0185j  0.3849-0.0185j  0.2832+0.j    ]  (16s)
μ=0.900: N(ν>1)=1  complex |ν|>1: 0  top ν: [ 1.24  +0.j      0.7546+0.j     -0.4668+0.j      0.4102+0.0152j  0.4102-0.0152j  0.2984+0.j    ]  (16s)
μ=0.850: N(ν>1)=1  complex |ν|>1: 0  top ν: [ 1.3875+0.j      0.7878+0.j     -0.4809+0.j      0.4379+0.0062j  0.4379-0.0062j  0.3148+0.j    ]  (17s)
μ=0.800: N(ν>1)=1  complex |ν|>1: 0  top ν: [ 1.5598+0.j  0.8258+0.j -0.4949+0.j  0.4847+0.j  0.4522+0.j  0.3327+0.j]  (22s)
μ=0.750: N(ν>1)=1  complex |ν|>1: 0  top ν: [ 1.7634+0.j  0.8693+0.j  0.5288+0.j -0.5088+0.j  0.4752+0.j  0.3522+0.j]  (19s)
μ=0.700: N(ν>1)=1  complex |ν|>1: 0  top ν: [ 2.0069+0.j  0.9198+0.j  0.5758+0.j -0.5224+0.j  0.502 +0.j  0.3735+0.j]  (14s)
μ=0.650: N(ν>1)=1  complex |ν|>1: 0  top ν: [ 2.3014+0.j  0.9792+0.j  0.6266+0.j -0.5355+0.j  0.5318+0.j  0.3969+0.j]  (16s)
μ=0.600: N(ν>1)=2  complex |ν|>1: 0  top ν: [ 2.6626+0.j  1.0502+0.j  0.6818+0.j  0.5647+0.j -0.5481+0.j  0.4228+0.j]  (15s)
μ=0.550: N(ν>1)=2  complex |ν|>1: 0  top ν: [ 3.112 +0.j  1.1363+0.j  0.7417+0.j  0.6007+0.j -0.5598+0.j  0.4515+0.j]  (14s)
μ=0.500: N(ν>1)=2  complex |ν|>1: 0  top ν: [ 3.6802+0.j  1.2425+0.j  0.8067+0.j  0.6398+0.j -0.5706+0.j  0.4834+0.j]  (13s)
μ=0.450: N(ν>1)=2  complex |ν|>1: 0  top ν: [ 4.412 +0.j  1.3747+0.j  0.8779+0.j  0.6819+0.j -0.5803+0.j  0.5189+0.j]  (12s)
μ=0.400: N(ν>1)=2  complex |ν|>1: 0  top ν: [ 5.3754+0.j  1.5411+0.j  0.9572+0.j  0.7268+0.j -0.5886+0.j  0.5586+0.j]  (14s)
μ=0.350: N(ν>1)=3  complex |ν|>1: 0  top ν: [ 6.6773+0.j  1.7526+0.j  1.0475+0.j  0.7744+0.j  0.6032+0.j -0.5954+0.j]  (16s)
μ=0.300: N(ν>1)=3  complex |ν|>1: 0  top ν: [ 8.4955+0.j  2.0246+0.j  1.153 +0.j  0.8247+0.j  0.6529+0.j -0.6007+0.j]  (17s)
μ=0.250: N(ν>1)=3  complex |ν|>1: 0  top ν: [11.1475+0.j  2.3808+0.j  1.2796+0.j  0.8784+0.j  0.7082+0.j -0.6042+0.j]  (16s)
μ=0.200: N(ν>1)=3  complex |ν|>1: 0  top ν: [15.2607+0.j  2.8585+0.j  1.435 +0.j  0.9377+0.j  0.7683+0.j -0.6061+0.j]  (15s)
μ=0.190: N(ν>1)=3  complex |ν|>1: 0  top ν: [16.3593+0.j  2.9734+0.j  1.4705+0.j  0.9506+0.j  0.7808+0.j -0.6063+0.j]  (21s)
μ=0.180: N(ν>1)=3  complex |ν|>1: 0  top ν: [17.5852+0.j  3.0963+0.j  1.5076+0.j  0.964 +0.j  0.7933+0.j -0.6064+0.j]  (14s)
μ=0.170: N(ν>1)=3  complex |ν|>1: 0  top ν: [18.9605+0.j  3.2279+0.j  1.5466+0.j  0.9779+0.j  0.8059+0.j -0.6064+0.j]  (12s)
μ=0.160: N(ν>1)=3  complex |ν|>1: 0  top ν: [20.5128+0.j  3.3689+0.j  1.5874+0.j  0.9924+0.j  0.8185+0.j -0.6064+0.j]  (14s)
μ=0.150: N(ν>1)=4  complex |ν|>1: 0  top ν: [22.277 +0.j  3.5205+0.j  1.6304+0.j  1.0075+0.j  0.8311+0.j -0.6063+0.j]  (16s)
μ=0.140: N(ν>1)=4  complex |ν|>1: 0  top ν: [24.2977+0.j  3.6837+0.j  1.6755+0.j  1.0234+0.j  0.8437+0.j -0.6061+0.j]  (13s)
μ=0.130: N(ν>1)=4  complex |ν|>1: 0  top ν: [26.6331+0.j  3.8598+0.j  1.723 +0.j  1.0401+0.j  0.8561+0.j -0.6059+0.j]  (17s)
μ=0.120: N(ν>1)=4  complex |ν|>1: 0  top ν: [29.3608+0.j  4.0502+0.j  1.7731+0.j  1.0576+0.j  0.8684+0.j -0.6056+0.j]  (17s)
μ=0.110: N(ν>1)=4  complex |ν|>1: 0  top ν: [32.5862+0.j  4.2567+0.j  1.8259+0.j  1.0762+0.j  0.8806+0.j -0.6053+0.j]  (16s)
μ=0.100: N(ν>1)=4  complex |ν|>1: 0  top ν: [36.4568+0.j  4.4811+0.j  1.8817+0.j  1.0957+0.j  0.8925+0.j  0.6088+0.j]  (15s)
μ=0.090: N(ν>1)=4  complex |ν|>1: 0  top ν: [41.185 +0.j  4.7259+0.j  1.9406+0.j  1.1164+0.j  0.9043+0.j  0.6183+0.j]  (15s)
μ=0.080: N(ν>1)=4  complex |ν|>1: 0  top ν: [47.0891+0.j  4.9935+0.j  2.003 +0.j  1.1383+0.j  0.9158+0.j  0.6279+0.j]  (15s)
μ=0.070: N(ν>1)=4  complex |ν|>1: 0  top ν: [54.6686+0.j  5.2873+0.j  2.0691+0.j  1.1615+0.j  0.9271+0.j  0.6377+0.j]  (15s)
μ=0.060: N(ν>1)=4  complex |ν|>1: 0  top ν: [64.7553+0.j  5.6109+0.j  2.1393+0.j  1.1859+0.j  0.9384+0.j  0.6471+0.j]  (13s)
μ=0.050: N(ν>1)=4  complex |ν|>1: 0  top ν: [78.8441+0.j  5.9687+0.j  2.2138+0.j  1.2115+0.j  0.9503+0.j  0.6518+0.j]  (14s)
μ=0.040: N(ν>1)=4  complex |ν|>1: 0  top ν: [99.9117+0.j      6.3652+0.j      2.2931+0.j      1.2364+0.j      0.9678+0.j      0.6149+0.0431j]  (15s)
μ=0.030: N(ν>1)=5  complex |ν|>1: 0  top ν: [134.7698+0.j       6.8013+0.j       2.3781+0.j       1.2496+0.j       1.0155+0.j       0.6523+0.1332j]  (12s)
μ=0.020: N(ν>1)=3  complex |ν|>1: 2  top ν: [202.1306+0.j       7.2546+0.j       2.4713+0.j       1.1832+0.0946j   1.1832-0.0946j   0.6806+0.2248j]  (13s)
μ=0.010: N(ν>1)=3  complex |ν|>1: 2  top ν: [365.8721+0.j       7.6095+0.j       2.5846+0.j       1.2466+0.2677j   1.2466-0.2677j   0.6904+0.3183j]  (15s)
