# contour v2 C7: λ=1.0883384 m=1.9999992261 hs=0.0125 s_start=-30.0; R=[0.055,1.2]x[-0.8,0.8], k=12
μ=1.20000+0.00000i f=1.5720e-02-2.9246e-07j |ν_k|=0.195 ν≈1: 0.7111-0.1082j |ν|>0.5: [ 0.711-1.082e-01j  0.711+1.082e-01j -0.654+2.776e-16j] (72s)
μ=1.20000+0.20000i f=5.1548e-03+2.6225e-02j |ν_k|=0.182 ν≈1: 0.6687-0.0320j |ν|>0.5: [ 0.691-0.297j  0.669-0.032j -0.645+0.106j] (59s)
μ=1.20000+0.10000i f=1.3149e-02+1.2946e-02j |ν_k|=0.189 ν≈1: 0.6919+0.0315j |ν|>0.5: [ 0.714-0.201j  0.692+0.031j -0.652+0.053j] (58s)
μ=1.20000+0.05000i f=1.5083e-02+6.4562e-03j |ν_k|=0.193 ν≈1: 0.7025+0.0677j |ν|>0.5: [ 0.716-0.153j  0.703+0.068j -0.654+0.027j] (58s)
μ=1.20000+0.15000i f=9.8672e-03+1.9515e-02j |ν_k|=0.186 ν≈1: 0.6805-0.0015j |ν|>0.5: [ 0.706-0.249j  0.681-0.001j -0.649+0.08j ] (58s)
μ=1.20000+0.40000i f=-3.3036e-02+5.5677e-02j |ν_k|=0.182 ν≈1: 0.6173-0.1389j |ν|>0.5: [ 0.58 -0.458j -0.615+0.211j  0.617-0.139j] (62s)
μ=1.20000+0.30000i f=-1.0458e-02+4.0261e-02j |ν_k|=0.181 ν≈1: 0.6440-0.0881j |ν|>0.5: [ 0.644-0.386j -0.632+0.159j  0.644-0.088j] (59s)
μ=1.20000+0.60000i f=-1.0642e-01+1.0253e-01j |ν_k|=0.181 ν≈1: 0.5576-0.2278j |ν|>0.5: [ 0.428-0.549j -0.561+0.308j  0.558-0.228j] (59s)
μ=1.20000+0.80000i f=-2.1379e-01+2.0158e-01j |ν_k|=0.164 ν≈1: 0.4895-0.3008j |ν|>0.5: [ 0.28 -0.576j -0.486+0.388j  0.49 -0.301j] (60s)
edge (1.2+0j) → (1.2+0.8j): accumulated Δarg/π = 0.7594
μ=0.97100+0.80000i f=-3.6906e-01-2.5603e-02j |ν_k|=0.191 ν≈1: 0.5693-0.3941j |ν|>0.5: [ 0.26 -0.763j -0.577+0.504j  0.569-0.394j] (58s)
μ=1.08550+0.80000i f=-2.9471e-01+1.1546e-01j |ν_k|=0.174 ν≈1: 0.5280-0.3447j |ν|>0.5: [ 0.277-0.662j -0.529+0.441j  0.528-0.345j] (64s)
μ=0.74200+0.80000i f=-3.3118e-01-5.2006e-01j |ν_k|=0.239 ν≈1: 0.6636-0.5083j |ν|>0.5: [ 0.152-1.002j -0.703+0.679j  0.664-0.508j  0.069-0.558j] (63s)
μ=0.85650+0.80000i f=-3.9421e-01-2.2793e-01j |ν_k|=0.217 ν≈1: 0.6140-0.4488j |ν|>0.5: [ 0.222-0.877j -0.634+0.581j  0.614-0.449j] (74s)
μ=0.51300+0.80000i f=7.1651e-01-8.9212e-01j |ν_k|=0.287 ν≈1: 0.7902-0.6317j |ν|>0.5: [-0.895+0.987j -0.119-1.23j   0.79 -0.632j -0.049-0.734j  0.362-0.439j  0.014-0.521j] (74s)
μ=0.62750+0.80000i f=1.1718e-01-6.4157e-01j |ν_k|=0.255 ν≈1: 0.7206-0.5704j |ν|>0.5: [-0.788+0.808j  0.041-1.125j  0.721-0.57j   0.023-0.643j  0.361-0.365j] (66s)
μ=0.68475+0.80000i f=-2.4572e-01-7.1692e-01j |ν_k|=0.244 ν≈1: 0.6909-0.5392j |ν|>0.5: [ 0.102-1.065j -0.743+0.739j  0.691-0.539j  0.049-0.6j  ] (58s)
μ=0.28400+0.80000i f=5.1827e+00-6.1713e-01j |ν_k|=0.357 ν≈1: 1.0075-0.7274j |ν|>0.5: [-1.175+1.706j -0.538-1.294j  1.007-0.727j -0.292-0.885j -0.163-0.678j  0.308-0.621j  0.206-0.475j -0.003-0.516j] (57s)
μ=0.39850+0.80000i f=2.1255e+00-9.3731e-01j |ν_k|=0.351 ν≈1: 0.8814-0.6867j |ν|>0.5: [-1.03 +1.258j -0.321-1.291j  0.881-0.687j -0.153-0.821j  0.348-0.525j -0.056-0.602j] (57s)
μ=0.05500+0.80000i f=1.5351e+01+7.8407e+00j |ν_k|=0.578 ν≈1: 0.4947-0.3130j |ν|>0.5: [-0.826+3.749j  1.413-0.68j  -0.981-1.222j -0.613-0.89j  -0.441-0.722j  0.131-0.808j -0.239-0.618j  0.112-0.627j  0.332-0.532j  0.429-0.439j  0.495-0.313j  0.004-0.578j] (47s)
μ=0.16950+0.80000i f=1.6065e+01+2.0867e+00j |ν_k|=0.452 ν≈1: 1.1823-0.7381j |ν|>0.5: [-1.223+2.482j -0.748-1.263j  1.182-0.738j -0.448-0.905j -0.305-0.726j  0.238-0.718j -0.102-0.582j  0.175-0.541j  0.096-0.493j] (60s)
edge (1.2+0.8j) → (0.055+0.8j): accumulated Δarg/π = 2.1503
μ=0.05500+0.70000i f=3.3166e+00+2.5267e+01j |ν_k|=0.600 ν≈1: 1.3085-0.5056j |ν|>0.5: [-2.614+4.155j -1.   -1.463j  1.308-0.506j -0.606-1.075j -0.513-0.806j  0.222-0.925j -0.213-0.784j  0.199-0.661j  0.082-0.668j  0.297-0.581j  0.393-0.49j   0.468-0.375j] (48s)
μ=0.05500+0.75000i f=4.9252e+00+1.5563e+01j |ν_k|=0.638 ν≈1: 0.5392-0.3413j |ν|>0.5: [-1.609+4.048j -0.998-1.338j  1.361-0.582j -0.621-0.976j -0.459-0.765j  0.172-0.866j -0.232-0.693j  0.2  -0.68j   0.374-0.585j  0.473-0.481j  0.157-0.642j  0.539-0.341j] (48s)
μ=0.05500+0.77500i f=9.3964e+00+1.1329e+01j |ν_k|=0.597 ν≈1: 0.5034-0.3206j |ν|>0.5: [-1.19 +3.916j -0.991-1.279j  1.387-0.628j -0.619-0.932j -0.447-0.744j  0.15 -0.836j -0.236-0.653j  0.255-0.623j  0.361-0.555j  0.447-0.448j  0.116-0.607j  0.503-0.321j] (46s)
μ=0.05500+0.60000i f=-1.7717e+01+1.3174e+01j |ν_k|=0.630 ν≈1: 1.2155-0.3957j |ν|>0.5: [-5.151+3.37j  -0.938-1.757j -0.484-1.356j  1.216-0.396j  0.353-1.047j -0.74 -0.819j -0.116-0.997j  0.197-0.78j   0.296-0.7j    0.314-0.581j  0.467-0.456j  0.555-0.297j] (46s)
μ=0.05500+0.65000i f=-1.0143e+01+1.8370e+01j |ν_k|=0.628 ν≈1: 1.2598-0.4451j |ν|>0.5: [-3.813+3.964j -0.981-1.599j  1.26 -0.445j -0.558-1.198j -0.613-0.831j  0.282-0.986j -0.174-0.886j  0.378-0.633j  0.134-0.722j  0.244-0.681j  0.47 -0.466j  0.541-0.318j] (47s)
μ=0.05500+0.67500i f=-8.2628e+00+2.0158e+01j |ν_k|=0.658 ν≈1: 1.2836-0.4736j |ν|>0.5: [-3.192+4.103j -0.993-1.529j  1.284-0.474j -0.586-1.132j -0.558-0.822j  0.251-0.956j -0.196-0.834j  0.381-0.658j  0.224-0.673j  0.107-0.694j  0.47 -0.514j  0.554-0.354j] (48s)
μ=0.05500+0.50000i f=-2.0166e+01-1.6016e+01j |ν_k|=0.607 ν≈1: 1.1406-0.3181j |ν|>0.5: [-7.887+0.596j -0.794-2.187j -0.247-1.73j   0.524-1.168j  0.082-1.25j  -0.979-0.669j  1.141-0.318j  0.368-0.889j  0.428-0.728j  0.437-0.57j   0.412-0.496j  0.537-0.283j] (49s)
μ=0.05500+0.55000i f=-1.6825e+01+1.0699e+00j |ν_k|=0.635 ν≈1: 1.1759-0.3542j |ν|>0.5: [-6.544+2.273j -0.874-1.95j  -0.384-1.537j  1.176-0.354j  0.433-1.108j -0.871-0.764j -0.033-1.118j  0.274-0.836j  0.357-0.716j  0.388-0.575j  0.538-0.43j   0.602-0.202j] (48s)
μ=0.05500+0.57500i f=-2.6854e+01+6.5063e+00j |ν_k|=0.638 ν≈1: 1.1952-0.3742j |ν|>0.5: [-5.847+2.89j  -0.908-1.849j -0.438-1.445j  1.195-0.374j  0.392-1.078j -0.806-0.797j -0.078-1.057j  0.234-0.808j  0.325-0.709j  0.348-0.581j  0.412-0.531j  0.533-0.352j] (46s)
μ=0.05500+0.52500i f=-1.6440e+01-9.8733e+00j |ν_k|=0.671 ν≈1: 1.1577-0.3356j |ν|>0.5: [-7.229+1.51j  -0.836-2.063j -0.321-1.632j  0.477-1.138j  1.158-0.336j  0.02 -1.183j -0.929-0.721j  0.319-0.863j  0.391-0.723j  0.582-0.478j  0.403-0.573j  0.603-0.293j] (48s)
μ=0.05500+0.53750i f=-2.0290e+01-1.0217e+01j |ν_k|=0.705 ν≈1: 1.1667-0.3448j |ν|>0.5: [-6.889+1.91j  -0.855-2.005j -0.354-1.584j  1.167-0.345j  0.455-1.123j -0.901-0.744j -0.007-1.15j   0.296-0.85j   0.374-0.72j   0.543-0.502j  0.379-0.603j  0.607-0.359j] (48s)
μ=0.05500+0.54375i f=-1.9157e+01-1.9621e+00j |ν_k|=0.635 ν≈1: 1.1713-0.3495j |ν|>0.5: [-6.717+2.096j -0.865-1.977j -0.369-1.56j   1.171-0.349j  0.444-1.116j -0.886-0.754j -0.02 -1.134j  0.285-0.843j  0.366-0.718j  0.406-0.576j  0.52 -0.422j  0.573-0.272j] (48s)
μ=0.05500+0.40000i f=1.8188e+01-1.7143e+01j |ν_k|=0.569 ν≈1: 1.0822-0.2555j |ν|>0.5: [-9.829-4.611j -0.541-2.832j  0.165-2.133j  0.455-1.528j  0.747-1.267j -1.077-0.439j  0.616-0.957j  1.082-0.256j  0.599-0.728j  0.559-0.547j  0.533-0.432j  0.465-0.329j] (58s)
μ=0.05500+0.45000i f=-8.7421e-01-2.4680e+01j |ν_k|=0.618 ν≈1: 1.1095-0.2856j |ν|>0.5: [-9.041-1.698j -0.689-2.477j -0.066-1.929j  0.241-1.388j  0.628-1.223j -1.048-0.552j  1.11 -0.286j  0.482-0.931j  0.509-0.733j  0.496-0.562j  0.49 -0.447j  0.523-0.33j ] (48s)
μ=0.05500+0.47500i f=-1.2641e+01-2.3160e+01j |ν_k|=0.583 ν≈1: 1.1246-0.3015j |ν|>0.5: [-8.498-0.473j -0.745-2.325j -0.162-1.829j  0.156-1.318j  0.574-1.196j -1.019-0.611j  1.125-0.301j  0.422-0.912j  0.467-0.731j  0.466-0.567j  0.453-0.49j   0.504-0.294j] (46s)
μ=0.05500+0.42500i f=5.0693e+00-1.7841e+01j |ν_k|=0.634 ν≈1: 1.0954-0.2703j |ν|>0.5: [-9.494-3.077j -0.622-2.645j  0.043-2.031j  0.341-1.459j  0.685-1.247j -1.067-0.494j  1.095-0.27j   0.546-0.947j  0.553-0.732j  0.527-0.556j  0.514-0.442j  0.599-0.205j] (46s)
μ=0.05500+0.41250i f=9.8870e+00-1.6818e+01j |ν_k|=0.617 ν≈1: 1.0887-0.2629j |ν|>0.5: [-9.678-3.825j -0.583-2.736j  0.102-2.082j  0.396-1.494j  0.715-1.258j -1.073-0.466j  1.089-0.263j  0.58 -0.952j  0.576-0.73j   0.543-0.551j  0.53 -0.446j  0.575-0.223j] (47s)
μ=0.05500+0.30000i f=3.2408e+00+1.5705e+01j |ν_k|=0.615 ν≈1: 1.0379-0.1996j |ν|>0.5: [-9.403-12.248j  0.026 -3.792j  0.839 -2.554j  1.049 -1.753j  1.079 -1.274j  0.929 -0.927j -1.073 -0.265j  1.038 -0.2j    0.806 -0.674j  0.695 -0.488j  0.627 -0.358j  0.543 -0.288j] (48s)
μ=0.05500+0.35000i f=1.7962e+01+7.5900e+00j |ν_k|=0.677 ν≈1: 1.0584-0.2271j |ν|>0.5: [-10.033-8.132j  -0.318-3.265j   0.457-2.342j   0.726-1.658j   0.894-1.287j   0.766-0.957j  -1.081-0.343j   1.058-0.227j   0.699-0.71j    0.626-0.523j   0.587-0.399j   0.573-0.36j ] (48s)
μ=0.05500+0.37500i f=1.8243e+01-4.2486e+00j |ν_k|=0.649 ν≈1: 1.0699-0.2412j |ν|>0.5: [-10.019-6.296j  -0.441-3.037j   0.302-2.237j   0.584-1.596j   0.816-1.281j   0.689-0.96j   -1.081-0.388j   1.07 -0.241j   0.648-0.721j   0.592-0.536j   0.557-0.416j   0.587-0.278j] (57s)
μ=0.05500+0.38750i f=1.5645e+01-9.1404e+00j |ν_k|=0.657 ν≈1: 1.0759-0.2483j |ν|>0.5: [-9.944-5.434j -0.493-2.932j  0.231-2.185j  0.517-1.562j  0.781-1.275j  0.652-0.959j -1.079-0.413j  1.076-0.248j  0.624-0.725j  0.575-0.542j  0.529-0.421j  0.61 -0.245j] (47s)
μ=0.05500+0.36250i f=1.9839e+01+1.5952e-01j |ν_k|=0.619 ν≈1: 1.0641-0.2341j |ν|>0.5: [-10.05 -7.195j  -0.383-3.148j   0.377-2.29j    0.653-1.628j   0.854-1.285j   0.727-0.96j   -1.081-0.365j   1.064-0.234j   0.673-0.716j   0.609-0.53j    0.569-0.408j   0.543-0.296j] (57s)
μ=0.05500+0.32500i f=1.0184e+01+1.3140e+01j |ν_k|=0.682 ν≈1: 1.0478-0.2133j |ν|>0.5: [-9.839-10.116j -0.165 -3.515j  0.635 -2.449j  0.881 -1.712j  0.981 -1.285j  0.847 -0.946j -1.077 -0.302j  1.048 -0.213j  0.752 -0.695j  0.66  -0.507j  0.606 -0.377j  0.6   -0.323j] (48s)
μ=0.05500+0.20000i f=-5.2920e+00-5.4900e+00j |ν_k|=0.644 ν≈1: 1.0055-0.1455j |ν|>0.5: [-4.239-22.333j  1.484 -5.159j  2.02  -2.845j  1.835 -1.711j  1.537 -1.105j  1.257 -0.756j  1.024 -0.533j -1.049 -0.152j  1.005 -0.146j  0.831 -0.377j  0.704 -0.256j  0.611 -0.204j] (48s)
μ=0.05500+0.25000i f=-9.7797e+00+6.0358e+00j |ν_k|=0.632 ν≈1: 1.0203-0.1726j |ν|>0.5: [-7.628-16.963j  0.576 -4.427j  1.347 -2.742j  1.42  -1.781j  1.298 -1.218j  1.096 -0.861j  0.916 -0.616j -1.061 -0.203j  1.02  -0.173j  0.764 -0.44j   0.668 -0.31j   0.581 -0.248j] (47s)
μ=0.05500+0.27500i f=-5.1940e+00+1.2668e+01j |ν_k|=0.623 ν≈1: 1.0288-0.1861j |ν|>0.5: [-8.682-14.53j   0.268 -4.096j  1.074 -2.653j  1.229 -1.777j  1.185 -1.252j  1.012 -0.899j -1.067 -0.233j  0.861 -0.648j  1.029 -0.186j  0.73  -0.466j  0.648 -0.335j  0.563 -0.268j] (55s)
μ=0.05500+0.28750i f=8.0232e-01+1.2051e+01j |ν_k|=0.628 ν≈1: 1.0333-0.1929j |ν|>0.5: [-9.081-13.37j   0.14  -3.94j   0.952 -2.604j  1.137 -1.767j  1.131 -1.265j  0.971 -0.914j -1.07  -0.249j  0.833 -0.662j  1.033 -0.193j  0.712 -0.477j  0.638 -0.347j  0.605 -0.166j] (48s)
μ=0.05500+0.26250i f=-8.6249e+00+9.8205e+00j |ν_k|=0.626 ν≈1: 1.0245-0.1794j |ν|>0.5: [-8.2  -15.727j  0.413 -4.258j  1.206 -2.699j  1.323 -1.782j  1.241 -1.237j  1.054 -0.881j  0.888 -0.633j -1.064 -0.217j  1.024 -0.179j  0.747 -0.453j  0.658 -0.323j  0.561 -0.278j] (48s)
μ=0.05500+0.22500i f=-9.3486e+00-8.8220e-01j |ν_k|=0.637 ν≈1: 1.0126-0.1591j |ν|>0.5: [-6.177-19.559j  0.972 -4.784j  1.661 -2.81j   1.623 -1.76j   1.417 -1.169j  1.178 -0.814j  0.971 -0.578j -1.055 -0.176j  1.013 -0.159j  0.798 -0.41j   0.687 -0.284j  0.597 -0.22j ] (49s)
μ=0.05500+0.23750i f=-9.6709e+00+2.2227e+00j |ν_k|=0.651 ν≈1: 1.0164-0.1659j |ν|>0.5: [-6.957-18.24j   0.762 -4.603j  1.498 -2.779j  1.52  -1.774j  1.357 -1.196j  1.137 -0.839j  0.943 -0.598j -1.058 -0.189j  1.016 -0.166j  0.781 -0.426j  0.678 -0.297j  0.61  -0.227j] (48s)
μ=0.05500+0.21250i f=-7.7133e+00-3.8098e+00j |ν_k|=0.642 ν≈1: 1.0089-0.1523j |ν|>0.5: [-5.276-20.922j  1.211 -4.97j   1.835 -2.832j  1.728 -1.74j   1.477 -1.139j  1.218 -0.786j  0.997 -0.556j -1.052 -0.164j  1.009 -0.152j  0.815 -0.394j  0.695 -0.271j  0.602 -0.221j] (47s)
μ=0.05500+0.10000i f=1.4171e+00+1.9710e+00j |ν_k|=0.660 ν≈1: 0.9834-0.0902j |ν|>0.5: [12.964-35.793j  5.543 -6.023j  3.824 -2.29j   2.679 -1.147j  1.974 -0.669j  1.518 -0.431j  1.198 -0.296j -1.031 -0.069j  0.983 -0.09j   0.942 -0.201j  0.753 -0.13j   0.648 -0.125j] (58s)
μ=0.05500+0.15000i f=2.8050e+00-3.1728e+00j |ν_k|=0.669 ν≈1: 0.9930-0.1179j |ν|>0.5: [ 1.72 -28.544j  3.02  -5.861j  2.871 -2.749j  2.272 -1.51j   1.772 -0.923j  1.402 -0.611j  1.12  -0.425j -1.039 -0.108j  0.993 -0.118j  0.892 -0.298j  0.734 -0.196j  0.655 -0.136j] (48s)
μ=0.05500+0.17500i f=-1.5903e-01-5.7987e+00j |ν_k|=0.659 ν≈1: 0.9989-0.1318j |ν|>0.5: [-1.68 -25.314j  2.151 -5.531j  2.425 -2.831j  2.053 -1.629j  1.657 -1.023j  1.332 -0.689j  1.074 -0.482j -1.043 -0.129j  0.999 -0.132j  0.863 -0.34j   0.72  -0.227j  0.635 -0.176j] (47s)
μ=0.05500+0.18750i f=-2.6005e+00-6.0814e+00j |ν_k|=0.654 ν≈1: 1.0021-0.1387j |ν|>0.5: [-3.049-23.795j  1.795 -5.347j  2.217 -2.845j  1.944 -1.675j  1.598 -1.066j  1.295 -0.724j  1.049 -0.509j -1.046 -0.14j   1.002 -0.139j  0.847 -0.359j  0.712 -0.242j  0.626 -0.188j] (46s)
μ=0.05500+0.16250i f=1.5890e+00-4.8276e+00j |ν_k|=0.651 ν≈1: 0.9959-0.1249j |ν|>0.5: [-0.104-26.895j  2.557 -5.705j  2.643 -2.8j    2.163 -1.574j  1.715 -0.975j  1.368 -0.651j  1.098 -0.454j -1.041 -0.118j  0.996 -0.125j  0.878 -0.319j  0.727 -0.212j  0.634 -0.15j ] (46s)
μ=0.05500+0.12500i f=3.2380e+00-7.4482e-01j |ν_k|=0.626 ν≈1: 0.9878-0.1039j |ν|>0.5: [ 6.353-32.057j  4.141 -6.07j   3.345 -2.576j  2.484 -1.349j  1.879 -0.805j  1.464 -0.525j  1.162 -0.363j -1.035 -0.088j  0.988 -0.104j  0.918 -0.252j  0.745 -0.164j  0.625 -0.042j] (49s)
μ=0.05500+0.13750i f=3.1379e+00-1.9354e+00j |ν_k|=0.650 ν≈1: 0.9903-0.1109j |ν|>0.5: [ 3.847-30.264j  3.546 -5.988j  3.105 -2.675j  2.379 -1.435j  1.827 -0.866j  1.434 -0.57j   1.142 -0.395j -1.037 -0.098j  0.99  -0.111j  0.906 -0.276j  0.74  -0.181j  0.644 -0.085j] (46s)
μ=0.05500+0.11250i f=2.7352e+00+2.8152e-01j |ν_k|=0.638 ν≈1: 0.9855-0.0969j |ν|>0.5: [ 9.343-3.391e+01j  4.807-6.090e+00j  3.586-2.448e+00j  2.584-1.253e+00j  1.929-7.390e-01j  1.492-4.793e-01j  1.181-3.296e-01j -1.033-7.855e-02j  0.985-9.693e-02j  0.93 -2.273e-01j  0.75 -1.468e-01j  0.638+8.287e-03j] (47s)
μ=0.05500+0.10625i f=2.0311e+00+1.7434e+00j |ν_k|=0.655 ν≈1: 0.9844-0.0935j |ν|>0.5: [11.063-34.852j  5.167 -6.069j  3.706 -2.373j  2.633 -1.201j  1.952 -0.704j  1.505 -0.456j  1.19  -0.313j -1.032 -0.074j  0.984 -0.094j  0.936 -0.215j  0.752 -0.138j  0.642 -0.129j] (57s)
μ=0.05500+0.10937i f=2.3277e+00+1.5812e+00j |ν_k|=0.653 ν≈1: 0.9849-0.0952j |ν|>0.5: [10.182-34.381j  4.985 -6.082j  3.646 -2.412j  2.609 -1.228j  1.94  -0.722j  1.499 -0.467j  1.185 -0.321j -1.032 -0.076j  0.985 -0.095j  0.933 -0.221j  0.751 -0.142j  0.639 -0.133j] (56s)
μ=0.05500+0.00000i f=2.6638e-01-2.2719e-02j |ν_k|=0.659 ν≈1: 1.0243-0.0000j |ν|>0.5: [73.242-7.749e-15j 10.637+5.396e-15j  4.982-5.424e-15j  3.089-1.298e-14j  2.162-2.046e-13j  1.619+2.075e-12j  1.265-3.852e-12j -1.025-3.125e-14j  1.024-4.432e-09j  0.935+4.130e-09j  0.778-4.505e-05j  0.658+2.923e-02j] (45s)
μ=0.05500+0.05000i f=-9.0650e-01+2.1061e-01j |ν_k|=0.682 ν≈1: 0.9980-0.0808j |ν|>0.5: [38.721-3.972e+01j  8.837-4.349e+00j  4.646-1.341e+00j  2.978-6.246e-01j  2.112-3.527e-01j  1.593-2.233e-01j  1.248-1.513e-01j -1.027-3.388e-02j  0.998-8.082e-02j  0.954-6.917e-02j  0.76 -7.204e-02j  0.681-3.960e-02j] (56s)
μ=0.05500+0.07500i f=-5.0420e-01+1.4758e+00j |ν_k|=0.676 ν≈1: 0.9794-0.0786j |ν|>0.5: [22.985-39.194j  7.176 -5.52j   4.273 -1.879j  2.848 -0.903j  2.053 -0.517j  1.561 -0.33j   1.227 -0.225j -1.028 -0.051j  0.979 -0.079j  0.961 -0.144j  0.756 -0.097j  0.67  -0.09j ] (57s)
μ=0.05500+0.08750i f=3.0058e-01+1.9368e+00j |ν_k|=0.668 ν≈1: 0.9814-0.0838j |ν|>0.5: [17.42 -37.617j  6.338 -5.842j  4.055 -2.101j  2.768 -1.03j   2.016 -0.595j  1.541 -0.381j  1.213 -0.261j -1.03  -0.06j   0.981 -0.084j  0.952 -0.174j  0.755 -0.113j  0.66  -0.109j] (56s)
μ=0.05500+0.06250i f=-8.9570e-01+8.2441e-01j |ν_k|=0.681 ν≈1: 0.9759-0.0778j |ν|>0.5: [29.988-40.139j  8.023 -5.028j  4.472 -1.625j  2.919 -0.768j  2.085 -0.436j  1.578 -0.277j  1.238 -0.188j -1.027 -0.043j  0.976 -0.078j  0.971 -0.109j  0.757 -0.084j  0.678 -0.066j] (55s)
μ=0.05500+0.02500i f=-2.2165e-01-4.5252e-01j |ν_k|=0.671 ν≈1: 1.0185-0.0425j |ν|>0.5: [60.288-2.943e+01j 10.137-2.433e+00j  4.894-7.003e-01j  3.061-3.194e-01j  2.149-1.788e-01j  1.612-1.127e-01j  1.261-7.604e-02j -1.025-1.685e-02j  1.019-4.246e-02j  0.94 -3.230e-02j  0.772-4.136e-02j  0.67 -4.213e-02j] (45s)
μ=0.05500+0.03750i f=-6.8439e-01-3.7332e-01j |ν_k|=0.651 ν≈1: 1.0109-0.0625j |ν|>0.5: [49.148-3.670e+01j  9.562-3.478e+00j  4.788-1.032e+00j  3.026-4.746e-01j  2.134-2.667e-01j  1.604-1.684e-01j  1.255-1.138e-01j -1.026-2.533e-02j  1.011-6.246e-02j  0.945-5.001e-02j  0.765-5.829e-02j  0.647-7.820e-02j] (44s)
μ=0.05500+0.04375i f=-8.0656e-01-3.2401e-02j |ν_k|=0.680 ν≈1: 1.0053-0.0719j |ν|>0.5: [43.752-3.863e+01j  9.214-3.937e+00j  4.721-1.190e+00j  3.004-5.503e-01j  2.124-3.099e-01j  1.599-1.960e-01j  1.252-1.326e-01j -1.026-2.960e-02j  1.005-7.191e-02j  0.949-5.938e-02j  0.763-6.543e-02j  0.679-2.601e-02j] (53s)
μ=0.05500+0.03125i f=-4.8206e-01-3.4582e-01j |ν_k|=0.673 ν≈1: 1.0152-0.0526j |ν|>0.5: [54.75 -3.370e+01j  9.872-2.976e+00j  4.846-8.682e-01j  3.045-3.975e-01j  2.142-2.229e-01j  1.609-1.406e-01j  1.258-9.496e-02j -1.026-2.108e-02j  1.015-5.262e-02j  0.942-4.099e-02j  0.769-5.000e-02j  0.673-5.034e-04j] (52s)
μ=0.05500+0.01250i f=7.2912e-02-3.3989e-01j |ν_k|=0.658 ν≈1: 1.0229-0.0215j |ν|>0.5: [69.534-1.679e+01j 10.508-1.253e+00j  4.959-3.541e-01j  3.082-1.606e-01j  2.158-8.970e-02j  1.617-5.646e-02j  1.264-3.807e-02j -1.025-8.413e-03j  1.023-2.147e-02j  0.936-1.577e-02j  0.777-2.137e-02j  0.657+3.401e-02j] (54s)
μ=0.05500+0.01875i f=-9.9558e-02-4.0654e-01j |ν_k|=0.664 ν≈1: 1.0211-0.0321j |ν|>0.5: [65.375-2.378e+01j 10.351-1.856e+00j  4.932-5.286e-01j  3.073-2.403e-01j  2.155-1.344e-01j  1.615-8.461e-02j  1.262-5.707e-02j -1.025-1.263e-02j  1.021-3.205e-02j  0.938-2.391e-02j  0.775-3.153e-02j  0.663+2.303e-02j] (55s)
μ=0.05500+0.00625i f=2.2427e-01-1.7402e-01j |ν_k|=0.663 ν≈1: 1.0239-0.0108j |ν|>0.5: [72.28 -8.701e+00j 10.604-6.313e-01j  4.976-1.775e-01j  3.087-8.041e-02j  2.161-4.489e-02j  1.619-2.825e-02j  1.265-1.904e-02j -1.025-4.205e-03j  1.024-1.076e-02j  0.936-7.833e-03j  0.778-1.087e-02j  0.663-5.853e-03j] (45s)
μ=0.05500+0.00937i f=1.4563e-01-2.8369e-01j |ν_k|=0.655 ν≈1: 1.0235-0.0161j |ν|>0.5: [71.111-1.286e+01j 10.564-9.440e-01j  4.969-2.660e-01j  3.085-1.205e-01j  2.16 -6.731e-02j  1.618-4.236e-02j  1.264-2.856e-02j -1.025-6.308e-03j  1.023-1.613e-02j  0.936-1.178e-02j  0.777-1.612e-02j  0.654+3.945e-02j] (55s)
μ=0.05500+0.00312i f=2.5083e-01-1.3268e-01j |ν_k|=0.649 ν≈1: 1.0242-0.0054j |ν|>0.5: [72.999-4.391e+00j 10.629-3.162e-01j  4.98 -8.882e-02j  3.089-4.022e-02j  2.161-2.245e-02j  1.619-1.413e-02j  1.265-9.521e-03j -1.025-2.102e-03j  1.024-5.386e-03j  0.935-3.909e-03j  0.778-5.411e-03j  0.647+4.973e-02j] (55s)
edge (0.055+0.8j) → (0.055+0j): accumulated Δarg/π = 7.9729
RESULT C7: zeros in R = 7.9729 (nearest integer 8, deviation 0.027); max |ν_k| on ∂R = 0.705; unresolved jumps: 0; 75 evaluations
