# contour count l5: λ=1.1194818 m=1.9999994791 hs=0.025; R=[0.06,1.5]x[-1.5,1.5], k=12
μ=1.5000+0.0000i  f=9.1230e-02-3.8125e-06j  |ν_k|=0.129  ν(|ν|>0.5): [0.4899-0.1027j 0.4899+0.1027j]  (26s)
μ=1.5000+0.1000i  f=9.0027e-02+2.8175e-02j  |ν_k|=0.126  ν(|ν|>0.5): [0.4821-0.1534j]  (30s)
μ=1.5000+0.2000i  f=8.6481e-02+5.7289e-02j  |ν_k|=0.123  ν(|ν|>0.5): [0.4656-0.2037j]  (33s)
μ=1.5000+0.3000i  f=8.0790e-02+8.8286e-02j  |ν_k|=0.120  ν(|ν|>0.5): [0.4405-0.2511j]  (29s)
μ=1.5000+0.4000i  f=7.1732e-02+1.2303e-01j  |ν_k|=0.121  ν(|ν|>0.5): [0.4079-0.2933j]  (29s)
μ=1.5000+0.5000i  f=6.2221e-02+1.5996e-01j  |ν_k|=0.123  ν(|ν|>0.5): []  (26s)
μ=1.5000+0.6000i  f=5.2229e-02+2.0265e-01j  |ν_k|=0.122  ν(|ν|>0.5): []  (26s)
μ=1.5000+0.7000i  f=4.3122e-02+2.4999e-01j  |ν_k|=0.124  ν(|ν|>0.5): []  (26s)
μ=1.5000+0.8000i  f=3.5256e-02+3.0058e-01j  |ν_k|=0.129  ν(|ν|>0.5): []  (25s)
μ=1.5000+0.9000i  f=3.1049e-02+3.6420e-01j  |ν_k|=0.124  ν(|ν|>0.5): []  (26s)
μ=1.5000+1.0000i  f=3.0488e-02+4.2691e-01j  |ν_k|=0.124  ν(|ν|>0.5): []  (26s)
μ=1.5000+1.1000i  f=4.6659e-02+4.7456e-01j  |ν_k|=0.126  ν(|ν|>0.5): []  (27s)
μ=1.5000+1.2000i  f=6.4030e-02+5.4200e-01j  |ν_k|=0.123  ν(|ν|>0.5): []  (27s)
μ=1.5000+1.3000i  f=7.2051e-02+6.3534e-01j  |ν_k|=0.123  ν(|ν|>0.5): []  (26s)
μ=1.5000+1.4000i  f=1.2460e-01+6.7913e-01j  |ν_k|=0.117  ν(|ν|>0.5): []  (27s)
μ=1.5000+1.5000i  f=1.4682e-01+7.4707e-01j  |ν_k|=0.121  ν(|ν|>0.5): []  (26s)
edge (1.5+0j) → (1.5+1.5j): accumulated Δarg/π = 0.4382
μ=1.4040+1.5000i  f=7.5804e-02+8.8541e-01j  |ν_k|=0.122  ν(|ν|>0.5): []  (90s)
μ=1.3080+1.5000i  f=1.3999e-02+8.1229e-01j  |ν_k|=0.136  ν(|ν|>0.5): []  (27s)
μ=1.2120+1.5000i  f=-1.8909e-01+9.0544e-01j  |ν_k|=0.159  ν(|ν|>0.5): []  (24s)
μ=1.1160+1.5000i  f=-1.7801e-01+9.0739e-01j  |ν_k|=0.155  ν(|ν|>0.5): []  (31s)
μ=1.0200+1.5000i  f=-2.8376e-01+8.7692e-01j  |ν_k|=0.174  ν(|ν|>0.5): [0.2116-0.4596j]  (23s)
μ=0.9240+1.5000i  f=-5.0947e-01+5.5251e-01j  |ν_k|=0.200  ν(|ν|>0.5): [ 0.2074-0.5008j -0.1621+0.5056j -0.1358-0.4931j]  (23s)
μ=0.8280+1.5000i  f=-9.0120e-01+6.9582e-01j  |ν_k|=0.202  ν(|ν|>0.5): [ 0.1995-0.5468j -0.1494+0.5484j -0.1713-0.5139j]  (23s)
μ=0.7320+1.5000i  f=-9.0318e-01+1.1922e+00j  |ν_k|=0.206  ν(|ν|>0.5): [ 0.1869-0.5984j -0.1309+0.5948j -0.2098-0.532j ]  (56s)
μ=0.6360+1.5000i  f=-1.3469e+00+6.1859e-01j  |ν_k|=0.234  ν(|ν|>0.5): [ 0.1677-0.657j  -0.1051+0.6444j -0.2504-0.5467j]  (26s)
μ=0.5400+1.5000i  f=-1.5184e+00+1.7734e-02j  |ν_k|=0.289  ν(|ν|>0.5): [ 0.1393-0.7243j -0.07  +0.6964j -0.2917-0.5572j]  (20s)
μ=0.4440+1.5000i  f=-1.5502e+00-2.3684e-01j  |ν_k|=0.321  ν(|ν|>0.5): [ 0.0981-0.8028j -0.0237+0.7488j -0.3318-0.5627j]  (19s)
μ=0.3480+1.5000i  f=-2.0551e+00-1.3593e+00j  |ν_k|=0.371  ν(|ν|>0.5): [ 0.0382-0.8964j  0.0356+0.7991j -0.3683-0.5623j]  (18s)
μ=0.2520+1.5000i  f=-2.9227e+00-1.8090e+00j  |ν_k|=0.401  ν(|ν|>0.5): [-0.0479-1.0105j  0.1088+0.8431j -0.3991-0.5546j]  (18s)
μ=0.1560+1.5000i  f=-2.4122e+00-3.9748e+00j  |ν_k|=0.451  ν(|ν|>0.5): [-0.1705-1.1516j  0.1954+0.8762j -0.4236-0.5385j]  (17s)
μ=0.0600+1.5000i  f=5.7735e-01-2.8005e+00j  |ν_k|=0.488  ν(|ν|>0.5): [-0.3449-1.3241j  0.2924+0.8931j  0.0467-0.8924j  0.405 -0.7754j  0.5811-0.5202j -0.304 -0.7002j -0.4786-0.5163j  0.598 -0.2808j -0.2352-0.5478j  0.5384-0.1137j -0.429 -0.3393j]  (17s)
edge (1.5+1.5j) → (0.06+1.5j): accumulated Δarg/π = 1.5647
μ=0.0600+1.4000i  f=1.7648e+00-1.0533e+00j  |ν_k|=0.646  ν(|ν|>0.5): [-0.1087-1.5153j  0.2812+1.0102j  0.1287-0.8692j  0.4599-0.7096j -0.2237-0.7314j  0.5954-0.4506j -0.4803-0.5491j -0.3052-0.6025j  0.5861-0.2917j -0.4515-0.4682j -0.101 -0.6383j  0.6216-0.1768j]  (14s)
μ=0.0600+1.4500i  f=1.6835e+00-2.9461e+00j  |ν_k|=0.500  ν(|ν|>0.5): [-0.235 -1.4262j  0.2877+0.9484j  0.2804-0.8436j -0.114 -0.8349j  0.5348-0.6182j -0.4141-0.5757j  0.603 -0.3613j -0.4524-0.473j  -0.2339-0.5589j  0.5623-0.1664j  0.0296-0.5056j]  (21s)
μ=0.0600+1.3000i  f=1.0701e+01-5.1722e+00j  |ν_k|=0.629  ν(|ν|>0.5): [ 0.2013-1.6358j  0.2594+1.1592j  0.2272-0.8338j  0.5142-0.6296j -0.14  -0.7666j -0.5038-0.5562j  0.6031-0.3684j -0.2879-0.6423j -0.4368-0.5448j -0.0584-0.6872j -0.5129-0.3853j  0.1878-0.6008j]  (14s)
μ=0.0600+1.2000i  f=8.8992e+00+2.2838e-01j  |ν_k|=0.701  ν(|ν|>0.5): [ 0.5562-1.6447j  0.2157+1.3559j  0.3246-0.8002j -0.5658-0.5719j -0.0621-0.8004j  0.5599-0.5572j -0.0048-0.7513j -0.251 -0.694j  -0.3869-0.6125j -0.5225-0.4779j  0.2627-0.6551j  0.634 -0.2989j]  (14s)
μ=0.0600+1.1000i  f=2.7561e+00+1.8781e+00j  |ν_k|=0.695  ν(|ν|>0.5): [ 0.8971-1.5186j  0.1225+1.6243j -0.6786-0.6307j  0.399 -0.7678j  0.0162-0.8308j  0.6003-0.4784j -0.2257-0.6846j  0.0043-0.7128j -0.4842-0.5181j  0.6423-0.2792j  0.5017-0.4832j  0.248 -0.649j ]  (13s)
μ=0.0600+1.0000i  f=6.1097e+00+2.7438e+00j  |ν_k|=0.659  ν(|ν|>0.5): [-0.0865+1.9898j  1.1498-1.2782j -0.7751-0.7404j  0.446 -0.7049j  0.0824-0.8193j -0.4875-0.5736j -0.2004-0.7135j  0.6076-0.424j   0.0072-0.7054j  0.2071-0.662j  -0.2919-0.6133j  0.6075-0.2544j]  (14s)
μ=0.0600+0.9000i  f=3.4170e+00+7.8130e+00j  |ν_k|=0.699  ν(|ν|>0.5): [-0.5497+2.4386j  1.2689-0.9964j -0.8567-0.8798j  0.1736-0.7998j -0.5083-0.6335j  0.4982-0.6259j  0.0758-0.7775j -0.1233-0.7703j  0.285 -0.7054j -0.235 -0.6895j  0.6089-0.3614j  0.4698-0.5178j]  (13s)
μ=0.0600+0.8000i  f=-6.7767e-01+5.3287e+00j  |ν_k|=0.730  ν(|ν|>0.5): [-1.4675+2.8125j  1.2764-0.7522j -0.9086-1.0518j -0.5562-0.6795j  0.165 -0.8113j  0.5346-0.5982j  0.3513-0.7187j  0.2169-0.7657j -0.0738-0.7879j  0.6083-0.4821j  0.6867-0.2806j -0.3393-0.6463j]  (14s)
μ=0.0600+0.7000i  f=-8.6988e-01+4.2397e+00j  |ν_k|=0.651  ν(|ν|>0.5): [-2.9775+2.7134j -0.8923-1.2821j  1.2299-0.5741j -0.6938-0.6592j -0.3056-0.8447j  0.2231-0.8655j  0.3722-0.701j   0.0263-0.778j   0.5615-0.4947j  0.3299-0.6187j  0.613 -0.2311j  0.5278-0.3812j]  (13s)
μ=0.0600+0.6000i  f=-1.6115e-01+3.0221e+00j  |ν_k|=0.522  ν(|ν|>0.5): [-4.9938+1.5497j -0.7976-1.628j   1.17  -0.4499j -0.2141-1.0903j -0.8676-0.5354j  0.3134-0.9454j  0.1684-0.793j   0.4397-0.6747j  0.5906-0.4131j  0.3079-0.5202j  0.57  -0.1725j  0.5204-0.0401j]  (18s)
μ=0.0600+0.5000i  f=-4.5783e+00+1.1666e+00j  |ν_k|=0.517  ν(|ν|>0.5): [-7.095 -1.2014j -0.6177-2.0938j -0.0267-1.3882j  1.1134-0.359j   0.4584-1.0563j -0.9356-0.3486j  0.3828-0.814j   0.4619-0.609j   0.5851-0.3487j  0.3995-0.5298j  0.5447-0.1383j  0.2822-0.4334j]  (18s)
μ=0.0600+0.5500i  f=-3.8051e+00+1.8559e+00j  |ν_k|=0.615  ν(|ν|>0.5): [-6.079 +0.3933j -0.7217-1.8459j -0.1374-1.2318j  1.1409-0.4012j  0.3651-0.9963j -0.9179-0.4409j  0.3404-0.8055j  0.5475-0.5218j  0.2727-0.6166j  0.4067-0.5367j  0.576 -0.2333j  0.5446-0.2857j]  (14s)
μ=0.0600+0.5750i  f=-5.7352e+00-5.3092e-01j  |ν_k|=0.732  ν(|ν|>0.5): [-5.5379+1.0245j -0.7626-1.7333j  1.1554-0.4247j -0.1792-1.1587j -0.8971-0.4891j  0.3372-0.9584j  0.2741-0.8299j  0.5481-0.6029j  0.4378-0.6848j  0.622 -0.4372j  0.1805-0.7359j  0.671 -0.2924j]  (13s)
μ=0.0600+0.5875i  f=-5.3345e+00+5.3205e+00j  |ν_k|=0.569  ν(|ν|>0.5): [-5.2655+1.3001j -0.7808-1.6798j  1.1626-0.4368j -0.1986-1.125j  -0.8834-0.5127j  0.3082-0.9643j  0.3543-0.7607j  0.5577-0.5127j  0.1569-0.6818j  0.5902-0.248j   0.3278-0.5074j  0.2418-0.5155j]  (18s)
μ=0.0600+0.5813i  f=-7.8104e-01+3.0612e+00j  |ν_k|=0.519  ν(|ν|>0.5): [-5.4017+1.1656j -0.7718-1.7063j  1.1588-0.4308j -0.1882-1.1422j  0.3336-0.9683j -0.8906-0.501j   0.4307-0.683j   0.1924-0.7781j  0.5887-0.4206j  0.3193-0.5225j  0.5726-0.179j   0.5166-0.0533j]  (17s)
μ=0.0600+0.5781i  f=-3.2385e+00+4.7099e+00j  |ν_k|=0.502  ν(|ν|>0.5): [-5.4698+1.0959j -0.7673-1.7197j  1.1571-0.4278j -0.1835-1.1503j -0.8939-0.4951j  0.3396-0.9631j  0.2216-0.8093j  0.4659-0.6456j  0.5957-0.3754j  0.3186-0.5251j  0.5613-0.1522j  0.1354-0.4834j]  (18s)
μ=0.0600+0.5766i  f=-3.0106e+00+4.3034e+00j  |ν_k|=0.528  ν(|ν|>0.5): [-5.5038+1.0604j -0.765 -1.7265j  1.1563-0.4263j -0.1813-1.1544j -0.8955-0.4921j  0.3396-0.9603j  0.2405-0.8198j  0.4824-0.6261j  0.5972-0.3534j  0.3204-0.5301j  0.5554-0.1394j  0.1735-0.499j ]  (18s)
  WARNING: unresolved Δarg=1.053 between (0.06+0.5765625000000001j) and (0.06+0.5750000000000001j)
μ=0.0600+0.4000i  f=-1.9350e+00-2.3281e+00j  |ν_k|=0.552  ν(|ν|>0.5): [-8.3635-5.7866j -0.2798-2.6955j  0.3343-1.7274j  0.6933-1.1674j  1.0651-0.2862j  0.6116-0.8425j -0.9181-0.211j   0.5634-0.5695j  0.4943-0.4461j  0.5868-0.2895j  0.4302-0.3832j  0.5429-0.1015j]  (18s)
μ=0.0600+0.4500i  f=-3.2466e+00-2.7121e-03j  |ν_k|=0.498  ν(|ν|>0.5): [-7.9075-3.2568j -0.4753-2.3749j  0.1261-1.5555j  0.5612-1.1145j  1.088 -0.3209j  0.5   -0.8419j -0.9317-0.2714j  0.481 -0.5838j  0.5658-0.438j   0.571 -0.201j   0.3664-0.4537j]  (22s)
μ=0.0600+0.4250i  f=-3.4091e+00-2.3174e+00j  |ν_k|=0.487  ν(|ν|>0.5): [-8.1901-4.462j  -0.3854-2.5297j  0.2224-1.6416j  0.6238-1.1427j  1.0761-0.3033j  0.5553-0.8421j -0.9256-0.2393j  0.5237-0.5837j  0.5874-0.3616j  0.4301-0.4579j  0.552 -0.1455j]  (21s)
μ=0.0600+0.3000i  f=7.8429e-01-1.5908e+00j  |ν_k|=0.535  ν(|ν|>0.5): [-7.5189-12.2861j  0.387  -3.4901j  0.962  -2.0185j  1.0493 -1.2117j  0.8711 -0.7958j  1.0269 -0.222j  -0.886  -0.1276j  0.7064 -0.5101j  0.5861 -0.3377j  0.5717 -0.2253j  0.534  -0.0619j  0.4856 -0.2237j]  (18s)
μ=0.0600+0.3500i  f=8.2842e-02-3.0820e+00j  |ν_k|=0.510  ν(|ν|>0.5): [-8.2971e+00-8.7949j -6.6609e-03-3.0647j  6.0983e-01-1.889j   8.5485e-01-1.204j   7.3719e-01-0.8313j  1.0446e+00-0.2533j -9.0174e-01-0.1643j  6.2883e-01-0.5455j  5.8814e-01-0.3622j  4.6123e-01-0.3514j  5.4888e-01-0.1626j  4.0697e-01-0.308j ]  (18s)
μ=0.0600+0.2000i  f=8.7033e-01+6.3676e-01j  |ν_k|=0.512  ν(|ν|>0.5): [-2.66  -20.9065j  1.8764 -4.4408j  1.9054 -2.0457j  1.513  -1.0755j  1.145  -0.6419j  0.9983 -0.1612j  0.8548 -0.3929j -0.8608 -0.0734j  0.6638 -0.2329j  0.5646 -0.1624j  0.4908 -0.189j   0.5096 -0.051j ]  (18s)
μ=0.0600+0.2500i  f=1.8339e+00-1.4534e-01j  |ν_k|=0.483  ν(|ν|>0.5): [-5.7784-16.2895j  0.975  -3.9657j  1.3953 -2.0847j  1.2727 -1.1742j  1.0093 -0.7342j  1.0113 -0.1914j  0.7811 -0.4597j -0.8722 -0.098j   0.64   -0.2815j  0.5177 -0.2461j  0.5301 -0.1253j]  (18s)
μ=0.0600+0.2750i  f=1.8828e+00-8.9700e-01j  |ν_k|=0.521  ν(|ν|>0.5): [-6.789 -14.2199j  0.6504 -3.7232j  1.1685 -2.0618j  1.1579 -1.1996j  0.94   -0.7686j  1.0188 -0.2065j  0.7438 -0.4864j -0.8788 -0.112j   0.6201 -0.3136j  0.5558 -0.1686j  0.4524 -0.2717j  0.467  -0.2301j]  (17s)
μ=0.0600+0.1000i  f=-4.5760e-01+2.0703e-01j  |ν_k|=0.468  ν(|ν|>0.5): [13.1832-32.8379j  5.1761 -4.445j   3.0126 -1.4344j  1.9503 -0.6569j  1.3667 -0.3641j  0.9812 -0.199j   0.9737 -0.1061j -0.8458 -0.0337j  0.7086 -0.1201j  0.5785 -0.0889j]  (21s)
μ=0.0600+0.1500i  f=3.2330e-02+7.6915e-01j  |ν_k|=0.466  ν(|ν|>0.5): [ 2.7576-26.3798j  3.2505 -4.7432j  2.4667 -1.8469j  1.7484 -0.9037j  1.268  -0.5177j  0.9871 -0.1317j  0.9216 -0.3069j -0.8521 -0.0524j  0.6917 -0.1777j  0.5552 -0.1375j  0.5099 -0.0948j]  (18s)
μ=0.0600+0.1750i  f=5.2692e-01+8.2870e-01j  |ν_k|=0.457  ν(|ν|>0.5): [-0.3377-23.5148j  2.4945 -4.6326j  2.1826 -1.97j    1.633  -0.9991j  1.2088 -0.5837j  0.9925 -0.1462j  0.8893 -0.3523j -0.8561 -0.0625j  0.6795 -0.2068j  0.5511 -0.1343j  0.5019 -0.1556j]  (21s)
μ=0.0600+0.1250i  f=-3.9011e-01+5.3122e-01j  |ν_k|=0.462  ν(|ν|>0.5): [ 7.0211-29.5261j  4.1516 -4.7089j  2.7478 -1.6698j  1.8555 -0.7893j  1.3211 -0.4442j  0.9816 -0.118j   0.9517 -0.2561j -0.8486 -0.0428j  0.7008 -0.1488j  0.5718 -0.115j ]  (21s)
μ=0.0600+0.0000i  f=1.5383e-01-1.7107e-02j  |ν_k|=0.423  ν(|ν|>0.5): [65.475 +5.9619e-15j  8.2011-2.0897e-14j  3.5849-6.6157e-15j  2.1369+4.3661e-14j  1.4525-3.9099e-13j  1.0618+4.9675e-12j  0.9347-1.0570e-11j -0.8409-9.9456e-15j  0.7237-1.5001e-09j  0.582 -3.9880e-07j  0.5007+4.0200e-05j]  (22s)
μ=0.0600+0.0500i  f=-1.5227e-01-2.2090e-01j  |ν_k|=0.435  ν(|ν|>0.5): [36.8486-3.5297e+01j  7.235 -2.8903e+00j  3.4275-7.9439e-01j  2.0879-3.4683e-01j  1.4305-1.8806e-01j  1.043 -9.5081e-02j  0.9427-6.1688e-02j -0.8421-1.6513e-02j  0.7198-6.0810e-02j  0.5823-4.2494e-02j]  (22s)
μ=0.0600+0.0750i  f=-3.4543e-01-1.0630e-01j  |ν_k|=0.475  ν(|ν|>0.5): [22.5453-3.5624e+01j  6.2504-3.8595e+00j  3.245 -1.1406e+00j  2.0289-5.0845e-01j  1.4035-2.7828e-01j  1.0162-1.4192e-01j  0.9564-9.0544e-02j -0.8437-2.4985e-02j  0.7151-9.0750e-02j  0.5807-6.5126e-02j]  (18s)
μ=0.0600+0.0250i  f=5.3894e-02-1.7772e-01j  |ν_k|=0.432  ν(|ν|>0.5): [55.1945-2.5174e+01j  7.942 -1.5581e+00j  3.5445-4.0808e-01j  2.1245-1.7585e-01j  1.447 -9.4800e-02j  1.0572-4.8102e-02j  0.9365-3.0829e-02j -0.8412-8.2135e-03j  0.7227-3.0547e-02j  0.5825-2.0413e-02j]  (21s)
μ=0.0600+0.0375i  f=-4.0074e-02-2.0974e-01j  |ν_k|=0.455  ν(|ν|>0.5): [45.9119-3.2035e+01j  7.6353-2.2638e+00j  3.4951-6.0521e-01j  2.1092-2.6224e-01j  1.4401-1.4172e-01j  1.0514-7.1784e-02j  0.939 -4.6262e-02j -0.8416-1.2347e-02j  0.7214-4.5808e-02j  0.5836-3.0422e-02j]  (18s)
μ=0.0600+0.0125i  f=1.1936e-01-1.0587e-01j  |ν_k|=0.433  ν(|ν|>0.5): [62.5879-1.4112e+01j  8.1351-7.9438e-01j  3.5747-2.0544e-01j  2.1338-8.8235e-02j  1.4511-4.7497e-02j  1.0606-2.4135e-02j  0.9352-1.5390e-02j -0.841 -4.1014e-03j  0.7235-1.5359e-02j  0.5815-9.3144e-03j  0.5036-1.6396e-02j]  (21s)
edge (0.06+1.5j) → (0.06+0j): accumulated Δarg/π = 5.9648
RESULT l5: zeros of det(I−T_μ) in R = 5.965   (max |ν_k| on ∂R = 0.732; 66 evaluations)
