# contour count l3: λ=1.1842533 m=1.9999998164 hs=0.025; R=[0.06,1.5]x[-1.5,1.5], k=12
μ=1.5000+0.0000i  f=1.2403e-01-5.0896e-08j  |ν_k|=0.084  ν(|ν|>0.5): []  (40s)
μ=1.5000+0.1000i  f=1.2349e-01+3.2062e-02j  |ν_k|=0.084  ν(|ν|>0.5): []  (37s)
μ=1.5000+0.2000i  f=1.2194e-01+6.5060e-02j  |ν_k|=0.082  ν(|ν|>0.5): []  (37s)
μ=1.5000+0.3000i  f=1.1981e-01+9.8681e-02j  |ν_k|=0.083  ν(|ν|>0.5): []  (33s)
μ=1.5000+0.4000i  f=1.1713e-01+1.3491e-01j  |ν_k|=0.084  ν(|ν|>0.5): []  (32s)
μ=1.5000+0.5000i  f=1.1482e-01+1.7379e-01j  |ν_k|=0.085  ν(|ν|>0.5): []  (32s)
μ=1.5000+0.6000i  f=1.1372e-01+2.1593e-01j  |ν_k|=0.086  ν(|ν|>0.5): []  (29s)
μ=1.5000+0.7000i  f=1.1478e-01+2.6120e-01j  |ν_k|=0.087  ν(|ν|>0.5): []  (32s)
μ=1.5000+0.8000i  f=1.1916e-01+3.0971e-01j  |ν_k|=0.088  ν(|ν|>0.5): []  (30s)
μ=1.5000+0.9000i  f=1.2742e-01+3.6056e-01j  |ν_k|=0.089  ν(|ν|>0.5): []  (26s)
μ=1.5000+1.0000i  f=1.4030e-01+4.1453e-01j  |ν_k|=0.090  ν(|ν|>0.5): []  (27s)
μ=1.5000+1.1000i  f=1.6162e-01+4.6854e-01j  |ν_k|=0.086  ν(|ν|>0.5): []  (30s)
μ=1.5000+1.2000i  f=1.8858e-01+5.2229e-01j  |ν_k|=0.083  ν(|ν|>0.5): []  (33s)
μ=1.5000+1.3000i  f=2.2100e-01+5.7511e-01j  |ν_k|=0.082  ν(|ν|>0.5): []  (30s)
μ=1.5000+1.4000i  f=2.5488e-01+6.1693e-01j  |ν_k|=0.090  ν(|ν|>0.5): []  (26s)
μ=1.5000+1.5000i  f=2.9208e-01+6.6013e-01j  |ν_k|=0.093  ν(|ν|>0.5): []  (26s)
edge (1.5+0j) → (1.5+1.5j): accumulated Δarg/π = 0.3674
μ=1.4040+1.5000i  f=2.5612e-01+7.1554e-01j  |ν_k|=0.092  ν(|ν|>0.5): []  (26s)
μ=1.3080+1.5000i  f=2.0685e-01+7.6044e-01j  |ν_k|=0.097  ν(|ν|>0.5): []  (30s)
μ=1.2120+1.5000i  f=1.0626e-01+8.6180e-01j  |ν_k|=0.107  ν(|ν|>0.5): []  (25s)
μ=1.1160+1.5000i  f=5.0120e-02+9.1366e-01j  |ν_k|=0.108  ν(|ν|>0.5): []  (45s)
μ=1.0200+1.5000i  f=-4.6279e-02+1.0341e+00j  |ν_k|=0.113  ν(|ν|>0.5): []  (61s)
μ=0.9240+1.5000i  f=-1.3109e-01+1.0605e+00j  |ν_k|=0.126  ν(|ν|>0.5): []  (33s)
μ=0.8280+1.5000i  f=-2.5862e-01+1.1800e+00j  |ν_k|=0.127  ν(|ν|>0.5): [0.1845-0.4851j]  (55s)
μ=0.7320+1.5000i  f=-5.5406e-01+8.1174e-01j  |ν_k|=0.174  ν(|ν|>0.5): [ 0.1731-0.5296j -0.2218-0.4546j]  (22s)
μ=0.6360+1.5000i  f=-6.8219e-01+9.1539e-01j  |ν_k|=0.173  ν(|ν|>0.5): [ 0.1562-0.5797j -0.2609-0.4607j -0.1541+0.4948j]  (23s)
μ=0.5400+1.5000i  f=-1.1295e+00+1.0744e+00j  |ν_k|=0.185  ν(|ν|>0.5): [ 0.1323-0.6365j -0.1385+0.5423j -0.3003-0.462j ]  (23s)
μ=0.4440+1.5000i  f=-1.2385e+00+9.0169e-01j  |ν_k|=0.216  ν(|ν|>0.5): [ 0.0986-0.7016j -0.1148+0.5941j -0.3383-0.4584j]  (24s)
μ=0.3480+1.5000i  f=-1.8454e+00+1.0470e+00j  |ν_k|=0.237  ν(|ν|>0.5): [ 0.0516-0.7772j -0.0804+0.6489j -0.3731-0.4499j]  (23s)
μ=0.2520+1.5000i  f=-1.6605e+00+7.0649e-01j  |ν_k|=0.266  ν(|ν|>0.5): [-0.0141-0.8661j -0.0328+0.7042j -0.403 -0.4367j]  (22s)
μ=0.1560+1.5000i  f=-3.0551e+00+9.2280e-01j  |ν_k|=0.286  ν(|ν|>0.5): [-0.1058-0.9715j  0.0299+0.7562j -0.4267-0.4188j]  (21s)
μ=0.0600+1.5000i  f=-1.5551e+00-6.8257e-01j  |ν_k|=0.333  ν(|ν|>0.5): [-0.2063-1.0897j  0.4057-0.7179j -0.1764-0.8035j  0.1081+0.7996j  0.5726-0.3577j -0.4525-0.4172j  0.5055-0.1023j]  (21s)
edge (1.5+1.5j) → (0.06+1.5j): accumulated Δarg/π = 1.1317
μ=0.0600+1.4000i  f=-1.2568e+00-5.7915e-01j  |ν_k|=0.351  ν(|ν|>0.5): [-0.0724-1.2213j  0.0608+0.8973j  0.0929-0.862j   0.5293-0.5603j -0.3164-0.5378j -0.466 -0.4039j  0.5623-0.2212j]  (21s)
μ=0.0600+1.3000i  f=-1.0402e+00-5.2335e-01j  |ν_k|=0.317  ν(|ν|>0.5): [ 0.1396-1.3406j -0.0108+1.0152j  0.3363-0.7948j -0.2264-0.6847j  0.5876-0.3984j -0.5165-0.4321j  0.5288-0.116j ]  (20s)
μ=0.0600+1.2000i  f=-1.2356e+00-1.2567e+00j  |ν_k|=0.334  ν(|ν|>0.5): [ 0.4072-1.3761j -0.1229+1.1583j  0.4982-0.6499j -0.0759-0.7888j -0.5587-0.463j   0.5873-0.2585j -0.3161-0.4669j]  (21s)
μ=0.0600+1.1000i  f=-9.8165e-01-1.1598e+00j  |ν_k|=0.330  ν(|ν|>0.5): [ 0.6684-1.3095j -0.3063+1.3281j  0.1374-0.8119j -0.6128-0.4946j  0.5749-0.4709j -0.2655-0.586j   0.5492-0.1456j -0.3731-0.3509j]  (21s)
μ=0.0600+1.0000i  f=-7.5285e-01-1.0794e+00j  |ν_k|=0.297  ν(|ν|>0.5): [-0.6165+1.5113j  0.8745-1.1715j -0.6655-0.5358j  0.3705-0.7277j -0.1562-0.7069j  0.5912-0.303j  -0.4128-0.4038j  0.1426-0.5234j  0.4987-0.0586j]  (22s)
μ=0.0600+0.9000i  f=-5.5287e-02-1.4635e+00j  |ν_k|=0.308  ν(|ν|>0.5): [-1.1444+1.6492j  1.0189-1.0002j -0.6725-0.5734j -0.0074-0.7892j  0.5308-0.5636j -0.5121-0.4662j  0.5678-0.175j   0.1916-0.5619j -0.211 -0.4739j]  (21s)
μ=0.0600+0.8000i  f=1.0424e+00-1.7717e+00j  |ν_k|=0.313  ν(|ν|>0.5): [-2.0123+1.5857j  1.0996-0.8134j -0.5935-0.7567j  0.1559-0.7906j -0.6896-0.3801j  0.5827-0.3794j  0.2664-0.5935j -0.1265-0.5903j  0.5184-0.0827j]  (21s)
μ=0.0600+0.7000i  f=1.2198e+00-1.1350e+00j  |ν_k|=0.354  ν(|ν|>0.5): [-3.3225+1.0504j  1.1155-0.6422j -0.5729-1.005j  -0.7399-0.2416j  0.2554-0.7331j  0.0106-0.7225j  0.4104-0.5871j  0.5737-0.224j ]  (21s)
μ=0.0600+0.6000i  f=1.2848e+00-5.1723e-01j  |ν_k|=0.322  ν(|ν|>0.5): [-4.9698-0.2845j -0.5156-1.3195j  1.0947-0.5125j  0.1895-0.8654j  0.32  -0.6932j -0.7186-0.1357j  0.5342-0.4636j  0.533 -0.1162j]  (21s)
μ=0.0600+0.5000i  f=1.2197e+00+6.5908e-01j  |ν_k|=0.302  ν(|ν|>0.5): [-6.4957-2.8034j -0.368 -1.732j   1.0702-0.4141j  0.3791-0.9964j  0.4391-0.6602j -0.6813-0.0774j  0.5677-0.2987j  0.305 -0.4302j]  (26s)
μ=0.0600+0.5500i  f=1.3652e+00+4.1146e-02j  |ν_k|=0.306  ν(|ν|>0.5): [-5.7882-1.3736j -0.4591-1.5131j  1.0878-0.4583j  0.315 -0.9235j  0.45  -0.5551j -0.6997-0.102j   0.2617-0.6264j  0.5573-0.1954j]  (25s)
μ=0.0600+0.4000i  f=4.8763e-01+9.3672e-01j  |ν_k|=0.323  ν(|ν|>0.5): [-7.17  -6.7784j -0.0336-2.2625j  0.6283-1.1064j  1.0426-0.3268j  0.5795-0.6332j -0.6505-0.0457j  0.4581-0.3996j  0.5409-0.1702j]  (22s)
μ=0.0600+0.3000i  f=-2.0040e-01+7.5042e-01j  |ν_k|=0.302  ν(|ν|>0.5): [-6.0816-12.3006j  0.6696 -2.8772j  0.9886 -1.1655j  1.012  -0.2527j  0.7512 -0.5739j  0.5657 -0.2998j -0.6283 -0.027j ]  (21s)
μ=0.0600+0.2000i  f=-5.8183e-01+1.0809e-02j  |ν_k|=0.280  ν(|ν|>0.5): [-1.8068-1.9876e+01j  2.0427-3.3285e+00j  1.4662-1.0634e+00j  0.9402-4.4347e-01j  0.9868-1.8829e-01j  0.6105-1.9174e-01j -0.6137-1.5202e-02j]  (25s)
μ=0.0600+0.2500i  f=-5.2860e-01+4.2986e-01j  |ν_k|=0.309  ν(|ν|>0.5): [-4.5011-15.7435j  1.2506 -3.1564j  1.2162 -1.1446j  1.002  -0.2202j  0.8456 -0.523j  -0.6202 -0.0205j  0.5555 -0.2454j  0.5172 -0.1507j]  (21s)
μ=0.0600+0.1000i  f=-1.1198e-01-3.3137e-01j  |ν_k|=0.290  ν(|ν|>0.5): [12.6339-3.1805e+01j  4.2118-2.7294e+00j  1.9351-6.6615e-01j  1.1158-2.4065e-01j  0.952 -1.0811e-01j  0.635 -9.9387e-02j -0.6053-6.8499e-03j]  (25s)
μ=0.0600+0.1500i  f=-4.0567e-01-1.7006e-01j  |ν_k|=0.293  ν(|ν|>0.5): [ 2.9385-2.5120e+01j  3.06  -3.2531e+00j  1.7166-9.0638e-01j  1.0348-3.4822e-01j  0.9705-1.5187e-01j  0.6216-1.5582e-01j -0.6088-1.0732e-02j]  (21s)
μ=0.0600+0.1250i  f=-2.7131e-01-2.8384e-01j  |ν_k|=0.303  ν(|ν|>0.5): [ 6.8223-2.8314e+01j  3.632 -3.0604e+00j  1.8321-7.9644e-01j  1.0777-2.9548e-01j  0.9611-1.3165e-01j  0.6263-1.2734e-01j -0.6069-8.7321e-03j]  (22s)
μ=0.0600+0.0000i  f=2.4354e-01+5.8781e-06j  |ν_k|=0.294  ν(|ν|>0.5): [64.7553+1.4923e-14j  5.6109-2.1553e-15j  2.1393+1.5927e-15j  1.1859-3.3202e-13j  0.9384+1.6387e-12j  0.6471-1.7811e-11j -0.6026-1.5913e-14j]  (21s)
μ=0.0600+0.0500i  f=1.0244e-01-2.5676e-01j  |ν_k|=0.269  ν(|ν|>0.5): [35.9492-3.4925e+01j  5.2053-1.6033e+00j  2.0855-3.5401e-01j  1.1684-1.2452e-01j  0.941 -5.4475e-02j  0.6464-5.1640e-02j -0.6033-3.3362e-03j]  (21s)
μ=0.0600+0.0250i  f=2.0610e-01-1.4519e-01j  |ν_k|=0.280  ν(|ν|>0.5): [54.3819-2.5087e+01j  5.5054-8.3742e-01j  2.1257-1.7978e-01j  1.1816-6.2923e-02j  0.9389-2.7138e-02j  0.6472-2.6648e-02j -0.6028-1.6571e-03j]  (21s)
edge (0.06+1.5j) → (0.06+0j): accumulated Δarg/π = 4.0000
RESULT l3: zeros of det(I−T_μ) in R = 4.000   (max |ν_k| on ∂R = 0.354; 52 evaluations)
