# contour v2 A5: λ=1.1194818 m=1.9999994791 hs=0.025 s_start=-20.0; R=[0.06,1.5]x[-1.5,1.5], k=16
μ=1.50000+0.00000i f=7.1397e-02-6.5096e-06j |ν_k|=0.092 ν≈1: 0.4899+0.1027j |ν|>0.5: [0.49+0.103j 0.49-0.103j] (52s)
μ=1.50000+0.25000i f=6.2762e-02+6.0703e-02j |ν_k|=0.092 ν≈1: 0.4798-0.0139j |ν|>0.5: [0.454-0.228j] (54s)
μ=1.50000+0.12500i f=6.9227e-02+2.9661e-02j |ν_k|=0.092 ν≈1: 0.4893+0.0420j |ν|>0.5: [0.479-0.166j] (48s)
μ=1.50000+0.50000i f=3.7396e-02+1.3355e-01j |ν_k|=0.092 ν≈1: 0.4436-0.1102j |ν|>0.5: [] (48s)
μ=1.50000+0.37500i f=5.2080e-02+9.4717e-02j |ν_k|=0.092 ν≈1: 0.4641-0.0646j |ν|>0.5: [0.417-0.283j] (48s)
μ=1.50000+0.75000i f=4.2196e-03+2.3102e-01j |ν_k|=0.092 ν≈1: 0.3922-0.1870j |ν|>0.5: [] (85s)
μ=1.50000+1.00000i f=-2.3561e-02+3.6855e-01j |ν_k|=0.092 ν≈1: 0.3315-0.2450j |ν|>0.5: [] (51s)
μ=1.50000+1.25000i f=-1.5896e-02+5.4621e-01j |ν_k|=0.088 ν≈1: 0.2664-0.2843j |ν|>0.5: [] (47s)
μ=1.50000+1.50000i f=5.1397e-02+7.3820e-01j |ν_k|=0.088 ν≈1: 0.2019-0.3056j |ν|>0.5: [] (40s)
edge (1.5+0j) → (1.5+1.5j): accumulated Δarg/π = 0.4779
μ=1.26000+1.50000i f=-1.7418e-01+8.5223e-01j |ν_k|=0.097 ν≈1: 0.2115-0.3733j |ν|>0.5: [] (43s)
μ=1.02000+1.50000i f=-4.6399e-01+7.7731e-01j |ν_k|=0.106 ν≈1: 0.1111-0.0490j |ν|>0.5: [0.212-0.46j] (31s)
μ=0.78000+1.50000i f=-1.1726e+00+7.8523e-01j |ν_k|=0.134 ν≈1: 0.1052-0.1600j |ν|>0.5: [ 0.194-0.572j -0.141+0.571j -0.19 -0.523j] (41s)
μ=0.54000+1.50000i f=-1.9902e+00+5.3337e-01j |ν_k|=0.173 ν≈1: 0.1310-0.1124j |ν|>0.5: [ 0.139-0.724j -0.07 +0.696j -0.292-0.557j] (41s)
μ=0.30000+1.50000i f=-3.4407e+00-1.2773e-01j |ν_k|=0.225 ν≈1: 0.1785-0.1535j |ν|>0.5: [-0.001-0.951j  0.07 +0.822j -0.385-0.559j] (42s)
μ=0.06000+1.50000i f=1.6606e-01-7.8011e-01j |ν_k|=0.389 ν≈1: 0.5369-0.1131j |ν|>0.5: [-0.345-1.324j  0.292+0.893j  0.047-0.892j  0.405-0.775j  0.581-0.52j  -0.304-0.7j   -0.479-0.516j  0.598-0.281j -0.235-0.548j  0.537-0.113j -0.429-0.341j] (21s)
μ=0.18000+1.50000i f=3.7083e-01-2.3754e+00j |ν_k|=0.369 ν≈1: 0.3403-0.1635j |ν|>0.5: [-0.136-1.114j  0.173+0.869j -0.418-0.543j] (21s)
μ=0.24000+1.50000i f=-2.4925e+00-1.9172e+00j |ν_k|=0.252 ν≈1: 0.2155-0.2478j |ν|>0.5: [-0.061-1.027j  0.119+0.848j -0.402-0.553j] (40s)
μ=0.27000+1.50000i f=-2.8784e+00-2.1520e-02j |ν_k|=0.225 ν≈1: 0.2210-0.0397j |ν|>0.5: [-0.029-0.987j  0.094+0.836j -0.394-0.557j] (32s)
μ=0.25500+1.50000i f=-3.7863e+00-1.4341e+00j |ν_k|=0.246 ν≈1: 0.1883-0.1794j |ν|>0.5: [-0.045-1.007j  0.106+0.842j -0.398-0.555j] (42s)
μ=0.21000+1.50000i f=-2.7784e+00-6.1327e-01j |ν_k|=0.250 ν≈1: 0.2589-0.0699j |ν|>0.5: [-0.096-1.069j  0.145+0.859j -0.41 -0.549j] (30s)
μ=0.19500+1.50000i f=-3.6234e+00-9.4068e-01j |ν_k|=0.251 ν≈1: 0.2623-0.1037j |ν|>0.5: [-0.116-1.091j  0.159+0.864j -0.414-0.546j] (34s)
μ=0.18750+1.50000i f=-1.7051e+00-2.0693e+00j |ν_k|=0.271 ν≈1: 0.2330-0.1685j |ν|>0.5: [-0.125-1.102j  0.166+0.867j -0.416-0.545j] (40s)
μ=0.19125+1.50000i f=-2.4849e+00-2.1700e+00j |ν_k|=0.259 ν≈1: 0.2174-0.1785j |ν|>0.5: [-0.12 -1.096j  0.162+0.866j -0.415-0.545j] (44s)
μ=0.18375+1.50000i f=-1.7611e+00-2.2200e+00j |ν_k|=0.279 ν≈1: 0.2238-0.1662j |ν|>0.5: [-0.131-1.108j  0.169+0.868j -0.417-0.544j] (43s)
μ=0.18188+1.50000i f=-1.0883e+00-8.4906e-01j |ν_k|=0.274 ν≈1: 0.2920-0.0805j |ν|>0.5: [-0.133-1.111j  0.171+0.869j -0.417-0.544j] (35s)
μ=0.18094+1.50000i f=-1.1000e+00-7.5260e-01j |ν_k|=0.281 ν≈1: 0.2948-0.0807j |ν|>0.5: [-0.134-1.112j  0.172+0.869j -0.418-0.543j] (34s)
  UNRESOLVED Δarg=1.126 between 0.180938+1.500000j and 0.180000+1.500000j; min|1−ν| there = 6.80e-01
edge (1.5+1.5j) → (0.06+1.5j): accumulated Δarg/π = 1.5668
μ=0.06000+1.40000i f=7.5547e-01-1.0679e+00j |ν_k|=0.373 ν≈1: 0.5818-0.2269j |ν|>0.5: [-0.109-1.515j  0.281+1.01j   0.129-0.869j  0.46 -0.709j -0.221-0.728j  0.592-0.448j -0.484-0.546j  0.582-0.227j -0.248-0.552j -0.411-0.38j  -0.466-0.255j  0.512-0.08j ] (35s)
μ=0.06000+1.30000i f=6.9083e-01-9.1713e-01j |ν_k|=0.372 ν≈1: 0.5625-0.1709j |ν|>0.5: [ 0.201-1.636j  0.259+1.159j  0.228-0.834j  0.515-0.629j -0.131-0.768j -0.504-0.563j  0.598-0.369j -0.248-0.562j -0.497-0.332j  0.563-0.171j -0.378-0.436j] (32s)
μ=0.06000+1.20000i f=1.8133e+00-8.9299e-01j |ν_k|=0.343 ν≈1: 0.5476-0.1205j |ν|>0.5: [ 0.556-1.645j  0.216+1.356j  0.327-0.803j -0.049-0.811j -0.567-0.569j  0.567-0.554j  0.605-0.298j -0.509-0.433j -0.256-0.605j -0.342-0.476j  0.548-0.12j   0.016-0.509j] (43s)
μ=0.06000+1.10000i f=8.1687e-01-4.9240e-01j |ν_k|=0.370 ν≈1: 0.6028-0.2439j |ν|>0.5: [ 0.897-1.519j  0.122+1.624j -0.679-0.631j  0.397-0.769j  0.015-0.834j  0.597-0.491j -0.485-0.512j -0.249-0.658j  0.603-0.244j -0.327-0.478j  0.058-0.574j  0.532-0.084j] (36s)
μ=0.06000+1.00000i f=1.3717e+00+8.4503e-02j |ν_k|=0.371 ν≈1: 0.5819-0.1962j |ν|>0.5: [-0.086+1.99j   1.15 -1.278j -0.775-0.74j   0.446-0.704j  0.079-0.819j -0.488-0.571j  0.6  -0.423j -0.207-0.695j  0.114-0.64j   0.582-0.196j -0.309-0.49j   0.506-0.056j] (31s)
μ=0.06000+1.05000i f=1.2124e+00-4.0921e-01j |ν_k|=0.381 ν≈1: 0.5611-0.1357j |ν|>0.5: [ 0.039+1.794j  1.039-1.409j -0.729-0.682j  0.242-0.822j  0.544-0.605j -0.122-0.777j -0.486-0.545j  0.612-0.328j -0.286-0.569j  0.083-0.607j  0.561-0.136j -0.333-0.403j] (29s)
μ=0.06000+0.90000i f=1.0387e+00+4.8872e-01j |ν_k|=0.386 ν≈1: 0.5585-0.1426j |ν|>0.5: [-0.55 +2.439j  1.269-0.996j -0.857-0.88j  -0.51 -0.633j  0.145-0.792j  0.505-0.622j -0.14 -0.743j  0.2  -0.707j  0.602-0.344j -0.31 -0.534j  0.559-0.143j -0.247-0.447j] (22s)
μ=0.06000+0.80000i f=7.4057e-01+7.2936e-01j |ν_k|=0.383 ν≈1: 0.5430-0.1017j |ν|>0.5: [-1.468+2.812j  1.276-0.752j -0.909-1.052j -0.556-0.679j  0.177-0.823j  0.305-0.729j  0.552-0.561j -0.082-0.782j -0.336-0.643j  0.605-0.284j  0.543-0.102j -0.171-0.483j] (26s)
μ=0.06000+0.70000i f=-1.9018e-01+1.3811e+00j |ν_k|=0.365 ν≈1: 0.5836-0.2314j |ν|>0.5: [-2.978+2.713j -0.892-1.282j  1.23 -0.574j -0.694-0.659j -0.306-0.845j  0.223-0.865j  0.378-0.707j  0.022-0.78j   0.567-0.487j  0.584-0.231j  0.236-0.472j  0.515-0.071j -0.051-0.5j  ] (41s)
μ=0.06000+0.75000i f=5.0757e-01+1.2059e+00j |ν_k|=0.392 ν≈1: 0.5686-0.1617j |ν|>0.5: [-2.147+2.856j -0.912-1.156j  1.257-0.655j -0.61 -0.678j  0.088-0.862j  0.263-0.77j  -0.325-0.745j  0.462-0.655j  0.601-0.384j -0.12 -0.628j  0.569-0.162j] (31s)
μ=0.06000+0.72500i f=-2.0073e-01+1.6342e+00j |ν_k|=0.355 ν≈1: 0.5427-0.1131j |ν|>0.5: [-2.544+2.813j -0.905-1.216j  1.244-0.613j -0.649-0.672j  0.165-0.873j -0.315-0.792j  0.314-0.743j  0.525-0.577j -0.061-0.709j  0.597-0.304j  0.543-0.113j  0.222-0.462j] (42s)
μ=0.06000+0.60000i f=-7.9717e-01+8.3605e-01j |ν_k|=0.349 ν≈1: 0.5707-0.1761j |ν|>0.5: [-4.994+1.55j  -0.798-1.628j  1.17 -0.45j  -0.214-1.09j  -0.868-0.535j  0.313-0.945j  0.168-0.793j  0.44 -0.675j  0.59 -0.413j  0.571-0.176j  0.302-0.514j] (40s)
μ=0.06000+0.65000i f=-9.4912e-01+1.2815e+00j |ν_k|=0.381 ν≈1: 0.5413-0.1160j |ν|>0.5: [-3.939+2.303j -0.853-1.439j  1.2  -0.506j -0.27 -0.964j -0.787-0.612j  0.21 -0.903j  0.307-0.782j  0.513-0.582j  0.594-0.311j  0.034-0.65j   0.266-0.492j  0.541-0.116j] (40s)
μ=0.06000+0.50000i f=-1.0869e+00-4.9416e-01j |ν_k|=0.339 ν≈1: 1.1134-0.3590j |ν|>0.5: [-7.095-1.201j -0.618-2.094j -0.027-1.388j  1.113-0.359j  0.458-1.056j -0.936-0.349j  0.383-0.814j  0.462-0.609j  0.585-0.349j  0.399-0.53j   0.546-0.138j] (43s)
μ=0.06000+0.55000i f=-1.1343e+00+2.6785e-01j |ν_k|=0.331 ν≈1: 1.1409-0.4012j |ν|>0.5: [-6.079+0.393j -0.722-1.846j -0.137-1.232j  1.141-0.401j  0.365-0.996j -0.918-0.441j  0.34 -0.806j  0.544-0.524j  0.589-0.259j  0.332-0.542j  0.235-0.586j  0.523-0.083j] (43s)
μ=0.06000+0.57500i f=-7.4250e-01+6.9099e-01j |ν_k|=0.332 ν≈1: 1.1554-0.4247j |ν|>0.5: [-5.538+1.025j -0.763-1.733j  1.155-0.425j -0.179-1.159j -0.897-0.489j  0.337-0.959j  0.262-0.826j  0.498-0.606j  0.598-0.332j  0.321-0.528j  0.549-0.125j  0.143-0.532j] (41s)
μ=0.06000+0.52500i f=-1.0464e+00+1.3751e-01j |ν_k|=0.352 ν≈1: 1.1268-0.3794j |ν|>0.5: [-6.603-0.348j -0.674-1.966j -0.087-1.309j  1.127-0.379j  0.411-1.03j  -0.93 -0.393j  0.36 -0.78j   0.367-0.645j  0.573-0.436j  0.349-0.53j   0.57 -0.194j] (40s)
μ=0.06000+0.51250i f=-1.0911e+00-1.6932e-01j |ν_k|=0.349 ν≈1: 1.1202-0.3690j |ν|>0.5: [-6.854-0.76j  -0.647-2.029j -0.058-1.347j  1.12 -0.369j  0.432-1.039j -0.934-0.371j  0.374-0.827j  0.527-0.525j  0.39 -0.569j  0.584-0.266j  0.27 -0.487j  0.521-0.088j] (42s)
μ=0.06000+0.40000i f=-1.1568e-01-7.7973e-01j |ν_k|=0.340 ν≈1: 1.0651-0.2862j |ν|>0.5: [-8.363-5.787j -0.28 -2.696j  0.334-1.727j  0.693-1.167j  1.065-0.286j  0.612-0.842j -0.918-0.211j  0.563-0.569j  0.496-0.448j  0.587-0.288j  0.528-0.1j    0.357-0.37j ] (43s)
μ=0.06000+0.45000i f=-6.6990e-01-5.3462e-01j |ν_k|=0.352 ν≈1: 1.0880-0.3209j |ν|>0.5: [-7.908-3.257j -0.475-2.375j  0.126-1.555j  0.561-1.115j  1.088-0.321j  0.5  -0.842j -0.932-0.271j  0.481-0.584j  0.566-0.438j  0.571-0.201j  0.366-0.454j] (41s)
μ=0.06000+0.42500i f=-5.0967e-01-5.4214e-01j |ν_k|=0.335 ν≈1: 1.0761-0.3033j |ν|>0.5: [-8.19 -4.462j -0.385-2.53j   0.222-1.642j  0.624-1.143j  1.076-0.303j  0.555-0.842j -0.926-0.239j  0.524-0.584j  0.587-0.362j  0.43 -0.458j  0.552-0.145j] (41s)
μ=0.06000+0.41250i f=-3.2781e-01-6.8805e-01j |ν_k|=0.355 ν≈1: 1.0706-0.2945j |ν|>0.5: [-8.292-5.109j -0.335-2.611j  0.276-1.685j  0.657-1.155j  1.071-0.294j  0.581-0.846j -0.922-0.225j  0.536-0.569j  0.56 -0.438j  0.575-0.211j  0.387-0.408j  0.5  -0.055j] (46s)
μ=0.06000+0.30000i f=4.0790e-01-2.3249e-01j |ν_k|=0.342 ν≈1: 1.0269-0.2220j |ν|>0.5: [-7.519-12.286j  0.387 -3.49j   0.962 -2.018j  1.049 -1.212j  0.871 -0.796j  1.027 -0.222j -0.886 -0.128j  0.706 -0.51j   0.586 -0.338j  0.574 -0.229j  0.426 -0.293j  0.503 -0.067j] (48s)
μ=0.06000+0.35000i f=1.1610e-01-5.6181e-01j |ν_k|=0.337 ν≈1: 1.0446-0.2533j |ν|>0.5: [-8.297e+00-8.795j -6.661e-03-3.065j  6.098e-01-1.889j  8.549e-01-1.204j  7.372e-01-0.831j  1.045e+00-0.253j -9.017e-01-0.164j  6.288e-01-0.546j  5.882e-01-0.362j  4.628e-01-0.356j  5.503e-01-0.16j ] (66s)
μ=0.06000+0.32500i f=4.1759e-01-3.8866e-01j |ν_k|=0.327 ν≈1: 1.0354-0.2376j |ν|>0.5: [-8.011-10.479j  0.171 -3.27j   0.776 -1.959j  0.948 -1.213j  0.803 -0.816j  1.035 -0.238j -0.894 -0.145j  0.668 -0.531j  0.586 -0.304j  0.531 -0.341j  0.527 -0.108j] (58s)
μ=0.06000+0.33750i f=2.8041e-01-4.9582e-01j |ν_k|=0.350 ν≈1: 1.0400-0.2454j |ν|>0.5: [-8.178-9.622j  0.078-3.166j  0.69 -1.925j  0.901-1.209j  0.77 -0.824j  1.04 -0.245j -0.898-0.154j  0.65 -0.537j  0.568-0.379j  0.57 -0.223j  0.42 -0.328j  0.499-0.064j] (47s)
μ=0.06000+0.20000i f=1.3496e-01+2.0052e-01j |ν_k|=0.339 ν≈1: 0.9983-0.1612j |ν|>0.5: [-2.66 -20.907j  1.876 -4.441j  1.905 -2.046j  1.513 -1.075j  1.145 -0.642j  0.998 -0.161j  0.855 -0.393j -0.861 -0.073j  0.664 -0.233j  0.563 -0.165j  0.466 -0.193j] (43s)
μ=0.06000+0.25000i f=3.3208e-01-2.5885e-03j |ν_k|=0.323 ν≈1: 1.0113-0.1914j |ν|>0.5: [-5.778-16.289j  0.975 -3.966j  1.395 -2.085j  1.273 -1.174j  1.009 -0.734j  1.011 -0.191j  0.781 -0.46j  -0.872 -0.098j  0.64  -0.282j  0.517 -0.246j  0.532 -0.123j] (41s)
μ=0.06000+0.22500i f=2.3834e-01+1.8507e-01j |ν_k|=0.325 ν≈1: 1.0045-0.1763j |ν|>0.5: [-4.43 -18.51j   1.377 -4.21j   1.642 -2.082j  1.392 -1.133j  1.078 -0.692j  1.005 -0.176j  0.818 -0.429j -0.866 -0.085j  0.65  -0.255j  0.552 -0.208j  0.505 -0.078j] (44s)
μ=0.06000+0.23750i f=2.9848e-01+1.0184e-01j |ν_k|=0.340 ν≈1: 1.0079-0.1838j |ν|>0.5: [-5.151-17.38j   1.165 -4.088j  1.516 -2.087j  1.332 -1.156j  1.044 -0.714j  1.008 -0.184j  0.8   -0.445j -0.869 -0.091j  0.641 -0.274j  0.557 -0.174j  0.471 -0.229j] (43s)
μ=0.06000+0.10000i f=-9.7016e-02+1.9270e-02j |ν_k|=0.323 ν≈1: 0.9737-0.1061j |ν|>0.5: [13.183-32.838j  5.176 -4.445j  3.013 -1.434j  1.95  -0.657j  1.367 -0.364j  0.981 -0.199j  0.974 -0.106j -0.846 -0.034j  0.709 -0.12j   0.578 -0.089j] (48s)
μ=0.06000+0.15000i f=-2.1222e-02+1.5827e-01j |ν_k|=0.308 ν≈1: 0.9871-0.1317j |ν|>0.5: [ 2.758-26.38j   3.25  -4.743j  2.467 -1.847j  1.748 -0.904j  1.268 -0.518j  0.987 -0.132j  0.922 -0.307j -0.852 -0.052j  0.692 -0.178j  0.556 -0.137j  0.507 -0.086j] (43s)
μ=0.06000+0.17500i f=4.6819e-02+1.9009e-01j |ν_k|=0.325 ν≈1: 0.9925-0.1462j |ν|>0.5: [-0.338-23.515j  2.494 -4.633j  2.183 -1.97j   1.633 -0.999j  1.209 -0.584j  0.992 -0.146j  0.889 -0.352j -0.856 -0.063j  0.68  -0.207j  0.551 -0.134j  0.502 -0.156j] (42s)
μ=0.06000+0.12500i f=-1.0125e-01+8.1132e-02j |ν_k|=0.316 ν≈1: 0.9816-0.1180j |ν|>0.5: [ 7.021-29.526j  4.152 -4.709j  2.748 -1.67j   1.856 -0.789j  1.321 -0.444j  0.982 -0.118j  0.952 -0.256j -0.849 -0.043j  0.701 -0.149j  0.572 -0.115j] (42s)
μ=0.06000+0.13750i f=-6.9433e-02+1.2543e-01j |ν_k|=0.325 ν≈1: 0.9844-0.1246j |ν|>0.5: [ 4.708-27.919j  3.683 -4.749j  2.608 -1.765j  1.803 -0.849j  1.295 -0.482j  0.984 -0.125j  0.937 -0.282j -0.85  -0.048j  0.696 -0.164j  0.568 -0.117j] (31s)
μ=0.06000+0.00000i f=2.9671e-02-4.5472e-03j |ν_k|=0.298 ν≈1: 1.0618-0.0000j |ν|>0.5: [65.475+4.471e-15j  8.201+1.492e-14j  3.585-5.990e-15j  2.137+5.874e-14j  1.453-7.602e-13j  1.062-1.601e-12j  0.935+2.702e-11j -0.841-1.930e-14j  0.724-2.218e-10j  0.582+1.063e-09j  0.501-2.216e-09j] (27s)
μ=0.06000+0.05000i f=-2.7395e-02-4.6119e-02j |ν_k|=0.308 ν≈1: 0.9427-0.0617j |ν|>0.5: [36.849-3.530e+01j  7.235-2.890e+00j  3.428-7.944e-01j  2.088-3.468e-01j  1.43 -1.881e-01j  1.043-9.508e-02j  0.943-6.169e-02j -0.842-1.651e-02j  0.72 -6.081e-02j  0.582-4.249e-02j] (27s)
μ=0.06000+0.07500i f=-7.0171e-02-2.6405e-02j |ν_k|=0.316 ν≈1: 0.9564-0.0905j |ν|>0.5: [22.545-3.562e+01j  6.25 -3.860e+00j  3.245-1.141e+00j  2.029-5.085e-01j  1.403-2.783e-01j  1.016-1.419e-01j  0.956-9.054e-02j -0.844-2.499e-02j  0.715-9.075e-02j  0.581-6.502e-02j] (27s)
μ=0.06000+0.08750i f=-8.5250e-02-1.6106e-02j |ν_k|=0.313 ν≈1: 0.9663-0.1003j |ν|>0.5: [17.356-3.439e+01j  5.714-4.198e+00j  3.134-1.295e+00j  1.992-5.845e-01j  1.386-3.218e-01j  0.998-1.689e-01j  0.966-1.003e-01j -0.845-2.931e-02j  0.712-1.053e-01j  0.578-7.945e-02j] (28s)
μ=0.06000+0.06250i f=-4.4713e-02-4.1896e-02j |ν_k|=0.326 ν≈1: 0.9483-0.0768j |ν|>0.5: [28.993-3.615e+01j  6.765-3.424e+00j  3.344-9.735e-01j  2.061-4.291e-01j  1.418-2.336e-01j  1.031-1.182e-01j  0.948-7.681e-02j -0.843-2.072e-02j  0.718-7.569e-02j  0.583-5.481e-02j] (27s)
μ=0.06000+0.02500i f=1.1528e-02-3.4753e-02j |ν_k|=0.302 ν≈1: 0.9365-0.0308j |ν|>0.5: [55.194-2.517e+01j  7.942-1.558e+00j  3.545-4.081e-01j  2.125-1.759e-01j  1.447-9.480e-02j  1.057-4.810e-02j  0.937-3.083e-02j -0.841-8.214e-03j  0.723-3.055e-02j  0.583-2.041e-02j] (26s)
μ=0.06000+0.03750i f=-4.6390e-03-4.2109e-02j |ν_k|=0.314 ν≈1: 0.9390-0.0463j |ν|>0.5: [45.912-3.204e+01j  7.635-2.264e+00j  3.495-6.052e-01j  2.109-2.622e-01j  1.44 -1.417e-01j  1.051-7.178e-02j  0.939-4.626e-02j -0.842-1.235e-02j  0.721-4.581e-02j  0.584-3.045e-02j] (34s)
μ=0.06000+0.01250i f=2.2831e-02-2.0529e-02j |ν_k|=0.306 ν≈1: 1.0606-0.0241j |ν|>0.5: [62.588-1.411e+01j  8.135-7.944e-01j  3.575-2.054e-01j  2.134-8.823e-02j  1.451-4.750e-02j  1.061-2.414e-02j  0.935-1.539e-02j -0.841-4.101e-03j  0.724-1.536e-02j  0.581-9.315e-03j  0.504-1.641e-02j] (36s)
μ=0.06000+0.00625i f=2.6847e-02-1.3388e-02j |ν_k|=0.299 ν≈1: 1.0615-0.0121j |ν|>0.5: [64.73 -7.277e+00j  8.185-3.991e-01j  3.582-1.029e-01j  2.136-4.416e-02j  1.452-2.376e-02j  1.061-1.207e-02j  0.935-7.705e-03j -0.841-2.050e-03j  0.724-7.626e-03j  0.581-5.255e-03j  0.503-5.585e-03j] (42s)
edge (0.06+1.5j) → (0.06+0j): accumulated Δarg/π = 5.9516
RESULT A5: zeros in R = 5.9516 (nearest integer 6, deviation 0.048); max |ν_k| on ∂R = 0.392; unresolved jumps: 1; 70 evaluations
