# contour v2 B6: λ=1.1015235 m=1.9999995506 hs=0.025 s_start=-30.0; R=[0.07,1.5]x[-1.5,1.5], k=16
μ=1.50000+0.00000i f=5.0575e-02+2.0664e-04j |ν_k|=0.103 ν≈1: 0.5017-0.1074j |ν|>0.5: [0.502-0.107j 0.502+0.107j] (63s)
μ=1.50000+0.25000i f=4.1532e-02+4.7261e-02j |ν_k|=0.101 ν≈1: 0.4925-0.0121j |ν|>0.5: [0.465-0.234j] (60s)
μ=1.50000+0.12500i f=4.8307e-02+2.3135e-02j |ν_k|=0.103 ν≈1: 0.5017+0.0454j |ν|>0.5: [0.49 -0.172j 0.502+0.045j] (59s)
μ=1.50000+0.50000i f=2.2151e-02+1.2462e-01j |ν_k|=0.101 ν≈1: 0.4558-0.1118j |ν|>0.5: [0.38-0.337j] (43s)
μ=1.50000+0.37500i f=3.9734e-02+8.8257e-02j |ν_k|=0.101 ν≈1: 0.4767-0.0645j |ν|>0.5: [0.427-0.29j] (37s)
μ=1.50000+0.75000i f=-2.6309e-02+1.7895e-01j |ν_k|=0.106 ν≈1: 0.4030-0.1919j |ν|>0.5: [] (31s)
μ=1.50000+1.00000i f=-5.3498e-02+3.5571e-01j |ν_k|=0.101 ν≈1: 0.3401-0.2526j |ν|>0.5: [] (36s)
μ=1.50000+1.25000i f=-6.7997e-02+5.4264e-01j |ν_k|=0.101 ν≈1: 0.2722-0.2938j |ν|>0.5: [] (30s)
μ=1.50000+1.50000i f=1.0951e-02+7.2977e-01j |ν_k|=0.097 ν≈1: 0.2050-0.3162j |ν|>0.5: [] (30s)
edge (1.5+0j) → (1.5+1.5j): accumulated Δarg/π = 0.4939
μ=1.26167+1.50000i f=-2.1351e-01+8.1971e-01j |ν_k|=0.106 ν≈1: 0.2150-0.3864j |ν|>0.5: [] (31s)
μ=1.02333+1.50000i f=-6.7062e-01+7.3131e-01j |ν_k|=0.122 ν≈1: 0.1447-0.0568j |ν|>0.5: [-0.166+0.509j  0.215-0.476j -0.099-0.491j] (38s)
μ=0.78500+1.50000i f=-1.1646e+00+6.6038e-01j |ν_k|=0.159 ν≈1: 0.1683-0.0571j |ν|>0.5: [-0.126+0.619j  0.197-0.593j -0.184-0.549j] (32s)
μ=0.54667+1.50000i f=-1.8452e+00+3.7372e-01j |ν_k|=0.197 ν≈1: 0.1972-0.0551j |ν|>0.5: [ 0.139-0.752j -0.04 +0.746j -0.285-0.591j] (31s)
μ=0.30833+1.50000i f=-2.3673e+00-1.5001e-01j |ν_k|=0.237 ν≈1: 0.2313-0.0521j |ν|>0.5: [-0.013-0.992j  0.118+0.863j -0.376-0.6j  ] (25s)
μ=0.07000+1.50000i f=-3.4932e-02-3.2615e+00j |ν_k|=0.354 ν≈1: 0.3508-0.1212j |ν|>0.5: [-0.385-1.4j    0.351+0.914j -0.437-0.554j -0.469-0.219j] (31s)
μ=0.18917+1.50000i f=-3.0975e+00-1.8018e+00j |ν_k|=0.278 ν≈1: 0.2704-0.0772j |ν|>0.5: [-0.16 -1.169j  0.228+0.902j -0.408-0.585j] (24s)
μ=0.12958+1.50000i f=-6.3241e-01-1.8125e+00j |ν_k|=0.327 ν≈1: 0.3164-0.1037j |ν|>0.5: [-0.26 -1.278j  0.288+0.912j -0.422-0.571j] (31s)
μ=0.15938+1.50000i f=-9.9412e-01-1.6283e+00j |ν_k|=0.318 ν≈1: 0.3348-0.1309j |ν|>0.5: [-0.207-1.222j  0.258+0.907j -0.415-0.578j] (28s)
edge (1.5+1.5j) → (0.07+1.5j): accumulated Δarg/π = 1.4953
μ=0.07000+1.40000i f=5.8773e-01-3.7258e+00j |ν_k|=0.359 ν≈1: 0.3400-0.1212j |ν|>0.5: [-0.124-1.608j  0.352+1.034j -0.466-0.581j -0.508-0.282j  0.064-0.496j] (30s)
