ε=0.09213: D̂(s)=[0.9987, 0.9913, 0.9791, 0.9243, 0.8314, 0.7286, 1.0253]  κ(s)=[(0.0976-0.0119j), (0.2419-0.0717j), (0.359-0.1557j), (0.5391-0.3365j), (0.7095-0.5359j), (0.9211-0.9126j), (0.5534-0.5611j)]
ε=0.07249: D̂(s)=[0.999, 0.9924, 0.9781, 0.9361, 0.8773, 0.7055, 0.8239]  κ(s)=[(0.0975-0.0119j), (0.2407-0.0717j), (0.3582-0.1563j), (0.5247-0.3284j), (0.6451-0.4771j), (0.9647-0.9369j), (0.7479-0.8224j)]
ε=0.05974: D̂(s)=[0.999, 0.9928, 0.9794, 0.9368, 0.8934, 0.7408, 0.6966]  κ(s)=[(0.0974-0.012j), (0.2404-0.0719j), (0.3566-0.1562j), (0.5218-0.3283j), (0.6231-0.46j), (0.8947-0.8413j), (0.9502-1.0862j)]
ε=0.05079: D̂(s)=[0.9991, 0.993, 0.9801, 0.9383, 0.8976, 0.7772, 0.6444]  κ(s)=[(0.0974-0.012j), (0.2401-0.072j), (0.3557-0.1562j), (0.5188-0.3273j), (0.6157-0.4555j), (0.8295-0.7637j), (1.0721-1.2263j)]
ε=0.04417: D̂(s)=[0.9991, 0.9931, 0.9805, 0.94, 0.8997, 0.8008, 0.6436]  κ(s)=[(0.0974-0.012j), (0.2399-0.0721j), (0.355-0.1563j), (0.5161-0.3261j), (0.6114-0.4531j), (0.7897-0.7198j), (1.085-1.2169j)]

linear-in-ε fit at fixed s (value at ε=0, slope, max residual):
  s=-3.00 D̂   : ε→0 limit +0.9995, slope -0.008, max residual 1.3e-04
  s=-3.00 Re κ : ε→0 limit +0.0972, slope +0.004, max residual 4.7e-05
  s=-3.00 Im κ : ε→0 limit -0.0122, slope +0.003, max residual 1.1e-05
  s=-2.00 D̂   : ε→0 limit +0.9949, slope -0.037, max residual 2.4e-04
  s=-2.00 Re κ : ε→0 limit +0.2380, slope +0.040, max residual 2.4e-04
  s=-2.00 Im κ : ε→0 limit -0.0724, slope +0.008, max residual 1.3e-04
  s=-1.50 D̂   : ε→0 limit +0.9817, slope -0.035, max residual 1.1e-03
  s=-1.50 Re κ : ε→0 limit +0.3514, slope +0.086, max residual 5.5e-04
  s=-1.50 Im κ : ε→0 limit -0.1568, slope +0.010, max residual 2.8e-04
  s=-1.00 D̂   : ε→0 limit +0.9545, slope -0.304, max residual 3.6e-03
  s=-1.00 Re κ : ε→0 limit +0.4948, slope +0.459, max residual 3.4e-03
  s=-1.00 Im κ : ε→0 limit -0.3166, slope -0.200, max residual 2.6e-03
  s=-0.80 D̂   : ε→0 limit +0.9712, slope -1.429, max residual 9.8e-03
  s=-0.80 Re κ : ε→0 limit +0.5105, slope +2.042, max residual 1.4e-02
  s=-0.80 Im κ : ε→0 limit -0.3667, slope -1.716, max residual 1.4e-02
  s=-0.60 D̂   : ε→0 limit +0.8523, slope -1.592, max residual 3.1e-02
  s=-0.60 Re κ : ε→0 limit +0.6917, slope +2.947, max residual 5.9e-02
  s=-0.60 Im κ : ε→0 limit -0.5595, slope -4.311, max residual 6.5e-02
  s=-0.50 D̂   : ε→0 limit +0.2327, slope +8.362, max residual 4.1e-02
  s=-0.50 Re κ : ε→0 limit +1.6401, slope -11.876, max residual 3.5e-02
  s=-0.50 Im κ : ε→0 limit -1.9311, slope +14.853, max residual 5.8e-02
